###############################################################################
#
# IAR ELF Linker V7.30.1.7746/W32 for ARM                 18/Jul/2016  23:42:49
# Copyright 2007-2014 IAR Systems AB.
#
#    Output file  =  
#        D:\HargicStudio\AirMonitor\AirMonitor\FatFs_uSD_RTOS\EWARM\AirMonitor\Exe\AirMonitor.out
#    Map file     =  
#        D:\HargicStudio\AirMonitor\AirMonitor\FatFs_uSD_RTOS\EWARM\AirMonitor\List\AirMonitor.map
#    Command line =  
#        D:\HargicStudio\AirMonitor\AirMonitor\FatFs_uSD_RTOS\EWARM\AirMonitor\Obj\407VE_sd.o
#        D:\HargicStudio\AirMonitor\AirMonitor\FatFs_uSD_RTOS\EWARM\AirMonitor\Obj\AaMem.o
#        D:\HargicStudio\AirMonitor\AirMonitor\FatFs_uSD_RTOS\EWARM\AirMonitor\Obj\AaShell.o
#        D:\HargicStudio\AirMonitor\AirMonitor\FatFs_uSD_RTOS\EWARM\AirMonitor\Obj\AaSysLogInterface.o
#        D:\HargicStudio\AirMonitor\AirMonitor\FatFs_uSD_RTOS\EWARM\AirMonitor\Obj\AaSysLogSystem.o
#        D:\HargicStudio\AirMonitor\AirMonitor\FatFs_uSD_RTOS\EWARM\AirMonitor\Obj\AaTag.o
#        D:\HargicStudio\AirMonitor\AirMonitor\FatFs_uSD_RTOS\EWARM\AirMonitor\Obj\AaThread.o
#        D:\HargicStudio\AirMonitor\AirMonitor\FatFs_uSD_RTOS\EWARM\AirMonitor\Obj\BipBuffer.o
#        D:\HargicStudio\AirMonitor\AirMonitor\FatFs_uSD_RTOS\EWARM\AirMonitor\Obj\CCSDaemon.o
#        D:\HargicStudio\AirMonitor\AirMonitor\FatFs_uSD_RTOS\EWARM\AirMonitor\Obj\cmsis_os.o
#        D:\HargicStudio\AirMonitor\AirMonitor\FatFs_uSD_RTOS\EWARM\AirMonitor\Obj\croutine.o
#        D:\HargicStudio\AirMonitor\AirMonitor\FatFs_uSD_RTOS\EWARM\AirMonitor\Obj\diskio.o
#        D:\HargicStudio\AirMonitor\AirMonitor\FatFs_uSD_RTOS\EWARM\AirMonitor\Obj\ff.o
#        D:\HargicStudio\AirMonitor\AirMonitor\FatFs_uSD_RTOS\EWARM\AirMonitor\Obj\ff_gen_drv.o
#        D:\HargicStudio\AirMonitor\AirMonitor\FatFs_uSD_RTOS\EWARM\AirMonitor\Obj\gps.o
#        D:\HargicStudio\AirMonitor\AirMonitor\FatFs_uSD_RTOS\EWARM\AirMonitor\Obj\gps_dev.o
#        D:\HargicStudio\AirMonitor\AirMonitor\FatFs_uSD_RTOS\EWARM\AirMonitor\Obj\gsm.o
#        D:\HargicStudio\AirMonitor\AirMonitor\FatFs_uSD_RTOS\EWARM\AirMonitor\Obj\gsm_dev.o
#        D:\HargicStudio\AirMonitor\AirMonitor\FatFs_uSD_RTOS\EWARM\AirMonitor\Obj\heap_4.o
#        D:\HargicStudio\AirMonitor\AirMonitor\FatFs_uSD_RTOS\EWARM\AirMonitor\Obj\led.o
#        D:\HargicStudio\AirMonitor\AirMonitor\FatFs_uSD_RTOS\EWARM\AirMonitor\Obj\led_dev.o
#        D:\HargicStudio\AirMonitor\AirMonitor\FatFs_uSD_RTOS\EWARM\AirMonitor\Obj\list.o
#        D:\HargicStudio\AirMonitor\AirMonitor\FatFs_uSD_RTOS\EWARM\AirMonitor\Obj\main.o
#        D:\HargicStudio\AirMonitor\AirMonitor\FatFs_uSD_RTOS\EWARM\AirMonitor\Obj\port.o
#        D:\HargicStudio\AirMonitor\AirMonitor\FatFs_uSD_RTOS\EWARM\AirMonitor\Obj\portasm.o
#        D:\HargicStudio\AirMonitor\AirMonitor\FatFs_uSD_RTOS\EWARM\AirMonitor\Obj\print_com.o
#        D:\HargicStudio\AirMonitor\AirMonitor\FatFs_uSD_RTOS\EWARM\AirMonitor\Obj\queue.o
#        D:\HargicStudio\AirMonitor\AirMonitor\FatFs_uSD_RTOS\EWARM\AirMonitor\Obj\RingBufferUtils.o
#        D:\HargicStudio\AirMonitor\AirMonitor\FatFs_uSD_RTOS\EWARM\AirMonitor\Obj\sd_diskio.o
#        D:\HargicStudio\AirMonitor\AirMonitor\FatFs_uSD_RTOS\EWARM\AirMonitor\Obj\startup_stm32f407xx.o
#        D:\HargicStudio\AirMonitor\AirMonitor\FatFs_uSD_RTOS\EWARM\AirMonitor\Obj\stm32f4xx_hal.o
#        D:\HargicStudio\AirMonitor\AirMonitor\FatFs_uSD_RTOS\EWARM\AirMonitor\Obj\stm32f4xx_hal_cortex.o
#        D:\HargicStudio\AirMonitor\AirMonitor\FatFs_uSD_RTOS\EWARM\AirMonitor\Obj\stm32f4xx_hal_crc.o
#        D:\HargicStudio\AirMonitor\AirMonitor\FatFs_uSD_RTOS\EWARM\AirMonitor\Obj\stm32f4xx_hal_dma.o
#        D:\HargicStudio\AirMonitor\AirMonitor\FatFs_uSD_RTOS\EWARM\AirMonitor\Obj\stm32f4xx_hal_flash.o
#        D:\HargicStudio\AirMonitor\AirMonitor\FatFs_uSD_RTOS\EWARM\AirMonitor\Obj\stm32f4xx_hal_flash_ex.o
#        D:\HargicStudio\AirMonitor\AirMonitor\FatFs_uSD_RTOS\EWARM\AirMonitor\Obj\stm32f4xx_hal_gpio.o
#        D:\HargicStudio\AirMonitor\AirMonitor\FatFs_uSD_RTOS\EWARM\AirMonitor\Obj\stm32f4xx_hal_msp.o
#        D:\HargicStudio\AirMonitor\AirMonitor\FatFs_uSD_RTOS\EWARM\AirMonitor\Obj\stm32f4xx_hal_pwr.o
#        D:\HargicStudio\AirMonitor\AirMonitor\FatFs_uSD_RTOS\EWARM\AirMonitor\Obj\stm32f4xx_hal_rcc.o
#        D:\HargicStudio\AirMonitor\AirMonitor\FatFs_uSD_RTOS\EWARM\AirMonitor\Obj\stm32f4xx_hal_sd.o
#        D:\HargicStudio\AirMonitor\AirMonitor\FatFs_uSD_RTOS\EWARM\AirMonitor\Obj\stm32f4xx_hal_uart.o
#        D:\HargicStudio\AirMonitor\AirMonitor\FatFs_uSD_RTOS\EWARM\AirMonitor\Obj\stm32f4xx_hal_wwdg.o
#        D:\HargicStudio\AirMonitor\AirMonitor\FatFs_uSD_RTOS\EWARM\AirMonitor\Obj\stm32f4xx_it.o
#        D:\HargicStudio\AirMonitor\AirMonitor\FatFs_uSD_RTOS\EWARM\AirMonitor\Obj\stm32f4xx_ll_sdmmc.o
#        D:\HargicStudio\AirMonitor\AirMonitor\FatFs_uSD_RTOS\EWARM\AirMonitor\Obj\syscall.o
#        D:\HargicStudio\AirMonitor\AirMonitor\FatFs_uSD_RTOS\EWARM\AirMonitor\Obj\system_stm32f4xx.o
#        D:\HargicStudio\AirMonitor\AirMonitor\FatFs_uSD_RTOS\EWARM\AirMonitor\Obj\tasks.o
#        D:\HargicStudio\AirMonitor\AirMonitor\FatFs_uSD_RTOS\EWARM\AirMonitor\Obj\timers.o
#        D:\HargicStudio\AirMonitor\AirMonitor\FatFs_uSD_RTOS\EWARM\AirMonitor\Obj\unicode.o
#        --redirect _Printf=_PrintfSmall --redirect _Scanf=_ScanfSmall -o
#        D:\HargicStudio\AirMonitor\AirMonitor\FatFs_uSD_RTOS\EWARM\AirMonitor\Exe\AirMonitor.out
#        --map
#        D:\HargicStudio\AirMonitor\AirMonitor\FatFs_uSD_RTOS\EWARM\AirMonitor\List\AirMonitor.map
#        --config
#        D:\HargicStudio\AirMonitor\AirMonitor\FatFs_uSD_RTOS\EWARM\stm32f407xx_flash.icf
#        --semihosting --entry __iar_program_start --vfe
#
###############################################################################

*******************************************************************************
*** RUNTIME MODEL ATTRIBUTES
***

CppFlavor                     = *
__Heap_Handler                = DLMalloc
__SystemLibrary               = DLib
__dlib_dynamic_initialization = normal


*******************************************************************************
*** PLACEMENT SUMMARY
***

"A1":  place at 0x08000000 { ro section .intvec };
"P1":  place in [from 0x08000000 to 0x080fffff] { ro };
"P2":  place in [from 0x20000000 to 0x2001ffff] { rw, block CSTACK, block HEAP };

  Section             Kind        Address    Size  Object
  -------             ----        -------    ----  ------
"A1":                                       0x188
  .intvec             ro code  0x08000000   0x188  startup_stm32f407xx.o [1]
                             - 0x08000188   0x188

"P1":                                      0xd794
  .text               ro code  0x08000188  0x2a64  ff.o [1]
  .text               ro code  0x08002bec    0x7a  syscall.o [1]
  .text               ro code  0x08002c66    0x2e  copy_init3.o [5]
  .text               ro code  0x08002c94    0xfc  diskio.o [1]
  .text               ro code  0x08002d90    0x90  unicode.o [1]
  .text               ro code  0x08002e20   0x4cc  cmsis_os.o [1]
  .text               ro code  0x080032ec  0x1500  dlmalloc.o [3]
  .text               ro code  0x080047ec   0xe6c  tasks.o [1]
  .text               ro code  0x08005658   0x9a8  queue.o [1]
  .text               ro code  0x08006000   0x258  port.o [1]
  .text               ro code  0x08006258     0x6  abort.o [3]
  .text               ro code  0x0800625e    0x22  zero_init3.o [5]
  .text               ro code  0x08006280    0x2c  xgetmemchunk.o [3]
  .text               ro code  0x080062ac    0x9e  list.o [1]
  .text               ro code  0x0800634a     0xa  xsprout.o [3]
  .text               ro code  0x08006354   0x280  heap_4.o [1]
  .text               ro code  0x080065d4    0x66  ABImemset.o [5]
  .text               ro code  0x0800663c    0x76  ABImemcpy_unaligned.o [5]
  CODE                ro code  0x080066b4    0xa8  portasm.o [1]
  .text               ro code  0x0800675c    0x14  exit.o [6]
  .text               ro code  0x08006770  0x152c  stm32f4xx_hal_sd.o [1]
  .text               ro code  0x08007c9c    0xd0  stm32f4xx_ll_sdmmc.o [1]
  .text               ro code  0x08007d6c    0x94  stm32f4xx_hal.o [1]
  .text               ro code  0x08007e00   0x13c  stm32f4xx_hal_cortex.o [1]
  .text               ro code  0x08007f3c   0x614  stm32f4xx_hal_rcc.o [1]
  .text               ro code  0x08008550   0x9c0  stm32f4xx_hal_uart.o [1]
  .text               ro code  0x08008f10    0xdc  stm32f4xx_hal_msp.o [1]
  .text               ro code  0x08008fec   0x3a0  stm32f4xx_hal_dma.o [1]
  .text               ro code  0x0800938c   0x1cc  print_com.o [1]
  .text               ro code  0x08009558   0x11c  gps_dev.o [1]
  .text               ro code  0x08009674   0x118  gsm_dev.o [1]
  .text               ro code  0x0800978c   0x260  stm32f4xx_hal_gpio.o [1]
  .text               ro code  0x080099ec   0x320  AaSysLogSystem.o [1]
  .text               ro code  0x08009d0c   0x230  AaShell.o [1]
  .text               ro code  0x08009f3c   0x220  gps.o [1]
  .text               ro code  0x0800a15c   0x220  gsm.o [1]
  .text               ro code  0x0800a37c   0x190  AaSysLogInterface.o [1]
  .text               ro code  0x0800a50c   0x18a  BipBuffer.o [1]
  .text               ro code  0x0800a698   0x480  AaMem.o [1]
  .text               ro code  0x0800ab18   0x13a  AaThread.o [1]
  .text               ro code  0x0800ac52   0x132  RingBufferUtils.o [1]
  .text               ro code  0x0800ad84    0x2a  strncmp.o [3]
  .text               ro code  0x0800adb0    0x36  strlen.o [5]
  .text               ro code  0x0800ade8    0x34  sprintf.o [3]
  .text               ro code  0x0800ae1c    0x2c  vsprintf.o [3]
  .text               ro code  0x0800ae48    0x44  strcpy_unaligned.o [5]
  .text               ro code  0x0800ae8c   0x7a4  xprintfsmall.o [3]
  .text               ro code  0x0800b630    0x20  xmbtowc.o [3]
  .text               ro code  0x0800b650    0x16  strchr.o [5]
  .text               ro code  0x0800b668    0x58  memchr.o [5]
  .text               ro code  0x0800b6c0     0xa  xmbcurmax.o [3]
  .text               ro code  0x0800b6ca    0x1a  xwctomb.o [3]
  .text               ro code  0x0800b6e4    0x14  setlocale.o [3]
  .text               ro code  0x0800b6f8    0x60  xencoding_sb.o [3]
  .text               ro code  0x0800b758     0x2  xtls.o [3]
  .text               ro code  0x0800b75c   0x364  407VE_sd.o [1]
  .text               ro code  0x0800bac0   0x26c  AaTag.o [1]
  .text               ro code  0x0800bd2c    0x42  strcmp_unaligned.o [5]
  .rodata             const    0x0800bd70   0x1e0  unicode.o [1]
  .rodata             const    0x0800bf50   0x1e0  unicode.o [1]
  .text               ro code  0x0800c130   0x1c2  main.o [1]
  .text               ro code  0x0800c2f4   0x120  CCSDaemon.o [1]
  .text               ro code  0x0800c414    0xcc  ff_gen_drv.o [1]
  .text               ro code  0x0800c4e0    0x78  led.o [1]
  .text               ro code  0x0800c558    0x6c  led_dev.o [1]
  .text               ro code  0x0800c5c4     0x6  ABImemclr4.o [5]
  .text               ro code  0x0800c5cc    0x32  ABImemset48.o [5]
  .text               ro code  0x0800c600   0x124  sd_diskio.o [1]
  .rodata             const    0x0800c724   0x100  unicode.o [1]
  .rodata             const    0x0800c824    0x80  ff.o [1]
  .text               ro code  0x0800c8a4    0x6c  system_stm32f4xx.o [1]
  .text               ro code  0x0800c910    0x68  stm32f4xx_it.o [1]
  .rodata             const    0x0800c978    0x38  AaShell.o [1]
  .rodata             const    0x0800c9b0    0x30  AaShell.o [1]
  .rodata             const    0x0800c9e0    0x30  AaShell.o [1]
  .rodata             const    0x0800ca10    0x30  AaSysLogSystem.o [1]
  .rodata             const    0x0800ca40    0x30  gps.o [1]
  .rodata             const    0x0800ca70    0x30  gsm.o [1]
  .rodata             const    0x0800caa0    0x2c  AaShell.o [1]
  .rodata             const    0x0800cacc    0x2c  AaSysLogSystem.o [1]
  .rodata             const    0x0800caf8    0x2c  AaSysLogSystem.o [1]
  .rodata             const    0x0800cb24    0x2c  gps.o [1]
  .rodata             const    0x0800cb50    0x2c  gps.o [1]
  .rodata             const    0x0800cb7c    0x2c  gsm.o [1]
  .rodata             const    0x0800cba8    0x2c  gsm.o [1]
  .rodata             const    0x0800cbd4    0x28  AaSysLogSystem.o [1]
  .rodata             const    0x0800cbfc    0x28  AaSysLogSystem.o [1]
  .rodata             const    0x0800cc24    0x28  AaSysLogSystem.o [1]
  .rodata             const    0x0800cc4c    0x28  AaTag.o [1]
  .rodata             const    0x0800cc74    0x28  AaTag.o [1]
  .rodata             const    0x0800cc9c    0x28  AaTag.o [1]
  .rodata             const    0x0800ccc4    0x28  AaThread.o [1]
  .rodata             const    0x0800ccec    0x28  gps.o [1]
  .rodata             const    0x0800cd14    0x28  gsm.o [1]
  .text               ro code  0x0800cd3c    0x28  data_init.o [5]
  .rodata             const    0x0800cd64    0x24  AaShell.o [1]
  .rodata             const    0x0800cd88    0x24  AaShell.o [1]
  .rodata             const    0x0800cdac    0x24  CCSDaemon.o [1]
  .rodata             const    0x0800cdd0    0x24  gps.o [1]
  .rodata             const    0x0800cdf4    0x24  gsm.o [1]
  .rodata             const    0x0800ce18    0x24  main.o [1]
  .text               ro code  0x0800ce3c    0x22  fpinit_M.o [4]
  .iar.init_table     const    0x0800ce60    0x24  - Linker created -
  .rodata             const    0x0800ce84    0x20  AaMem.o [1]
  .rodata             const    0x0800cea4    0x20  AaMem.o [1]
  .rodata             const    0x0800cec4    0x20  AaSysLogSystem.o [1]
  .rodata             const    0x0800cee4    0x20  AaSysLogSystem.o [1]
  .rodata             const    0x0800cf04    0x20  AaSysLogSystem.o [1]
  .rodata             const    0x0800cf24    0x20  AaSysLogSystem.o [1]
  .rodata             const    0x0800cf44    0x20  AaSysLogSystem.o [1]
  .rodata             const    0x0800cf64    0x20  AaSysLogSystem.o [1]
  .rodata             const    0x0800cf84    0x20  AaSysLogSystem.o [1]
  .rodata             const    0x0800cfa4    0x20  AaThread.o [1]
  .rodata             const    0x0800cfc4    0x20  gps.o [1]
  .rodata             const    0x0800cfe4    0x20  gps.o [1]
  .rodata             const    0x0800d004    0x20  gps.o [1]
  .rodata             const    0x0800d024    0x20  gsm.o [1]
  .rodata             const    0x0800d044    0x20  gsm.o [1]
  .rodata             const    0x0800d064    0x20  gsm.o [1]
  .rodata             const    0x0800d084    0x20  led.o [1]
  .rodata             const    0x0800d0a4    0x1c  AaShell.o [1]
  .rodata             const    0x0800d0c0    0x1c  AaShell.o [1]
  .rodata             const    0x0800d0dc    0x1c  AaSysLogSystem.o [1]
  .rodata             const    0x0800d0f8    0x1c  AaTag.o [1]
  .rodata             const    0x0800d114    0x1c  AaTag.o [1]
  .rodata             const    0x0800d130    0x1c  AaTag.o [1]
  .rodata             const    0x0800d14c    0x1c  AaTag.o [1]
  .rodata             const    0x0800d168    0x1c  AaTag.o [1]
  .rodata             const    0x0800d184    0x1c  CCSDaemon.o [1]
  .rodata             const    0x0800d1a0    0x1c  CCSDaemon.o [1]
  .rodata             const    0x0800d1bc    0x1c  gps.o [1]
  .rodata             const    0x0800d1d8    0x1c  gsm.o [1]
  .text               ro code  0x0800d1f4    0x1a  cmain.o [5]
  .text               ro code  0x0800d20e     0x4  low_level_init.o [3]
  .text               ro code  0x0800d212     0x4  exit.o [3]
  .text               ro code  0x0800d218     0xa  cexit.o [5]
  .rodata             const    0x0800d224    0x18  AaShell.o [1]
  .rodata             const    0x0800d23c    0x18  AaSysLogSystem.o [1]
  .rodata             const    0x0800d254    0x18  AaSysLogSystem.o [1]
  .rodata             const    0x0800d26c    0x18  AaTag.o [1]
  .rodata             const    0x0800d284    0x18  CCSDaemon.o [1]
  .rodata             const    0x0800d29c    0x18  CCSDaemon.o [1]
  .rodata             const    0x0800d2b4    0x18  ff.o [1]
  .rodata             const    0x0800d2cc    0x18  ff.o [1]
  .rodata             const    0x0800d2e4    0x18  gps.o [1]
  .rodata             const    0x0800d2fc    0x18  gsm.o [1]
  .rodata             const    0x0800d314    0x18  led.o [1]
  .rodata             const    0x0800d32c    0x14  AaMem.o [1]
  .rodata             const    0x0800d340    0x14  AaMem.o [1]
  .rodata             const    0x0800d354    0x14  AaShell.o [1]
  .rodata             const    0x0800d368    0x14  AaShell.o [1]
  .rodata             const    0x0800d37c    0x14  AaSysLogInterface.o [1]
  .rodata             const    0x0800d390    0x14  AaSysLogSystem.o [1]
  .rodata             const    0x0800d3a4    0x14  AaTag.o [1]
  .rodata             const    0x0800d3b8    0x14  AaTag.o [1]
  .rodata             const    0x0800d3cc    0x14  AaTag.o [1]
  .rodata             const    0x0800d3e0    0x14  AaTag.o [1]
  .rodata             const    0x0800d3f4    0x14  CCSDaemon.o [1]
  .rodata             const    0x0800d408    0x14  ff.o [1]
  .rodata             const    0x0800d41c    0x14  ff.o [1]
  .rodata             const    0x0800d430    0x14  gps.o [1]
  .rodata             const    0x0800d444    0x14  gps.o [1]
  .rodata             const    0x0800d458    0x14  gps.o [1]
  .rodata             const    0x0800d46c    0x14  gps.o [1]
  .rodata             const    0x0800d480    0x14  gsm.o [1]
  .rodata             const    0x0800d494    0x14  gsm.o [1]
  .rodata             const    0x0800d4a8    0x14  gsm.o [1]
  .rodata             const    0x0800d4bc    0x14  gsm.o [1]
  .rodata             const    0x0800d4d0    0x14  led.o [1]
  .rodata             const    0x0800d4e4    0x14  main.o [1]
  .rodata             const    0x0800d4f8    0x14  sd_diskio.o [1]
  .rodata             const    0x0800d50c    0x10  AaShell.o [1]
  .rodata             const    0x0800d51c    0x10  AaShell.o [1]
  .rodata             const    0x0800d52c    0x10  AaSysLogSystem.o [1]
  .rodata             const    0x0800d53c    0x10  AaSysLogSystem.o [1]
  .rodata             const    0x0800d54c    0x10  AaThread.o [1]
  .rodata             const    0x0800d55c    0x10  CCSDaemon.o [1]
  .rodata             const    0x0800d56c    0x10  ff.o [1]
  .rodata             const    0x0800d57c    0x10  gps.o [1]
  .rodata             const    0x0800d58c    0x10  gps.o [1]
  .rodata             const    0x0800d59c    0x10  gsm.o [1]
  .rodata             const    0x0800d5ac    0x10  gsm.o [1]
  .rodata             const    0x0800d5bc    0x10  led.o [1]
  .rodata             const    0x0800d5cc    0x10  stm32f4xx_hal_rcc.o [1]
  .text               ro code  0x0800d5dc    0x10  startup_stm32f407xx.o [1]
  .rodata             const    0x0800d5ec     0xc  AaShell.o [1]
  .rodata             const    0x0800d5f8     0xc  AaTag.o [1]
  .rodata             const    0x0800d604     0xc  AaTag.o [1]
  .rodata             const    0x0800d610     0xc  CCSDaemon.o [1]
  .rodata             const    0x0800d61c     0xc  CCSDaemon.o [1]
  .rodata             const    0x0800d628     0xc  ff.o [1]
  .rodata             const    0x0800d634     0xc  ff.o [1]
  .rodata             const    0x0800d640     0xc  gps.o [1]
  .rodata             const    0x0800d64c     0xc  gps.o [1]
  .rodata             const    0x0800d658     0xc  gsm.o [1]
  .rodata             const    0x0800d664     0xc  gsm.o [1]
  .rodata             const    0x0800d670     0xc  main.o [1]
  .rodata             const    0x0800d67c     0xc  main.o [1]
  .text               ro code  0x0800d688     0xc  cstartup_M.o [5]
  .rodata             const    0x0800d694     0x8  AaMem.o [1]
  .rodata             const    0x0800d69c     0x8  AaShell.o [1]
  .rodata             const    0x0800d6a4     0x8  AaShell.o [1]
  .rodata             const    0x0800d6ac     0x8  AaShell.o [1]
  .rodata             const    0x0800d6b4     0x8  AaSysLogInterface.o [1]
  .rodata             const    0x0800d6bc     0x8  AaSysLogSystem.o [1]
  .rodata             const    0x0800d6c4     0x8  AaTag.o [1]
  .rodata             const    0x0800d6cc     0x8  AaTag.o [1]
  .rodata             const    0x0800d6d4     0x8  AaThread.o [1]
  .rodata             const    0x0800d6dc     0x8  CCSDaemon.o [1]
  .rodata             const    0x0800d6e4     0x8  CCSDaemon.o [1]
  .rodata             const    0x0800d6ec     0x8  ff.o [1]
  .rodata             const    0x0800d6f4     0x8  gps.o [1]
  .rodata             const    0x0800d6fc     0x8  gps.o [1]
  .rodata             const    0x0800d704     0x8  gsm.o [1]
  .rodata             const    0x0800d70c     0x8  gsm.o [1]
  .rodata             const    0x0800d714     0x8  led.o [1]
  .rodata             const    0x0800d71c     0x8  led.o [1]
  .rodata             const    0x0800d724     0x8  stm32f4xx_hal_dma.o [1]
  .rodata             const    0x0800d72c     0x8  tasks.o [1]
  .rodata             const    0x0800d734     0x4  AaMem.o [1]
  .rodata             const    0x0800d738     0x4  AaShell.o [1]
  .rodata             const    0x0800d73c     0x4  AaSysLogSystem.o [1]
  .rodata             const    0x0800d740     0x4  AaSysLogSystem.o [1]
  .rodata             const    0x0800d744     0x4  AaTag.o [1]
  .rodata             const    0x0800d748     0x4  AaThread.o [1]
  .rodata             const    0x0800d74c     0x4  gps.o [1]
  .rodata             const    0x0800d750     0x4  gps.o [1]
  .rodata             const    0x0800d754     0x4  gps.o [1]
  .rodata             const    0x0800d758     0x4  gsm.o [1]
  .rodata             const    0x0800d75c     0x4  gsm.o [1]
  .rodata             const    0x0800d760     0x4  gsm.o [1]
  .rodata             const    0x0800d764     0x4  heap_4.o [1]
  .rodata             const    0x0800d768     0x4  port.o [1]
  .rodata             const    0x0800d76c     0x4  syscall.o [1]
  .text               ro code  0x0800d770     0x4  startup_stm32f407xx.o [1]
  .text               ro code  0x0800d774     0x4  startup_stm32f407xx.o [1]
  .text               ro code  0x0800d778     0x4  startup_stm32f407xx.o [1]
  .text               ro code  0x0800d77c     0x4  startup_stm32f407xx.o [1]
  .text               ro code  0x0800d780     0x4  startup_stm32f407xx.o [1]
  .text               ro code  0x0800d784     0x4  startup_stm32f407xx.o [1]
  .text               ro code  0x0800d788     0x4  startup_stm32f407xx.o [1]
  .text               ro code  0x0800d78c     0x4  startup_stm32f407xx.o [1]
  .text               ro code  0x0800d790     0x4  startup_stm32f407xx.o [1]
  .text               ro code  0x0800d794     0x4  startup_stm32f407xx.o [1]
  .text               ro code  0x0800d798     0x4  startup_stm32f407xx.o [1]
  .text               ro code  0x0800d79c     0x4  startup_stm32f407xx.o [1]
  .text               ro code  0x0800d7a0     0x4  startup_stm32f407xx.o [1]
  .text               ro code  0x0800d7a4     0x4  startup_stm32f407xx.o [1]
  .text               ro code  0x0800d7a8     0x4  startup_stm32f407xx.o [1]
  .text               ro code  0x0800d7ac     0x4  startup_stm32f407xx.o [1]
  .text               ro code  0x0800d7b0     0x4  startup_stm32f407xx.o [1]
  .text               ro code  0x0800d7b4     0x4  startup_stm32f407xx.o [1]
  .text               ro code  0x0800d7b8     0x4  startup_stm32f407xx.o [1]
  .text               ro code  0x0800d7bc     0x4  startup_stm32f407xx.o [1]
  .text               ro code  0x0800d7c0     0x4  startup_stm32f407xx.o [1]
  .text               ro code  0x0800d7c4     0x4  startup_stm32f407xx.o [1]
  .text               ro code  0x0800d7c8     0x4  startup_stm32f407xx.o [1]
  .text               ro code  0x0800d7cc     0x4  startup_stm32f407xx.o [1]
  .text               ro code  0x0800d7d0     0x4  startup_stm32f407xx.o [1]
  .text               ro code  0x0800d7d4     0x4  startup_stm32f407xx.o [1]
  .text               ro code  0x0800d7d8     0x4  startup_stm32f407xx.o [1]
  .text               ro code  0x0800d7dc     0x4  startup_stm32f407xx.o [1]
  .text               ro code  0x0800d7e0     0x4  startup_stm32f407xx.o [1]
  .text               ro code  0x0800d7e4     0x4  startup_stm32f407xx.o [1]
  .text               ro code  0x0800d7e8     0x4  startup_stm32f407xx.o [1]
  .text               ro code  0x0800d7ec     0x4  startup_stm32f407xx.o [1]
  .text               ro code  0x0800d7f0     0x4  startup_stm32f407xx.o [1]
  .text               ro code  0x0800d7f4     0x4  startup_stm32f407xx.o [1]
  .text               ro code  0x0800d7f8     0x4  startup_stm32f407xx.o [1]
  .text               ro code  0x0800d7fc     0x4  startup_stm32f407xx.o [1]
  .text               ro code  0x0800d800     0x4  startup_stm32f407xx.o [1]
  .text               ro code  0x0800d804     0x4  startup_stm32f407xx.o [1]
  .text               ro code  0x0800d808     0x4  startup_stm32f407xx.o [1]
  .text               ro code  0x0800d80c     0x4  startup_stm32f407xx.o [1]
  .text               ro code  0x0800d810     0x4  startup_stm32f407xx.o [1]
  .text               ro code  0x0800d814     0x4  startup_stm32f407xx.o [1]
  .text               ro code  0x0800d818     0x4  startup_stm32f407xx.o [1]
  .text               ro code  0x0800d81c     0x4  startup_stm32f407xx.o [1]
  .text               ro code  0x0800d820     0x4  startup_stm32f407xx.o [1]
  .text               ro code  0x0800d824     0x4  startup_stm32f407xx.o [1]
  .text               ro code  0x0800d828     0x4  startup_stm32f407xx.o [1]
  .text               ro code  0x0800d82c     0x4  startup_stm32f407xx.o [1]
  .text               ro code  0x0800d830     0x4  startup_stm32f407xx.o [1]
  .text               ro code  0x0800d834     0x4  startup_stm32f407xx.o [1]
  .text               ro code  0x0800d838     0x4  startup_stm32f407xx.o [1]
  .text               ro code  0x0800d83c     0x4  startup_stm32f407xx.o [1]
  .text               ro code  0x0800d840     0x4  startup_stm32f407xx.o [1]
  .text               ro code  0x0800d844     0x4  startup_stm32f407xx.o [1]
  .text               ro code  0x0800d848     0x4  startup_stm32f407xx.o [1]
  .text               ro code  0x0800d84c     0x4  startup_stm32f407xx.o [1]
  .text               ro code  0x0800d850     0x4  startup_stm32f407xx.o [1]
  .text               ro code  0x0800d854     0x4  startup_stm32f407xx.o [1]
  .text               ro code  0x0800d858     0x4  startup_stm32f407xx.o [1]
  .text               ro code  0x0800d85c     0x4  startup_stm32f407xx.o [1]
  .text               ro code  0x0800d860     0x4  startup_stm32f407xx.o [1]
  .text               ro code  0x0800d864     0x4  startup_stm32f407xx.o [1]
  .text               ro code  0x0800d868     0x4  startup_stm32f407xx.o [1]
  .text               ro code  0x0800d86c     0x4  startup_stm32f407xx.o [1]
  .text               ro code  0x0800d870     0x4  startup_stm32f407xx.o [1]
  .text               ro code  0x0800d874     0x4  startup_stm32f407xx.o [1]
  .text               ro code  0x0800d878     0x4  startup_stm32f407xx.o [1]
  .text               ro code  0x0800d87c     0x4  startup_stm32f407xx.o [1]
  .text               ro code  0x0800d880     0x4  startup_stm32f407xx.o [1]
  .text               ro code  0x0800d884     0x4  startup_stm32f407xx.o [1]
  .text               ro code  0x0800d888     0x4  startup_stm32f407xx.o [1]
  .text               ro code  0x0800d88c     0x4  startup_stm32f407xx.o [1]
  .text               ro code  0x0800d890     0x4  startup_stm32f407xx.o [1]
  .text               ro code  0x0800d894     0x4  startup_stm32f407xx.o [1]
  .rodata             const    0x0800d898     0x0  zero_init3.o [5]
  .rodata             const    0x0800d898     0x0  copy_init3.o [5]
  Initializer bytes   ro data  0x0800d898    0x84  <for P2 s0>
                             - 0x0800d91c  0xd794

"P2":                                      0x7608
  P2 s0                        0x20000000    0x84  <Init block>
    __DLIB_PERTHREAD  inited   0x20000000    0x74  setlocale.o [3]
    .data             inited   0x20000074     0x4  port.o [1]
    .data             inited   0x20000078     0x4  system_stm32f4xx.o [1]
    .data             inited   0x2000007c     0x4  tasks.o [1]
    .data             inited   0x20000080     0x1  sd_diskio.o [1]
  .bss                zero     0x20000084  0x4000  heap_4.o [1]
  .bss                zero     0x20004084  0x2000  CCSDaemon.o [1]
  .bss                zero     0x20006084   0x234  main.o [1]
  .bss                zero     0x200062b8   0x22c  main.o [1]
  .bss                zero     0x200064e4   0x1d8  dlmalloc.o [3]
  .bss                zero     0x200066bc   0x100  gps.o [1]
  .bss                zero     0x200067bc   0x100  gsm.o [1]
  .bss                zero     0x200068bc    0x8c  tasks.o [1]
  .bss                zero     0x20006948    0x60  407VE_sd.o [1]
  .bss                zero     0x200069a8    0x14  tasks.o [1]
  .bss                zero     0x200069c0    0x58  407VE_sd.o [1]
  .bss                zero     0x20006a18    0x58  407VE_sd.o [1]
  .bss                zero     0x20006a70    0x58  407VE_sd.o [1]
  .bss                zero     0x20006ac8    0x58  print_com.o [1]
  .bss                zero     0x20006b20    0x40  AaShell.o [1]
  .bss                zero     0x20006b60    0x40  gps_dev.o [1]
  .bss                zero     0x20006ba0    0x40  gsm_dev.o [1]
  .bss                zero     0x20006be0    0x40  print_com.o [1]
  .bss                zero     0x20006c20    0x40  queue.o [1]
  .bss                zero     0x20006c60    0x18  ff.o [1]
  .bss                zero     0x20006c78    0x18  dlmalloc.o [3]
  .bss                zero     0x20006c90    0x14  tasks.o [1]
  .bss                zero     0x20006ca4    0x14  tasks.o [1]
  .bss                zero     0x20006cb8    0x14  tasks.o [1]
  .bss                zero     0x20006ccc    0x14  tasks.o [1]
  .bss                zero     0x20006ce0    0x10  AaShell.o [1]
  .bss                zero     0x20006cf0    0x10  gps.o [1]
  .bss                zero     0x20006d00    0x10  gsm.o [1]
  .bss                zero     0x20006d10     0xc  ff_gen_drv.o [1]
  .bss                zero     0x20006d1c     0x8  AaSysLogSystem.o [1]
  .bss                zero     0x20006d24     0x8  heap_4.o [1]
  .bss                zero     0x20006d2c     0x4  AaMem.o [1]
  .bss                zero     0x20006d30     0x4  AaMem.o [1]
  .bss                zero     0x20006d34     0x4  AaMem.o [1]
  .bss                zero     0x20006d38     0x4  AaMem.o [1]
  .bss                zero     0x20006d3c     0x4  AaMem.o [1]
  .bss                zero     0x20006d40     0x4  AaMem.o [1]
  .bss                zero     0x20006d44     0x4  AaMem.o [1]
  .bss                zero     0x20006d48     0x4  AaShell.o [1]
  .bss                zero     0x20006d4c     0x4  AaShell.o [1]
  .bss                zero     0x20006d50     0x4  AaSysLogSystem.o [1]
  .bss                zero     0x20006d54     0x4  AaSysLogSystem.o [1]
  .bss                zero     0x20006d58     0x4  AaSysLogSystem.o [1]
  .bss                zero     0x20006d5c     0x4  AaSysLogSystem.o [1]
  .bss                zero     0x20006d60     0x4  AaSysLogSystem.o [1]
  .bss                zero     0x20006d64     0x4  AaTag.o [1]
  .bss                zero     0x20006d68     0x4  AaTag.o [1]
  .bss                zero     0x20006d6c     0x4  AaTag.o [1]
  .bss                zero     0x20006d70     0x4  AaTag.o [1]
  .bss                zero     0x20006d74     0x4  AaThread.o [1]
  .bss                zero     0x20006d78     0x4  AaThread.o [1]
  .bss                zero     0x20006d7c     0x4  CCSDaemon.o [1]
  .bss                zero     0x20006d80     0x4  ff.o [1]
  .bss                zero     0x20006d84     0x4  gps.o [1]
  .bss                zero     0x20006d88     0x4  gps.o [1]
  .bss                zero     0x20006d8c     0x4  gps.o [1]
  .bss                zero     0x20006d90     0x4  gps.o [1]
  .bss                zero     0x20006d94     0x4  gsm.o [1]
  .bss                zero     0x20006d98     0x4  gsm.o [1]
  .bss                zero     0x20006d9c     0x4  gsm.o [1]
  .bss                zero     0x20006da0     0x4  gsm.o [1]
  .bss                zero     0x20006da4     0x4  heap_4.o [1]
  .bss                zero     0x20006da8     0x4  heap_4.o [1]
  .bss                zero     0x20006dac     0x4  heap_4.o [1]
  .bss                zero     0x20006db0     0x4  heap_4.o [1]
  .bss                zero     0x20006db4     0x4  led.o [1]
  .bss                zero     0x20006db8     0x4  main.o [1]
  .bss                zero     0x20006dbc     0x4  port.o [1]
  .bss                zero     0x20006dc0     0x4  stm32f4xx_hal.o [1]
  .bss                zero     0x20006dc4     0x4  tasks.o [1]
  .bss                zero     0x20006dc8     0x4  tasks.o [1]
  .bss                zero     0x20006dcc     0x4  tasks.o [1]
  .bss                zero     0x20006dd0     0x4  tasks.o [1]
  .bss                zero     0x20006dd4     0x4  tasks.o [1]
  .bss                zero     0x20006dd8     0x4  tasks.o [1]
  .bss                zero     0x20006ddc     0x4  tasks.o [1]
  .bss                zero     0x20006de0     0x4  tasks.o [1]
  .bss                zero     0x20006de4     0x4  tasks.o [1]
  .bss                zero     0x20006de8     0x4  tasks.o [1]
  .bss                zero     0x20006dec     0x4  tasks.o [1]
  .bss                zero     0x20006df0     0x4  tasks.o [1]
  .bss                zero     0x20006df4     0x4  tasks.o [1]
  .bss                zero     0x20006df8     0x4  xgetmemchunk.o [3]
  .bss                zero     0x20006dfc     0x2  ff.o [1]
  .bss                zero     0x20006dfe     0x1  AaShell.o [1]
  .bss                zero     0x20006dff     0x1  AaSysLogInterface.o [1]
  .bss                zero     0x20006e00     0x1  AaSysLogInterface.o [1]
  .bss                zero     0x20006e01     0x1  gps.o [1]
  .bss                zero     0x20006e02     0x1  gsm.o [1]
  .bss                zero     0x20006e03     0x1  port.o [1]
  CSTACK                       0x20006e08   0x400  <Block>
    CSTACK            uninit   0x20006e08   0x400  <Block tail>
  HEAP                         0x20007208   0x400  <Block>
    HEAP              uninit   0x20007208   0x400  <Block tail>
                             - 0x20007608  0x7608


*******************************************************************************
*** INIT TABLE
***

          Address     Size
          -------     ----
Zero (__iar_zero_init3)
    1 destination range, total size 0x6d80:
          0x20000084  0x6d80

Copy (__iar_copy_init3)
    1 source range, total size 0x84 (102% of destination):
          0x0800d898    0x84
    1 destination range, total size 0x81:
          0x20000000    0x81



*******************************************************************************
*** MODULE SUMMARY
***

    Module                  ro code  ro data  rw data
    ------                  -------  -------  -------
D:\HargicStudio\AirMonitor\AirMonitor\FatFs_uSD_RTOS\EWARM\AirMonitor\Obj: [1]
    407VE_sd.o                  868               360
    AaMem.o                   1 152      116       28
    AaShell.o                   560      460       89
    AaSysLogInterface.o         400       28        2
    AaSysLogSystem.o            800      624       28
    AaTag.o                     620      408       16
    AaThread.o                  314      100        8
    BipBuffer.o                 394
    CCSDaemon.o                 288      216    8 196
    RingBufferUtils.o           306
    cmsis_os.o                1 228
    diskio.o                    252
    ff.o                     10 852      264       30
    ff_gen_drv.o                204                12
    gps.o                       544      524      289
    gps_dev.o                   284                64
    gsm.o                       544      524      289
    gsm_dev.o                   280                64
    heap_4.o                    640        4   16 408
    led.o                       120      108        4
    led_dev.o                   108
    list.o                      158
    main.o                      450       80    1 124
    port.o                      600        8        9
    portasm.o                   168
    print_com.o                 460               152
    queue.o                   2 472                64
    sd_diskio.o                 292       21        1
    startup_stm32f407xx.o       704
    stm32f4xx_hal.o             148                 4
    stm32f4xx_hal_cortex.o      316
    stm32f4xx_hal_dma.o         928        8
    stm32f4xx_hal_gpio.o        608
    stm32f4xx_hal_msp.o         220
    stm32f4xx_hal_rcc.o       1 556       16
    stm32f4xx_hal_sd.o        5 420
    stm32f4xx_hal_uart.o      2 496
    stm32f4xx_it.o              104
    stm32f4xx_ll_sdmmc.o        208
    syscall.o                   122        4
    system_stm32f4xx.o          108        4        4
    tasks.o                   3 692       12      296
    unicode.o                   144    1 216
    -------------------------------------------------
    Total:                   42 132    4 745   27 541

command line: [2]
    -------------------------------------------------
    Total:

dl7M_tlf.a: [3]
    abort.o                       6
    dlmalloc.o                5 376               496
    exit.o                        4
    low_level_init.o              4
    setlocale.o                  20      116      116
    sprintf.o                    52
    strncmp.o                    42
    vsprintf.o                   44
    xencoding_sb.o               96
    xgetmemchunk.o               44                 4
    xmbcurmax.o                  10
    xmbtowc.o                    32
    xprintfsmall.o            1 956
    xsprout.o                    10
    xtls.o                        2
    xwctomb.o                    26
    -------------------------------------------------
    Total:                    7 724      116      616

m7M_tlv.a: [4]
    fpinit_M.o                   34
    -------------------------------------------------
    Total:                       34

rt7M_tl.a: [5]
    ABImemclr4.o                  6
    ABImemcpy_unaligned.o       118
    ABImemset.o                 102
    ABImemset48.o                50
    cexit.o                      10
    cmain.o                      26
    copy_init3.o                 46
    cstartup_M.o                 12
    data_init.o                  40
    memchr.o                     88
    strchr.o                     22
    strcmp_unaligned.o           66
    strcpy_unaligned.o           68
    strlen.o                     54
    zero_init3.o                 34
    -------------------------------------------------
    Total:                      742

shb_l.a: [6]
    exit.o                       20
    -------------------------------------------------
    Total:                       20

    Gaps                         22        6        4
    Linker created                        39    2 048
-----------------------------------------------------
    Grand Total:             50 674    4 906   30 209


*******************************************************************************
*** ENTRY LIST
***

Entry                      Address    Size  Type      Object
-----                      -------    ----  ----      ------
?main                   0x0800d1f5          Code  Gb  cmain.o [5]
APBAHBPrescTable        0x0800d5cc    0x10  Data  Gb  stm32f4xx_hal_rcc.o [1]
AaMemFree               0x0800aa03    0x9c  Code  Gb  AaMem.o [1]
AaMemHeapCEInit         0x0800a757    0xbe  Code  Gb  AaMem.o [1]
AaMemList               0x0800aa9f    0x42  Code  Gb  AaMem.o [1]
AaMemMalloc             0x0800a815   0x1ee  Code  Gb  AaMem.o [1]
AaShellCEInit           0x08009de7    0xc6  Code  Gb  AaShell.o [1]
AaShellRecvDataFromISR  0x08009ead    0x32  Code  Gb  AaShell.o [1]
AaShellSerialHandleThread
                        0x08009d0d    0xda  Code  Lc  AaShell.o [1]
AaSysLogBipBufferList   0x08009b73    0x48  Code  Gb  AaSysLogSystem.o [1]
AaSysLogCEInit          0x08009a6f    0xbe  Code  Gb  AaSysLogSystem.o [1]
AaSysLogCreateDeamon    0x08009b2d    0x46  Code  Gb  AaSysLogSystem.o [1]
AaSysLogDeamon          0x080099ed    0x6a  Code  Lc  AaSysLogSystem.o [1]
AaSysLogGetBipRegister  0x08009a57     0xa  Code  Gb  AaSysLogSystem.o [1]
AaSysLogGetInputLevel   0x0800a3b1     0x6  Code  Gb  AaSysLogInterface.o [1]
AaSysLogGetLevelString  0x0800a37d    0x34  Code  Gb  AaSysLogInterface.o [1]
AaSysLogPrintByPolling  0x08009bc5    0x14  Code  Gb  AaSysLogSystem.o [1]
AaSysLogPrintF          0x0800a3b7   0x12a  Code  Gb  AaSysLogInterface.o [1]
AaSysLogProcessPrintRegister
                        0x08009bbb     0xa  Code  Gb  AaSysLogSystem.o [1]
AaSysLogSendCplt        0x08009a61     0xe  Code  Gb  AaSysLogSystem.o [1]
AaSysLogStoreBipBufferByPolling
                        0x08009bd9    0x54  Code  Gb  AaSysLogSystem.o [1]
AaSysLogStoreBipBufferNormal
                        0x08009c2d    0x74  Code  Gb  AaSysLogSystem.o [1]
AaTagCEInit             0x0800bb0f    0x72  Code  Gb  AaTag.o [1]
AaTagCreate             0x0800bbc9    0x8c  Code  Gb  AaTag.o [1]
AaTagCreateDeamon       0x0800bb81    0x48  Code  Gb  AaTag.o [1]
AaTagDeamonThread       0x0800bac1    0x4e  Code  Lc  AaTag.o [1]
AaTagFindMngPtr         0x0800bca7    0x30  Code  Lc  AaTag.o [1]
AaTagSetValue           0x0800bc55    0x52  Code  Gb  AaTag.o [1]
AaThreadCEInit          0x0800ab19    0x36  Code  Gb  AaThread.o [1]
AaThreadCreateStartup   0x0800ab4f    0xa8  Code  Gb  AaThread.o [1]
AaThreadFindMngPtr      0x0800abf7    0x26  Code  Lc  AaThread.o [1]
AaThreadGetName         0x0800ac39    0x1a  Code  Gb  AaThread.o [1]
BSP_SD_DMA_Rx_IRQHandler
                        0x0800ba6b     0xc  Code  Gb  407VE_sd.o [1]
BSP_SD_DMA_Tx_IRQHandler
                        0x0800ba5f     0xc  Code  Gb  407VE_sd.o [1]
BSP_SD_GetCardInfo      0x0800ba81     0xe  Code  Gb  407VE_sd.o [1]
BSP_SD_GetStatus        0x0800ba77     0xa  Code  Gb  407VE_sd.o [1]
BSP_SD_IRQHandler       0x0800ba55     0xa  Code  Gb  407VE_sd.o [1]
BSP_SD_Init             0x0800b75d    0x88  Code  Gb  407VE_sd.o [1]
BSP_SD_IsDetected       0x0800b7e5    0x24  Code  Gb  407VE_sd.o [1]
BSP_SD_ReadBlocks       0x0800b809    0x32  Code  Gb  407VE_sd.o [1]
BSP_SD_WriteBlocks      0x0800b83b    0x30  Code  Gb  407VE_sd.o [1]
BusFault_Handler        0x0800c917     0x2  Code  Gb  stm32f4xx_it.o [1]
CBipBuffer_Commit       0x0800a5eb    0x5c  Code  Gb  BipBuffer.o [1]
CBipBuffer_Construct    0x0800a50d    0x38  Code  Gb  BipBuffer.o [1]
CBipBuffer_Decommit     0x0800a663    0x2c  Code  Gb  BipBuffer.o [1]
CBipBuffer_Get          0x0800a647    0x1c  Code  Gb  BipBuffer.o [1]
CBipBuffer_HowMuchData  0x0800a68f     0x8  Code  Gb  BipBuffer.o [1]
CBipBuffer_Reserve      0x0800a545    0xa6  Code  Gb  BipBuffer.o [1]
CCSDaemonCreateThread   0x0800c361    0x46  Code  Lc  CCSDaemon.o [1]
CCSDaemonThread         0x0800c3a7    0x28  Code  Lc  CCSDaemon.o [1]
CCSDeamonCEInit         0x0800c2f5    0x6c  Code  Gb  CCSDaemon.o [1]
CSTACK$$Base            0x20006e08           --   Gb  - Linker created -
CSTACK$$Limit           0x20007208           --   Gb  - Linker created -
DMA1_Stream3_IRQHandler
                        0x0800c941     0xc  Code  Gb  stm32f4xx_it.o [1]
DMA2_Stream3_IRQHandler
                        0x0800c929     0x8  Code  Gb  stm32f4xx_it.o [1]
DMA2_Stream6_IRQHandler
                        0x0800c931     0x8  Code  Gb  stm32f4xx_it.o [1]
DMA_CalcBaseAndBitshift
                        0x0800934b    0x2e  Code  Lc  stm32f4xx_hal_dma.o [1]
DMA_SetConfig           0x0800931d    0x2e  Code  Lc  stm32f4xx_hal_dma.o [1]
DebugMon_Handler        0x0800c91b     0x2  Code  Gb  stm32f4xx_it.o [1]
Error_Handler           0x0800c2f1     0x2  Code  Lc  main.o [1]
ExCvt                   0x0800c824    0x80  Data  Lc  ff.o [1]
FATFS_LinkDriver        0x0800c46d    0x12  Code  Gb  ff_gen_drv.o [1]
FATFS_LinkDriverEx      0x0800c415    0x58  Code  Gb  ff_gen_drv.o [1]
FATFS_UnLinkDriver      0x0800c4cd     0xe  Code  Gb  ff_gen_drv.o [1]
FATFS_UnLinkDriverEx    0x0800c47f    0x4e  Code  Gb  ff_gen_drv.o [1]
FatFs                   0x20006d80     0x4  Data  Lc  ff.o [1]
Files                   0x20006c60    0x18  Data  Lc  ff.o [1]
Fsid                    0x20006dfc     0x2  Data  Lc  ff.o [1]
GetBipAndSendByDMA      0x080093cb    0x14  Code  Gb  print_com.o [1]
GetBipAndSendByPolling  0x080093df    0x18  Code  Gb  print_com.o [1]
GpsDataSendByIT         0x08009597    0x14  Code  Gb  gps_dev.o [1]
GpsDeviceInit           0x0800a08b    0x12  Code  Lc  gps.o [1]
GpsRecvDataFromISR      0x0800a0c7    0x22  Code  Gb  gps.o [1]
GpsSendSerialData       0x0800a09d    0x1e  Code  Lc  gps.o [1]
GpsSendTestThread       0x08009f7f    0x22  Code  Lc  gps.o [1]
GpsThread               0x08009f3d    0x42  Code  Lc  gps.o [1]
GpsUsartInit            0x08009559    0x3e  Code  Gb  gps_dev.o [1]
GpsWaitForSendCplt      0x0800a0bb     0xc  Code  Gb  gps.o [1]
GsmDataSendByIT         0x080096b3    0x14  Code  Gb  gsm_dev.o [1]
GsmDeviceInit           0x0800a2ab    0x12  Code  Lc  gsm.o [1]
GsmRecvDataFromISR      0x0800a2e7    0x22  Code  Gb  gsm.o [1]
GsmSendSerialData       0x0800a2bd    0x1e  Code  Lc  gsm.o [1]
GsmSendTestThread       0x0800a19f    0x22  Code  Lc  gsm.o [1]
GsmThread               0x0800a15d    0x42  Code  Lc  gsm.o [1]
GsmUsartInit            0x08009675    0x3e  Code  Gb  gsm_dev.o [1]
GsmWaitForSendCplt      0x0800a2db     0xc  Code  Gb  gsm.o [1]
HAL_DMA_DeInit          0x08009073    0x6c  Code  Gb  stm32f4xx_hal_dma.o [1]
HAL_DMA_IRQHandler      0x08009141   0x1dc  Code  Gb  stm32f4xx_hal_dma.o [1]
HAL_DMA_Init            0x08008fed    0x86  Code  Gb  stm32f4xx_hal_dma.o [1]
HAL_DMA_Start_IT        0x080090df    0x62  Code  Gb  stm32f4xx_hal_dma.o [1]
HAL_Delay               0x08007dd3    0x1a  Code  Wk  stm32f4xx_hal.o [1]
HAL_GPIO_Init           0x0800978d   0x1ee  Code  Gb  stm32f4xx_hal_gpio.o [1]
HAL_GPIO_ReadPin        0x0800997b    0x18  Code  Gb  stm32f4xx_hal_gpio.o [1]
HAL_GPIO_TogglePin      0x080099a7     0xa  Code  Gb  stm32f4xx_hal_gpio.o [1]
HAL_GPIO_WritePin       0x08009993    0x14  Code  Gb  stm32f4xx_hal_gpio.o [1]
HAL_GetREVID            0x08007ded     0x8  Code  Gb  stm32f4xx_hal.o [1]
HAL_GetTick             0x08007dcd     0x6  Code  Wk  stm32f4xx_hal.o [1]
HAL_IncTick             0x08007dc1     0xc  Code  Wk  stm32f4xx_hal.o [1]
HAL_Init                0x08007d6d    0x2e  Code  Gb  stm32f4xx_hal.o [1]
HAL_InitTick            0x08007d9d    0x24  Code  Wk  stm32f4xx_hal.o [1]
HAL_MspInit             0x08007d9b     0x2  Code  Wk  stm32f4xx_hal.o [1]
HAL_NVIC_EnableIRQ      0x08007f03     0xe  Code  Gb  stm32f4xx_hal_cortex.o [1]
HAL_NVIC_SetPriority    0x08007edd    0x26  Code  Gb  stm32f4xx_hal_cortex.o [1]
HAL_NVIC_SetPriorityGrouping
                        0x08007ed1     0xc  Code  Gb  stm32f4xx_hal_cortex.o [1]
HAL_RCC_ClockConfig     0x08008275   0x18a  Code  Gb  stm32f4xx_hal_rcc.o [1]
HAL_RCC_GetHCLKFreq     0x080084a3    0x28  Code  Gb  stm32f4xx_hal_rcc.o [1]
HAL_RCC_GetPCLK1Freq    0x080084cb    0x20  Code  Gb  stm32f4xx_hal_rcc.o [1]
HAL_RCC_GetPCLK2Freq    0x080084eb    0x20  Code  Gb  stm32f4xx_hal_rcc.o [1]
HAL_RCC_GetSysClockFreq
                        0x080083ff    0xa4  Code  Wk  stm32f4xx_hal_rcc.o [1]
HAL_RCC_OscConfig       0x08007f3d   0x338  Code  Wk  stm32f4xx_hal_rcc.o [1]
HAL_SD_GetStatus        0x080071d3    0x26  Code  Gb  stm32f4xx_hal_sd.o [1]
HAL_SD_Get_CardInfo     0x08006dab   0x35e  Code  Gb  stm32f4xx_hal_sd.o [1]
HAL_SD_IRQHandler       0x08006cf1    0xb6  Code  Gb  stm32f4xx_hal_sd.o [1]
HAL_SD_Init             0x08006771    0xb6  Code  Gb  stm32f4xx_hal_sd.o [1]
HAL_SD_MspInit          0x08006827     0x2  Code  Wk  stm32f4xx_hal_sd.o [1]
HAL_SD_ReadBlocks       0x08006829   0x212  Code  Gb  stm32f4xx_hal_sd.o [1]
HAL_SD_StopTransfer     0x0800719b    0x38  Code  Gb  stm32f4xx_hal_sd.o [1]
HAL_SD_WideBusOperation_Config
                        0x08007109    0x92  Code  Gb  stm32f4xx_hal_sd.o [1]
HAL_SD_WriteBlocks      0x08006a3b   0x2b6  Code  Gb  stm32f4xx_hal_sd.o [1]
HAL_SD_XferCpltCallback
                        0x08006da7     0x2  Code  Wk  stm32f4xx_hal_sd.o [1]
HAL_SD_XferErrorCallback
                        0x08006da9     0x2  Code  Wk  stm32f4xx_hal_sd.o [1]
HAL_SYSTICK_Config      0x08007f11     0xc  Code  Gb  stm32f4xx_hal_cortex.o [1]
HAL_UART_DBG_ErrorCallback
                        0x0800953b     0x2  Code  Gb  print_com.o [1]
HAL_UART_DBG_MspInit    0x080093f7   0x12e  Code  Gb  print_com.o [1]
HAL_UART_DBG_RxCpltCallback
                        0x0800952f     0xc  Code  Gb  print_com.o [1]
HAL_UART_DBG_TxCpltCallback
                        0x08009525     0xa  Code  Gb  print_com.o [1]
HAL_UART_ErrorCallback  0x08008fad    0x34  Code  Gb  stm32f4xx_hal_msp.o [1]
HAL_UART_GPS_ErrorCallback
                        0x08009673     0x2  Code  Gb  gps_dev.o [1]
HAL_UART_GPS_MspInit    0x080095ab    0x9e  Code  Gb  gps_dev.o [1]
HAL_UART_GPS_RxCpltCallback
                        0x08009667     0xc  Code  Gb  gps_dev.o [1]
HAL_UART_GPS_TxCpltCallback
                        0x0800965d     0xa  Code  Gb  gps_dev.o [1]
HAL_UART_GSM_ErrorCallback
                        0x0800978b     0x2  Code  Gb  gsm_dev.o [1]
HAL_UART_GSM_MspInit    0x080096c7    0x9a  Code  Gb  gsm_dev.o [1]
HAL_UART_GSM_RxCpltCallback
                        0x0800977f     0xc  Code  Gb  gsm_dev.o [1]
HAL_UART_GSM_TxCpltCallback
                        0x08009775     0xa  Code  Gb  gsm_dev.o [1]
HAL_UART_IRQHandler     0x080087ed   0x16e  Code  Gb  stm32f4xx_hal_uart.o [1]
HAL_UART_Init           0x08008551    0x76  Code  Gb  stm32f4xx_hal_uart.o [1]
HAL_UART_MspInit        0x08008f11    0x34  Code  Gb  stm32f4xx_hal_msp.o [1]
HAL_UART_Receive_IT     0x080086ed    0x70  Code  Gb  stm32f4xx_hal_uart.o [1]
HAL_UART_RxCpltCallback
                        0x08008f79    0x34  Code  Gb  stm32f4xx_hal_msp.o [1]
HAL_UART_Transmit       0x080085c7    0xce  Code  Gb  stm32f4xx_hal_uart.o [1]
HAL_UART_Transmit_DMA   0x0800875d    0x90  Code  Gb  stm32f4xx_hal_uart.o [1]
HAL_UART_Transmit_IT    0x08008695    0x58  Code  Gb  stm32f4xx_hal_uart.o [1]
HAL_UART_TxCpltCallback
                        0x08008f45    0x34  Code  Gb  stm32f4xx_hal_msp.o [1]
HAL_UART_TxHalfCpltCallback
                        0x0800895b     0x2  Code  Wk  stm32f4xx_hal_uart.o [1]
HEAP$$Base              0x20007208           --   Gb  - Linker created -
HEAP$$Limit             0x20007608           --   Gb  - Linker created -
HardFault_Handler       0x0800c913     0x2  Code  Gb  stm32f4xx_it.o [1]
LedDeviceInit           0x0800c529    0x16  Code  Lc  led.o [1]
LedGpioInit             0x0800c559    0x46  Code  Gb  led_dev.o [1]
LedOff                  0x0800c59f    0x10  Code  Gb  led_dev.o [1]
LedToggle               0x0800c5af     0xe  Code  Gb  led_dev.o [1]
LfnOfs                  0x0800d56c    0x10  Data  Lc  ff.o [1]
LoadInt                 0x0800b2ab    0x4c  Code  Lc  xprintfsmall.o [3]
MemManage_Handler       0x0800c915     0x2  Code  Gb  stm32f4xx_it.o [1]
MyFile                  0x200062b8   0x22c  Data  Gb  main.o [1]
NMI_Handler             0x0800c911     0x2  Code  Gb  stm32f4xx_it.o [1]
NVIC_EnableIRQ          0x08007e29    0x14  Code  Lc  stm32f4xx_hal_cortex.o [1]
NVIC_EncodePriority     0x08007e63    0x3e  Code  Lc  stm32f4xx_hal_cortex.o [1]
NVIC_GetPriorityGrouping
                        0x08007e1f     0xa  Code  Lc  stm32f4xx_hal_cortex.o [1]
NVIC_SetPriority        0x08007e3d    0x26  Code  Lc  stm32f4xx_hal_cortex.o [1]
NVIC_SetPriorityGrouping
                        0x08007e01    0x1e  Code  Lc  stm32f4xx_hal_cortex.o [1]
PendSV_Handler          0x080066b5          Code  Gb  portasm.o [1]
Region$$Table$$Base     0x0800ce60           --   Gb  - Linker created -
Region$$Table$$Limit    0x0800ce84           --   Gb  - Linker created -
RunLedThread            0x0800c4e1    0x26  Code  Lc  led.o [1]
SDFatFs                 0x20006084   0x234  Data  Gb  main.o [1]
SDIO_DataConfig         0x08007d35    0x2e  Code  Gb  stm32f4xx_ll_sdmmc.o [1]
SDIO_GetCommandResponse
                        0x08007d19     0x6  Code  Gb  stm32f4xx_ll_sdmmc.o [1]
SDIO_GetPowerState      0x08007ce7     0x8  Code  Gb  stm32f4xx_ll_sdmmc.o [1]
SDIO_GetResponse        0x08007d1f    0x16  Code  Gb  stm32f4xx_ll_sdmmc.o [1]
SDIO_IRQHandler         0x0800c939     0x8  Code  Gb  stm32f4xx_it.o [1]
SDIO_Init               0x08007c9d    0x2e  Code  Gb  stm32f4xx_ll_sdmmc.o [1]
SDIO_PowerState_ON      0x08007cdd     0xa  Code  Gb  stm32f4xx_ll_sdmmc.o [1]
SDIO_ReadFIFO           0x08007ccb     0x6  Code  Gb  stm32f4xx_ll_sdmmc.o [1]
SDIO_SendCommand        0x08007cef    0x2a  Code  Gb  stm32f4xx_ll_sdmmc.o [1]
SDIO_WriteFIFO          0x08007cd1     0xc  Code  Gb  stm32f4xx_ll_sdmmc.o [1]
SDPath                  0x20006db8     0x4  Data  Gb  main.o [1]
SD_CmdError             0x08007545    0x4a  Code  Lc  stm32f4xx_hal_sd.o [1]
SD_CmdResp1Error        0x08007603   0x114  Code  Lc  stm32f4xx_hal_sd.o [1]
SD_CmdResp2Error        0x0800774d    0x46  Code  Lc  stm32f4xx_hal_sd.o [1]
SD_CmdResp3Error        0x0800771d    0x30  Code  Lc  stm32f4xx_hal_sd.o [1]
SD_CmdResp6Error        0x08007793    0xa4  Code  Lc  stm32f4xx_hal_sd.o [1]
SD_CmdResp7Error        0x0800758f    0x74  Code  Lc  stm32f4xx_hal_sd.o [1]
SD_Driver               0x0800d4f8    0x14  Data  Gb  sd_diskio.o [1]
SD_FindSCR              0x08007997   0x190  Code  Lc  stm32f4xx_hal_sd.o [1]
SD_GetState             0x080071f9    0x24  Code  Lc  stm32f4xx_hal_sd.o [1]
SD_Initialize_Cards     0x0800721d   0x118  Code  Lc  stm32f4xx_hal_sd.o [1]
SD_IsCardProgramming    0x08007b27   0x16a  Code  Lc  stm32f4xx_hal_sd.o [1]
SD_MspInit              0x0800b86b   0x1ea  Code  Lc  407VE_sd.o [1]
SD_PowerON              0x0800736f   0x176  Code  Lc  stm32f4xx_hal_sd.o [1]
SD_Select_Deselect      0x08007335    0x3a  Code  Lc  stm32f4xx_hal_sd.o [1]
SD_SendStatus           0x080074e7    0x5e  Code  Lc  stm32f4xx_hal_sd.o [1]
SD_WideBus_Disable      0x080078e7    0xb0  Code  Lc  stm32f4xx_hal_sd.o [1]
SD_WideBus_Enable       0x08007837    0xb0  Code  Lc  stm32f4xx_hal_sd.o [1]
SD_initialize           0x0800c601    0x24  Code  Gb  sd_diskio.o [1]
SD_ioctl                0x0800c6b5    0x6a  Code  Gb  sd_diskio.o [1]
SD_read                 0x0800c649    0x36  Code  Gb  sd_diskio.o [1]
SD_status               0x0800c625    0x24  Code  Gb  sd_diskio.o [1]
SD_write                0x0800c67f    0x36  Code  Gb  sd_diskio.o [1]
SVC_Handler             0x0800670d          Code  Gb  portasm.o [1]
StartGpsTask            0x08009fa1    0xea  Code  Gb  gps.o [1]
StartGsmTask            0x0800a1c1    0xea  Code  Gb  gsm.o [1]
StartRunLedTask         0x0800c507    0x22  Code  Gb  led.o [1]
StartThread             0x0800c159    0xcc  Code  Lc  main.o [1]
Stat                    0x20000080     0x1  Data  Lc  sd_diskio.o [1]
StdUsartInit            0x0800938d    0x3e  Code  Gb  print_com.o [1]
SysTick_Config          0x08007ea1    0x30  Code  Lc  stm32f4xx_hal_cortex.o [1]
SysTick_Handler         0x0800c91d     0xc  Code  Gb  stm32f4xx_it.o [1]
SystemClock_Config      0x0800c225    0xa2  Code  Lc  main.o [1]
SystemCoreClock         0x20000078     0x4  Data  Gb  system_stm32f4xx.o [1]
SystemInit              0x0800c8a5    0x4c  Code  Gb  system_stm32f4xx.o [1]
Tbl                     0x0800c724   0x100  Data  Lc  unicode.o [1]
UART_DMAError           0x080089a1    0x2a  Code  Lc  stm32f4xx_hal_uart.o [1]
UART_DMATransmitCplt    0x0800895d    0x34  Code  Lc  stm32f4xx_hal_uart.o [1]
UART_DMATxHalfCplt      0x08008991     0xe  Code  Lc  stm32f4xx_hal_uart.o [1]
UART_EndTransmit_IT     0x08008b27    0x20  Code  Lc  stm32f4xx_hal_uart.o [1]
UART_Receive_IT         0x08008b47    0xac  Code  Lc  stm32f4xx_hal_uart.o [1]
UART_SetConfig          0x08008bf3   0x312  Code  Lc  stm32f4xx_hal_uart.o [1]
UART_Transmit_IT        0x08008ab9    0x6e  Code  Lc  stm32f4xx_hal_uart.o [1]
UART_WaitOnFlagUntilTimeout
                        0x080089cb    0xee  Code  Lc  stm32f4xx_hal_uart.o [1]
USART1_IRQHandler       0x0800c957     0xa  Code  Gb  stm32f4xx_it.o [1]
USART2_IRQHandler       0x0800c961     0xa  Code  Gb  stm32f4xx_it.o [1]
USART3_IRQHandler       0x0800c94d     0xa  Code  Gb  stm32f4xx_it.o [1]
UartHandle_dbg          0x20006be0    0x40  Data  Gb  print_com.o [1]
UartHandle_gps          0x20006b60    0x40  Data  Gb  gps_dev.o [1]
UartHandle_gsm          0x20006ba0    0x40  Data  Gb  gsm_dev.o [1]
UsageFault_Handler      0x0800c919     0x2  Code  Gb  stm32f4xx_it.o [1]
_EncodingSb_Mbtowc      0x0800b713    0x30  Code  Gb  xencoding_sb.o [3]
_EncodingSb_Wctomb      0x0800b6f9    0x1a  Code  Gb  xencoding_sb.o [3]
_IsdstStr               0x20000004     0x4  Data  Gb  setlocale.o [3]
_LitobSmall             0x0800b51d    0xce  Code  Lc  xprintfsmall.o [3]
_LocaleEncoding         0x0800b6e5     0xe  Code  Gb  setlocale.o [3]
_LocaleReturnString     0x20000024    0x50  Data  Lc  setlocale.o [3]
_Locale_Profile         0x20000008    0x1c  Data  Gb  setlocale.o [3]
_Mbtowc                 0x0800b631    0x20  Code  Gb  xmbtowc.o [3]
_PrintfSmall            0x0800ae8d   0x414  Code  Gb  xprintfsmall.o [3]
_PutcharsSmall          0x0800b5eb    0x2e  Code  Lc  xprintfsmall.o [3]
_PutstrSmall            0x0800b2f7   0x226  Code  Lc  xprintfsmall.o [3]
_SProut                 0x0800634b     0xa  Code  Gb  xsprout.o [3]
_TzoneStr               0x20000000     0x4  Data  Gb  setlocale.o [3]
_Wctomb                 0x0800b6cb    0x1a  Code  Gb  xwctomb.o [3]
__aeabi_memclr4         0x0800c5c5          Code  Gb  ABImemclr4.o [5]
__aeabi_memset          0x080065d5          Code  Gb  ABImemset.o [5]
__cmain                 0x0800d1f5          Code  Gb  cmain.o [5]
__data_GetMemChunk      0x08006281    0x2c  Code  Gb  xgetmemchunk.o [3]
__exit                  0x0800675d    0x14  Code  Gb  exit.o [6]
__iar_Mbcurmax          0x0800b6c1     0xa  Code  Gb  xmbcurmax.o [3]
__iar_Memchr            0x0800b669          Code  Gb  memchr.o [5]
__iar_Memset            0x080065d5          Code  Gb  ABImemset.o [5]
__iar_Memset4_word      0x0800c5cd          Code  Gb  ABImemset48.o [5]
__iar_Memset8_word      0x0800c5cd          Code  Gb  ABImemset48.o [5]
__iar_Memset_word       0x080065dd          Code  Gb  ABImemset.o [5]
__iar_Strchr            0x0800b651          Code  Gb  strchr.o [5]
__iar_copy_init3        0x08002c67    0x2e  Code  Gb  copy_init3.o [5]
__iar_data_init3        0x0800cd3d    0x28  Code  Gb  data_init.o [5]
__iar_dlfree            0x080042d3   0x510  Code  Gb  dlmalloc.o [3]
__iar_dlib_perthread_access
                        0x0800b759     0x2  Code  Gb  xtls.o [3]
__iar_dlmalloc          0x0800401d   0x2aa  Code  Gb  dlmalloc.o [3]
__iar_init_vfp          0x0800ce3d          Code  Gb  fpinit_M.o [4]
__iar_program_start     0x0800d689          Code  Gb  cstartup_M.o [5]
__iar_strcmp            0x0800bd2d          Code  Gb  strcmp_unaligned.o [5]
__iar_unaligned___aeabi_memcpy
                        0x0800663d          Code  Gb  ABImemcpy_unaligned.o [5]
__iar_unaligned___aeabi_memcpy4
                        0x0800665d          Code  Gb  ABImemcpy_unaligned.o [5]
__iar_unaligned___aeabi_memcpy8
                        0x0800665d          Code  Gb  ABImemcpy_unaligned.o [5]
__iar_unaligned_strcmp  0x0800bd2d          Code  Gb  strcmp_unaligned.o [5]
__iar_unaligned_strcpy  0x0800ae49          Code  Gb  strcpy_unaligned.o [5]
__iar_zero_init3        0x0800625f    0x22  Code  Gb  zero_init3.o [5]
__low_level_init        0x0800d20f     0x4  Code  Gb  low_level_init.o [3]
__vector_table          0x08000000          Data  Gb  startup_stm32f407xx.o [1]
_aashell_recvcplt_sem_id
                        0x20006d48     0x4  Data  Gb  AaShell.o [1]
_aashellhandledaemon_id
                        0x20006d4c     0x4  Data  Gb  AaShell.o [1]
_aasyslog_index         0x20006dff     0x1  Data  Lc  AaSysLogInterface.o [1]
_aasyslog_input_level   0x20006e00     0x1  Data  Lc  AaSysLogInterface.o [1]
_aasyslog_max_bipbuf_used
                        0x20006d50     0x4  Data  Lc  AaSysLogSystem.o [1]
_aasyslog_mng           0x20006d1c     0x8  Data  Gb  AaSysLogSystem.o [1]
_aasyslog_mutex_id      0x20006d58     0x4  Data  Gb  AaSysLogSystem.o [1]
_aasyslog_sendcplt_sem_id
                        0x20006d5c     0x4  Data  Gb  AaSysLogSystem.o [1]
_aasyslogdaemon_id      0x20006d60     0x4  Data  Gb  AaSysLogSystem.o [1]
_aatag_mng              0x20006d64     0x4  Data  Gb  AaTag.o [1]
_aatag_msgbox_id        0x20006d6c     0x4  Data  Gb  AaTag.o [1]
_aatag_mutex_id         0x20006d68     0x4  Data  Gb  AaTag.o [1]
_aatagdaemon_id         0x20006d70     0x4  Data  Gb  AaTag.o [1]
_aathread_mng_head_ptr  0x20006d74     0x4  Data  Gb  AaThread.o [1]
_aathread_mutex_id      0x20006d78     0x4  Data  Gb  AaThread.o [1]
_call_main              0x0800d201          Code  Gb  cmain.o [5]
_ccsdaemon_id           0x20006d7c     0x4  Data  Gb  CCSDaemon.o [1]
_exit                   0x0800d219          Code  Gb  cexit.o [5]
_gm_                    0x200064e4   0x1d8  Data  Lc  dlmalloc.o [3]
_gps_id                 0x20006d84     0x4  Data  Gb  gps.o [1]
_gps_recvcplt_sem_id    0x20006d90     0x4  Data  Gb  gps.o [1]
_gps_rx_ringbuf         0x20006cf0    0x10  Data  Gb  gps.o [1]
_gps_rx_ringbuf_data    0x200066bc   0x100  Data  Gb  gps.o [1]
_gps_send_test_id       0x20006d88     0x4  Data  Gb  gps.o [1]
_gps_sendcplt_sem_id    0x20006d8c     0x4  Data  Gb  gps.o [1]
_gsm_id                 0x20006d94     0x4  Data  Gb  gsm.o [1]
_gsm_recvcplt_sem_id    0x20006da0     0x4  Data  Gb  gsm.o [1]
_gsm_rx_ringbuf         0x20006d00    0x10  Data  Gb  gsm.o [1]
_gsm_rx_ringbuf_data    0x200067bc   0x100  Data  Gb  gsm.o [1]
_gsm_send_test_id       0x20006d98     0x4  Data  Gb  gsm.o [1]
_gsm_sendcplt_sem_id    0x20006d9c     0x4  Data  Gb  gsm.o [1]
_heap_sem_id            0x20006d38     0x4  Data  Lc  AaMem.o [1]
_main                   0x0800d20b          Code  Gb  cmain.o [5]
_mem_heap_buf           0x20004084  0x2000  Data  Gb  CCSDaemon.o [1]
_p_bip_buffer           0x20006d54     0x4  Data  Lc  AaSysLogSystem.o [1]
_runled_id              0x20006db4     0x4  Data  Gb  led.o [1]
_serial_rx_ringbuf      0x20006ce0    0x10  Data  Gb  AaShell.o [1]
_serial_rx_ringbuf_data
                        0x20006b20    0x40  Data  Gb  AaShell.o [1]
abort                   0x08006259     0x6  Code  Gb  abort.o [3]
check_fs                0x080015e1    0x82  Code  Lc  ff.o [1]
chk_chr                 0x080001df    0x14  Code  Lc  ff.o [1]
chk_lock                0x0800022d    0x9a  Code  Lc  ff.o [1]
clear_lock              0x0800043f    0x30  Code  Lc  ff.o [1]
clmt_clust              0x08000a3d    0x3e  Code  Lc  ff.o [1]
clust2sect              0x08000607    0x20  Code  Gb  ff.o [1]
cmp_lfn                 0x08000d7f    0x9e  Code  Lc  ff.o [1]
create_chain            0x0800093f    0xfe  Code  Lc  ff.o [1]
create_name             0x0800123b   0x2ba  Code  Lc  ff.o [1]
dec_lock                0x080003e3    0x5c  Code  Lc  ff.o [1]
dir_alloc               0x08000ccf    0x6e  Code  Lc  ff.o [1]
dir_find                0x08000f97   0x12e  Code  Lc  ff.o [1]
dir_next                0x08000b57   0x178  Code  Lc  ff.o [1]
dir_register            0x080010c5   0x176  Code  Lc  ff.o [1]
dir_sdi                 0x08000a7b    0xdc  Code  Lc  ff.o [1]
disk                    0x20006d10     0xc  Data  Gb  ff_gen_drv.o [1]
disk_initialize         0x08002cb7    0x36  Code  Gb  diskio.o [1]
disk_ioctl              0x08002d5d    0x2c  Code  Gb  diskio.o [1]
disk_read               0x08002ced    0x38  Code  Gb  diskio.o [1]
disk_status             0x08002c95    0x22  Code  Gb  diskio.o [1]
disk_write              0x08002d25    0x38  Code  Gb  diskio.o [1]
enq_lock                0x080002c7    0x28  Code  Lc  ff.o [1]
exit                    0x0800d213     0x4  Code  Gb  exit.o [3]
f_close                 0x080024cf    0x48  Code  Gb  ff.o [1]
f_mkfs                  0x08002517   0x6b8  Code  Gb  ff.o [1]
f_mount                 0x08001b1d    0x9a  Code  Gb  ff.o [1]
f_open                  0x08001bd9   0x236  Code  Gb  ff.o [1]
f_read                  0x08001e0f   0x2ba  Code  Gb  ff.o [1]
f_sync                  0x080023dd    0xf2  Code  Gb  ff.o [1]
f_write                 0x080020c9   0x314  Code  Gb  ff.o [1]
ff_convert              0x08002d91    0x4e  Code  Gb  unicode.o [1]
ff_cre_syncobj          0x08002bed    0x28  Code  Gb  syscall.o [1]
ff_del_syncobj          0x08002c19     0xe  Code  Gb  syscall.o [1]
ff_memalloc             0x08002c4f     0xc  Code  Gb  syscall.o [1]
ff_memfree              0x08002c5b     0xc  Code  Gb  syscall.o [1]
ff_rel_grant            0x08002c43     0xc  Code  Gb  syscall.o [1]
ff_req_grant            0x08002c27    0x1c  Code  Gb  syscall.o [1]
ff_wtoupper             0x08002ddf    0x34  Code  Gb  unicode.o [1]
find_volume             0x08001669   0x45e  Code  Lc  ff.o [1]
fit_lfn                 0x08000e1d    0x86  Code  Lc  ff.o [1]
follow_path             0x080014f5    0x9c  Code  Lc  ff.o [1]
gen_numname             0x08000ea9    0xd0  Code  Lc  ff.o [1]
get_fat                 0x08000627   0x11c  Code  Gb  ff.o [1]
get_fattime             0x08002d8d     0x4  Code  Wk  diskio.o [1]
get_ldnumber            0x08001591    0x50  Code  Lc  ff.o [1]
heap_end                0x20006d30     0x4  Data  Lc  AaMem.o [1]
heap_ptr                0x20006d2c     0x4  Data  Lc  AaMem.o [1]
inHandlerMode           0x08002e33    0x12  Code  Lc  cmsis_os.o [1]
inc_lock                0x080002ef    0xf4  Code  Lc  ff.o [1]
init_mparams            0x08003307    0x32  Code  Lc  dlmalloc.o [3]
init_top                0x08003339    0x34  Code  Lc  dlmalloc.o [3]
ld_clust                0x08000d3d    0x2a  Code  Lc  ff.o [1]
lfree                   0x20006d34     0x4  Data  Lc  AaMem.o [1]
lock_fs                 0x080001f3     0xe  Code  Lc  ff.o [1]
main                    0x0800c131    0x28  Code  Gb  main.o [1]
makeFreeRtosPriority    0x08002e21    0x12  Code  Lc  cmsis_os.o [1]
max_mem                 0x20006d44     0x4  Data  Lc  AaMem.o [1]
mem_cmp                 0x080001bb    0x24  Code  Lc  ff.o [1]
mem_cpy                 0x08000189    0x1c  Code  Lc  ff.o [1]
mem_set                 0x080001a5    0x16  Code  Lc  ff.o [1]
mem_size_aligned        0x20006d3c     0x4  Data  Lc  AaMem.o [1]
memchr                  0x0800b669          Code  Gb  memchr.o [5]
move_window             0x080004d7    0x44  Code  Lc  ff.o [1]
mparams                 0x20006c78    0x18  Data  Lc  dlmalloc.o [3]
osDelay                 0x08002ea7    0x1c  Code  Gb  cmsis_os.o [1]
osKernelStart           0x08002e45     0xa  Code  Gb  cmsis_os.o [1]
osKernelSysTick         0x08002e4f    0x16  Code  Gb  cmsis_os.o [1]
osMessageCreate         0x080031a7    0x12  Code  Gb  cmsis_os.o [1]
osMessageGet            0x0800321f    0xb8  Code  Gb  cmsis_os.o [1]
osMessagePut            0x080031b9    0x66  Code  Gb  cmsis_os.o [1]
osMutexCreate           0x08002f99     0xc  Code  Gb  cmsis_os.o [1]
osMutexRelease          0x0800302b    0x54  Code  Gb  cmsis_os.o [1]
osMutexWait             0x08002fa5    0x86  Code  Gb  cmsis_os.o [1]
osSemaphoreCreate       0x0800307f    0x34  Code  Gb  cmsis_os.o [1]
osSemaphoreDelete       0x0800318d    0x1a  Code  Gb  cmsis_os.o [1]
osSemaphoreRelease      0x08003139    0x54  Code  Gb  cmsis_os.o [1]
osSemaphoreWait         0x080030b3    0x86  Code  Gb  cmsis_os.o [1]
osSignalSet             0x08002ec3    0x58  Code  Gb  cmsis_os.o [1]
osSignalWait            0x08002f1b    0x7e  Code  Gb  cmsis_os.o [1]
osSystickHandler        0x080032d7    0x10  Code  Gb  cmsis_os.o [1]
osThreadCreate          0x08002e65    0x3a  Code  Gb  cmsis_os.o [1]
osThreadGetId           0x08002e9f     0x8  Code  Gb  cmsis_os.o [1]
os_messageQ_def_aatag_msgbox
                        0x0800d6cc     0x8  Data  Lc  AaTag.o [1]
os_mutex_def_aasyslog_mutex
                        0x0800d73c     0x4  Data  Lc  AaSysLogSystem.o [1]
os_mutex_def_aatag_mutex
                        0x0800d744     0x4  Data  Lc  AaTag.o [1]
os_mutex_def_aathread_mutex
                        0x0800d748     0x4  Data  Lc  AaThread.o [1]
os_semaphore_def_aashell_recvcplt_sem
                        0x0800d738     0x4  Data  Lc  AaShell.o [1]
os_semaphore_def_aasyslog_sendcplt_sem
                        0x0800d740     0x4  Data  Lc  AaSysLogSystem.o [1]
os_semaphore_def_gps_recvcplt_sem
                        0x0800d754     0x4  Data  Lc  gps.o [1]
os_semaphore_def_gps_sendcplt_sem
                        0x0800d750     0x4  Data  Lc  gps.o [1]
os_semaphore_def_gsm_recvcplt_sem
                        0x0800d760     0x4  Data  Lc  gsm.o [1]
os_semaphore_def_gsm_sendcplt_sem
                        0x0800d75c     0x4  Data  Lc  gsm.o [1]
os_semaphore_def_heap_sem
                        0x0800d734     0x4  Data  Lc  AaMem.o [1]
pcInterruptPriorityRegisters
                        0x0800d768     0x4  Data  Lc  port.o [1]
plug_holes              0x0800a699    0xbe  Code  Lc  AaMem.o [1]
prepend_alloc           0x0800336d   0x36e  Code  Lc  dlmalloc.o [3]
prvAddCurrentTaskToDelayedList
                        0x08005057    0x4e  Code  Lc  tasks.o [1]
prvAllocateTCBAndStack  0x080050ad    0x5a  Code  Lc  tasks.o [1]
prvCheckTasksWaitingTermination
                        0x08004ff1    0x66  Code  Lc  tasks.o [1]
prvCopyDataFromQueue    0x08005ef7    0x30  Code  Lc  queue.o [1]
prvCopyDataToQueue      0x08005e5f    0x98  Code  Lc  queue.o [1]
prvDeleteTCB            0x08005107    0x12  Code  Lc  tasks.o [1]
prvHeapInit             0x080064e5    0x6e  Code  Lc  heap_4.o [1]
prvIdleTask             0x08004efd    0x26  Code  Lc  tasks.o [1]
prvInitialiseTCBVariables
                        0x08004f23    0x6c  Code  Lc  tasks.o [1]
prvInitialiseTaskLists  0x08004f8f    0x58  Code  Lc  tasks.o [1]
prvInsertBlockIntoFreeList
                        0x08006553    0x62  Code  Lc  heap_4.o [1]
prvIsQueueEmpty         0x08005f91    0x20  Code  Lc  queue.o [1]
prvIsQueueFull          0x08005fb1    0x22  Code  Lc  queue.o [1]
prvResetNextTaskUnblockTime
                        0x08005119    0x2a  Code  Lc  tasks.o [1]
prvTaskExitError        0x08006025    0x2a  Code  Lc  port.o [1]
prvUnlockQueue          0x08005f27    0x6a  Code  Lc  queue.o [1]
put_fat                 0x08000743   0x178  Code  Gb  ff.o [1]
pvPortMalloc            0x08006355   0x118  Code  Gb  heap_4.o [1]
pvTaskIncrementMutexHeldCount
                        0x080052e5    0x1e  Code  Gb  tasks.o [1]
pxCurrentTCB            0x20006dc4     0x4  Data  Gb  tasks.o [1]
pxDelayedTaskList       0x20006dc8     0x4  Data  Lc  tasks.o [1]
pxEnd                   0x20006da4     0x4  Data  Lc  heap_4.o [1]
pxOverflowDelayedTaskList
                        0x20006dcc     0x4  Data  Lc  tasks.o [1]
pxPortInitialiseStack   0x08006001    0x24  Code  Gb  port.o [1]
pxReadyTasksLists       0x200068bc    0x8c  Data  Lc  tasks.o [1]
recv_char               0x20006dfe     0x1  Data  Lc  AaShell.o [1]
recv_char               0x20006e01     0x1  Data  Lc  gps.o [1]
recv_char               0x20006e02     0x1  Data  Lc  gsm.o [1]
remove_chain            0x080008bb    0x84  Code  Lc  ff.o [1]
ring_buffer_consume     0x0800accf    0x1a  Code  Gb  RingBufferUtils.o [1]
ring_buffer_free_space  0x0800ac65    0x16  Code  Gb  RingBufferUtils.o [1]
ring_buffer_get_data    0x0800ac91    0x3e  Code  Gb  RingBufferUtils.o [1]
ring_buffer_init        0x0800ac53    0x12  Code  Gb  RingBufferUtils.o [1]
ring_buffer_used_space  0x0800ac7b    0x16  Code  Gb  RingBufferUtils.o [1]
ring_buffer_write       0x0800ace9    0x9c  Code  Gb  RingBufferUtils.o [1]
segment_holding         0x080032ed    0x1a  Code  Lc  dlmalloc.o [3]
sprintf                 0x0800ade9    0x34  Code  Gb  sprintf.o [3]
st_clust                0x08000d67    0x18  Code  Lc  ff.o [1]
strchr                  0x0800b651          Code  Gb  strchr.o [5]
strlen                  0x0800adb1          Code  Gb  strlen.o [5]
strncmp                 0x0800ad85    0x2a  Code  Gb  strncmp.o [3]
sum_sfn                 0x08000f79    0x1e  Code  Lc  ff.o [1]
sync_fs                 0x0800051b    0xec  Code  Lc  ff.o [1]
sync_window             0x0800046f    0x68  Code  Lc  ff.o [1]
sys_alloc               0x080036db   0x38c  Code  Lc  dlmalloc.o [3]
tmalloc_large           0x08003a75   0x398  Code  Lc  dlmalloc.o [3]
tmalloc_small           0x08003e0d   0x210  Code  Lc  dlmalloc.o [3]
uSdCardInfo             0x200069c0    0x58  Data  Lc  407VE_sd.o [1]
uSdHandle               0x20006948    0x60  Data  Lc  407VE_sd.o [1]
ucHeap                  0x20000084  0x4000  Data  Lc  heap_4.o [1]
ucMaxSysCallPriority    0x20006e03     0x1  Data  Lc  port.o [1]
ulMaxPRIGROUPValue      0x20006dbc     0x4  Data  Lc  port.o [1]
unlock_fs               0x08000201    0x2c  Code  Lc  ff.o [1]
used_mem                0x20006d40     0x4  Data  Lc  AaMem.o [1]
uwTick                  0x20006dc0     0x4  Data  Gb  stm32f4xx_hal.o [1]
uxCriticalNesting       0x20000074     0x4  Data  Lc  port.o [1]
uxCurrentNumberOfTasks  0x20006dd4     0x4  Data  Lc  tasks.o [1]
uxListRemove            0x08006323    0x28  Code  Gb  list.o [1]
uxPendedTicks           0x20006de4     0x4  Data  Lc  tasks.o [1]
uxSchedulerSuspended    0x20006df4     0x4  Data  Lc  tasks.o [1]
uxTaskNumber            0x20006df0     0x4  Data  Lc  tasks.o [1]
uxTasksDeleted          0x20006dd0     0x4  Data  Lc  tasks.o [1]
uxTopReadyPriority      0x20006ddc     0x4  Data  Lc  tasks.o [1]
vListInitialise         0x080062ad    0x1e  Code  Gb  list.o [1]
vListInitialiseItem     0x080062cb     0x6  Code  Gb  list.o [1]
vListInsert             0x080062e9    0x3a  Code  Gb  list.o [1]
vListInsertEnd          0x080062d1    0x18  Code  Gb  list.o [1]
vPortEnableVFP          0x08006741          Code  Gb  portasm.o [1]
vPortEnterCritical      0x0800611b    0x3a  Code  Gb  port.o [1]
vPortExitCritical       0x08006155    0x32  Code  Gb  port.o [1]
vPortFree               0x0800646d    0x78  Code  Gb  heap_4.o [1]
vPortSetupTimerInterrupt
                        0x080061b3    0x1a  Code  Wk  port.o [1]
vPortStartFirstTask     0x08006729          Code  Gb  portasm.o [1]
vPortValidateInterruptPriority
                        0x080061cd    0x4e  Code  Gb  port.o [1]
vQueueDelete            0x08005e37    0x28  Code  Gb  queue.o [1]
vQueueUnregisterQueue   0x08005fd3    0x24  Code  Gb  queue.o [1]
vTaskDelay              0x0800496f    0x84  Code  Gb  tasks.o [1]
vTaskMissedYield        0x08004eeb     0xa  Code  Gb  tasks.o [1]
vTaskPlaceOnEventList   0x08004d2b    0x76  Code  Gb  tasks.o [1]
vTaskPriorityInherit    0x08005173    0xac  Code  Gb  tasks.o [1]
vTaskSetTimeOutState    0x08004e3d    0x26  Code  Gb  tasks.o [1]
vTaskStartScheduler     0x080049f3    0x62  Code  Gb  tasks.o [1]
vTaskSuspendAll         0x08004a55    0x10  Code  Gb  tasks.o [1]
vTaskSwitchContext      0x08004cb9    0x72  Code  Gb  tasks.o [1]
validate                0x08001ac7    0x56  Code  Lc  ff.o [1]
vsprintf                0x0800ae1d    0x2c  Code  Gb  vsprintf.o [3]
xBlockAllocatedBit      0x20006db0     0x4  Data  Lc  heap_4.o [1]
xDelayedTaskList1       0x200069a8    0x14  Data  Lc  tasks.o [1]
xDelayedTaskList2       0x20006c90    0x14  Data  Lc  tasks.o [1]
xFreeBytesRemaining     0x20006da8     0x4  Data  Lc  heap_4.o [1]
xHeapStructSize         0x0800d764     0x4  Data  Lc  heap_4.o [1]
xMinimumEverFreeBytesRemaining
                        0x20006dac     0x4  Data  Lc  heap_4.o [1]
xNextTaskUnblockTime    0x2000007c     0x4  Data  Lc  tasks.o [1]
xNumOfOverflows         0x20006dec     0x4  Data  Lc  tasks.o [1]
xPendingReadyList       0x20006ca4    0x14  Data  Lc  tasks.o [1]
xPortStartScheduler     0x0800604f    0xcc  Code  Gb  port.o [1]
xPortSysTickHandler     0x08006187    0x2c  Code  Gb  port.o [1]
xQueueCreateCountingSemaphore
                        0x080057db    0x58  Code  Gb  queue.o [1]
xQueueCreateMutex       0x0800576b    0x70  Code  Gb  queue.o [1]
xQueueGenericCreate     0x080056e9    0x82  Code  Gb  queue.o [1]
xQueueGenericReceive    0x08005ba9   0x1cc  Code  Gb  queue.o [1]
xQueueGenericReset      0x08005659    0x90  Code  Gb  queue.o [1]
xQueueGenericSend       0x08005833   0x1b2  Code  Gb  queue.o [1]
xQueueGenericSendFromISR
                        0x080059e5    0xec  Code  Gb  queue.o [1]
xQueueGiveFromISR       0x08005ad1    0xd8  Code  Gb  queue.o [1]
xQueueReceiveFromISR    0x08005d75    0xc2  Code  Gb  queue.o [1]
xQueueRegistry          0x20006c20    0x40  Data  Gb  queue.o [1]
xSchedulerRunning       0x20006de0     0x4  Data  Lc  tasks.o [1]
xStart                  0x20006d24     0x8  Data  Lc  heap_4.o [1]
xSuspendedTaskList      0x20006ccc    0x14  Data  Lc  tasks.o [1]
xTaskCheckForTimeOut    0x08004e63    0x88  Code  Gb  tasks.o [1]
xTaskGenericCreate      0x080047ed   0x182  Code  Gb  tasks.o [1]
xTaskGenericNotify      0x08005401   0x100  Code  Gb  tasks.o [1]
xTaskGetCurrentTaskHandle
                        0x08005143     0xa  Code  Gb  tasks.o [1]
xTaskGetSchedulerState  0x0800514d    0x26  Code  Gb  tasks.o [1]
xTaskGetTickCount       0x08004b65     0xa  Code  Gb  tasks.o [1]
xTaskGetTickCountFromISR
                        0x08004b6f    0x16  Code  Gb  tasks.o [1]
xTaskIncrementTick      0x08004b85   0x134  Code  Gb  tasks.o [1]
xTaskNotifyFromISR      0x08005505   0x116  Code  Gb  tasks.o [1]
xTaskNotifyWait         0x08005311    0xe6  Code  Gb  tasks.o [1]
xTaskPriorityDisinherit
                        0x08005225    0xba  Code  Gb  tasks.o [1]
xTaskRemoveFromEventList
                        0x08004da1    0x84  Code  Gb  tasks.o [1]
xTaskResumeAll          0x08004a65   0x100  Code  Gb  tasks.o [1]
xTasksWaitingTermination
                        0x20006cb8    0x14  Data  Lc  tasks.o [1]
xTickCount              0x20006dd8     0x4  Data  Lc  tasks.o [1]
xYieldPending           0x20006de8     0x4  Data  Lc  tasks.o [1]


[1] = D:\HargicStudio\AirMonitor\AirMonitor\FatFs_uSD_RTOS\EWARM\AirMonitor\Obj
[2] = command line
[3] = dl7M_tlf.a
[4] = m7M_tlv.a
[5] = rt7M_tl.a
[6] = shb_l.a

  50 674 bytes of readonly  code memory
   4 906 bytes of readonly  data memory
  30 209 bytes of readwrite data memory

Errors: none
Warnings: none
