###############################################################################
#
# IAR ELF Linker V7.30.1.7746/W32 for ARM                 25/Jul/2016  22:18:06
# Copyright 2007-2014 IAR Systems AB.
#
#    Output file  =  
#        D:\HargicStudio\AirMonitor\AirMonitor\FatFs_uSD_RTOS\EWARM\AirMonitor\Exe\AirMonitor.out
#    Map file     =  
#        D:\HargicStudio\AirMonitor\AirMonitor\FatFs_uSD_RTOS\EWARM\AirMonitor\List\AirMonitor.map
#    Command line =  
#        D:\HargicStudio\AirMonitor\AirMonitor\FatFs_uSD_RTOS\EWARM\AirMonitor\Obj\407VE_sd.o
#        D:\HargicStudio\AirMonitor\AirMonitor\FatFs_uSD_RTOS\EWARM\AirMonitor\Obj\AaMem.o
#        D:\HargicStudio\AirMonitor\AirMonitor\FatFs_uSD_RTOS\EWARM\AirMonitor\Obj\AaShell.o
#        D:\HargicStudio\AirMonitor\AirMonitor\FatFs_uSD_RTOS\EWARM\AirMonitor\Obj\AaSysLogInterface.o
#        D:\HargicStudio\AirMonitor\AirMonitor\FatFs_uSD_RTOS\EWARM\AirMonitor\Obj\AaSysLogSystem.o
#        D:\HargicStudio\AirMonitor\AirMonitor\FatFs_uSD_RTOS\EWARM\AirMonitor\Obj\AaTag.o
#        D:\HargicStudio\AirMonitor\AirMonitor\FatFs_uSD_RTOS\EWARM\AirMonitor\Obj\AaThread.o
#        D:\HargicStudio\AirMonitor\AirMonitor\FatFs_uSD_RTOS\EWARM\AirMonitor\Obj\BipBuffer.o
#        D:\HargicStudio\AirMonitor\AirMonitor\FatFs_uSD_RTOS\EWARM\AirMonitor\Obj\CCSDaemon.o
#        D:\HargicStudio\AirMonitor\AirMonitor\FatFs_uSD_RTOS\EWARM\AirMonitor\Obj\cmsis_os.o
#        D:\HargicStudio\AirMonitor\AirMonitor\FatFs_uSD_RTOS\EWARM\AirMonitor\Obj\cp15.o
#        D:\HargicStudio\AirMonitor\AirMonitor\FatFs_uSD_RTOS\EWARM\AirMonitor\Obj\cp15_dev.o
#        D:\HargicStudio\AirMonitor\AirMonitor\FatFs_uSD_RTOS\EWARM\AirMonitor\Obj\croutine.o
#        D:\HargicStudio\AirMonitor\AirMonitor\FatFs_uSD_RTOS\EWARM\AirMonitor\Obj\diskio.o
#        D:\HargicStudio\AirMonitor\AirMonitor\FatFs_uSD_RTOS\EWARM\AirMonitor\Obj\ff.o
#        D:\HargicStudio\AirMonitor\AirMonitor\FatFs_uSD_RTOS\EWARM\AirMonitor\Obj\ff_gen_drv.o
#        D:\HargicStudio\AirMonitor\AirMonitor\FatFs_uSD_RTOS\EWARM\AirMonitor\Obj\gps.o
#        D:\HargicStudio\AirMonitor\AirMonitor\FatFs_uSD_RTOS\EWARM\AirMonitor\Obj\gps_dev.o
#        D:\HargicStudio\AirMonitor\AirMonitor\FatFs_uSD_RTOS\EWARM\AirMonitor\Obj\gsm.o
#        D:\HargicStudio\AirMonitor\AirMonitor\FatFs_uSD_RTOS\EWARM\AirMonitor\Obj\gsm_dev.o
#        D:\HargicStudio\AirMonitor\AirMonitor\FatFs_uSD_RTOS\EWARM\AirMonitor\Obj\heap_4.o
#        D:\HargicStudio\AirMonitor\AirMonitor\FatFs_uSD_RTOS\EWARM\AirMonitor\Obj\led.o
#        D:\HargicStudio\AirMonitor\AirMonitor\FatFs_uSD_RTOS\EWARM\AirMonitor\Obj\led_dev.o
#        D:\HargicStudio\AirMonitor\AirMonitor\FatFs_uSD_RTOS\EWARM\AirMonitor\Obj\list.o
#        D:\HargicStudio\AirMonitor\AirMonitor\FatFs_uSD_RTOS\EWARM\AirMonitor\Obj\main.o
#        D:\HargicStudio\AirMonitor\AirMonitor\FatFs_uSD_RTOS\EWARM\AirMonitor\Obj\osa_file.o
#        D:\HargicStudio\AirMonitor\AirMonitor\FatFs_uSD_RTOS\EWARM\AirMonitor\Obj\port.o
#        D:\HargicStudio\AirMonitor\AirMonitor\FatFs_uSD_RTOS\EWARM\AirMonitor\Obj\portasm.o
#        D:\HargicStudio\AirMonitor\AirMonitor\FatFs_uSD_RTOS\EWARM\AirMonitor\Obj\print_com.o
#        D:\HargicStudio\AirMonitor\AirMonitor\FatFs_uSD_RTOS\EWARM\AirMonitor\Obj\queue.o
#        D:\HargicStudio\AirMonitor\AirMonitor\FatFs_uSD_RTOS\EWARM\AirMonitor\Obj\RingBufferUtils.o
#        D:\HargicStudio\AirMonitor\AirMonitor\FatFs_uSD_RTOS\EWARM\AirMonitor\Obj\sd_diskio.o
#        D:\HargicStudio\AirMonitor\AirMonitor\FatFs_uSD_RTOS\EWARM\AirMonitor\Obj\startup_stm32f407xx.o
#        D:\HargicStudio\AirMonitor\AirMonitor\FatFs_uSD_RTOS\EWARM\AirMonitor\Obj\stm32f4xx_hal.o
#        D:\HargicStudio\AirMonitor\AirMonitor\FatFs_uSD_RTOS\EWARM\AirMonitor\Obj\stm32f4xx_hal_cortex.o
#        D:\HargicStudio\AirMonitor\AirMonitor\FatFs_uSD_RTOS\EWARM\AirMonitor\Obj\stm32f4xx_hal_crc.o
#        D:\HargicStudio\AirMonitor\AirMonitor\FatFs_uSD_RTOS\EWARM\AirMonitor\Obj\stm32f4xx_hal_dma.o
#        D:\HargicStudio\AirMonitor\AirMonitor\FatFs_uSD_RTOS\EWARM\AirMonitor\Obj\stm32f4xx_hal_flash.o
#        D:\HargicStudio\AirMonitor\AirMonitor\FatFs_uSD_RTOS\EWARM\AirMonitor\Obj\stm32f4xx_hal_flash_ex.o
#        D:\HargicStudio\AirMonitor\AirMonitor\FatFs_uSD_RTOS\EWARM\AirMonitor\Obj\stm32f4xx_hal_gpio.o
#        D:\HargicStudio\AirMonitor\AirMonitor\FatFs_uSD_RTOS\EWARM\AirMonitor\Obj\stm32f4xx_hal_msp.o
#        D:\HargicStudio\AirMonitor\AirMonitor\FatFs_uSD_RTOS\EWARM\AirMonitor\Obj\stm32f4xx_hal_pwr.o
#        D:\HargicStudio\AirMonitor\AirMonitor\FatFs_uSD_RTOS\EWARM\AirMonitor\Obj\stm32f4xx_hal_rcc.o
#        D:\HargicStudio\AirMonitor\AirMonitor\FatFs_uSD_RTOS\EWARM\AirMonitor\Obj\stm32f4xx_hal_sd.o
#        D:\HargicStudio\AirMonitor\AirMonitor\FatFs_uSD_RTOS\EWARM\AirMonitor\Obj\stm32f4xx_hal_uart.o
#        D:\HargicStudio\AirMonitor\AirMonitor\FatFs_uSD_RTOS\EWARM\AirMonitor\Obj\stm32f4xx_hal_wwdg.o
#        D:\HargicStudio\AirMonitor\AirMonitor\FatFs_uSD_RTOS\EWARM\AirMonitor\Obj\stm32f4xx_it.o
#        D:\HargicStudio\AirMonitor\AirMonitor\FatFs_uSD_RTOS\EWARM\AirMonitor\Obj\stm32f4xx_ll_sdmmc.o
#        D:\HargicStudio\AirMonitor\AirMonitor\FatFs_uSD_RTOS\EWARM\AirMonitor\Obj\syscall.o
#        D:\HargicStudio\AirMonitor\AirMonitor\FatFs_uSD_RTOS\EWARM\AirMonitor\Obj\system_stm32f4xx.o
#        D:\HargicStudio\AirMonitor\AirMonitor\FatFs_uSD_RTOS\EWARM\AirMonitor\Obj\tasks.o
#        D:\HargicStudio\AirMonitor\AirMonitor\FatFs_uSD_RTOS\EWARM\AirMonitor\Obj\timers.o
#        D:\HargicStudio\AirMonitor\AirMonitor\FatFs_uSD_RTOS\EWARM\AirMonitor\Obj\unicode.o
#        --redirect _Printf=_PrintfSmall --redirect _Scanf=_ScanfSmall -o
#        D:\HargicStudio\AirMonitor\AirMonitor\FatFs_uSD_RTOS\EWARM\AirMonitor\Exe\AirMonitor.out
#        --map
#        D:\HargicStudio\AirMonitor\AirMonitor\FatFs_uSD_RTOS\EWARM\AirMonitor\List\AirMonitor.map
#        --config
#        D:\HargicStudio\AirMonitor\AirMonitor\FatFs_uSD_RTOS\EWARM\stm32f407xx_flash.icf
#        --semihosting --entry __iar_program_start --vfe
#
###############################################################################

*******************************************************************************
*** RUNTIME MODEL ATTRIBUTES
***

CppFlavor                     = *
__Heap_Handler                = DLMalloc
__SystemLibrary               = DLib
__dlib_dynamic_initialization = normal


*******************************************************************************
*** PLACEMENT SUMMARY
***

"A1":  place at 0x08000000 { ro section .intvec };
"P1":  place in [from 0x08000000 to 0x080fffff] { ro };
"P2":  place in [from 0x20000000 to 0x2001ffff] { rw, block CSTACK, block HEAP };

  Section             Kind        Address    Size  Object
  -------             ----        -------    ----  ------
"A1":                                       0x188
  .intvec             ro code  0x08000000   0x188  startup_stm32f407xx.o [1]
                             - 0x08000188   0x188

"P1":                                      0xe4e8
  .text               ro code  0x08000188  0x2c5c  ff.o [1]
  .text               ro code  0x08002de4    0x7a  syscall.o [1]
  .text               ro code  0x08002e5e    0x2e  copy_init3.o [5]
  .text               ro code  0x08002e8c    0xfc  diskio.o [1]
  .text               ro code  0x08002f88    0x90  unicode.o [1]
  .text               ro code  0x08003018   0x4cc  cmsis_os.o [1]
  .text               ro code  0x080034e4  0x1500  dlmalloc.o [3]
  .text               ro code  0x080049e4   0xe6c  tasks.o [1]
  .text               ro code  0x08005850   0x9a8  queue.o [1]
  .text               ro code  0x080061f8   0x258  port.o [1]
  .text               ro code  0x08006450     0x6  abort.o [3]
  .text               ro code  0x08006456    0x22  zero_init3.o [5]
  .text               ro code  0x08006478    0x2c  xgetmemchunk.o [3]
  .text               ro code  0x080064a4    0x9e  list.o [1]
  .text               ro code  0x08006542     0xa  xsprout.o [3]
  .text               ro code  0x0800654c   0x280  heap_4.o [1]
  .text               ro code  0x080067cc    0x66  ABImemset.o [5]
  .text               ro code  0x08006834    0x76  ABImemcpy_unaligned.o [5]
  CODE                ro code  0x080068ac    0xa8  portasm.o [1]
  .text               ro code  0x08006954    0x14  exit.o [6]
  .text               ro code  0x08006968  0x152c  stm32f4xx_hal_sd.o [1]
  .text               ro code  0x08007e94    0xd0  stm32f4xx_ll_sdmmc.o [1]
  .text               ro code  0x08007f64    0x94  stm32f4xx_hal.o [1]
  .text               ro code  0x08007ff8   0x13c  stm32f4xx_hal_cortex.o [1]
  .text               ro code  0x08008134   0x614  stm32f4xx_hal_rcc.o [1]
  .text               ro code  0x08008748   0x9c0  stm32f4xx_hal_uart.o [1]
  .text               ro code  0x08009108   0x120  stm32f4xx_hal_msp.o [1]
  .text               ro code  0x08009228   0x3a0  stm32f4xx_hal_dma.o [1]
  .text               ro code  0x080095c8   0x1e8  print_com.o [1]
  .text               ro code  0x080097b0   0x11c  gps_dev.o [1]
  .text               ro code  0x080098cc   0x118  gsm_dev.o [1]
  .text               ro code  0x080099e4   0x18c  cp15_dev.o [1]
  .text               ro code  0x08009b70   0x260  stm32f4xx_hal_gpio.o [1]
  .text               ro code  0x08009dd0   0x320  AaSysLogSystem.o [1]
  .text               ro code  0x0800a0f0   0x230  AaShell.o [1]
  .text               ro code  0x0800a320   0x220  gps.o [1]
  .text               ro code  0x0800a540   0x220  gsm.o [1]
  .text               ro code  0x0800a760     0x6  ABImemclr4.o [5]
  .text               ro code  0x0800a768   0x1c8  cp15.o [1]
  .text               ro code  0x0800a930   0x2e8  AaSysLogInterface.o [1]
  .text               ro code  0x0800ac18   0x18a  BipBuffer.o [1]
  .text               ro code  0x0800ada4   0x480  AaMem.o [1]
  .text               ro code  0x0800b224   0x13a  AaThread.o [1]
  .text               ro code  0x0800b35e   0x132  RingBufferUtils.o [1]
  .text               ro code  0x0800b490    0x2a  strncmp.o [3]
  .text               ro code  0x0800b4bc    0x32  ABImemset48.o [5]
  .text               ro code  0x0800b4f0    0x36  strlen.o [5]
  .text               ro code  0x0800b528    0x34  sprintf.o [3]
  .text               ro code  0x0800b55c    0x2c  vsprintf.o [3]
  .text               ro code  0x0800b588    0x44  strcpy_unaligned.o [5]
  .text               ro code  0x0800b5cc   0x7a4  xprintfsmall.o [3]
  .text               ro code  0x0800bd70    0x20  xmbtowc.o [3]
  .text               ro code  0x0800bd90    0x16  strchr.o [5]
  .text               ro code  0x0800bda8    0x58  memchr.o [5]
  .text               ro code  0x0800be00     0xa  xmbcurmax.o [3]
  .text               ro code  0x0800be0a    0x1a  xwctomb.o [3]
  .text               ro code  0x0800be24    0x14  setlocale.o [3]
  .text               ro code  0x0800be38    0x60  xencoding_sb.o [3]
  .text               ro code  0x0800be98     0x2  xtls.o [3]
  .text               ro code  0x0800be9c   0x364  407VE_sd.o [1]
  .text               ro code  0x0800c200   0x2d4  osa_file.o [1]
  .text               ro code  0x0800c4d4    0xcc  ff_gen_drv.o [1]
  .text               ro code  0x0800c5a0    0x24  printf.o [3]
  .text               ro code  0x0800c5c4   0x26c  AaTag.o [1]
  .text               ro code  0x0800c830    0x42  strcmp_unaligned.o [5]
  .rodata             const    0x0800c874   0x1e0  unicode.o [1]
  .rodata             const    0x0800ca54   0x1e0  unicode.o [1]
  .text               ro code  0x0800cc34   0x1bc  main.o [1]
  .text               ro code  0x0800cdf0   0x124  CCSDaemon.o [1]
  .text               ro code  0x0800cf14    0x78  led.o [1]
  .text               ro code  0x0800cf8c    0x6c  led_dev.o [1]
  .text               ro code  0x0800cff8   0x124  sd_diskio.o [1]
  .rodata             const    0x0800d11c   0x100  unicode.o [1]
  .rodata             const    0x0800d21c    0x80  ff.o [1]
  .text               ro code  0x0800d29c    0x74  stm32f4xx_it.o [1]
  .text               ro code  0x0800d310    0x6c  system_stm32f4xx.o [1]
  .rodata             const    0x0800d37c    0x38  AaShell.o [1]
  .rodata             const    0x0800d3b4    0x30  AaShell.o [1]
  .rodata             const    0x0800d3e4    0x30  AaShell.o [1]
  .rodata             const    0x0800d414    0x30  AaSysLogSystem.o [1]
  .rodata             const    0x0800d444    0x30  gps.o [1]
  .rodata             const    0x0800d474    0x30  gsm.o [1]
  .rodata             const    0x0800d4a4    0x2c  AaShell.o [1]
  .rodata             const    0x0800d4d0    0x2c  AaSysLogSystem.o [1]
  .rodata             const    0x0800d4fc    0x2c  AaSysLogSystem.o [1]
  .rodata             const    0x0800d528    0x2c  cp15.o [1]
  .rodata             const    0x0800d554    0x2c  cp15.o [1]
  .rodata             const    0x0800d580    0x2c  gps.o [1]
  .rodata             const    0x0800d5ac    0x2c  gps.o [1]
  .rodata             const    0x0800d5d8    0x2c  gsm.o [1]
  .rodata             const    0x0800d604    0x2c  gsm.o [1]
  .rodata             const    0x0800d630    0x28  AaSysLogSystem.o [1]
  .rodata             const    0x0800d658    0x28  AaSysLogSystem.o [1]
  .rodata             const    0x0800d680    0x28  AaSysLogSystem.o [1]
  .rodata             const    0x0800d6a8    0x28  AaTag.o [1]
  .rodata             const    0x0800d6d0    0x28  AaTag.o [1]
  .rodata             const    0x0800d6f8    0x28  AaTag.o [1]
  .rodata             const    0x0800d720    0x28  AaThread.o [1]
  .rodata             const    0x0800d748    0x28  gps.o [1]
  .rodata             const    0x0800d770    0x28  gsm.o [1]
  .rodata             const    0x0800d798    0x28  main.o [1]
  .rodata             const    0x0800d7c0    0x28  main.o [1]
  .text               ro code  0x0800d7e8    0x28  data_init.o [5]
  .rodata             const    0x0800d810    0x24  AaShell.o [1]
  .rodata             const    0x0800d834    0x24  AaShell.o [1]
  .rodata             const    0x0800d858    0x24  AaSysLogInterface.o [1]
  .rodata             const    0x0800d87c    0x24  CCSDaemon.o [1]
  .rodata             const    0x0800d8a0    0x24  cp15.o [1]
  .rodata             const    0x0800d8c4    0x24  cp15.o [1]
  .rodata             const    0x0800d8e8    0x24  cp15.o [1]
  .rodata             const    0x0800d90c    0x24  cp15.o [1]
  .rodata             const    0x0800d930    0x24  gps.o [1]
  .rodata             const    0x0800d954    0x24  gsm.o [1]
  .rodata             const    0x0800d978    0x24  osa_file.o [1]
  .text               ro code  0x0800d99c    0x22  fpinit_M.o [4]
  .iar.init_table     const    0x0800d9c0    0x24  - Linker created -
  .rodata             const    0x0800d9e4    0x20  AaMem.o [1]
  .rodata             const    0x0800da04    0x20  AaMem.o [1]
  .rodata             const    0x0800da24    0x20  AaSysLogSystem.o [1]
  .rodata             const    0x0800da44    0x20  AaSysLogSystem.o [1]
  .rodata             const    0x0800da64    0x20  AaSysLogSystem.o [1]
  .rodata             const    0x0800da84    0x20  AaSysLogSystem.o [1]
  .rodata             const    0x0800daa4    0x20  AaSysLogSystem.o [1]
  .rodata             const    0x0800dac4    0x20  AaSysLogSystem.o [1]
  .rodata             const    0x0800dae4    0x20  AaSysLogSystem.o [1]
  .rodata             const    0x0800db04    0x20  AaThread.o [1]
  .rodata             const    0x0800db24    0x20  cp15.o [1]
  .rodata             const    0x0800db44    0x20  gps.o [1]
  .rodata             const    0x0800db64    0x20  gps.o [1]
  .rodata             const    0x0800db84    0x20  gps.o [1]
  .rodata             const    0x0800dba4    0x20  gsm.o [1]
  .rodata             const    0x0800dbc4    0x20  gsm.o [1]
  .rodata             const    0x0800dbe4    0x20  gsm.o [1]
  .rodata             const    0x0800dc04    0x20  led.o [1]
  .rodata             const    0x0800dc24    0x1c  AaShell.o [1]
  .rodata             const    0x0800dc40    0x1c  AaShell.o [1]
  .rodata             const    0x0800dc5c    0x1c  AaSysLogSystem.o [1]
  .rodata             const    0x0800dc78    0x1c  AaTag.o [1]
  .rodata             const    0x0800dc94    0x1c  AaTag.o [1]
  .rodata             const    0x0800dcb0    0x1c  AaTag.o [1]
  .rodata             const    0x0800dccc    0x1c  AaTag.o [1]
  .rodata             const    0x0800dce8    0x1c  AaTag.o [1]
  .rodata             const    0x0800dd04    0x1c  CCSDaemon.o [1]
  .rodata             const    0x0800dd20    0x1c  CCSDaemon.o [1]
  .rodata             const    0x0800dd3c    0x1c  cp15.o [1]
  .rodata             const    0x0800dd58    0x1c  gps.o [1]
  .rodata             const    0x0800dd74    0x1c  gsm.o [1]
  .rodata             const    0x0800dd90    0x1c  main.o [1]
  .rodata             const    0x0800ddac    0x1c  osa_file.o [1]
  .rodata             const    0x0800ddc8    0x1c  osa_file.o [1]
  .text               ro code  0x0800dde4    0x1a  cmain.o [5]
  .text               ro code  0x0800ddfe     0x4  low_level_init.o [3]
  .text               ro code  0x0800de02     0x4  exit.o [3]
  .text               ro code  0x0800de08     0xa  cexit.o [5]
  .rodata             const    0x0800de14    0x18  AaShell.o [1]
  .rodata             const    0x0800de2c    0x18  AaSysLogSystem.o [1]
  .rodata             const    0x0800de44    0x18  AaSysLogSystem.o [1]
  .rodata             const    0x0800de5c    0x18  AaTag.o [1]
  .rodata             const    0x0800de74    0x18  CCSDaemon.o [1]
  .rodata             const    0x0800de8c    0x18  CCSDaemon.o [1]
  .rodata             const    0x0800dea4    0x18  gps.o [1]
  .rodata             const    0x0800debc    0x18  gsm.o [1]
  .rodata             const    0x0800ded4    0x18  led.o [1]
  .text               ro code  0x0800deec    0x16  xprout.o [3]
  .text               ro code  0x0800df04     0xc  putchar.o [3]
  .rodata             const    0x0800df10    0x14  AaMem.o [1]
  .rodata             const    0x0800df24    0x14  AaMem.o [1]
  .rodata             const    0x0800df38    0x14  AaShell.o [1]
  .rodata             const    0x0800df4c    0x14  AaShell.o [1]
  .rodata             const    0x0800df60    0x14  AaSysLogInterface.o [1]
  .rodata             const    0x0800df74    0x14  AaSysLogSystem.o [1]
  .rodata             const    0x0800df88    0x14  AaTag.o [1]
  .rodata             const    0x0800df9c    0x14  AaTag.o [1]
  .rodata             const    0x0800dfb0    0x14  AaTag.o [1]
  .rodata             const    0x0800dfc4    0x14  AaTag.o [1]
  .rodata             const    0x0800dfd8    0x14  CCSDaemon.o [1]
  .rodata             const    0x0800dfec    0x14  cp15.o [1]
  .rodata             const    0x0800e000    0x14  cp15.o [1]
  .rodata             const    0x0800e014    0x14  cp15.o [1]
  .rodata             const    0x0800e028    0x14  cp15.o [1]
  .rodata             const    0x0800e03c    0x14  gps.o [1]
  .rodata             const    0x0800e050    0x14  gps.o [1]
  .rodata             const    0x0800e064    0x14  gps.o [1]
  .rodata             const    0x0800e078    0x14  gps.o [1]
  .rodata             const    0x0800e08c    0x14  gsm.o [1]
  .rodata             const    0x0800e0a0    0x14  gsm.o [1]
  .rodata             const    0x0800e0b4    0x14  gsm.o [1]
  .rodata             const    0x0800e0c8    0x14  gsm.o [1]
  .rodata             const    0x0800e0dc    0x14  led.o [1]
  .rodata             const    0x0800e0f0    0x14  main.o [1]
  .rodata             const    0x0800e104    0x14  main.o [1]
  .rodata             const    0x0800e118    0x14  osa_file.o [1]
  .rodata             const    0x0800e12c    0x14  osa_file.o [1]
  .rodata             const    0x0800e140    0x14  sd_diskio.o [1]
  .rodata             const    0x0800e154    0x10  AaShell.o [1]
  .rodata             const    0x0800e164    0x10  AaShell.o [1]
  .rodata             const    0x0800e174    0x10  AaSysLogSystem.o [1]
  .rodata             const    0x0800e184    0x10  AaSysLogSystem.o [1]
  .rodata             const    0x0800e194    0x10  AaThread.o [1]
  .rodata             const    0x0800e1a4    0x10  CCSDaemon.o [1]
  .rodata             const    0x0800e1b4    0x10  cp15.o [1]
  .rodata             const    0x0800e1c4    0x10  cp15.o [1]
  .rodata             const    0x0800e1d4    0x10  ff.o [1]
  .rodata             const    0x0800e1e4    0x10  gps.o [1]
  .rodata             const    0x0800e1f4    0x10  gps.o [1]
  .rodata             const    0x0800e204    0x10  gsm.o [1]
  .rodata             const    0x0800e214    0x10  gsm.o [1]
  .rodata             const    0x0800e224    0x10  led.o [1]
  .rodata             const    0x0800e234    0x10  main.o [1]
  .rodata             const    0x0800e244    0x10  osa_file.o [1]
  .rodata             const    0x0800e254    0x10  osa_file.o [1]
  .rodata             const    0x0800e264    0x10  osa_file.o [1]
  .rodata             const    0x0800e274    0x10  osa_file.o [1]
  .rodata             const    0x0800e284    0x10  osa_file.o [1]
  .rodata             const    0x0800e294    0x10  osa_file.o [1]
  .rodata             const    0x0800e2a4    0x10  stm32f4xx_hal_rcc.o [1]
  .text               ro code  0x0800e2b4    0x10  startup_stm32f407xx.o [1]
  .rodata             const    0x0800e2c4     0xc  AaShell.o [1]
  .rodata             const    0x0800e2d0     0xc  AaTag.o [1]
  .rodata             const    0x0800e2dc     0xc  AaTag.o [1]
  .rodata             const    0x0800e2e8     0xc  CCSDaemon.o [1]
  .rodata             const    0x0800e2f4     0xc  CCSDaemon.o [1]
  .rodata             const    0x0800e300     0xc  cp15.o [1]
  .rodata             const    0x0800e30c     0xc  cp15.o [1]
  .rodata             const    0x0800e318     0xc  cp15.o [1]
  .rodata             const    0x0800e324     0xc  ff.o [1]
  .rodata             const    0x0800e330     0xc  gps.o [1]
  .rodata             const    0x0800e33c     0xc  gps.o [1]
  .rodata             const    0x0800e348     0xc  gsm.o [1]
  .rodata             const    0x0800e354     0xc  gsm.o [1]
  .rodata             const    0x0800e360     0xc  main.o [1]
  .rodata             const    0x0800e36c     0xc  main.o [1]
  .text               ro code  0x0800e378     0xc  cstartup_M.o [5]
  .rodata             const    0x0800e384     0x8  AaMem.o [1]
  .rodata             const    0x0800e38c     0x8  AaShell.o [1]
  .rodata             const    0x0800e394     0x8  AaShell.o [1]
  .rodata             const    0x0800e39c     0x8  AaShell.o [1]
  .rodata             const    0x0800e3a4     0x8  AaSysLogInterface.o [1]
  .rodata             const    0x0800e3ac     0x8  AaSysLogInterface.o [1]
  .rodata             const    0x0800e3b4     0x8  AaSysLogSystem.o [1]
  .rodata             const    0x0800e3bc     0x8  AaTag.o [1]
  .rodata             const    0x0800e3c4     0x8  AaTag.o [1]
  .rodata             const    0x0800e3cc     0x8  AaThread.o [1]
  .rodata             const    0x0800e3d4     0x8  CCSDaemon.o [1]
  .rodata             const    0x0800e3dc     0x8  CCSDaemon.o [1]
  .rodata             const    0x0800e3e4     0x8  cp15.o [1]
  .rodata             const    0x0800e3ec     0x8  cp15.o [1]
  .rodata             const    0x0800e3f4     0x8  ff.o [1]
  .rodata             const    0x0800e3fc     0x8  gps.o [1]
  .rodata             const    0x0800e404     0x8  gps.o [1]
  .rodata             const    0x0800e40c     0x8  gsm.o [1]
  .rodata             const    0x0800e414     0x8  gsm.o [1]
  .rodata             const    0x0800e41c     0x8  led.o [1]
  .rodata             const    0x0800e424     0x8  led.o [1]
  .rodata             const    0x0800e42c     0x8  main.o [1]
  .rodata             const    0x0800e434     0x8  stm32f4xx_hal_dma.o [1]
  .rodata             const    0x0800e43c     0x8  tasks.o [1]
  .rodata             const    0x0800e444     0x4  AaMem.o [1]
  .rodata             const    0x0800e448     0x4  AaShell.o [1]
  .rodata             const    0x0800e44c     0x4  AaSysLogSystem.o [1]
  .rodata             const    0x0800e450     0x4  AaSysLogSystem.o [1]
  .rodata             const    0x0800e454     0x4  AaTag.o [1]
  .rodata             const    0x0800e458     0x4  AaThread.o [1]
  .rodata             const    0x0800e45c     0x4  cp15.o [1]
  .rodata             const    0x0800e460     0x4  cp15.o [1]
  .rodata             const    0x0800e464     0x4  gps.o [1]
  .rodata             const    0x0800e468     0x4  gps.o [1]
  .rodata             const    0x0800e46c     0x4  gps.o [1]
  .rodata             const    0x0800e470     0x4  gsm.o [1]
  .rodata             const    0x0800e474     0x4  gsm.o [1]
  .rodata             const    0x0800e478     0x4  gsm.o [1]
  .rodata             const    0x0800e47c     0x4  heap_4.o [1]
  .rodata             const    0x0800e480     0x4  port.o [1]
  .rodata             const    0x0800e484     0x4  syscall.o [1]
  .text               ro code  0x0800e488     0x4  startup_stm32f407xx.o [1]
  .text               ro code  0x0800e48c     0x4  startup_stm32f407xx.o [1]
  .text               ro code  0x0800e490     0x4  startup_stm32f407xx.o [1]
  .text               ro code  0x0800e494     0x4  startup_stm32f407xx.o [1]
  .text               ro code  0x0800e498     0x4  startup_stm32f407xx.o [1]
  .text               ro code  0x0800e49c     0x4  startup_stm32f407xx.o [1]
  .text               ro code  0x0800e4a0     0x4  startup_stm32f407xx.o [1]
  .text               ro code  0x0800e4a4     0x4  startup_stm32f407xx.o [1]
  .text               ro code  0x0800e4a8     0x4  startup_stm32f407xx.o [1]
  .text               ro code  0x0800e4ac     0x4  startup_stm32f407xx.o [1]
  .text               ro code  0x0800e4b0     0x4  startup_stm32f407xx.o [1]
  .text               ro code  0x0800e4b4     0x4  startup_stm32f407xx.o [1]
  .text               ro code  0x0800e4b8     0x4  startup_stm32f407xx.o [1]
  .text               ro code  0x0800e4bc     0x4  startup_stm32f407xx.o [1]
  .text               ro code  0x0800e4c0     0x4  startup_stm32f407xx.o [1]
  .text               ro code  0x0800e4c4     0x4  startup_stm32f407xx.o [1]
  .text               ro code  0x0800e4c8     0x4  startup_stm32f407xx.o [1]
  .text               ro code  0x0800e4cc     0x4  startup_stm32f407xx.o [1]
  .text               ro code  0x0800e4d0     0x4  startup_stm32f407xx.o [1]
  .text               ro code  0x0800e4d4     0x4  startup_stm32f407xx.o [1]
  .text               ro code  0x0800e4d8     0x4  startup_stm32f407xx.o [1]
  .text               ro code  0x0800e4dc     0x4  startup_stm32f407xx.o [1]
  .text               ro code  0x0800e4e0     0x4  startup_stm32f407xx.o [1]
  .text               ro code  0x0800e4e4     0x4  startup_stm32f407xx.o [1]
  .text               ro code  0x0800e4e8     0x4  startup_stm32f407xx.o [1]
  .text               ro code  0x0800e4ec     0x4  startup_stm32f407xx.o [1]
  .text               ro code  0x0800e4f0     0x4  startup_stm32f407xx.o [1]
  .text               ro code  0x0800e4f4     0x4  startup_stm32f407xx.o [1]
  .text               ro code  0x0800e4f8     0x4  startup_stm32f407xx.o [1]
  .text               ro code  0x0800e4fc     0x4  startup_stm32f407xx.o [1]
  .text               ro code  0x0800e500     0x4  startup_stm32f407xx.o [1]
  .text               ro code  0x0800e504     0x4  startup_stm32f407xx.o [1]
  .text               ro code  0x0800e508     0x4  startup_stm32f407xx.o [1]
  .text               ro code  0x0800e50c     0x4  startup_stm32f407xx.o [1]
  .text               ro code  0x0800e510     0x4  startup_stm32f407xx.o [1]
  .text               ro code  0x0800e514     0x4  startup_stm32f407xx.o [1]
  .text               ro code  0x0800e518     0x4  startup_stm32f407xx.o [1]
  .text               ro code  0x0800e51c     0x4  startup_stm32f407xx.o [1]
  .text               ro code  0x0800e520     0x4  startup_stm32f407xx.o [1]
  .text               ro code  0x0800e524     0x4  startup_stm32f407xx.o [1]
  .text               ro code  0x0800e528     0x4  startup_stm32f407xx.o [1]
  .text               ro code  0x0800e52c     0x4  startup_stm32f407xx.o [1]
  .text               ro code  0x0800e530     0x4  startup_stm32f407xx.o [1]
  .text               ro code  0x0800e534     0x4  startup_stm32f407xx.o [1]
  .text               ro code  0x0800e538     0x4  startup_stm32f407xx.o [1]
  .text               ro code  0x0800e53c     0x4  startup_stm32f407xx.o [1]
  .text               ro code  0x0800e540     0x4  startup_stm32f407xx.o [1]
  .text               ro code  0x0800e544     0x4  startup_stm32f407xx.o [1]
  .text               ro code  0x0800e548     0x4  startup_stm32f407xx.o [1]
  .text               ro code  0x0800e54c     0x4  startup_stm32f407xx.o [1]
  .text               ro code  0x0800e550     0x4  startup_stm32f407xx.o [1]
  .text               ro code  0x0800e554     0x4  startup_stm32f407xx.o [1]
  .text               ro code  0x0800e558     0x4  startup_stm32f407xx.o [1]
  .text               ro code  0x0800e55c     0x4  startup_stm32f407xx.o [1]
  .text               ro code  0x0800e560     0x4  startup_stm32f407xx.o [1]
  .text               ro code  0x0800e564     0x4  startup_stm32f407xx.o [1]
  .text               ro code  0x0800e568     0x4  startup_stm32f407xx.o [1]
  .text               ro code  0x0800e56c     0x4  startup_stm32f407xx.o [1]
  .text               ro code  0x0800e570     0x4  startup_stm32f407xx.o [1]
  .text               ro code  0x0800e574     0x4  startup_stm32f407xx.o [1]
  .text               ro code  0x0800e578     0x4  startup_stm32f407xx.o [1]
  .text               ro code  0x0800e57c     0x4  startup_stm32f407xx.o [1]
  .text               ro code  0x0800e580     0x4  startup_stm32f407xx.o [1]
  .text               ro code  0x0800e584     0x4  startup_stm32f407xx.o [1]
  .text               ro code  0x0800e588     0x4  startup_stm32f407xx.o [1]
  .text               ro code  0x0800e58c     0x4  startup_stm32f407xx.o [1]
  .text               ro code  0x0800e590     0x4  startup_stm32f407xx.o [1]
  .text               ro code  0x0800e594     0x4  startup_stm32f407xx.o [1]
  .text               ro code  0x0800e598     0x4  startup_stm32f407xx.o [1]
  .text               ro code  0x0800e59c     0x4  startup_stm32f407xx.o [1]
  .text               ro code  0x0800e5a0     0x4  startup_stm32f407xx.o [1]
  .text               ro code  0x0800e5a4     0x4  startup_stm32f407xx.o [1]
  .text               ro code  0x0800e5a8     0x4  startup_stm32f407xx.o [1]
  .rodata             const    0x0800e5ac     0x0  zero_init3.o [5]
  .rodata             const    0x0800e5ac     0x0  copy_init3.o [5]
  Initializer bytes   ro data  0x0800e5ac    0xc4  <for P2 s0>
                             - 0x0800e670  0xe4e8

"P2":                                      0x76f0
  P2 s0                        0x20000000    0xc4  <Init block>
    __DLIB_PERTHREAD  inited   0x20000000    0x74  setlocale.o [3]
    .data             inited   0x20000074    0x40  xfiles.o [3]
    .data             inited   0x200000b4     0x4  port.o [1]
    .data             inited   0x200000b8     0x4  system_stm32f4xx.o [1]
    .data             inited   0x200000bc     0x4  tasks.o [1]
    .data             inited   0x200000c0     0x1  sd_diskio.o [1]
  .bss                zero     0x200000c4  0x4000  heap_4.o [1]
  .bss                zero     0x200040c4  0x2000  CCSDaemon.o [1]
  .bss                zero     0x200060c4   0x234  osa_file.o [1]
  .bss                zero     0x200062f8   0x234  osa_file.o [1]
  .bss                zero     0x2000652c   0x1d8  dlmalloc.o [3]
  .bss                zero     0x20006704   0x100  gps.o [1]
  .bss                zero     0x20006804   0x100  gsm.o [1]
  .bss                zero     0x20006904    0x8c  tasks.o [1]
  .bss                zero     0x20006990    0x60  407VE_sd.o [1]
  .bss                zero     0x200069f0    0x14  tasks.o [1]
  .bss                zero     0x20006a08    0x58  407VE_sd.o [1]
  .bss                zero     0x20006a60    0x58  407VE_sd.o [1]
  .bss                zero     0x20006ab8    0x58  407VE_sd.o [1]
  .bss                zero     0x20006b10    0x58  print_com.o [1]
  .bss                zero     0x20006b68    0x50  xfiles.o [3]
  .bss                zero     0x20006bb8    0x40  AaShell.o [1]
  .bss                zero     0x20006bf8    0x40  cp15_dev.o [1]
  .bss                zero     0x20006c38    0x40  gps_dev.o [1]
  .bss                zero     0x20006c78    0x40  gsm_dev.o [1]
  .bss                zero     0x20006cb8    0x40  print_com.o [1]
  .bss                zero     0x20006cf8    0x40  queue.o [1]
  .bss                zero     0x20006d38    0x18  ff.o [1]
  .bss                zero     0x20006d50    0x18  dlmalloc.o [3]
  .bss                zero     0x20006d68    0x14  tasks.o [1]
  .bss                zero     0x20006d7c    0x14  tasks.o [1]
  .bss                zero     0x20006d90    0x14  tasks.o [1]
  .bss                zero     0x20006da4    0x14  tasks.o [1]
  .bss                zero     0x20006db8    0x10  AaShell.o [1]
  .bss                zero     0x20006dc8    0x10  gps.o [1]
  .bss                zero     0x20006dd8    0x10  gsm.o [1]
  .bss                zero     0x20006de8     0xc  ff_gen_drv.o [1]
  .bss                zero     0x20006df4     0x8  AaSysLogSystem.o [1]
  .bss                zero     0x20006dfc     0x8  heap_4.o [1]
  .bss                zero     0x20006e04     0x4  AaMem.o [1]
  .bss                zero     0x20006e08     0x4  AaMem.o [1]
  .bss                zero     0x20006e0c     0x4  AaMem.o [1]
  .bss                zero     0x20006e10     0x4  AaMem.o [1]
  .bss                zero     0x20006e14     0x4  AaMem.o [1]
  .bss                zero     0x20006e18     0x4  AaMem.o [1]
  .bss                zero     0x20006e1c     0x4  AaMem.o [1]
  .bss                zero     0x20006e20     0x4  AaShell.o [1]
  .bss                zero     0x20006e24     0x4  AaShell.o [1]
  .bss                zero     0x20006e28     0x4  AaSysLogSystem.o [1]
  .bss                zero     0x20006e2c     0x4  AaSysLogSystem.o [1]
  .bss                zero     0x20006e30     0x4  AaSysLogSystem.o [1]
  .bss                zero     0x20006e34     0x4  AaSysLogSystem.o [1]
  .bss                zero     0x20006e38     0x4  AaSysLogSystem.o [1]
  .bss                zero     0x20006e3c     0x4  AaTag.o [1]
  .bss                zero     0x20006e40     0x4  AaTag.o [1]
  .bss                zero     0x20006e44     0x4  AaTag.o [1]
  .bss                zero     0x20006e48     0x4  AaTag.o [1]
  .bss                zero     0x20006e4c     0x4  AaThread.o [1]
  .bss                zero     0x20006e50     0x4  AaThread.o [1]
  .bss                zero     0x20006e54     0x4  CCSDaemon.o [1]
  .bss                zero     0x20006e58     0x4  cp15.o [1]
  .bss                zero     0x20006e5c     0x4  cp15.o [1]
  .bss                zero     0x20006e60     0x4  cp15.o [1]
  .bss                zero     0x20006e64     0x4  cp15.o [1]
  .bss                zero     0x20006e68     0x4  ff.o [1]
  .bss                zero     0x20006e6c     0x4  gps.o [1]
  .bss                zero     0x20006e70     0x4  gps.o [1]
  .bss                zero     0x20006e74     0x4  gps.o [1]
  .bss                zero     0x20006e78     0x4  gps.o [1]
  .bss                zero     0x20006e7c     0x4  gsm.o [1]
  .bss                zero     0x20006e80     0x4  gsm.o [1]
  .bss                zero     0x20006e84     0x4  gsm.o [1]
  .bss                zero     0x20006e88     0x4  gsm.o [1]
  .bss                zero     0x20006e8c     0x4  heap_4.o [1]
  .bss                zero     0x20006e90     0x4  heap_4.o [1]
  .bss                zero     0x20006e94     0x4  heap_4.o [1]
  .bss                zero     0x20006e98     0x4  heap_4.o [1]
  .bss                zero     0x20006e9c     0x4  led.o [1]
  .bss                zero     0x20006ea0     0x4  osa_file.o [1]
  .bss                zero     0x20006ea4     0x4  port.o [1]
  .bss                zero     0x20006ea8     0x4  stm32f4xx_hal.o [1]
  .bss                zero     0x20006eac     0x4  tasks.o [1]
  .bss                zero     0x20006eb0     0x4  tasks.o [1]
  .bss                zero     0x20006eb4     0x4  tasks.o [1]
  .bss                zero     0x20006eb8     0x4  tasks.o [1]
  .bss                zero     0x20006ebc     0x4  tasks.o [1]
  .bss                zero     0x20006ec0     0x4  tasks.o [1]
  .bss                zero     0x20006ec4     0x4  tasks.o [1]
  .bss                zero     0x20006ec8     0x4  tasks.o [1]
  .bss                zero     0x20006ecc     0x4  tasks.o [1]
  .bss                zero     0x20006ed0     0x4  tasks.o [1]
  .bss                zero     0x20006ed4     0x4  tasks.o [1]
  .bss                zero     0x20006ed8     0x4  tasks.o [1]
  .bss                zero     0x20006edc     0x4  tasks.o [1]
  .bss                zero     0x20006ee0     0x4  xgetmemchunk.o [3]
  .bss                zero     0x20006ee4     0x2  ff.o [1]
  .bss                zero     0x20006ee6     0x1  AaShell.o [1]
  .bss                zero     0x20006ee7     0x1  AaSysLogInterface.o [1]
  .bss                zero     0x20006ee8     0x1  AaSysLogInterface.o [1]
  .bss                zero     0x20006ee9     0x1  gps.o [1]
  .bss                zero     0x20006eea     0x1  gsm.o [1]
  .bss                zero     0x20006eeb     0x1  port.o [1]
  CSTACK                       0x20006ef0   0x400  <Block>
    CSTACK            uninit   0x20006ef0   0x400  <Block tail>
  HEAP                         0x200072f0   0x400  <Block>
    HEAP              uninit   0x200072f0   0x400  <Block tail>
                             - 0x200076f0  0x76f0


*******************************************************************************
*** INIT TABLE
***

          Address     Size
          -------     ----
Zero (__iar_zero_init3)
    1 destination range, total size 0x6e28:
          0x200000c4  0x6e28

Copy (__iar_copy_init3)
    1 source range, total size 0xc4 (101% of destination):
          0x0800e5ac    0xc4
    1 destination range, total size 0xc1:
          0x20000000    0xc1



*******************************************************************************
*** MODULE SUMMARY
***

    Module                  ro code  ro data  rw data
    ------                  -------  -------  -------
D:\HargicStudio\AirMonitor\AirMonitor\FatFs_uSD_RTOS\EWARM\AirMonitor\Obj: [1]
    407VE_sd.o                  868               360
    AaMem.o                   1 152      116       28
    AaShell.o                   560      460       89
    AaSysLogInterface.o         744       72        2
    AaSysLogSystem.o            800      624       28
    AaTag.o                     620      408       16
    AaThread.o                  314      100        8
    BipBuffer.o                 394
    CCSDaemon.o                 292      216    8 196
    RingBufferUtils.o           306
    cmsis_os.o                1 228
    cp15.o                      456      464       16
    cp15_dev.o                  396                64
    diskio.o                    252
    ff.o                     11 356      164       30
    ff_gen_drv.o                204                12
    gps.o                       544      524      289
    gps_dev.o                   284                64
    gsm.o                       544      524      289
    gsm_dev.o                   280                64
    heap_4.o                    640        4   16 408
    led.o                       120      108        4
    led_dev.o                   108
    list.o                      158
    main.o                      444      196
    osa_file.o                  724      228    1 132
    port.o                      600        8        9
    portasm.o                   168
    print_com.o                 488               152
    queue.o                   2 472                64
    sd_diskio.o                 292       21        1
    startup_stm32f407xx.o       700
    stm32f4xx_hal.o             148                 4
    stm32f4xx_hal_cortex.o      316
    stm32f4xx_hal_dma.o         928        8
    stm32f4xx_hal_gpio.o        608
    stm32f4xx_hal_msp.o         288
    stm32f4xx_hal_rcc.o       1 556       16
    stm32f4xx_hal_sd.o        5 420
    stm32f4xx_hal_uart.o      2 496
    stm32f4xx_it.o              116
    stm32f4xx_ll_sdmmc.o        208
    syscall.o                   122        4
    system_stm32f4xx.o          108        4        4
    tasks.o                   3 692       12      296
    unicode.o                   144    1 216
    -------------------------------------------------
    Total:                   44 658    5 497   27 629

command line: [2]
    -------------------------------------------------
    Total:

dl7M_tlf.a: [3]
    abort.o                       6
    dlmalloc.o                5 376               496
    exit.o                        4
    low_level_init.o              4
    printf.o                     36
    putchar.o                    12
    setlocale.o                  20      116      116
    sprintf.o                    52
    strncmp.o                    42
    vsprintf.o                   44
    xencoding_sb.o               96
    xfiles.o                              64      144
    xgetmemchunk.o               44                 4
    xmbcurmax.o                  10
    xmbtowc.o                    32
    xprintfsmall.o            1 956
    xprout.o                     22
    xsprout.o                    10
    xtls.o                        2
    xwctomb.o                    26
    -------------------------------------------------
    Total:                    7 794      180      760

m7M_tlv.a: [4]
    fpinit_M.o                   34
    -------------------------------------------------
    Total:                       34

rt7M_tl.a: [5]
    ABImemclr4.o                  6
    ABImemcpy_unaligned.o       118
    ABImemset.o                 102
    ABImemset48.o                50
    cexit.o                      10
    cmain.o                      26
    copy_init3.o                 46
    cstartup_M.o                 12
    data_init.o                  40
    memchr.o                     88
    strchr.o                     22
    strcmp_unaligned.o           66
    strcpy_unaligned.o           68
    strlen.o                     54
    zero_init3.o                 34
    -------------------------------------------------
    Total:                      742

shb_l.a: [6]
    exit.o                       20
    -------------------------------------------------
    Total:                       20

    Gaps                         22        6        4
    Linker created                        39    2 048
-----------------------------------------------------
    Grand Total:             53 270    5 722   30 441


*******************************************************************************
*** ENTRY LIST
***

Entry                      Address    Size  Type      Object
-----                      -------    ----  ----      ------
?main                   0x0800dde5          Code  Gb  cmain.o [5]
APBAHBPrescTable        0x0800e2a4    0x10  Data  Gb  stm32f4xx_hal_rcc.o [1]
AaMemFree               0x0800b10f    0x9c  Code  Gb  AaMem.o [1]
AaMemHeapCEInit         0x0800ae63    0xbe  Code  Gb  AaMem.o [1]
AaMemList               0x0800b1ab    0x42  Code  Gb  AaMem.o [1]
AaMemMalloc             0x0800af21   0x1ee  Code  Gb  AaMem.o [1]
AaShellCEInit           0x0800a1cb    0xc6  Code  Gb  AaShell.o [1]
AaShellRecvDataFromISR  0x0800a291    0x32  Code  Gb  AaShell.o [1]
AaShellSerialHandleThread
                        0x0800a0f1    0xda  Code  Lc  AaShell.o [1]
AaSysLogBipBufferList   0x08009f57    0x48  Code  Gb  AaSysLogSystem.o [1]
AaSysLogCEInit          0x08009e53    0xbe  Code  Gb  AaSysLogSystem.o [1]
AaSysLogCreateDeamon    0x08009f11    0x46  Code  Gb  AaSysLogSystem.o [1]
AaSysLogDeamon          0x08009dd1    0x6a  Code  Lc  AaSysLogSystem.o [1]
AaSysLogGetBipRegister  0x08009e3b     0xa  Code  Gb  AaSysLogSystem.o [1]
AaSysLogGetInputLevel   0x0800a965     0x6  Code  Gb  AaSysLogInterface.o [1]
AaSysLogGetLevelString  0x0800a931    0x34  Code  Gb  AaSysLogInterface.o [1]
AaSysLogPrintByPolling  0x08009fa9    0x14  Code  Gb  AaSysLogSystem.o [1]
AaSysLogPrintF          0x0800a96b   0x130  Code  Gb  AaSysLogInterface.o [1]
AaSysLogPrintM          0x0800aa9b   0x14c  Code  Gb  AaSysLogInterface.o [1]
AaSysLogProcessPrintRegister
                        0x08009f9f     0xa  Code  Gb  AaSysLogSystem.o [1]
AaSysLogSendCplt        0x08009e45     0xe  Code  Gb  AaSysLogSystem.o [1]
AaSysLogStoreBipBufferByPolling
                        0x08009fbd    0x54  Code  Gb  AaSysLogSystem.o [1]
AaSysLogStoreBipBufferNormal
                        0x0800a011    0x74  Code  Gb  AaSysLogSystem.o [1]
AaTagCEInit             0x0800c613    0x72  Code  Gb  AaTag.o [1]
AaTagCreate             0x0800c6cd    0x8c  Code  Gb  AaTag.o [1]
AaTagCreateDeamon       0x0800c685    0x48  Code  Gb  AaTag.o [1]
AaTagDeamonThread       0x0800c5c5    0x4e  Code  Lc  AaTag.o [1]
AaTagFindMngPtr         0x0800c7ab    0x30  Code  Lc  AaTag.o [1]
AaTagSetValue           0x0800c759    0x52  Code  Gb  AaTag.o [1]
AaThreadCEInit          0x0800b225    0x36  Code  Gb  AaThread.o [1]
AaThreadCreateStartup   0x0800b25b    0xa8  Code  Gb  AaThread.o [1]
AaThreadFindMngPtr      0x0800b303    0x26  Code  Lc  AaThread.o [1]
AaThreadGetName         0x0800b345    0x1a  Code  Gb  AaThread.o [1]
BSP_SD_DMA_Rx_IRQHandler
                        0x0800c1ab     0xc  Code  Gb  407VE_sd.o [1]
BSP_SD_DMA_Tx_IRQHandler
                        0x0800c19f     0xc  Code  Gb  407VE_sd.o [1]
BSP_SD_GetCardInfo      0x0800c1c1     0xe  Code  Gb  407VE_sd.o [1]
BSP_SD_GetStatus        0x0800c1b7     0xa  Code  Gb  407VE_sd.o [1]
BSP_SD_IRQHandler       0x0800c195     0xa  Code  Gb  407VE_sd.o [1]
BSP_SD_Init             0x0800be9d    0x88  Code  Gb  407VE_sd.o [1]
BSP_SD_IsDetected       0x0800bf25    0x24  Code  Gb  407VE_sd.o [1]
BSP_SD_ReadBlocks       0x0800bf49    0x32  Code  Gb  407VE_sd.o [1]
BSP_SD_WriteBlocks      0x0800bf7b    0x30  Code  Gb  407VE_sd.o [1]
BusFault_Handler        0x0800d2a3     0x2  Code  Gb  stm32f4xx_it.o [1]
CBipBuffer_Commit       0x0800acf7    0x5c  Code  Gb  BipBuffer.o [1]
CBipBuffer_Construct    0x0800ac19    0x38  Code  Gb  BipBuffer.o [1]
CBipBuffer_Decommit     0x0800ad6f    0x2c  Code  Gb  BipBuffer.o [1]
CBipBuffer_Get          0x0800ad53    0x1c  Code  Gb  BipBuffer.o [1]
CBipBuffer_HowMuchData  0x0800ad9b     0x8  Code  Gb  BipBuffer.o [1]
CBipBuffer_Reserve      0x0800ac51    0xa6  Code  Gb  BipBuffer.o [1]
CCSDaemonCreateThread   0x0800ce61    0x46  Code  Lc  CCSDaemon.o [1]
CCSDaemonThread         0x0800cea7    0x28  Code  Lc  CCSDaemon.o [1]
CCSDeamonCEInit         0x0800cdf1    0x70  Code  Gb  CCSDaemon.o [1]
CP15DataSendByIT        0x08009a93    0x14  Code  Gb  cp15_dev.o [1]
CP15DeviceInit          0x0800a883    0x16  Code  Lc  cp15.o [1]
CP15GpioInit            0x08009a23    0x70  Code  Gb  cp15_dev.o [1]
CP15RecvDataFromISR     0x0800a8c3     0xe  Code  Gb  cp15.o [1]
CP15SendSerialData      0x0800a899    0x1e  Code  Lc  cp15.o [1]
CP15SendTestThread      0x0800a7af    0x22  Code  Lc  cp15.o [1]
CP15Thread              0x0800a769    0x46  Code  Lc  cp15.o [1]
CP15UsartInit           0x080099e5    0x3e  Code  Gb  cp15_dev.o [1]
CP15WaitForSendCplt     0x0800a8b7     0xc  Code  Gb  cp15.o [1]
CSTACK$$Base            0x20006ef0           --   Gb  - Linker created -
CSTACK$$Limit           0x200072f0           --   Gb  - Linker created -
DMA1_Stream3_IRQHandler
                        0x0800d2cd     0xc  Code  Gb  stm32f4xx_it.o [1]
DMA2_Stream3_IRQHandler
                        0x0800d2b5     0x8  Code  Gb  stm32f4xx_it.o [1]
DMA2_Stream6_IRQHandler
                        0x0800d2bd     0x8  Code  Gb  stm32f4xx_it.o [1]
DMA_CalcBaseAndBitshift
                        0x08009587    0x2e  Code  Lc  stm32f4xx_hal_dma.o [1]
DMA_SetConfig           0x08009559    0x2e  Code  Lc  stm32f4xx_hal_dma.o [1]
DebugMon_Handler        0x0800d2a7     0x2  Code  Gb  stm32f4xx_it.o [1]
Error_Handler           0x0800cdb3    0x12  Code  Lc  main.o [1]
ExCvt                   0x0800d21c    0x80  Data  Lc  ff.o [1]
FATFS_LinkDriver        0x0800c52d    0x12  Code  Gb  ff_gen_drv.o [1]
FATFS_LinkDriverEx      0x0800c4d5    0x58  Code  Gb  ff_gen_drv.o [1]
FATFS_UnLinkDriver      0x0800c58d     0xe  Code  Gb  ff_gen_drv.o [1]
FATFS_UnLinkDriverEx    0x0800c53f    0x4e  Code  Gb  ff_gen_drv.o [1]
FatFs                   0x20006e68     0x4  Data  Lc  ff.o [1]
Files                   0x20006d38    0x18  Data  Lc  ff.o [1]
Fsid                    0x20006ee4     0x2  Data  Lc  ff.o [1]
GetBipAndSendByDMA      0x08009607    0x14  Code  Gb  print_com.o [1]
GetBipAndSendByPolling  0x0800961b    0x18  Code  Gb  print_com.o [1]
GpsDataSendByIT         0x080097ef    0x14  Code  Gb  gps_dev.o [1]
GpsDeviceInit           0x0800a46f    0x12  Code  Lc  gps.o [1]
GpsRecvDataFromISR      0x0800a4ab    0x22  Code  Gb  gps.o [1]
GpsSendSerialData       0x0800a481    0x1e  Code  Lc  gps.o [1]
GpsSendTestThread       0x0800a363    0x22  Code  Lc  gps.o [1]
GpsThread               0x0800a321    0x42  Code  Lc  gps.o [1]
GpsUsartInit            0x080097b1    0x3e  Code  Gb  gps_dev.o [1]
GpsWaitForSendCplt      0x0800a49f     0xc  Code  Gb  gps.o [1]
GsmDataSendByIT         0x0800990b    0x14  Code  Gb  gsm_dev.o [1]
GsmDeviceInit           0x0800a68f    0x12  Code  Lc  gsm.o [1]
GsmRecvDataFromISR      0x0800a6cb    0x22  Code  Gb  gsm.o [1]
GsmSendSerialData       0x0800a6a1    0x1e  Code  Lc  gsm.o [1]
GsmSendTestThread       0x0800a583    0x22  Code  Lc  gsm.o [1]
GsmThread               0x0800a541    0x42  Code  Lc  gsm.o [1]
GsmUsartInit            0x080098cd    0x3e  Code  Gb  gsm_dev.o [1]
GsmWaitForSendCplt      0x0800a6bf     0xc  Code  Gb  gsm.o [1]
HAL_DMA_DeInit          0x080092af    0x6c  Code  Gb  stm32f4xx_hal_dma.o [1]
HAL_DMA_IRQHandler      0x0800937d   0x1dc  Code  Gb  stm32f4xx_hal_dma.o [1]
HAL_DMA_Init            0x08009229    0x86  Code  Gb  stm32f4xx_hal_dma.o [1]
HAL_DMA_Start_IT        0x0800931b    0x62  Code  Gb  stm32f4xx_hal_dma.o [1]
HAL_Delay               0x08007fcb    0x1a  Code  Wk  stm32f4xx_hal.o [1]
HAL_GPIO_Init           0x08009b71   0x1ee  Code  Gb  stm32f4xx_hal_gpio.o [1]
HAL_GPIO_ReadPin        0x08009d5f    0x18  Code  Gb  stm32f4xx_hal_gpio.o [1]
HAL_GPIO_TogglePin      0x08009d8b     0xa  Code  Gb  stm32f4xx_hal_gpio.o [1]
HAL_GPIO_WritePin       0x08009d77    0x14  Code  Gb  stm32f4xx_hal_gpio.o [1]
HAL_GetREVID            0x08007fe5     0x8  Code  Gb  stm32f4xx_hal.o [1]
HAL_GetTick             0x08007fc5     0x6  Code  Wk  stm32f4xx_hal.o [1]
HAL_IncTick             0x08007fb9     0xc  Code  Wk  stm32f4xx_hal.o [1]
HAL_Init                0x08007f65    0x2e  Code  Gb  stm32f4xx_hal.o [1]
HAL_InitTick            0x08007f95    0x24  Code  Wk  stm32f4xx_hal.o [1]
HAL_MspInit             0x08007f93     0x2  Code  Wk  stm32f4xx_hal.o [1]
HAL_NVIC_EnableIRQ      0x080080fb     0xe  Code  Gb  stm32f4xx_hal_cortex.o [1]
HAL_NVIC_SetPriority    0x080080d5    0x26  Code  Gb  stm32f4xx_hal_cortex.o [1]
HAL_NVIC_SetPriorityGrouping
                        0x080080c9     0xc  Code  Gb  stm32f4xx_hal_cortex.o [1]
HAL_RCC_ClockConfig     0x0800846d   0x18a  Code  Gb  stm32f4xx_hal_rcc.o [1]
HAL_RCC_GetHCLKFreq     0x0800869b    0x28  Code  Gb  stm32f4xx_hal_rcc.o [1]
HAL_RCC_GetPCLK1Freq    0x080086c3    0x20  Code  Gb  stm32f4xx_hal_rcc.o [1]
HAL_RCC_GetPCLK2Freq    0x080086e3    0x20  Code  Gb  stm32f4xx_hal_rcc.o [1]
HAL_RCC_GetSysClockFreq
                        0x080085f7    0xa4  Code  Wk  stm32f4xx_hal_rcc.o [1]
HAL_RCC_OscConfig       0x08008135   0x338  Code  Wk  stm32f4xx_hal_rcc.o [1]
HAL_SD_GetStatus        0x080073cb    0x26  Code  Gb  stm32f4xx_hal_sd.o [1]
HAL_SD_Get_CardInfo     0x08006fa3   0x35e  Code  Gb  stm32f4xx_hal_sd.o [1]
HAL_SD_IRQHandler       0x08006ee9    0xb6  Code  Gb  stm32f4xx_hal_sd.o [1]
HAL_SD_Init             0x08006969    0xb6  Code  Gb  stm32f4xx_hal_sd.o [1]
HAL_SD_MspInit          0x08006a1f     0x2  Code  Wk  stm32f4xx_hal_sd.o [1]
HAL_SD_ReadBlocks       0x08006a21   0x212  Code  Gb  stm32f4xx_hal_sd.o [1]
HAL_SD_StopTransfer     0x08007393    0x38  Code  Gb  stm32f4xx_hal_sd.o [1]
HAL_SD_WideBusOperation_Config
                        0x08007301    0x92  Code  Gb  stm32f4xx_hal_sd.o [1]
HAL_SD_WriteBlocks      0x08006c33   0x2b6  Code  Gb  stm32f4xx_hal_sd.o [1]
HAL_SD_XferCpltCallback
                        0x08006f9f     0x2  Code  Wk  stm32f4xx_hal_sd.o [1]
HAL_SD_XferErrorCallback
                        0x08006fa1     0x2  Code  Wk  stm32f4xx_hal_sd.o [1]
HAL_SYSTICK_Config      0x08008109     0xc  Code  Gb  stm32f4xx_hal_cortex.o [1]
HAL_UART_CP15_ErrorCallback
                        0x08009b6f     0x2  Code  Gb  cp15_dev.o [1]
HAL_UART_CP15_MspInit   0x08009aa7    0x9a  Code  Gb  cp15_dev.o [1]
HAL_UART_CP15_RxCpltCallback
                        0x08009b63     0xc  Code  Gb  cp15_dev.o [1]
HAL_UART_CP15_TxCpltCallback
                        0x08009b59     0xa  Code  Gb  cp15_dev.o [1]
HAL_UART_DBG_ErrorCallback
                        0x08009777     0x2  Code  Gb  print_com.o [1]
HAL_UART_DBG_MspInit    0x08009633   0x12e  Code  Gb  print_com.o [1]
HAL_UART_DBG_RxCpltCallback
                        0x0800976b     0xc  Code  Gb  print_com.o [1]
HAL_UART_DBG_TxCpltCallback
                        0x08009761     0xa  Code  Gb  print_com.o [1]
HAL_UART_ErrorCallback  0x080091d5    0x44  Code  Gb  stm32f4xx_hal_msp.o [1]
HAL_UART_GPS_ErrorCallback
                        0x080098cb     0x2  Code  Gb  gps_dev.o [1]
HAL_UART_GPS_MspInit    0x08009803    0x9e  Code  Gb  gps_dev.o [1]
HAL_UART_GPS_RxCpltCallback
                        0x080098bf     0xc  Code  Gb  gps_dev.o [1]
HAL_UART_GPS_TxCpltCallback
                        0x080098b5     0xa  Code  Gb  gps_dev.o [1]
HAL_UART_GSM_ErrorCallback
                        0x080099e3     0x2  Code  Gb  gsm_dev.o [1]
HAL_UART_GSM_MspInit    0x0800991f    0x9a  Code  Gb  gsm_dev.o [1]
HAL_UART_GSM_RxCpltCallback
                        0x080099d7     0xc  Code  Gb  gsm_dev.o [1]
HAL_UART_GSM_TxCpltCallback
                        0x080099cd     0xa  Code  Gb  gsm_dev.o [1]
HAL_UART_IRQHandler     0x080089e5   0x16e  Code  Gb  stm32f4xx_hal_uart.o [1]
HAL_UART_Init           0x08008749    0x76  Code  Gb  stm32f4xx_hal_uart.o [1]
HAL_UART_MspInit        0x08009109    0x44  Code  Gb  stm32f4xx_hal_msp.o [1]
HAL_UART_Receive_IT     0x080088e5    0x70  Code  Gb  stm32f4xx_hal_uart.o [1]
HAL_UART_RxCpltCallback
                        0x08009191    0x44  Code  Gb  stm32f4xx_hal_msp.o [1]
HAL_UART_Transmit       0x080087bf    0xce  Code  Gb  stm32f4xx_hal_uart.o [1]
HAL_UART_Transmit_DMA   0x08008955    0x90  Code  Gb  stm32f4xx_hal_uart.o [1]
HAL_UART_Transmit_IT    0x0800888d    0x58  Code  Gb  stm32f4xx_hal_uart.o [1]
HAL_UART_TxCpltCallback
                        0x0800914d    0x44  Code  Gb  stm32f4xx_hal_msp.o [1]
HAL_UART_TxHalfCpltCallback
                        0x08008b53     0x2  Code  Wk  stm32f4xx_hal_uart.o [1]
HEAP$$Base              0x200072f0           --   Gb  - Linker created -
HEAP$$Limit             0x200076f0           --   Gb  - Linker created -
HardFault_Handler       0x0800d29f     0x2  Code  Gb  stm32f4xx_it.o [1]
LedDeviceInit           0x0800cf5d    0x16  Code  Lc  led.o [1]
LedGpioInit             0x0800cf8d    0x46  Code  Gb  led_dev.o [1]
LedOff                  0x0800cfd3    0x10  Code  Gb  led_dev.o [1]
LedToggle               0x0800cfe3     0xe  Code  Gb  led_dev.o [1]
LfnOfs                  0x0800e1d4    0x10  Data  Lc  ff.o [1]
LoadInt                 0x0800b9eb    0x4c  Code  Lc  xprintfsmall.o [3]
MemManage_Handler       0x0800d2a1     0x2  Code  Gb  stm32f4xx_it.o [1]
MySDFatFs               0x200062f8   0x234  Data  Gb  osa_file.o [1]
NMI_Handler             0x0800d29d     0x2  Code  Gb  stm32f4xx_it.o [1]
NVIC_EnableIRQ          0x08008021    0x14  Code  Lc  stm32f4xx_hal_cortex.o [1]
NVIC_EncodePriority     0x0800805b    0x3e  Code  Lc  stm32f4xx_hal_cortex.o [1]
NVIC_GetPriorityGrouping
                        0x08008017     0xa  Code  Lc  stm32f4xx_hal_cortex.o [1]
NVIC_SetPriority        0x08008035    0x26  Code  Lc  stm32f4xx_hal_cortex.o [1]
NVIC_SetPriorityGrouping
                        0x08007ff9    0x1e  Code  Lc  stm32f4xx_hal_cortex.o [1]
OSA_fileClose           0x0800c32b    0x28  Code  Gb  osa_file.o [1]
OSA_fileDeInit          0x0800c233    0x1e  Code  Gb  osa_file.o [1]
OSA_fileInit            0x0800c201    0x32  Code  Gb  osa_file.o [1]
OSA_fileOpen            0x0800c29b    0x90  Code  Gb  osa_file.o [1]
OSA_fileRead            0x0800c389    0x58  Code  Gb  osa_file.o [1]
OSA_fileSeek            0x0800c439    0x32  Code  Gb  osa_file.o [1]
OSA_fileSync            0x0800c46b    0x2c  Code  Gb  osa_file.o [1]
OSA_fileWrite           0x0800c3e1    0x58  Code  Gb  osa_file.o [1]
OSA_getSdSize           0x0800c251    0x4a  Code  Gb  osa_file.o [1]
OSA_removeFile          0x0800c353    0x36  Code  Gb  osa_file.o [1]
PendSV_Handler          0x080068ad          Code  Gb  portasm.o [1]
Region$$Table$$Base     0x0800d9c0           --   Gb  - Linker created -
Region$$Table$$Limit    0x0800d9e4           --   Gb  - Linker created -
RunLedThread            0x0800cf15    0x26  Code  Lc  led.o [1]
SDIO_DataConfig         0x08007f2d    0x2e  Code  Gb  stm32f4xx_ll_sdmmc.o [1]
SDIO_GetCommandResponse
                        0x08007f11     0x6  Code  Gb  stm32f4xx_ll_sdmmc.o [1]
SDIO_GetPowerState      0x08007edf     0x8  Code  Gb  stm32f4xx_ll_sdmmc.o [1]
SDIO_GetResponse        0x08007f17    0x16  Code  Gb  stm32f4xx_ll_sdmmc.o [1]
SDIO_IRQHandler         0x0800d2c5     0x8  Code  Gb  stm32f4xx_it.o [1]
SDIO_Init               0x08007e95    0x2e  Code  Gb  stm32f4xx_ll_sdmmc.o [1]
SDIO_PowerState_ON      0x08007ed5     0xa  Code  Gb  stm32f4xx_ll_sdmmc.o [1]
SDIO_ReadFIFO           0x08007ec3     0x6  Code  Gb  stm32f4xx_ll_sdmmc.o [1]
SDIO_SendCommand        0x08007ee7    0x2a  Code  Gb  stm32f4xx_ll_sdmmc.o [1]
SDIO_WriteFIFO          0x08007ec9     0xc  Code  Gb  stm32f4xx_ll_sdmmc.o [1]
SD_CmdError             0x0800773d    0x4a  Code  Lc  stm32f4xx_hal_sd.o [1]
SD_CmdResp1Error        0x080077fb   0x114  Code  Lc  stm32f4xx_hal_sd.o [1]
SD_CmdResp2Error        0x08007945    0x46  Code  Lc  stm32f4xx_hal_sd.o [1]
SD_CmdResp3Error        0x08007915    0x30  Code  Lc  stm32f4xx_hal_sd.o [1]
SD_CmdResp6Error        0x0800798b    0xa4  Code  Lc  stm32f4xx_hal_sd.o [1]
SD_CmdResp7Error        0x08007787    0x74  Code  Lc  stm32f4xx_hal_sd.o [1]
SD_Driver               0x0800e140    0x14  Data  Gb  sd_diskio.o [1]
SD_FindSCR              0x08007b8f   0x190  Code  Lc  stm32f4xx_hal_sd.o [1]
SD_GetState             0x080073f1    0x24  Code  Lc  stm32f4xx_hal_sd.o [1]
SD_Initialize_Cards     0x08007415   0x118  Code  Lc  stm32f4xx_hal_sd.o [1]
SD_IsCardProgramming    0x08007d1f   0x16a  Code  Lc  stm32f4xx_hal_sd.o [1]
SD_MspInit              0x0800bfab   0x1ea  Code  Lc  407VE_sd.o [1]
SD_PowerON              0x08007567   0x176  Code  Lc  stm32f4xx_hal_sd.o [1]
SD_Select_Deselect      0x0800752d    0x3a  Code  Lc  stm32f4xx_hal_sd.o [1]
SD_SendStatus           0x080076df    0x5e  Code  Lc  stm32f4xx_hal_sd.o [1]
SD_WideBus_Disable      0x08007adf    0xb0  Code  Lc  stm32f4xx_hal_sd.o [1]
SD_WideBus_Enable       0x08007a2f    0xb0  Code  Lc  stm32f4xx_hal_sd.o [1]
SD_initialize           0x0800cff9    0x24  Code  Gb  sd_diskio.o [1]
SD_ioctl                0x0800d0ad    0x6a  Code  Gb  sd_diskio.o [1]
SD_read                 0x0800d041    0x36  Code  Gb  sd_diskio.o [1]
SD_status               0x0800d01d    0x24  Code  Gb  sd_diskio.o [1]
SD_write                0x0800d077    0x36  Code  Gb  sd_diskio.o [1]
SVC_Handler             0x08006905          Code  Gb  portasm.o [1]
StartCP15Task           0x0800a7d1    0xb2  Code  Gb  cp15.o [1]
StartGpsTask            0x0800a385    0xea  Code  Gb  gps.o [1]
StartGsmTask            0x0800a5a5    0xea  Code  Gb  gsm.o [1]
StartRunLedTask         0x0800cf3b    0x22  Code  Gb  led.o [1]
StartThread             0x0800cc5d    0xb4  Code  Lc  main.o [1]
Stat                    0x200000c0     0x1  Data  Lc  sd_diskio.o [1]
StdUsartInit            0x080095c9    0x3e  Code  Gb  print_com.o [1]
SysTick_Config          0x08008099    0x30  Code  Lc  stm32f4xx_hal_cortex.o [1]
SysTick_Handler         0x0800d2a9     0xc  Code  Gb  stm32f4xx_it.o [1]
SystemClock_Config      0x0800cd11    0xa2  Code  Lc  main.o [1]
SystemCoreClock         0x200000b8     0x4  Data  Gb  system_stm32f4xx.o [1]
SystemInit              0x0800d311    0x4c  Code  Gb  system_stm32f4xx.o [1]
Tbl                     0x0800d11c   0x100  Data  Lc  unicode.o [1]
UART4_IRQHandler        0x0800d2f7     0xa  Code  Gb  stm32f4xx_it.o [1]
UART_DMAError           0x08008b99    0x2a  Code  Lc  stm32f4xx_hal_uart.o [1]
UART_DMATransmitCplt    0x08008b55    0x34  Code  Lc  stm32f4xx_hal_uart.o [1]
UART_DMATxHalfCplt      0x08008b89     0xe  Code  Lc  stm32f4xx_hal_uart.o [1]
UART_EndTransmit_IT     0x08008d1f    0x20  Code  Lc  stm32f4xx_hal_uart.o [1]
UART_Receive_IT         0x08008d3f    0xac  Code  Lc  stm32f4xx_hal_uart.o [1]
UART_SetConfig          0x08008deb   0x312  Code  Lc  stm32f4xx_hal_uart.o [1]
UART_Transmit_IT        0x08008cb1    0x6e  Code  Lc  stm32f4xx_hal_uart.o [1]
UART_WaitOnFlagUntilTimeout
                        0x08008bc3    0xee  Code  Lc  stm32f4xx_hal_uart.o [1]
USART1_IRQHandler       0x0800d2e3     0xa  Code  Gb  stm32f4xx_it.o [1]
USART2_IRQHandler       0x0800d2ed     0xa  Code  Gb  stm32f4xx_it.o [1]
USART3_IRQHandler       0x0800d2d9     0xa  Code  Gb  stm32f4xx_it.o [1]
UartHandle_cp15         0x20006bf8    0x40  Data  Gb  cp15_dev.o [1]
UartHandle_dbg          0x20006cb8    0x40  Data  Gb  print_com.o [1]
UartHandle_gps          0x20006c38    0x40  Data  Gb  gps_dev.o [1]
UartHandle_gsm          0x20006c78    0x40  Data  Gb  gsm_dev.o [1]
UsageFault_Handler      0x0800d2a5     0x2  Code  Gb  stm32f4xx_it.o [1]
_EncodingSb_Mbtowc      0x0800be53    0x30  Code  Gb  xencoding_sb.o [3]
_EncodingSb_Wctomb      0x0800be39    0x1a  Code  Gb  xencoding_sb.o [3]
_IsdstStr               0x20000004     0x4  Data  Gb  setlocale.o [3]
_LitobSmall             0x0800bc5d    0xce  Code  Lc  xprintfsmall.o [3]
_LocaleEncoding         0x0800be25     0xe  Code  Gb  setlocale.o [3]
_LocaleReturnString     0x20000024    0x50  Data  Lc  setlocale.o [3]
_Locale_Profile         0x20000008    0x1c  Data  Gb  setlocale.o [3]
_Mbtowc                 0x0800bd71    0x20  Code  Gb  xmbtowc.o [3]
_PrintfSmall            0x0800b5cd   0x414  Code  Gb  xprintfsmall.o [3]
_Prout                  0x0800deed    0x16  Code  Gb  xprout.o [3]
_PutcharsSmall          0x0800bd2b    0x2e  Code  Lc  xprintfsmall.o [3]
_PutstrSmall            0x0800ba37   0x226  Code  Lc  xprintfsmall.o [3]
_SProut                 0x08006543     0xa  Code  Gb  xsprout.o [3]
_TzoneStr               0x20000000     0x4  Data  Gb  setlocale.o [3]
_Wctomb                 0x0800be0b    0x1a  Code  Gb  xwctomb.o [3]
__aeabi_memclr4         0x0800a761          Code  Gb  ABImemclr4.o [5]
__aeabi_memset          0x080067cd          Code  Gb  ABImemset.o [5]
__cmain                 0x0800dde5          Code  Gb  cmain.o [5]
__data_GetMemChunk      0x08006479    0x2c  Code  Gb  xgetmemchunk.o [3]
__exit                  0x08006955    0x14  Code  Gb  exit.o [6]
__iar_Mbcurmax          0x0800be01     0xa  Code  Gb  xmbcurmax.o [3]
__iar_Memchr            0x0800bda9          Code  Gb  memchr.o [5]
__iar_Memset            0x080067cd          Code  Gb  ABImemset.o [5]
__iar_Memset4_word      0x0800b4bd          Code  Gb  ABImemset48.o [5]
__iar_Memset8_word      0x0800b4bd          Code  Gb  ABImemset48.o [5]
__iar_Memset_word       0x080067d5          Code  Gb  ABImemset.o [5]
__iar_Stdout            0x20000074    0x40  Data  Gb  xfiles.o [3]
__iar_Strchr            0x0800bd91          Code  Gb  strchr.o [5]
__iar_copy_init3        0x08002e5f    0x2e  Code  Gb  copy_init3.o [5]
__iar_data_init3        0x0800d7e9    0x28  Code  Gb  data_init.o [5]
__iar_dlfree            0x080044cb   0x510  Code  Gb  dlmalloc.o [3]
__iar_dlib_perthread_access
                        0x0800be99     0x2  Code  Gb  xtls.o [3]
__iar_dlmalloc          0x08004215   0x2aa  Code  Gb  dlmalloc.o [3]
__iar_init_vfp          0x0800d99d          Code  Gb  fpinit_M.o [4]
__iar_program_start     0x0800e379          Code  Gb  cstartup_M.o [5]
__iar_strcmp            0x0800c831          Code  Gb  strcmp_unaligned.o [5]
__iar_unaligned___aeabi_memcpy
                        0x08006835          Code  Gb  ABImemcpy_unaligned.o [5]
__iar_unaligned___aeabi_memcpy4
                        0x08006855          Code  Gb  ABImemcpy_unaligned.o [5]
__iar_unaligned___aeabi_memcpy8
                        0x08006855          Code  Gb  ABImemcpy_unaligned.o [5]
__iar_unaligned_strcmp  0x0800c831          Code  Gb  strcmp_unaligned.o [5]
__iar_unaligned_strcpy  0x0800b589          Code  Gb  strcpy_unaligned.o [5]
__iar_zero_init3        0x08006457    0x22  Code  Gb  zero_init3.o [5]
__low_level_init        0x0800ddff     0x4  Code  Gb  low_level_init.o [3]
__vector_table          0x08000000          Data  Gb  startup_stm32f407xx.o [1]
_aashell_recvcplt_sem_id
                        0x20006e20     0x4  Data  Gb  AaShell.o [1]
_aashellhandledaemon_id
                        0x20006e24     0x4  Data  Gb  AaShell.o [1]
_aasyslog_index         0x20006ee7     0x1  Data  Lc  AaSysLogInterface.o [1]
_aasyslog_input_level   0x20006ee8     0x1  Data  Lc  AaSysLogInterface.o [1]
_aasyslog_max_bipbuf_used
                        0x20006e28     0x4  Data  Lc  AaSysLogSystem.o [1]
_aasyslog_mng           0x20006df4     0x8  Data  Gb  AaSysLogSystem.o [1]
_aasyslog_mutex_id      0x20006e30     0x4  Data  Gb  AaSysLogSystem.o [1]
_aasyslog_sendcplt_sem_id
                        0x20006e34     0x4  Data  Gb  AaSysLogSystem.o [1]
_aasyslogdaemon_id      0x20006e38     0x4  Data  Gb  AaSysLogSystem.o [1]
_aatag_mng              0x20006e3c     0x4  Data  Gb  AaTag.o [1]
_aatag_msgbox_id        0x20006e44     0x4  Data  Gb  AaTag.o [1]
_aatag_mutex_id         0x20006e40     0x4  Data  Gb  AaTag.o [1]
_aatagdaemon_id         0x20006e48     0x4  Data  Gb  AaTag.o [1]
_aathread_mng_head_ptr  0x20006e4c     0x4  Data  Gb  AaThread.o [1]
_aathread_mutex_id      0x20006e50     0x4  Data  Gb  AaThread.o [1]
_call_main              0x0800ddf1          Code  Gb  cmain.o [5]
_ccsdaemon_id           0x20006e54     0x4  Data  Gb  CCSDaemon.o [1]
_cp15_id                0x20006e58     0x4  Data  Gb  cp15.o [1]
_cp15_recvcplt_sem_id   0x20006e64     0x4  Data  Gb  cp15.o [1]
_cp15_send_test_id      0x20006e5c     0x4  Data  Gb  cp15.o [1]
_cp15_sendcplt_sem_id   0x20006e60     0x4  Data  Gb  cp15.o [1]
_exit                   0x0800de09          Code  Gb  cexit.o [5]
_gm_                    0x2000652c   0x1d8  Data  Lc  dlmalloc.o [3]
_gps_id                 0x20006e6c     0x4  Data  Gb  gps.o [1]
_gps_recvcplt_sem_id    0x20006e78     0x4  Data  Gb  gps.o [1]
_gps_rx_ringbuf         0x20006dc8    0x10  Data  Gb  gps.o [1]
_gps_rx_ringbuf_data    0x20006704   0x100  Data  Gb  gps.o [1]
_gps_send_test_id       0x20006e70     0x4  Data  Gb  gps.o [1]
_gps_sendcplt_sem_id    0x20006e74     0x4  Data  Gb  gps.o [1]
_gsm_id                 0x20006e7c     0x4  Data  Gb  gsm.o [1]
_gsm_recvcplt_sem_id    0x20006e88     0x4  Data  Gb  gsm.o [1]
_gsm_rx_ringbuf         0x20006dd8    0x10  Data  Gb  gsm.o [1]
_gsm_rx_ringbuf_data    0x20006804   0x100  Data  Gb  gsm.o [1]
_gsm_send_test_id       0x20006e80     0x4  Data  Gb  gsm.o [1]
_gsm_sendcplt_sem_id    0x20006e84     0x4  Data  Gb  gsm.o [1]
_heap_sem_id            0x20006e10     0x4  Data  Lc  AaMem.o [1]
_main                   0x0800ddfb          Code  Gb  cmain.o [5]
_mem_heap_buf           0x200040c4  0x2000  Data  Gb  CCSDaemon.o [1]
_p_bip_buffer           0x20006e2c     0x4  Data  Lc  AaSysLogSystem.o [1]
_runled_id              0x20006e9c     0x4  Data  Gb  led.o [1]
_serial_rx_ringbuf      0x20006db8    0x10  Data  Gb  AaShell.o [1]
_serial_rx_ringbuf_data
                        0x20006bb8    0x40  Data  Gb  AaShell.o [1]
abort                   0x08006451     0x6  Code  Gb  abort.o [3]
check_fs                0x080017fd    0x82  Code  Lc  ff.o [1]
chk_chr                 0x080001df    0x14  Code  Lc  ff.o [1]
chk_lock                0x0800022d    0x9a  Code  Lc  ff.o [1]
clear_lock              0x0800043f    0x30  Code  Lc  ff.o [1]
clmt_clust              0x08000a3d    0x3e  Code  Lc  ff.o [1]
clust2sect              0x08000607    0x20  Code  Gb  ff.o [1]
cmp_lfn                 0x08000d7f    0x9e  Code  Lc  ff.o [1]
create_chain            0x0800093f    0xfe  Code  Lc  ff.o [1]
create_name             0x08001457   0x2ba  Code  Lc  ff.o [1]
dec_lock                0x080003e3    0x5c  Code  Lc  ff.o [1]
dir_alloc               0x08000ccf    0x6e  Code  Lc  ff.o [1]
dir_find                0x0800100f   0x12e  Code  Lc  ff.o [1]
dir_next                0x08000b57   0x178  Code  Lc  ff.o [1]
dir_read                0x0800113d   0x11e  Code  Lc  ff.o [1]
dir_register            0x0800125b   0x176  Code  Lc  ff.o [1]
dir_remove              0x080013d1    0x86  Code  Lc  ff.o [1]
dir_sdi                 0x08000a7b    0xdc  Code  Lc  ff.o [1]
disk                    0x20006de8     0xc  Data  Gb  ff_gen_drv.o [1]
disk_initialize         0x08002eaf    0x36  Code  Gb  diskio.o [1]
disk_ioctl              0x08002f55    0x2c  Code  Gb  diskio.o [1]
disk_read               0x08002ee5    0x38  Code  Gb  diskio.o [1]
disk_status             0x08002e8d    0x22  Code  Gb  diskio.o [1]
disk_write              0x08002f1d    0x38  Code  Gb  diskio.o [1]
enq_lock                0x080002c7    0x28  Code  Lc  ff.o [1]
exit                    0x0800de03     0x4  Code  Gb  exit.o [3]
f_close                 0x080026eb    0x48  Code  Gb  ff.o [1]
f_getfree               0x08002b83   0x13a  Code  Gb  ff.o [1]
f_lseek                 0x08002733   0x450  Code  Gb  ff.o [1]
f_mount                 0x08001d39    0x9a  Code  Gb  ff.o [1]
f_open                  0x08001df5   0x236  Code  Gb  ff.o [1]
f_read                  0x0800202b   0x2ba  Code  Gb  ff.o [1]
f_sync                  0x080025f9    0xf2  Code  Gb  ff.o [1]
f_unlink                0x08002cbd   0x128  Code  Gb  ff.o [1]
f_write                 0x080022e5   0x314  Code  Gb  ff.o [1]
ff_convert              0x08002f89    0x4e  Code  Gb  unicode.o [1]
ff_cre_syncobj          0x08002de5    0x28  Code  Gb  syscall.o [1]
ff_del_syncobj          0x08002e11     0xe  Code  Gb  syscall.o [1]
ff_memalloc             0x08002e47     0xc  Code  Gb  syscall.o [1]
ff_memfree              0x08002e53     0xc  Code  Gb  syscall.o [1]
ff_rel_grant            0x08002e3b     0xc  Code  Gb  syscall.o [1]
ff_req_grant            0x08002e1f    0x1c  Code  Gb  syscall.o [1]
ff_wtoupper             0x08002fd7    0x34  Code  Gb  unicode.o [1]
find_volume             0x08001885   0x45e  Code  Lc  ff.o [1]
fit_lfn                 0x08000e95    0x86  Code  Lc  ff.o [1]
follow_path             0x08001711    0x9c  Code  Lc  ff.o [1]
fputc                   0x08009779    0x18  Code  Gb  print_com.o [1]
gFileObj                0x200060c4   0x234  Data  Gb  osa_file.o [1]
gen_numname             0x08000f21    0xd0  Code  Lc  ff.o [1]
get_fat                 0x08000627   0x11c  Code  Gb  ff.o [1]
get_fattime             0x08002f85     0x4  Code  Wk  diskio.o [1]
get_ldnumber            0x080017ad    0x50  Code  Lc  ff.o [1]
heap_end                0x20006e08     0x4  Data  Lc  AaMem.o [1]
heap_ptr                0x20006e04     0x4  Data  Lc  AaMem.o [1]
inHandlerMode           0x0800302b    0x12  Code  Lc  cmsis_os.o [1]
inc_lock                0x080002ef    0xf4  Code  Lc  ff.o [1]
init_mparams            0x080034ff    0x32  Code  Lc  dlmalloc.o [3]
init_top                0x08003531    0x34  Code  Lc  dlmalloc.o [3]
ld_clust                0x08000d3d    0x2a  Code  Lc  ff.o [1]
lfree                   0x20006e0c     0x4  Data  Lc  AaMem.o [1]
lock_fs                 0x080001f3     0xe  Code  Lc  ff.o [1]
main                    0x0800cc35    0x28  Code  Gb  main.o [1]
makeFreeRtosPriority    0x08003019    0x12  Code  Lc  cmsis_os.o [1]
max_mem                 0x20006e1c     0x4  Data  Lc  AaMem.o [1]
mem_cmp                 0x080001bb    0x24  Code  Lc  ff.o [1]
mem_cpy                 0x08000189    0x1c  Code  Lc  ff.o [1]
mem_set                 0x080001a5    0x16  Code  Lc  ff.o [1]
mem_size_aligned        0x20006e14     0x4  Data  Lc  AaMem.o [1]
memchr                  0x0800bda9          Code  Gb  memchr.o [5]
move_window             0x080004d7    0x44  Code  Lc  ff.o [1]
mparams                 0x20006d50    0x18  Data  Lc  dlmalloc.o [3]
mySDPath                0x20006ea0     0x4  Data  Gb  osa_file.o [1]
obuf                    0x20006b68    0x50  Data  Lc  xfiles.o [3]
osDelay                 0x0800309f    0x1c  Code  Gb  cmsis_os.o [1]
osKernelStart           0x0800303d     0xa  Code  Gb  cmsis_os.o [1]
osKernelSysTick         0x08003047    0x16  Code  Gb  cmsis_os.o [1]
osMessageCreate         0x0800339f    0x12  Code  Gb  cmsis_os.o [1]
osMessageGet            0x08003417    0xb8  Code  Gb  cmsis_os.o [1]
osMessagePut            0x080033b1    0x66  Code  Gb  cmsis_os.o [1]
osMutexCreate           0x08003191     0xc  Code  Gb  cmsis_os.o [1]
osMutexRelease          0x08003223    0x54  Code  Gb  cmsis_os.o [1]
osMutexWait             0x0800319d    0x86  Code  Gb  cmsis_os.o [1]
osSemaphoreCreate       0x08003277    0x34  Code  Gb  cmsis_os.o [1]
osSemaphoreDelete       0x08003385    0x1a  Code  Gb  cmsis_os.o [1]
osSemaphoreRelease      0x08003331    0x54  Code  Gb  cmsis_os.o [1]
osSemaphoreWait         0x080032ab    0x86  Code  Gb  cmsis_os.o [1]
osSignalSet             0x080030bb    0x58  Code  Gb  cmsis_os.o [1]
osSignalWait            0x08003113    0x7e  Code  Gb  cmsis_os.o [1]
osSystickHandler        0x080034cf    0x10  Code  Gb  cmsis_os.o [1]
osThreadCreate          0x0800305d    0x3a  Code  Gb  cmsis_os.o [1]
osThreadGetId           0x08003097     0x8  Code  Gb  cmsis_os.o [1]
os_messageQ_def_aatag_msgbox
                        0x0800e3c4     0x8  Data  Lc  AaTag.o [1]
os_mutex_def_aasyslog_mutex
                        0x0800e44c     0x4  Data  Lc  AaSysLogSystem.o [1]
os_mutex_def_aatag_mutex
                        0x0800e454     0x4  Data  Lc  AaTag.o [1]
os_mutex_def_aathread_mutex
                        0x0800e458     0x4  Data  Lc  AaThread.o [1]
os_semaphore_def_aashell_recvcplt_sem
                        0x0800e448     0x4  Data  Lc  AaShell.o [1]
os_semaphore_def_aasyslog_sendcplt_sem
                        0x0800e450     0x4  Data  Lc  AaSysLogSystem.o [1]
os_semaphore_def_cp15_recvcplt_sem
                        0x0800e460     0x4  Data  Lc  cp15.o [1]
os_semaphore_def_cp15_sendcplt_sem
                        0x0800e45c     0x4  Data  Lc  cp15.o [1]
os_semaphore_def_gps_recvcplt_sem
                        0x0800e46c     0x4  Data  Lc  gps.o [1]
os_semaphore_def_gps_sendcplt_sem
                        0x0800e468     0x4  Data  Lc  gps.o [1]
os_semaphore_def_gsm_recvcplt_sem
                        0x0800e478     0x4  Data  Lc  gsm.o [1]
os_semaphore_def_gsm_sendcplt_sem
                        0x0800e474     0x4  Data  Lc  gsm.o [1]
os_semaphore_def_heap_sem
                        0x0800e444     0x4  Data  Lc  AaMem.o [1]
pcInterruptPriorityRegisters
                        0x0800e480     0x4  Data  Lc  port.o [1]
pick_lfn                0x08000e1d    0x78  Code  Lc  ff.o [1]
plug_holes              0x0800ada5    0xbe  Code  Lc  AaMem.o [1]
prepend_alloc           0x08003565   0x36e  Code  Lc  dlmalloc.o [3]
printf                  0x0800c5a1    0x24  Code  Gb  printf.o [3]
prvAddCurrentTaskToDelayedList
                        0x0800524f    0x4e  Code  Lc  tasks.o [1]
prvAllocateTCBAndStack  0x080052a5    0x5a  Code  Lc  tasks.o [1]
prvCheckTasksWaitingTermination
                        0x080051e9    0x66  Code  Lc  tasks.o [1]
prvCopyDataFromQueue    0x080060ef    0x30  Code  Lc  queue.o [1]
prvCopyDataToQueue      0x08006057    0x98  Code  Lc  queue.o [1]
prvDeleteTCB            0x080052ff    0x12  Code  Lc  tasks.o [1]
prvHeapInit             0x080066dd    0x6e  Code  Lc  heap_4.o [1]
prvIdleTask             0x080050f5    0x26  Code  Lc  tasks.o [1]
prvInitialiseTCBVariables
                        0x0800511b    0x6c  Code  Lc  tasks.o [1]
prvInitialiseTaskLists  0x08005187    0x58  Code  Lc  tasks.o [1]
prvInsertBlockIntoFreeList
                        0x0800674b    0x62  Code  Lc  heap_4.o [1]
prvIsQueueEmpty         0x08006189    0x20  Code  Lc  queue.o [1]
prvIsQueueFull          0x080061a9    0x22  Code  Lc  queue.o [1]
prvResetNextTaskUnblockTime
                        0x08005311    0x2a  Code  Lc  tasks.o [1]
prvTaskExitError        0x0800621d    0x2a  Code  Lc  port.o [1]
prvUnlockQueue          0x0800611f    0x6a  Code  Lc  queue.o [1]
put_fat                 0x08000743   0x178  Code  Gb  ff.o [1]
putchar                 0x0800df05     0xc  Code  Gb  putchar.o [3]
pvPortMalloc            0x0800654d   0x118  Code  Gb  heap_4.o [1]
pvTaskIncrementMutexHeldCount
                        0x080054dd    0x1e  Code  Gb  tasks.o [1]
pxCurrentTCB            0x20006eac     0x4  Data  Gb  tasks.o [1]
pxDelayedTaskList       0x20006eb0     0x4  Data  Lc  tasks.o [1]
pxEnd                   0x20006e8c     0x4  Data  Lc  heap_4.o [1]
pxOverflowDelayedTaskList
                        0x20006eb4     0x4  Data  Lc  tasks.o [1]
pxPortInitialiseStack   0x080061f9    0x24  Code  Gb  port.o [1]
pxReadyTasksLists       0x20006904    0x8c  Data  Lc  tasks.o [1]
recv_char               0x20006ee6     0x1  Data  Lc  AaShell.o [1]
recv_char               0x20006ee9     0x1  Data  Lc  gps.o [1]
recv_char               0x20006eea     0x1  Data  Lc  gsm.o [1]
remove_chain            0x080008bb    0x84  Code  Lc  ff.o [1]
ring_buffer_consume     0x0800b3db    0x1a  Code  Gb  RingBufferUtils.o [1]
ring_buffer_free_space  0x0800b371    0x16  Code  Gb  RingBufferUtils.o [1]
ring_buffer_get_data    0x0800b39d    0x3e  Code  Gb  RingBufferUtils.o [1]
ring_buffer_init        0x0800b35f    0x12  Code  Gb  RingBufferUtils.o [1]
ring_buffer_used_space  0x0800b387    0x16  Code  Gb  RingBufferUtils.o [1]
ring_buffer_write       0x0800b3f5    0x9c  Code  Gb  RingBufferUtils.o [1]
segment_holding         0x080034e5    0x1a  Code  Lc  dlmalloc.o [3]
sprintf                 0x0800b529    0x34  Code  Gb  sprintf.o [3]
st_clust                0x08000d67    0x18  Code  Lc  ff.o [1]
strchr                  0x0800bd91          Code  Gb  strchr.o [5]
strlen                  0x0800b4f1          Code  Gb  strlen.o [5]
strncmp                 0x0800b491    0x2a  Code  Gb  strncmp.o [3]
sum_sfn                 0x08000ff1    0x1e  Code  Lc  ff.o [1]
sync_fs                 0x0800051b    0xec  Code  Lc  ff.o [1]
sync_window             0x0800046f    0x68  Code  Lc  ff.o [1]
sys_alloc               0x080038d3   0x38c  Code  Lc  dlmalloc.o [3]
tmalloc_large           0x08003c6d   0x398  Code  Lc  dlmalloc.o [3]
tmalloc_small           0x08004005   0x210  Code  Lc  dlmalloc.o [3]
uSdCardInfo             0x20006a08    0x58  Data  Lc  407VE_sd.o [1]
uSdHandle               0x20006990    0x60  Data  Lc  407VE_sd.o [1]
ucHeap                  0x200000c4  0x4000  Data  Lc  heap_4.o [1]
ucMaxSysCallPriority    0x20006eeb     0x1  Data  Lc  port.o [1]
ulMaxPRIGROUPValue      0x20006ea4     0x4  Data  Lc  port.o [1]
unlock_fs               0x08000201    0x2c  Code  Lc  ff.o [1]
used_mem                0x20006e18     0x4  Data  Lc  AaMem.o [1]
uwTick                  0x20006ea8     0x4  Data  Gb  stm32f4xx_hal.o [1]
uxCriticalNesting       0x200000b4     0x4  Data  Lc  port.o [1]
uxCurrentNumberOfTasks  0x20006ebc     0x4  Data  Lc  tasks.o [1]
uxListRemove            0x0800651b    0x28  Code  Gb  list.o [1]
uxPendedTicks           0x20006ecc     0x4  Data  Lc  tasks.o [1]
uxSchedulerSuspended    0x20006edc     0x4  Data  Lc  tasks.o [1]
uxTaskNumber            0x20006ed8     0x4  Data  Lc  tasks.o [1]
uxTasksDeleted          0x20006eb8     0x4  Data  Lc  tasks.o [1]
uxTopReadyPriority      0x20006ec4     0x4  Data  Lc  tasks.o [1]
vListInitialise         0x080064a5    0x1e  Code  Gb  list.o [1]
vListInitialiseItem     0x080064c3     0x6  Code  Gb  list.o [1]
vListInsert             0x080064e1    0x3a  Code  Gb  list.o [1]
vListInsertEnd          0x080064c9    0x18  Code  Gb  list.o [1]
vPortEnableVFP          0x08006939          Code  Gb  portasm.o [1]
vPortEnterCritical      0x08006313    0x3a  Code  Gb  port.o [1]
vPortExitCritical       0x0800634d    0x32  Code  Gb  port.o [1]
vPortFree               0x08006665    0x78  Code  Gb  heap_4.o [1]
vPortSetupTimerInterrupt
                        0x080063ab    0x1a  Code  Wk  port.o [1]
vPortStartFirstTask     0x08006921          Code  Gb  portasm.o [1]
vPortValidateInterruptPriority
                        0x080063c5    0x4e  Code  Gb  port.o [1]
vQueueDelete            0x0800602f    0x28  Code  Gb  queue.o [1]
vQueueUnregisterQueue   0x080061cb    0x24  Code  Gb  queue.o [1]
vTaskDelay              0x08004b67    0x84  Code  Gb  tasks.o [1]
vTaskMissedYield        0x080050e3     0xa  Code  Gb  tasks.o [1]
vTaskPlaceOnEventList   0x08004f23    0x76  Code  Gb  tasks.o [1]
vTaskPriorityInherit    0x0800536b    0xac  Code  Gb  tasks.o [1]
vTaskSetTimeOutState    0x08005035    0x26  Code  Gb  tasks.o [1]
vTaskStartScheduler     0x08004beb    0x62  Code  Gb  tasks.o [1]
vTaskSuspendAll         0x08004c4d    0x10  Code  Gb  tasks.o [1]
vTaskSwitchContext      0x08004eb1    0x72  Code  Gb  tasks.o [1]
validate                0x08001ce3    0x56  Code  Lc  ff.o [1]
vsprintf                0x0800b55d    0x2c  Code  Gb  vsprintf.o [3]
xBlockAllocatedBit      0x20006e98     0x4  Data  Lc  heap_4.o [1]
xDelayedTaskList1       0x200069f0    0x14  Data  Lc  tasks.o [1]
xDelayedTaskList2       0x20006d68    0x14  Data  Lc  tasks.o [1]
xFreeBytesRemaining     0x20006e90     0x4  Data  Lc  heap_4.o [1]
xHeapStructSize         0x0800e47c     0x4  Data  Lc  heap_4.o [1]
xMinimumEverFreeBytesRemaining
                        0x20006e94     0x4  Data  Lc  heap_4.o [1]
xNextTaskUnblockTime    0x200000bc     0x4  Data  Lc  tasks.o [1]
xNumOfOverflows         0x20006ed4     0x4  Data  Lc  tasks.o [1]
xPendingReadyList       0x20006d7c    0x14  Data  Lc  tasks.o [1]
xPortStartScheduler     0x08006247    0xcc  Code  Gb  port.o [1]
xPortSysTickHandler     0x0800637f    0x2c  Code  Gb  port.o [1]
xQueueCreateCountingSemaphore
                        0x080059d3    0x58  Code  Gb  queue.o [1]
xQueueCreateMutex       0x08005963    0x70  Code  Gb  queue.o [1]
xQueueGenericCreate     0x080058e1    0x82  Code  Gb  queue.o [1]
xQueueGenericReceive    0x08005da1   0x1cc  Code  Gb  queue.o [1]
xQueueGenericReset      0x08005851    0x90  Code  Gb  queue.o [1]
xQueueGenericSend       0x08005a2b   0x1b2  Code  Gb  queue.o [1]
xQueueGenericSendFromISR
                        0x08005bdd    0xec  Code  Gb  queue.o [1]
xQueueGiveFromISR       0x08005cc9    0xd8  Code  Gb  queue.o [1]
xQueueReceiveFromISR    0x08005f6d    0xc2  Code  Gb  queue.o [1]
xQueueRegistry          0x20006cf8    0x40  Data  Gb  queue.o [1]
xSchedulerRunning       0x20006ec8     0x4  Data  Lc  tasks.o [1]
xStart                  0x20006dfc     0x8  Data  Lc  heap_4.o [1]
xSuspendedTaskList      0x20006da4    0x14  Data  Lc  tasks.o [1]
xTaskCheckForTimeOut    0x0800505b    0x88  Code  Gb  tasks.o [1]
xTaskGenericCreate      0x080049e5   0x182  Code  Gb  tasks.o [1]
xTaskGenericNotify      0x080055f9   0x100  Code  Gb  tasks.o [1]
xTaskGetCurrentTaskHandle
                        0x0800533b     0xa  Code  Gb  tasks.o [1]
xTaskGetSchedulerState  0x08005345    0x26  Code  Gb  tasks.o [1]
xTaskGetTickCount       0x08004d5d     0xa  Code  Gb  tasks.o [1]
xTaskGetTickCountFromISR
                        0x08004d67    0x16  Code  Gb  tasks.o [1]
xTaskIncrementTick      0x08004d7d   0x134  Code  Gb  tasks.o [1]
xTaskNotifyFromISR      0x080056fd   0x116  Code  Gb  tasks.o [1]
xTaskNotifyWait         0x08005509    0xe6  Code  Gb  tasks.o [1]
xTaskPriorityDisinherit
                        0x0800541d    0xba  Code  Gb  tasks.o [1]
xTaskRemoveFromEventList
                        0x08004f99    0x84  Code  Gb  tasks.o [1]
xTaskResumeAll          0x08004c5d   0x100  Code  Gb  tasks.o [1]
xTasksWaitingTermination
                        0x20006d90    0x14  Data  Lc  tasks.o [1]
xTickCount              0x20006ec0     0x4  Data  Lc  tasks.o [1]
xYieldPending           0x20006ed0     0x4  Data  Lc  tasks.o [1]


[1] = D:\HargicStudio\AirMonitor\AirMonitor\FatFs_uSD_RTOS\EWARM\AirMonitor\Obj
[2] = command line
[3] = dl7M_tlf.a
[4] = m7M_tlv.a
[5] = rt7M_tl.a
[6] = shb_l.a

  53 270 bytes of readonly  code memory
   5 722 bytes of readonly  data memory
  30 441 bytes of readwrite data memory

Errors: none
Warnings: none
