###############################################################################
#
# IAR ELF Linker V7.50.2.10312/W32 for ARM                03/Oct/2016  16:16:07
# Copyright 2007-2015 IAR Systems AB.
#
#    Output file  =  
#        E:\Bussiness
#        Project\bjsensor\gitSVN\AirMonitor.git\trunk\FatFs_uSD_RTOS\EWARM\AirMonitor\Exe\AirMonitor.out
#    Map file     =  
#        E:\Bussiness
#        Project\bjsensor\gitSVN\AirMonitor.git\trunk\FatFs_uSD_RTOS\EWARM\AirMonitor\List\AirMonitor.map
#    Command line =  
#        "E:\Bussiness
#        Project\bjsensor\gitSVN\AirMonitor.git\trunk\FatFs_uSD_RTOS\EWARM\AirMonitor\Obj\407VE_sd.o"
#        "E:\Bussiness
#        Project\bjsensor\gitSVN\AirMonitor.git\trunk\FatFs_uSD_RTOS\EWARM\AirMonitor\Obj\AaMem.o"
#        "E:\Bussiness
#        Project\bjsensor\gitSVN\AirMonitor.git\trunk\FatFs_uSD_RTOS\EWARM\AirMonitor\Obj\AaShell.o"
#        "E:\Bussiness
#        Project\bjsensor\gitSVN\AirMonitor.git\trunk\FatFs_uSD_RTOS\EWARM\AirMonitor\Obj\AaSysCom.o"
#        "E:\Bussiness
#        Project\bjsensor\gitSVN\AirMonitor.git\trunk\FatFs_uSD_RTOS\EWARM\AirMonitor\Obj\AaSysLogInterface.o"
#        "E:\Bussiness
#        Project\bjsensor\gitSVN\AirMonitor.git\trunk\FatFs_uSD_RTOS\EWARM\AirMonitor\Obj\AaSysLogSystem.o"
#        "E:\Bussiness
#        Project\bjsensor\gitSVN\AirMonitor.git\trunk\FatFs_uSD_RTOS\EWARM\AirMonitor\Obj\AaTag.o"
#        "E:\Bussiness
#        Project\bjsensor\gitSVN\AirMonitor.git\trunk\FatFs_uSD_RTOS\EWARM\AirMonitor\Obj\AaThread.o"
#        "E:\Bussiness
#        Project\bjsensor\gitSVN\AirMonitor.git\trunk\FatFs_uSD_RTOS\EWARM\AirMonitor\Obj\ads1222.o"
#        "E:\Bussiness
#        Project\bjsensor\gitSVN\AirMonitor.git\trunk\FatFs_uSD_RTOS\EWARM\AirMonitor\Obj\alpha_sense.o"
#        "E:\Bussiness
#        Project\bjsensor\gitSVN\AirMonitor.git\trunk\FatFs_uSD_RTOS\EWARM\AirMonitor\Obj\am2302.o"
#        "E:\Bussiness
#        Project\bjsensor\gitSVN\AirMonitor.git\trunk\FatFs_uSD_RTOS\EWARM\AirMonitor\Obj\BipBuffer.o"
#        "E:\Bussiness
#        Project\bjsensor\gitSVN\AirMonitor.git\trunk\FatFs_uSD_RTOS\EWARM\AirMonitor\Obj\CCSDaemon.o"
#        "E:\Bussiness
#        Project\bjsensor\gitSVN\AirMonitor.git\trunk\FatFs_uSD_RTOS\EWARM\AirMonitor\Obj\Cfg.o"
#        "E:\Bussiness
#        Project\bjsensor\gitSVN\AirMonitor.git\trunk\FatFs_uSD_RTOS\EWARM\AirMonitor\Obj\cmsis_os.o"
#        "E:\Bussiness
#        Project\bjsensor\gitSVN\AirMonitor.git\trunk\FatFs_uSD_RTOS\EWARM\AirMonitor\Obj\common.o"
#        "E:\Bussiness
#        Project\bjsensor\gitSVN\AirMonitor.git\trunk\FatFs_uSD_RTOS\EWARM\AirMonitor\Obj\config.o"
#        "E:\Bussiness
#        Project\bjsensor\gitSVN\AirMonitor.git\trunk\FatFs_uSD_RTOS\EWARM\AirMonitor\Obj\cp15.o"
#        "E:\Bussiness
#        Project\bjsensor\gitSVN\AirMonitor.git\trunk\FatFs_uSD_RTOS\EWARM\AirMonitor\Obj\cp15_dev.o"
#        "E:\Bussiness
#        Project\bjsensor\gitSVN\AirMonitor.git\trunk\FatFs_uSD_RTOS\EWARM\AirMonitor\Obj\crc.o"
#        "E:\Bussiness
#        Project\bjsensor\gitSVN\AirMonitor.git\trunk\FatFs_uSD_RTOS\EWARM\AirMonitor\Obj\croutine.o"
#        "E:\Bussiness
#        Project\bjsensor\gitSVN\AirMonitor.git\trunk\FatFs_uSD_RTOS\EWARM\AirMonitor\Obj\dataHandler.o"
#        "E:\Bussiness
#        Project\bjsensor\gitSVN\AirMonitor.git\trunk\FatFs_uSD_RTOS\EWARM\AirMonitor\Obj\dataRecord.o"
#        "E:\Bussiness
#        Project\bjsensor\gitSVN\AirMonitor.git\trunk\FatFs_uSD_RTOS\EWARM\AirMonitor\Obj\dataRecv.o"
#        "E:\Bussiness
#        Project\bjsensor\gitSVN\AirMonitor.git\trunk\FatFs_uSD_RTOS\EWARM\AirMonitor\Obj\diskio.o"
#        "E:\Bussiness
#        Project\bjsensor\gitSVN\AirMonitor.git\trunk\FatFs_uSD_RTOS\EWARM\AirMonitor\Obj\dn7c3.o"
#        "E:\Bussiness
#        Project\bjsensor\gitSVN\AirMonitor.git\trunk\FatFs_uSD_RTOS\EWARM\AirMonitor\Obj\dnc3_dev.o"
#        "E:\Bussiness
#        Project\bjsensor\gitSVN\AirMonitor.git\trunk\FatFs_uSD_RTOS\EWARM\AirMonitor\Obj\fan.o"
#        "E:\Bussiness
#        Project\bjsensor\gitSVN\AirMonitor.git\trunk\FatFs_uSD_RTOS\EWARM\AirMonitor\Obj\ff.o"
#        "E:\Bussiness
#        Project\bjsensor\gitSVN\AirMonitor.git\trunk\FatFs_uSD_RTOS\EWARM\AirMonitor\Obj\ff_gen_drv.o"
#        "E:\Bussiness
#        Project\bjsensor\gitSVN\AirMonitor.git\trunk\FatFs_uSD_RTOS\EWARM\AirMonitor\Obj\format.o"
#        "E:\Bussiness
#        Project\bjsensor\gitSVN\AirMonitor.git\trunk\FatFs_uSD_RTOS\EWARM\AirMonitor\Obj\gps.o"
#        "E:\Bussiness
#        Project\bjsensor\gitSVN\AirMonitor.git\trunk\FatFs_uSD_RTOS\EWARM\AirMonitor\Obj\gps_dev.o"
#        "E:\Bussiness
#        Project\bjsensor\gitSVN\AirMonitor.git\trunk\FatFs_uSD_RTOS\EWARM\AirMonitor\Obj\gpsAnalyser.o"
#        "E:\Bussiness
#        Project\bjsensor\gitSVN\AirMonitor.git\trunk\FatFs_uSD_RTOS\EWARM\AirMonitor\Obj\gsm.o"
#        "E:\Bussiness
#        Project\bjsensor\gitSVN\AirMonitor.git\trunk\FatFs_uSD_RTOS\EWARM\AirMonitor\Obj\gsm_dev.o"
#        "E:\Bussiness
#        Project\bjsensor\gitSVN\AirMonitor.git\trunk\FatFs_uSD_RTOS\EWARM\AirMonitor\Obj\gsm_power_dev.o"
#        "E:\Bussiness
#        Project\bjsensor\gitSVN\AirMonitor.git\trunk\FatFs_uSD_RTOS\EWARM\AirMonitor\Obj\gsmCtrl.o"
#        "E:\Bussiness
#        Project\bjsensor\gitSVN\AirMonitor.git\trunk\FatFs_uSD_RTOS\EWARM\AirMonitor\Obj\heap_4.o"
#        "E:\Bussiness
#        Project\bjsensor\gitSVN\AirMonitor.git\trunk\FatFs_uSD_RTOS\EWARM\AirMonitor\Obj\led.o"
#        "E:\Bussiness
#        Project\bjsensor\gitSVN\AirMonitor.git\trunk\FatFs_uSD_RTOS\EWARM\AirMonitor\Obj\led_dev.o"
#        "E:\Bussiness
#        Project\bjsensor\gitSVN\AirMonitor.git\trunk\FatFs_uSD_RTOS\EWARM\AirMonitor\Obj\list.o"
#        "E:\Bussiness
#        Project\bjsensor\gitSVN\AirMonitor.git\trunk\FatFs_uSD_RTOS\EWARM\AirMonitor\Obj\main.o"
#        "E:\Bussiness
#        Project\bjsensor\gitSVN\AirMonitor.git\trunk\FatFs_uSD_RTOS\EWARM\AirMonitor\Obj\moduleStatus.o"
#        "E:\Bussiness
#        Project\bjsensor\gitSVN\AirMonitor.git\trunk\FatFs_uSD_RTOS\EWARM\AirMonitor\Obj\osa_file.o"
#        "E:\Bussiness
#        Project\bjsensor\gitSVN\AirMonitor.git\trunk\FatFs_uSD_RTOS\EWARM\AirMonitor\Obj\port.o"
#        "E:\Bussiness
#        Project\bjsensor\gitSVN\AirMonitor.git\trunk\FatFs_uSD_RTOS\EWARM\AirMonitor\Obj\portasm.o"
#        "E:\Bussiness
#        Project\bjsensor\gitSVN\AirMonitor.git\trunk\FatFs_uSD_RTOS\EWARM\AirMonitor\Obj\print_com.o"
#        "E:\Bussiness
#        Project\bjsensor\gitSVN\AirMonitor.git\trunk\FatFs_uSD_RTOS\EWARM\AirMonitor\Obj\queue.o"
#        "E:\Bussiness
#        Project\bjsensor\gitSVN\AirMonitor.git\trunk\FatFs_uSD_RTOS\EWARM\AirMonitor\Obj\RingBufferUtils.o"
#        "E:\Bussiness
#        Project\bjsensor\gitSVN\AirMonitor.git\trunk\FatFs_uSD_RTOS\EWARM\AirMonitor\Obj\rtc_dev.o"
#        "E:\Bussiness
#        Project\bjsensor\gitSVN\AirMonitor.git\trunk\FatFs_uSD_RTOS\EWARM\AirMonitor\Obj\sd_diskio.o"
#        "E:\Bussiness
#        Project\bjsensor\gitSVN\AirMonitor.git\trunk\FatFs_uSD_RTOS\EWARM\AirMonitor\Obj\startup_stm32f407xx.o"
#        "E:\Bussiness
#        Project\bjsensor\gitSVN\AirMonitor.git\trunk\FatFs_uSD_RTOS\EWARM\AirMonitor\Obj\stm32f4xx_hal.o"
#        "E:\Bussiness
#        Project\bjsensor\gitSVN\AirMonitor.git\trunk\FatFs_uSD_RTOS\EWARM\AirMonitor\Obj\stm32f4xx_hal_adc.o"
#        "E:\Bussiness
#        Project\bjsensor\gitSVN\AirMonitor.git\trunk\FatFs_uSD_RTOS\EWARM\AirMonitor\Obj\stm32f4xx_hal_adc_ex.o"
#        "E:\Bussiness
#        Project\bjsensor\gitSVN\AirMonitor.git\trunk\FatFs_uSD_RTOS\EWARM\AirMonitor\Obj\stm32f4xx_hal_cortex.o"
#        "E:\Bussiness
#        Project\bjsensor\gitSVN\AirMonitor.git\trunk\FatFs_uSD_RTOS\EWARM\AirMonitor\Obj\stm32f4xx_hal_crc.o"
#        "E:\Bussiness
#        Project\bjsensor\gitSVN\AirMonitor.git\trunk\FatFs_uSD_RTOS\EWARM\AirMonitor\Obj\stm32f4xx_hal_dma.o"
#        "E:\Bussiness
#        Project\bjsensor\gitSVN\AirMonitor.git\trunk\FatFs_uSD_RTOS\EWARM\AirMonitor\Obj\stm32f4xx_hal_flash.o"
#        "E:\Bussiness
#        Project\bjsensor\gitSVN\AirMonitor.git\trunk\FatFs_uSD_RTOS\EWARM\AirMonitor\Obj\stm32f4xx_hal_flash_ex.o"
#        "E:\Bussiness
#        Project\bjsensor\gitSVN\AirMonitor.git\trunk\FatFs_uSD_RTOS\EWARM\AirMonitor\Obj\stm32f4xx_hal_gpio.o"
#        "E:\Bussiness
#        Project\bjsensor\gitSVN\AirMonitor.git\trunk\FatFs_uSD_RTOS\EWARM\AirMonitor\Obj\stm32f4xx_hal_msp.o"
#        "E:\Bussiness
#        Project\bjsensor\gitSVN\AirMonitor.git\trunk\FatFs_uSD_RTOS\EWARM\AirMonitor\Obj\stm32f4xx_hal_pwr.o"
#        "E:\Bussiness
#        Project\bjsensor\gitSVN\AirMonitor.git\trunk\FatFs_uSD_RTOS\EWARM\AirMonitor\Obj\stm32f4xx_hal_rcc.o"
#        "E:\Bussiness
#        Project\bjsensor\gitSVN\AirMonitor.git\trunk\FatFs_uSD_RTOS\EWARM\AirMonitor\Obj\stm32f4xx_hal_rcc_ex.o"
#        "E:\Bussiness
#        Project\bjsensor\gitSVN\AirMonitor.git\trunk\FatFs_uSD_RTOS\EWARM\AirMonitor\Obj\stm32f4xx_hal_rtc.o"
#        "E:\Bussiness
#        Project\bjsensor\gitSVN\AirMonitor.git\trunk\FatFs_uSD_RTOS\EWARM\AirMonitor\Obj\stm32f4xx_hal_rtc_ex.o"
#        "E:\Bussiness
#        Project\bjsensor\gitSVN\AirMonitor.git\trunk\FatFs_uSD_RTOS\EWARM\AirMonitor\Obj\stm32f4xx_hal_sd.o"
#        "E:\Bussiness
#        Project\bjsensor\gitSVN\AirMonitor.git\trunk\FatFs_uSD_RTOS\EWARM\AirMonitor\Obj\stm32f4xx_hal_tim.o"
#        "E:\Bussiness
#        Project\bjsensor\gitSVN\AirMonitor.git\trunk\FatFs_uSD_RTOS\EWARM\AirMonitor\Obj\stm32f4xx_hal_tim_ex.o"
#        "E:\Bussiness
#        Project\bjsensor\gitSVN\AirMonitor.git\trunk\FatFs_uSD_RTOS\EWARM\AirMonitor\Obj\stm32f4xx_hal_uart.o"
#        "E:\Bussiness
#        Project\bjsensor\gitSVN\AirMonitor.git\trunk\FatFs_uSD_RTOS\EWARM\AirMonitor\Obj\stm32f4xx_hal_wwdg.o"
#        "E:\Bussiness
#        Project\bjsensor\gitSVN\AirMonitor.git\trunk\FatFs_uSD_RTOS\EWARM\AirMonitor\Obj\stm32f4xx_it.o"
#        "E:\Bussiness
#        Project\bjsensor\gitSVN\AirMonitor.git\trunk\FatFs_uSD_RTOS\EWARM\AirMonitor\Obj\stm32f4xx_ll_sdmmc.o"
#        "E:\Bussiness
#        Project\bjsensor\gitSVN\AirMonitor.git\trunk\FatFs_uSD_RTOS\EWARM\AirMonitor\Obj\syscall.o"
#        "E:\Bussiness
#        Project\bjsensor\gitSVN\AirMonitor.git\trunk\FatFs_uSD_RTOS\EWARM\AirMonitor\Obj\system_stm32f4xx.o"
#        "E:\Bussiness
#        Project\bjsensor\gitSVN\AirMonitor.git\trunk\FatFs_uSD_RTOS\EWARM\AirMonitor\Obj\tasks.o"
#        "E:\Bussiness
#        Project\bjsensor\gitSVN\AirMonitor.git\trunk\FatFs_uSD_RTOS\EWARM\AirMonitor\Obj\timers.o"
#        "E:\Bussiness
#        Project\bjsensor\gitSVN\AirMonitor.git\trunk\FatFs_uSD_RTOS\EWARM\AirMonitor\Obj\unicode.o"
#        --redirect _Printf=_PrintfFull --redirect _Scanf=_ScanfFull -o
#        "E:\Bussiness
#        Project\bjsensor\gitSVN\AirMonitor.git\trunk\FatFs_uSD_RTOS\EWARM\AirMonitor\Exe\AirMonitor.out"
#        --map "E:\Bussiness
#        Project\bjsensor\gitSVN\AirMonitor.git\trunk\FatFs_uSD_RTOS\EWARM\AirMonitor\List\AirMonitor.map"
#        --config "E:\Bussiness
#        Project\bjsensor\gitSVN\AirMonitor.git\trunk\FatFs_uSD_RTOS\EWARM\stm32f407xx_flash.icf"
#        --semihosting --entry __iar_program_start --vfe
#
###############################################################################

*******************************************************************************
*** MESSAGES
***

Error[Li005]: no definition for "IsSendResetSys" [referenced from E:\Bussiness 
          Project\bjsensor\gitSVN\AirMonitor.git\trunk\FatFs_uSD_RTOS\EWARM\Air
          Monitor\Obj\gsm.o]


*******************************************************************************
*** RUNTIME MODEL ATTRIBUTES
***

CppFlavor                     = *
__Heap_Handler                = DLMalloc
__SystemLibrary               = DLib
__dlib_dynamic_initialization = normal


*******************************************************************************
*** PLACEMENT SUMMARY
***

"A1":  place at 0x08000000 { ro section .intvec };
"P1":  place in [from 0x08000000 to 0x0807ffff] { ro };
"P2":  place in [from 0x20000000 to 0x2001ffff] { rw, block CSTACK, block HEAP };

  Section             Kind        Address     Size  Object
  -------             ----        -------     ----  ------
"A1":                                        0x188
  .intvec             ro code  0x08000000    0x188  startup_stm32f407xx.o [1]
                             - 0x08000188    0x188

"P1":                                      0x1a521
  .text               ro code  0x08000188   0x2fae  ff.o [1]
  .text               ro code  0x08003136     0x76  lz77_init_single.o [5]
  .text               ro code  0x080031ac     0x7a  syscall.o [1]
  .text               ro code  0x08003226      0xa  xsprout.o [3]
  .text               ro code  0x08003230     0xfc  diskio.o [1]
  .text               ro code  0x0800332c     0x90  unicode.o [1]
  .text               ro code  0x080033bc    0x3d8  cmsis_os.o [1]
  .text               ro code  0x08003794   0x14f0  dlmalloc.o [3]
  .text               ro code  0x08004c84    0xf20  tasks.o [1]
  .text               ro code  0x08005ba4    0x8b4  queue.o [1]
  .text               ro code  0x08006458    0x258  port.o [1]
  .text               ro code  0x080066b0      0x6  abort.o [3]
  .rodata             const    0x080066b6      0x2  Cfg.o [1]
  .text               ro code  0x080066b8     0x2c  xgetmemchunk.o [3]
  .text               ro code  0x080066e4     0x9e  list.o [1]
  .rodata             const    0x08006782      0x2  Cfg.o [1]
  .text               ro code  0x08006784    0x280  heap_4.o [1]
  .text               ro code  0x08006a04     0x76  ABImemcpy_unaligned.o [5]
  CODE                ro code  0x08006a7c     0xa8  portasm.o [1]
  .text               ro code  0x08006b24     0x14  exit.o [6]
  .text               ro code  0x08006b38   0x152c  stm32f4xx_hal_sd.o [1]
  .text               ro code  0x08008064     0xd0  stm32f4xx_ll_sdmmc.o [1]
  .text               ro code  0x08008134     0x94  stm32f4xx_hal.o [1]
  .text               ro code  0x080081c8    0x18c  stm32f4xx_hal_cortex.o [1]
  .text               ro code  0x08008354    0x614  stm32f4xx_hal_rcc.o [1]
  .text               ro code  0x08008968   0x133c  dataRecv.o [1]
  .text               ro code  0x08009ca4    0x1f4  AaSysLogInterface.o [1]
  .text               ro code  0x08009e98    0x120  common.o [1]
  .text               ro code  0x08009fb8    0xb60  config.o [1]
  .text               ro code  0x0800ab18     0x7c  crc.o [1]
  .text               ro code  0x0800ab94    0x12e  format.o [1]
  .text               ro code  0x0800acc4    0x650  gsmCtrl.o [1]
  .text               ro code  0x0800b314   0x1204  dataHandler.o [1]
  .text               ro code  0x0800c518    0x57e  dataRecord.o [1]
  .text               ro code  0x0800ca98     0x66  ABImemset.o [5]
  .text               ro code  0x0800cb00    0x45c  AaMem.o [1]
  .text               ro code  0x0800cf5c     0x36  strlen.o [5]
  .text               ro code  0x0800cf94    0x1a6  AaThread.o [1]
  .text               ro code  0x0800d13c    0x260  rtc_dev.o [1]
  .text               ro code  0x0800d39c     0x34  sprintf.o [3]
  .text               ro code  0x0800d3d0     0x2c  vsprintf.o [3]
  .text               ro code  0x0800d3fc    0x204  Cfg.o [1]
  .text               ro code  0x0800d600     0xc4  osa_file.o [1]
  .text               ro code  0x0800d6c4    0xa1c  gsm.o [1]
  .text               ro code  0x0800e0e0     0x10  gsmCtrl.o [1]
  .text               ro code  0x0800e0f0     0x70  gsm_power_dev.o [1]
  .text               ro code  0x0800e160     0x4e  FltToDbl.o [4]
  .text               ro code  0x0800e1b0    0x180  DblSub.o [4]
  .text               ro code  0x0800e330    0x1a2  DblMul.o [4]
  .text               ro code  0x0800e4d4    0x256  DblDiv.o [4]
  .text               ro code  0x0800e72c     0xe8  DblAdd.o [4]
  .text               ro code  0x0800e814     0x30  I32ToDbl.o [4]
  .text               ro code  0x0800e844     0x90  DblToFlt.o [4]
  .text               ro code  0x0800e8d4     0x2e  DblCmpLe.o [4]
  .text               ro code  0x0800e904     0x58  DblToI32.o [4]
  .text               ro code  0x0800e95c     0x34  moduleStatus.o [1]
  .text               ro code  0x0800e990     0x24  printf.o [3]
  .text               ro code  0x0800e9b4     0x6c  strncpy_unaligned.o [5]
  .text               ro code  0x0800ea20    0x432  stm32f4xx_hal_rtc.o [1]
  .text               ro code  0x0800ee54     0x26  stm32f4xx_hal_rtc_ex.o [1]
  .text               ro code  0x0800ee7c    0x178  stm32f4xx_hal_rcc_ex.o [1]
  .text               ro code  0x0800eff4   0x1166  xprintffull.o [3]
  .text               ro code  0x0801015a     0x28  strncmp.o [3]
  .text               ro code  0x08010184      0x6  ABImemclr4.o [5]
  .text               ro code  0x0801018a      0x8  atoi.o [3]
  .text               ro code  0x08010194     0x70  ff_gen_drv.o [1]
  .text               ro code  0x08010204    0x414  RingBufferUtils.o [1]
  .text               ro code  0x08010618    0x9c0  stm32f4xx_hal_uart.o [1]
  .text               ro code  0x08010fd8    0x174  gsm_dev.o [1]
  .text               ro code  0x0801114c     0x2c  strstr.o [3]
  .text               ro code  0x08011178    0x3f0  stm32f4xx_hal_gpio.o [1]
  .text               ro code  0x08011568     0x20  xmbtowc.o [3]
  .text               ro code  0x08011588     0x16  strchr.o [5]
  .text               ro code  0x080115a0     0x58  memchr.o [5]
  .text               ro code  0x080115f8      0xa  xmbcurmax.o [3]
  .text               ro code  0x08011602     0x1a  xwctomb.o [3]
  .text               ro code  0x0801161c     0xee  I64DivMod.o [5]
  .text               ro code  0x0801170a     0x42  xdnorm.o [4]
  .text               ro code  0x0801174c     0x2e  DblCmpGe.o [4]
  .text               ro code  0x0801177c    0x114  xdscale.o [4]
  .text               ro code  0x08011890     0x6c  localeconv.o [3]
  .text               ro code  0x080118fc      0xe  div.o [3]
  .text               ro code  0x0801190c     0x32  ABImemset48.o [5]
  .text               ro code  0x08011940    0x198  xstoul.o [3]
  .text               ro code  0x08011ad8    0x156  stm32f4xx_hal_msp.o [1]
  .text               ro code  0x08011c30    0x3a0  stm32f4xx_hal_dma.o [1]
  .text               ro code  0x08011fd0     0x24  setlocale.o [3]
  .text               ro code  0x08011ff4     0x60  xencoding_sb.o [3]
  .text               ro code  0x08012054      0x2  I64DivZer.o [5]
  .text               ro code  0x08012056      0x2  xtls.o [3]
  .text               ro code  0x08012058     0x14  isxxx.o [3]
  .text               ro code  0x0801206c     0x14  tolower.o [3]
  .text               ro code  0x08012080      0xc  errno.o [3]
  .text               ro code  0x0801208c    0x240  print_com.o [1]
  .text               ro code  0x080122cc    0x160  gps_dev.o [1]
  .text               ro code  0x0801242c    0x174  cp15_dev.o [1]
  .text               ro code  0x080125a0    0x6d8  ads1222.o [1]
  .text               ro code  0x08012c78     0x14  xlocale_c.o [3]
  .text               ro code  0x08012c8c      0xc  xlocale_c.o [3]
  .text               ro code  0x08012c98    0x2f8  AaSysLogSystem.o [1]
  .text               ro code  0x08012f90     0x44  AaShell.o [1]
  .text               ro code  0x08012fd4    0x24c  gps.o [1]
  .text               ro code  0x08013220    0x468  cp15.o [1]
  .text               ro code  0x08013688    0x5e4  alpha_sense.o [1]
  .text               ro code  0x08013c6c    0x18a  BipBuffer.o [1]
  .text               ro code  0x08013df8    0x6d0  gpsAnalyser.o [1]
  .text               ro code  0x080144c8    0x2e0  AaSysCom.o [1]
  .text               ro code  0x080147a8    0x8c0  pow.o [4]
  .text               ro code  0x08015068     0x7a  xdint.o [4]
  .text               ro code  0x080150e4     0x20  DblCmpEq.o [4]
  .text               ro code  0x08015104     0xb0  xlog.o [4]
  .text               ro code  0x080151b4    0x2c6  xexp.o [4]
  .text               ro code  0x0801547a     0x40  xdtest.o [4]
  .text               ro code  0x080154bc    0x6f0  stm32f4xx_hal_tim.o [1]
  .text               ro code  0x08015bac    0x298  dnc3_dev.o [1]
  .text               ro code  0x08015e44    0x600  stm32f4xx_hal_adc.o [1]
  .text               ro code  0x08016444     0x5a  stm32f4xx_hal_tim_ex.o [1]
  .text               ro code  0x080164a0      0x2  stm32f4xx_hal_adc_ex.o [1]
  .text               ro code  0x080164a4    0x4bc  am2302.o [1]
  .text               ro code  0x08016960    0x364  407VE_sd.o [1]
  .text               ro code  0x08016cc4    0x2b8  dn7c3.o [1]
  .rodata             const    0x08016f7c    0x1e0  unicode.o [1]
  .rodata             const    0x0801715c    0x1e0  unicode.o [1]
  .text               ro code  0x0801733c    0x1c8  fan.o [1]
  .text               ro code  0x08017504    0x124  sd_diskio.o [1]
  .text               ro code  0x08017628    0x118  led.o [1]
  .text               ro code  0x08017740     0x6c  led_dev.o [1]
  .rodata             const    0x080177ac    0x100  crc.o [1]
  .rodata             const    0x080178ac    0x100  crc.o [1]
  .rodata             const    0x080179ac    0x100  unicode.o [1]
  .text               ro code  0x08017aac     0xc4  main.o [1]
  .text               ro code  0x08017b70     0x7c  CCSDaemon.o [1]
  .text               ro code  0x08017bec     0xb0  stm32f4xx_it.o [1]
  .rodata             const    0x08017c9c     0x80  ff.o [1]
  .text               ro code  0x08017d1c     0x6c  system_stm32f4xx.o [1]
  .rodata             const    0x08017d88     0x58  AaSysLogSystem.o [1]
  .rodata             const    0x08017de0     0x50  AaSysLogSystem.o [1]
  .rodata             const    0x08017e30     0x4c  AaSysCom.o [1]
  .rodata             const    0x08017e7c     0x48  AaSysLogSystem.o [1]
  .rodata             const    0x08017ec4     0x44  AaSysCom.o [1]
  .rodata             const    0x08017f08     0x44  AaSysCom.o [1]
  .rodata             const    0x08017f4c     0x44  led.o [1]
  .rodata             const    0x08017f90     0x40  AaSysCom.o [1]
  .text               ro code  0x08017fd0     0x40  zero_init3.o [5]
  .rodata             const    0x08018010     0x3c  am2302.o [1]
  .rodata             const    0x0801804c     0x3c  config.o [1]
  .rodata             const    0x08018088     0x3c  cp15.o [1]
  .rodata             const    0x080180c4     0x3c  cp15.o [1]
  .rodata             const    0x08018100     0x3c  gps.o [1]
  .rodata             const    0x0801813c     0x3c  gps.o [1]
  .rodata             const    0x08018178     0x3c  gsmCtrl.o [1]
  .rodata             const    0x080181b4     0x3c  gsmCtrl.o [1]
  .rodata             const    0x080181f0     0x38  AaSysLogInterface.o [1]
  .rodata             const    0x08018228     0x38  dataHandler.o [1]
  .rodata             const    0x08018260     0x34  cp15.o [1]
  .rodata             const    0x08018294     0x34  dataRecord.o [1]
  .rodata             const    0x080182c8     0x34  dataRecv.o [1]
  .rodata             const    0x080182fc     0x34  gsm.o [1]
  .rodata             const    0x08018330     0x30  AaSysLogSystem.o [1]
  .rodata             const    0x08018360     0x30  alpha_sense.o [1]
  .rodata             const    0x08018390     0x30  Cfg.o [1]
  .rodata             const    0x080183c0     0x30  config.o [1]
  .rodata             const    0x080183f0     0x30  dataHandler.o [1]
  .rodata             const    0x08018420     0x30  dataRecv.o [1]
  .rodata             const    0x08018450     0x30  dataRecv.o [1]
  .rodata             const    0x08018480     0x30  dataRecv.o [1]
  .rodata             const    0x080184b0     0x30  dataRecv.o [1]
  .rodata             const    0x080184e0     0x30  dataRecv.o [1]
  .rodata             const    0x08018510     0x30  dataRecv.o [1]
  .rodata             const    0x08018540     0x30  gps.o [1]
  .rodata             const    0x08018570     0x30  gsm.o [1]
  .rodata             const    0x080185a0     0x30  gsmCtrl.o [1]
  .rodata             const    0x080185d0     0x30  gsmCtrl.o [1]
  .rodata             const    0x08018600     0x2c  alpha_sense.o [1]
  .rodata             const    0x0801862c     0x2c  alpha_sense.o [1]
  .rodata             const    0x08018658     0x2c  alpha_sense.o [1]
  .rodata             const    0x08018684     0x2c  alpha_sense.o [1]
  .rodata             const    0x080186b0     0x2c  config.o [1]
  .rodata             const    0x080186dc     0x2c  config.o [1]
  .rodata             const    0x08018708     0x2c  cp15.o [1]
  .rodata             const    0x08018734     0x2c  cp15.o [1]
  .rodata             const    0x08018760     0x2c  cp15.o [1]
  .rodata             const    0x0801878c     0x2c  dataHandler.o [1]
  .rodata             const    0x080187b8     0x2c  dataHandler.o [1]
  .rodata             const    0x080187e4     0x2c  dataHandler.o [1]
  .rodata             const    0x08018810     0x2c  dataHandler.o [1]
  .rodata             const    0x0801883c     0x2c  dataHandler.o [1]
  .rodata             const    0x08018868     0x2c  dataRecv.o [1]
  .rodata             const    0x08018894     0x2c  gsm.o [1]
  .rodata             const    0x080188c0     0x2c  gsm.o [1]
  .rodata             const    0x080188ec     0x2c  gsm.o [1]
  .rodata             const    0x08018918     0x2c  gsm.o [1]
  .rodata             const    0x08018944     0x2c  gsm.o [1]
  .rodata             const    0x08018970     0x28  AaSysCom.o [1]
  .rodata             const    0x08018998     0x28  AaSysLogSystem.o [1]
  .rodata             const    0x080189c0     0x28  AaSysLogSystem.o [1]
  .rodata             const    0x080189e8     0x28  AaThread.o [1]
  .rodata             const    0x08018a10     0x28  alpha_sense.o [1]
  .rodata             const    0x08018a38     0x28  am2302.o [1]
  .rodata             const    0x08018a60     0x28  config.o [1]
  .rodata             const    0x08018a88     0x28  config.o [1]
  .rodata             const    0x08018ab0     0x28  cp15.o [1]
  .rodata             const    0x08018ad8     0x28  cp15.o [1]
  .rodata             const    0x08018b00     0x28  cp15.o [1]
  .rodata             const    0x08018b28     0x28  dataHandler.o [1]
  .rodata             const    0x08018b50     0x28  dataHandler.o [1]
  .rodata             const    0x08018b78     0x28  dataRecord.o [1]
  .rodata             const    0x08018ba0     0x28  dataRecv.o [1]
  .rodata             const    0x08018bc8     0x28  dataRecv.o [1]
  .rodata             const    0x08018bf0     0x28  dataRecv.o [1]
  .rodata             const    0x08018c18     0x28  dataRecv.o [1]
  .rodata             const    0x08018c40     0x28  dataRecv.o [1]
  .rodata             const    0x08018c68     0x28  dn7c3.o [1]
  .rodata             const    0x08018c90     0x28  dn7c3.o [1]
  .rodata             const    0x08018cb8     0x28  dn7c3.o [1]
  .rodata             const    0x08018ce0     0x28  gps.o [1]
  .rodata             const    0x08018d08     0x28  gps.o [1]
  .rodata             const    0x08018d30     0x28  gsm.o [1]
  .rodata             const    0x08018d58     0x28  gsm.o [1]
  .rodata             const    0x08018d80     0x28  gsm.o [1]
  .rodata             const    0x08018da8     0x28  gsm.o [1]
  .rodata             const    0x08018dd0     0x28  gsmCtrl.o [1]
  .rodata             const    0x08018df8     0x28  gsmCtrl.o [1]
  .rodata             const    0x08018e20     0x28  led.o [1]
  .text               ro code  0x08018e48     0x28  data_init.o [5]
  .rodata             const    0x08018e70     0x24  alpha_sense.o [1]
  .rodata             const    0x08018e94     0x24  Cfg.o [1]
  .rodata             const    0x08018eb8     0x24  config.o [1]
  .rodata             const    0x08018edc     0x24  cp15.o [1]
  .rodata             const    0x08018f00     0x24  dataHandler.o [1]
  .rodata             const    0x08018f24     0x24  dataRecord.o [1]
  .rodata             const    0x08018f48     0x24  dataRecord.o [1]
  .rodata             const    0x08018f6c     0x24  dataRecord.o [1]
  .rodata             const    0x08018f90     0x24  dataRecord.o [1]
  .rodata             const    0x08018fb4     0x24  dataRecord.o [1]
  .rodata             const    0x08018fd8     0x24  dataRecv.o [1]
  .rodata             const    0x08018ffc     0x24  dataRecv.o [1]
  .rodata             const    0x08019020     0x24  dataRecv.o [1]
  .rodata             const    0x08019044     0x24  dataRecv.o [1]
  .rodata             const    0x08019068     0x24  gps.o [1]
  .rodata             const    0x0801908c     0x24  gpsAnalyser.o [1]
  .rodata             const    0x080190b0     0x24  gpsAnalyser.o [1]
  .rodata             const    0x080190d4     0x24  gsm.o [1]
  .rodata             const    0x080190f8     0x24  gsm.o [1]
  .rodata             const    0x0801911c     0x24  osa_file.o [1]
  .text               ro code  0x08019140     0x22  fpinit_M.o [4]
  .iar.init_table     const    0x08019164     0x20  - Linker created -
  .rodata             const    0x08019184     0x20  AaSysCom.o [1]
  .rodata             const    0x080191a4     0x20  AaSysCom.o [1]
  .rodata             const    0x080191c4     0x20  AaSysLogSystem.o [1]
  .rodata             const    0x080191e4     0x20  AaSysLogSystem.o [1]
  .rodata             const    0x08019204     0x20  AaSysLogSystem.o [1]
  .rodata             const    0x08019224     0x20  AaSysLogSystem.o [1]
  .rodata             const    0x08019244     0x20  AaThread.o [1]
  .rodata             const    0x08019264     0x20  alpha_sense.o [1]
  .rodata             const    0x08019284     0x20  alpha_sense.o [1]
  .rodata             const    0x080192a4     0x20  alpha_sense.o [1]
  .rodata             const    0x080192c4     0x20  alpha_sense.o [1]
  .rodata             const    0x080192e4     0x20  config.o [1]
  .rodata             const    0x08019304     0x20  config.o [1]
  .rodata             const    0x08019324     0x20  dataHandler.o [1]
  .rodata             const    0x08019344     0x20  dataRecord.o [1]
  .rodata             const    0x08019364     0x20  dataRecord.o [1]
  .rodata             const    0x08019384     0x20  dataRecv.o [1]
  .rodata             const    0x080193a4     0x20  dataRecv.o [1]
  .rodata             const    0x080193c4     0x20  dataRecv.o [1]
  .rodata             const    0x080193e4     0x20  dataRecv.o [1]
  .rodata             const    0x08019404     0x20  dataRecv.o [1]
  .rodata             const    0x08019424     0x20  gsm.o [1]
  .rodata             const    0x08019444     0x20  gsm.o [1]
  .rodata             const    0x08019464     0x20  gsm.o [1]
  .rodata             const    0x08019484     0x20  gsm.o [1]
  .rodata             const    0x080194a4     0x20  gsm.o [1]
  .rodata             const    0x080194c4     0x20  gsmCtrl.o [1]
  .rodata             const    0x080194e4     0x20  led.o [1]
  .rodata             const    0x08019504     0x20  led.o [1]
  .rodata             const    0x08019524     0x20  led.o [1]
  .rodata             const    0x08019544     0x1c  AaSysCom.o [1]
  .rodata             const    0x08019560     0x1c  alpha_sense.o [1]
  .rodata             const    0x0801957c     0x1c  am2302.o [1]
  .rodata             const    0x08019598     0x1c  common.o [1]
  .rodata             const    0x080195b4     0x1c  cp15.o [1]
  .rodata             const    0x080195d0     0x1c  dataHandler.o [1]
  .rodata             const    0x080195ec     0x1c  dataHandler.o [1]
  .rodata             const    0x08019608     0x1c  dataHandler.o [1]
  .rodata             const    0x08019624     0x1c  dataRecord.o [1]
  .rodata             const    0x08019640     0x1c  dataRecord.o [1]
  .rodata             const    0x0801965c     0x1c  dataRecord.o [1]
  .rodata             const    0x08019678     0x1c  dataRecord.o [1]
  .rodata             const    0x08019694     0x1c  dataRecord.o [1]
  .rodata             const    0x080196b0     0x1c  dataRecord.o [1]
  .rodata             const    0x080196cc     0x1c  dataRecord.o [1]
  .rodata             const    0x080196e8     0x1c  dataRecv.o [1]
  .rodata             const    0x08019704     0x1c  dataRecv.o [1]
  .rodata             const    0x08019720     0x1c  dataRecv.o [1]
  .rodata             const    0x0801973c     0x1c  dataRecv.o [1]
  .rodata             const    0x08019758     0x1c  dataRecv.o [1]
  .rodata             const    0x08019774     0x1c  dataRecv.o [1]
  .rodata             const    0x08019790     0x1c  dataRecv.o [1]
  .rodata             const    0x080197ac     0x1c  dn7c3.o [1]
  .rodata             const    0x080197c8     0x1c  dn7c3.o [1]
  .rodata             const    0x080197e4     0x1c  gps.o [1]
  .rodata             const    0x08019800     0x1c  gsm.o [1]
  .rodata             const    0x0801981c     0x1c  gsm.o [1]
  .rodata             const    0x08019838     0x1c  gsm.o [1]
  .rodata             const    0x08019854     0x1c  gsm.o [1]
  .rodata             const    0x08019870     0x1c  gsmCtrl.o [1]
  .rodata             const    0x0801988c     0x1c  gsmCtrl.o [1]
  .rodata             const    0x080198a8     0x1c  gsmCtrl.o [1]
  .rodata             const    0x080198c4     0x1c  gsmCtrl.o [1]
  .rodata             const    0x080198e0     0x1c  gsmCtrl.o [1]
  .rodata             const    0x080198fc     0x1c  gsmCtrl.o [1]
  .rodata             const    0x08019918     0x1c  gsmCtrl.o [1]
  .rodata             const    0x08019934     0x1c  led.o [1]
  .text               ro code  0x08019950     0x1a  cmain.o [5]
  .text               ro code  0x0801996a      0x4  low_level_init.o [3]
  .text               ro code  0x0801996e      0x4  exit.o [3]
  .text               ro code  0x08019974      0xa  cexit.o [5]
  .rodata             const    0x08019980     0x18  AaSysLogSystem.o [1]
  .rodata             const    0x08019998     0x18  AaSysLogSystem.o [1]
  .rodata             const    0x080199b0     0x18  Cfg.o [1]
  .rodata             const    0x080199c8     0x18  Cfg.o [1]
  .rodata             const    0x080199e0     0x18  dataRecord.o [1]
  .rodata             const    0x080199f8     0x18  dataRecord.o [1]
  .rodata             const    0x08019a10     0x18  dataRecord.o [1]
  .rodata             const    0x08019a28     0x18  dataRecord.o [1]
  .rodata             const    0x08019a40     0x18  dataRecord.o [1]
  .rodata             const    0x08019a58     0x18  dataRecv.o [1]
  .rodata             const    0x08019a70     0x18  dataRecv.o [1]
  .rodata             const    0x08019a88     0x18  gsm.o [1]
  .rodata             const    0x08019aa0     0x18  gsm.o [1]
  .rodata             const    0x08019ab8     0x18  gsm.o [1]
  .rodata             const    0x08019ad0     0x18  gsmCtrl.o [1]
  .text               ro code  0x08019ae8     0x16  xprout.o [3]
  .text               ro code  0x08019b00      0xc  putchar.o [3]
  .rodata             const    0x08019b0c     0x14  AaSysCom.o [1]
  .rodata             const    0x08019b20     0x14  AaSysLogSystem.o [1]
  .rodata             const    0x08019b34     0x14  alpha_sense.o [1]
  .rodata             const    0x08019b48     0x14  alpha_sense.o [1]
  .rodata             const    0x08019b5c     0x14  alpha_sense.o [1]
  .rodata             const    0x08019b70     0x14  alpha_sense.o [1]
  .rodata             const    0x08019b84     0x14  alpha_sense.o [1]
  .rodata             const    0x08019b98     0x14  am2302.o [1]
  .rodata             const    0x08019bac     0x14  Cfg.o [1]
  .rodata             const    0x08019bc0     0x14  cp15.o [1]
  .rodata             const    0x08019bd4     0x14  cp15.o [1]
  .rodata             const    0x08019be8     0x14  cp15.o [1]
  .rodata             const    0x08019bfc     0x14  cp15.o [1]
  .rodata             const    0x08019c10     0x14  dataHandler.o [1]
  .rodata             const    0x08019c24     0x14  dataRecord.o [1]
  .rodata             const    0x08019c38     0x14  dataRecord.o [1]
  .rodata             const    0x08019c4c     0x14  dataRecord.o [1]
  .rodata             const    0x08019c60     0x14  dataRecv.o [1]
  .rodata             const    0x08019c74     0x14  dataRecv.o [1]
  .rodata             const    0x08019c88     0x14  dataRecv.o [1]
  .rodata             const    0x08019c9c     0x14  dataRecv.o [1]
  .rodata             const    0x08019cb0     0x14  dataRecv.o [1]
  .rodata             const    0x08019cc4     0x14  dn7c3.o [1]
  .rodata             const    0x08019cd8     0x14  dn7c3.o [1]
  .rodata             const    0x08019cec     0x14  gps.o [1]
  .rodata             const    0x08019d00     0x14  gsm.o [1]
  .rodata             const    0x08019d14     0x14  gsm.o [1]
  .rodata             const    0x08019d28     0x14  gsm.o [1]
  .rodata             const    0x08019d3c     0x14  gsm.o [1]
  .rodata             const    0x08019d50     0x14  gsm.o [1]
  .rodata             const    0x08019d64     0x14  gsm.o [1]
  .rodata             const    0x08019d78     0x14  gsmCtrl.o [1]
  .rodata             const    0x08019d8c     0x14  gsmCtrl.o [1]
  .rodata             const    0x08019da0     0x14  led.o [1]
  .rodata             const    0x08019db4     0x14  led.o [1]
  .rodata             const    0x08019dc8     0x14  osa_file.o [1]
  .rodata             const    0x08019ddc     0x14  sd_diskio.o [1]
  .rodata             const    0x08019df0     0x10  AaSysCom.o [1]
  .rodata             const    0x08019e00     0x10  AaSysLogSystem.o [1]
  .rodata             const    0x08019e10     0x10  AaSysLogSystem.o [1]
  .rodata             const    0x08019e20     0x10  AaThread.o [1]
  .rodata             const    0x08019e30     0x10  alpha_sense.o [1]
  .rodata             const    0x08019e40     0x10  alpha_sense.o [1]
  .rodata             const    0x08019e50     0x10  Cfg.o [1]
  .rodata             const    0x08019e60     0x10  Cfg.o [1]
  .rodata             const    0x08019e70     0x10  config.o [1]
  .rodata             const    0x08019e80     0x10  config.o [1]
  .rodata             const    0x08019e90     0x10  config.o [1]
  .rodata             const    0x08019ea0     0x10  cp15.o [1]
  .rodata             const    0x08019eb0     0x10  cp15.o [1]
  .rodata             const    0x08019ec0     0x10  cp15.o [1]
  .rodata             const    0x08019ed0     0x10  cp15.o [1]
  .rodata             const    0x08019ee0     0x10  crc.o [1]
  .rodata             const    0x08019ef0     0x10  dataHandler.o [1]
  .rodata             const    0x08019f00     0x10  dataHandler.o [1]
  .rodata             const    0x08019f10     0x10  dataHandler.o [1]
  .rodata             const    0x08019f20     0x10  dataRecord.o [1]
  .rodata             const    0x08019f30     0x10  dataRecv.o [1]
  .rodata             const    0x08019f40     0x10  dataRecv.o [1]
  .rodata             const    0x08019f50     0x10  dataRecv.o [1]
  .rodata             const    0x08019f60     0x10  dataRecv.o [1]
  .rodata             const    0x08019f70     0x10  dataRecv.o [1]
  .rodata             const    0x08019f80     0x10  dn7c3.o [1]
  .rodata             const    0x08019f90     0x10  ff.o [1]
  .rodata             const    0x08019fa0     0x10  gps.o [1]
  .rodata             const    0x08019fb0     0x10  gps.o [1]
  .rodata             const    0x08019fc0     0x10  gpsAnalyser.o [1]
  .rodata             const    0x08019fd0     0x10  gsm.o [1]
  .rodata             const    0x08019fe0     0x10  gsm.o [1]
  .rodata             const    0x08019ff0     0x10  gsm.o [1]
  .rodata             const    0x0801a000     0x10  gsmCtrl.o [1]
  .rodata             const    0x0801a010     0x10  gsmCtrl.o [1]
  .rodata             const    0x0801a020     0x10  gsmCtrl.o [1]
  .rodata             const    0x0801a030     0x10  led.o [1]
  .rodata             const    0x0801a040     0x10  led.o [1]
  .rodata             const    0x0801a050     0x10  osa_file.o [1]
  .rodata             const    0x0801a060     0x10  stm32f4xx_hal_rcc.o [1]
  .text               ro code  0x0801a070     0x10  startup_stm32f407xx.o [1]
  .rodata             const    0x0801a080      0xc  AaSysCom.o [1]
  .rodata             const    0x0801a08c      0xc  AaSysLogSystem.o [1]
  .rodata             const    0x0801a098      0xc  AaThread.o [1]
  .rodata             const    0x0801a0a4      0xc  alpha_sense.o [1]
  .rodata             const    0x0801a0b0      0xc  alpha_sense.o [1]
  .rodata             const    0x0801a0bc      0xc  am2302.o [1]
  .rodata             const    0x0801a0c8      0xc  Cfg.o [1]
  .rodata             const    0x0801a0d4      0xc  Cfg.o [1]
  .rodata             const    0x0801a0e0      0xc  Cfg.o [1]
  .rodata             const    0x0801a0ec      0xc  Cfg.o [1]
  .rodata             const    0x0801a0f8      0xc  Cfg.o [1]
  .rodata             const    0x0801a104      0xc  Cfg.o [1]
  .rodata             const    0x0801a110      0xc  common.o [1]
  .rodata             const    0x0801a11c      0xc  config.o [1]
  .rodata             const    0x0801a128      0xc  cp15.o [1]
  .rodata             const    0x0801a134      0xc  cp15.o [1]
  .rodata             const    0x0801a140      0xc  dataHandler.o [1]
  .rodata             const    0x0801a14c      0xc  dataHandler.o [1]
  .rodata             const    0x0801a158      0xc  dataRecord.o [1]
  .rodata             const    0x0801a164      0xc  dataRecord.o [1]
  .rodata             const    0x0801a170      0xc  dn7c3.o [1]
  .rodata             const    0x0801a17c      0xc  dn7c3.o [1]
  .rodata             const    0x0801a188      0xc  ff.o [1]
  .rodata             const    0x0801a194      0xc  gps.o [1]
  .rodata             const    0x0801a1a0      0xc  gsm.o [1]
  .rodata             const    0x0801a1ac      0xc  gsm.o [1]
  .rodata             const    0x0801a1b8      0xc  gsm.o [1]
  .rodata             const    0x0801a1c4      0xc  gsmCtrl.o [1]
  .rodata             const    0x0801a1d0      0xc  gsmCtrl.o [1]
  .rodata             const    0x0801a1dc      0xc  gsmCtrl.o [1]
  .rodata             const    0x0801a1e8      0xc  led.o [1]
  .text               ro code  0x0801a1f4      0xc  cstartup_M.o [5]
  .rodata             const    0x0801a200      0x8  AaSysCom.o [1]
  .rodata             const    0x0801a208      0x8  AaSysLogInterface.o [1]
  .rodata             const    0x0801a210      0x8  AaSysLogInterface.o [1]
  .rodata             const    0x0801a218      0x8  alpha_sense.o [1]
  .rodata             const    0x0801a220      0x8  am2302.o [1]
  .rodata             const    0x0801a228      0x8  Cfg.o [1]
  .rodata             const    0x0801a230      0x8  Cfg.o [1]
  .rodata             const    0x0801a238      0x8  Cfg.o [1]
  .rodata             const    0x0801a240      0x8  Cfg.o [1]
  .rodata             const    0x0801a248      0x8  Cfg.o [1]
  .rodata             const    0x0801a250      0x8  Cfg.o [1]
  .rodata             const    0x0801a258      0x8  Cfg.o [1]
  .rodata             const    0x0801a260      0x8  Cfg.o [1]
  .rodata             const    0x0801a268      0x8  Cfg.o [1]
  .rodata             const    0x0801a270      0x8  Cfg.o [1]
  .rodata             const    0x0801a278      0x8  Cfg.o [1]
  .rodata             const    0x0801a280      0x8  Cfg.o [1]
  .rodata             const    0x0801a288      0x8  Cfg.o [1]
  .rodata             const    0x0801a290      0x8  Cfg.o [1]
  .rodata             const    0x0801a298      0x8  Cfg.o [1]
  .rodata             const    0x0801a2a0      0x8  Cfg.o [1]
  .rodata             const    0x0801a2a8      0x8  Cfg.o [1]
  .rodata             const    0x0801a2b0      0x8  Cfg.o [1]
  .rodata             const    0x0801a2b8      0x8  Cfg.o [1]
  .rodata             const    0x0801a2c0      0x8  common.o [1]
  .rodata             const    0x0801a2c8      0x8  config.o [1]
  .rodata             const    0x0801a2d0      0x8  config.o [1]
  .rodata             const    0x0801a2d8      0x8  config.o [1]
  .rodata             const    0x0801a2e0      0x8  config.o [1]
  .rodata             const    0x0801a2e8      0x8  cp15.o [1]
  .rodata             const    0x0801a2f0      0x8  cp15.o [1]
  .rodata             const    0x0801a2f8      0x8  dataHandler.o [1]
  .rodata             const    0x0801a300      0x8  dataHandler.o [1]
  .rodata             const    0x0801a308      0x8  dataRecord.o [1]
  .rodata             const    0x0801a310      0x8  dataRecv.o [1]
  .rodata             const    0x0801a318      0x8  dn7c3.o [1]
  .rodata             const    0x0801a320      0x8  ff.o [1]
  .rodata             const    0x0801a328      0x8  gps.o [1]
  .rodata             const    0x0801a330      0x8  gpsAnalyser.o [1]
  .rodata             const    0x0801a338      0x8  gpsAnalyser.o [1]
  .rodata             const    0x0801a340      0x8  gpsAnalyser.o [1]
  .rodata             const    0x0801a348      0x8  gpsAnalyser.o [1]
  .rodata             const    0x0801a350      0x8  gpsAnalyser.o [1]
  .rodata             const    0x0801a358      0x8  gpsAnalyser.o [1]
  .rodata             const    0x0801a360      0x8  gsm.o [1]
  .rodata             const    0x0801a368      0x8  gsm.o [1]
  .rodata             const    0x0801a370      0x8  gsm.o [1]
  .rodata             const    0x0801a378      0x8  gsm.o [1]
  .rodata             const    0x0801a380      0x8  gsm.o [1]
  .rodata             const    0x0801a388      0x8  gsm.o [1]
  .rodata             const    0x0801a390      0x8  gsmCtrl.o [1]
  .rodata             const    0x0801a398      0x8  led.o [1]
  .rodata             const    0x0801a3a0      0x8  led.o [1]
  .rodata             const    0x0801a3a8      0x8  stm32f4xx_hal_dma.o [1]
  .rodata             const    0x0801a3b0      0x8  tasks.o [1]
  .rodata             const    0x0801a3b8      0x4  AaMem.o [1]
  .rodata             const    0x0801a3bc      0x4  AaSysCom.o [1]
  .rodata             const    0x0801a3c0      0x4  AaSysLogSystem.o [1]
  .rodata             const    0x0801a3c4      0x4  AaSysLogSystem.o [1]
  .rodata             const    0x0801a3c8      0x4  AaThread.o [1]
  .rodata             const    0x0801a3cc      0x4  alpha_sense.o [1]
  .rodata             const    0x0801a3d0      0x4  Cfg.o [1]
  .rodata             const    0x0801a3d4      0x4  Cfg.o [1]
  .rodata             const    0x0801a3d8      0x4  Cfg.o [1]
  .rodata             const    0x0801a3dc      0x4  Cfg.o [1]
  .rodata             const    0x0801a3e0      0x4  Cfg.o [1]
  .rodata             const    0x0801a3e4      0x4  Cfg.o [1]
  .rodata             const    0x0801a3e8      0x4  Cfg.o [1]
  .rodata             const    0x0801a3ec      0x4  Cfg.o [1]
  .rodata             const    0x0801a3f0      0x4  Cfg.o [1]
  .rodata             const    0x0801a3f4      0x4  Cfg.o [1]
  .rodata             const    0x0801a3f8      0x4  Cfg.o [1]
  .rodata             const    0x0801a3fc      0x4  Cfg.o [1]
  .rodata             const    0x0801a400      0x4  Cfg.o [1]
  .rodata             const    0x0801a404      0x4  Cfg.o [1]
  .rodata             const    0x0801a408      0x4  Cfg.o [1]
  .rodata             const    0x0801a40c      0x4  Cfg.o [1]
  .rodata             const    0x0801a410      0x4  Cfg.o [1]
  .rodata             const    0x0801a414      0x4  Cfg.o [1]
  .rodata             const    0x0801a418      0x4  Cfg.o [1]
  .rodata             const    0x0801a41c      0x4  Cfg.o [1]
  .rodata             const    0x0801a420      0x4  cp15.o [1]
  .rodata             const    0x0801a424      0x4  cp15.o [1]
  .rodata             const    0x0801a428      0x4  gps.o [1]
  .rodata             const    0x0801a42c      0x4  gps.o [1]
  .rodata             const    0x0801a430      0x4  gsm.o [1]
  .rodata             const    0x0801a434      0x4  gsm.o [1]
  .rodata             const    0x0801a438      0x4  gsm.o [1]
  .rodata             const    0x0801a43c      0x4  gsm.o [1]
  .rodata             const    0x0801a440      0x4  heap_4.o [1]
  .rodata             const    0x0801a444      0x4  port.o [1]
  .rodata             const    0x0801a448      0x4  syscall.o [1]
  .text               ro code  0x0801a44c      0x4  startup_stm32f407xx.o [1]
  .text               ro code  0x0801a450      0x4  startup_stm32f407xx.o [1]
  .text               ro code  0x0801a454      0x4  startup_stm32f407xx.o [1]
  .text               ro code  0x0801a458      0x4  startup_stm32f407xx.o [1]
  .text               ro code  0x0801a45c      0x4  startup_stm32f407xx.o [1]
  .text               ro code  0x0801a460      0x4  startup_stm32f407xx.o [1]
  .text               ro code  0x0801a464      0x4  startup_stm32f407xx.o [1]
  .text               ro code  0x0801a468      0x4  startup_stm32f407xx.o [1]
  .text               ro code  0x0801a46c      0x4  startup_stm32f407xx.o [1]
  .text               ro code  0x0801a470      0x4  startup_stm32f407xx.o [1]
  .text               ro code  0x0801a474      0x4  startup_stm32f407xx.o [1]
  .text               ro code  0x0801a478      0x4  startup_stm32f407xx.o [1]
  .text               ro code  0x0801a47c      0x4  startup_stm32f407xx.o [1]
  .text               ro code  0x0801a480      0x4  startup_stm32f407xx.o [1]
  .text               ro code  0x0801a484      0x4  startup_stm32f407xx.o [1]
  .text               ro code  0x0801a488      0x4  startup_stm32f407xx.o [1]
  .text               ro code  0x0801a48c      0x4  startup_stm32f407xx.o [1]
  .text               ro code  0x0801a490      0x4  startup_stm32f407xx.o [1]
  .text               ro code  0x0801a494      0x4  startup_stm32f407xx.o [1]
  .text               ro code  0x0801a498      0x4  startup_stm32f407xx.o [1]
  .text               ro code  0x0801a49c      0x4  startup_stm32f407xx.o [1]
  .text               ro code  0x0801a4a0      0x4  startup_stm32f407xx.o [1]
  .text               ro code  0x0801a4a4      0x4  startup_stm32f407xx.o [1]
  .text               ro code  0x0801a4a8      0x4  startup_stm32f407xx.o [1]
  .text               ro code  0x0801a4ac      0x4  startup_stm32f407xx.o [1]
  .text               ro code  0x0801a4b0      0x4  startup_stm32f407xx.o [1]
  .text               ro code  0x0801a4b4      0x4  startup_stm32f407xx.o [1]
  .text               ro code  0x0801a4b8      0x4  startup_stm32f407xx.o [1]
  .text               ro code  0x0801a4bc      0x4  startup_stm32f407xx.o [1]
  .text               ro code  0x0801a4c0      0x4  startup_stm32f407xx.o [1]
  .text               ro code  0x0801a4c4      0x4  startup_stm32f407xx.o [1]
  .text               ro code  0x0801a4c8      0x4  startup_stm32f407xx.o [1]
  .text               ro code  0x0801a4cc      0x4  startup_stm32f407xx.o [1]
  .text               ro code  0x0801a4d0      0x4  startup_stm32f407xx.o [1]
  .text               ro code  0x0801a4d4      0x4  startup_stm32f407xx.o [1]
  .text               ro code  0x0801a4d8      0x4  startup_stm32f407xx.o [1]
  .text               ro code  0x0801a4dc      0x4  startup_stm32f407xx.o [1]
  .text               ro code  0x0801a4e0      0x4  startup_stm32f407xx.o [1]
  .text               ro code  0x0801a4e4      0x4  startup_stm32f407xx.o [1]
  .text               ro code  0x0801a4e8      0x4  startup_stm32f407xx.o [1]
  .text               ro code  0x0801a4ec      0x4  startup_stm32f407xx.o [1]
  .text               ro code  0x0801a4f0      0x4  startup_stm32f407xx.o [1]
  .text               ro code  0x0801a4f4      0x4  startup_stm32f407xx.o [1]
  .text               ro code  0x0801a4f8      0x4  startup_stm32f407xx.o [1]
  .text               ro code  0x0801a4fc      0x4  startup_stm32f407xx.o [1]
  .text               ro code  0x0801a500      0x4  startup_stm32f407xx.o [1]
  .text               ro code  0x0801a504      0x4  startup_stm32f407xx.o [1]
  .text               ro code  0x0801a508      0x4  startup_stm32f407xx.o [1]
  .text               ro code  0x0801a50c      0x4  startup_stm32f407xx.o [1]
  .text               ro code  0x0801a510      0x4  startup_stm32f407xx.o [1]
  .text               ro code  0x0801a514      0x4  startup_stm32f407xx.o [1]
  .text               ro code  0x0801a518      0x4  startup_stm32f407xx.o [1]
  .text               ro code  0x0801a51c      0x4  startup_stm32f407xx.o [1]
  .text               ro code  0x0801a520      0x4  startup_stm32f407xx.o [1]
  .text               ro code  0x0801a524      0x4  startup_stm32f407xx.o [1]
  .text               ro code  0x0801a528      0x4  startup_stm32f407xx.o [1]
  .text               ro code  0x0801a52c      0x4  startup_stm32f407xx.o [1]
  .text               ro code  0x0801a530      0x4  startup_stm32f407xx.o [1]
  .text               ro code  0x0801a534      0x4  startup_stm32f407xx.o [1]
  .text               ro code  0x0801a538      0x4  startup_stm32f407xx.o [1]
  .text               ro code  0x0801a53c      0x4  startup_stm32f407xx.o [1]
  .text               ro code  0x0801a540      0x4  startup_stm32f407xx.o [1]
  .text               ro code  0x0801a544      0x4  startup_stm32f407xx.o [1]
  .text               ro code  0x0801a548      0x4  startup_stm32f407xx.o [1]
  .text               ro code  0x0801a54c      0x4  startup_stm32f407xx.o [1]
  .text               ro code  0x0801a550      0x4  startup_stm32f407xx.o [1]
  .text               ro code  0x0801a554      0x4  startup_stm32f407xx.o [1]
  .text               ro code  0x0801a558      0x4  startup_stm32f407xx.o [1]
  .text               ro code  0x0801a55c      0x4  startup_stm32f407xx.o [1]
  .rodata             const    0x0801a560      0x0  zero_init3.o [5]
  .rodata             const    0x0801a560      0x0  lz77_init_single.o [5]
  Initializer bytes   const    0x0801a560    0x149  <for P2-1>
                             - 0x0801a6a9  0x1a521

"P2", part 1 of 3:                           0x2dd
  P2-1                         0x20000000    0x2dd  <Init block>
    .data             inited   0x20000000     0x68  Cfg.o [1]
    .data             inited   0x20000068     0x68  Cfg.o [1]
    .data             inited   0x200000d0      0x8  gsmCtrl.o [1]
    .data             inited   0x200000d8      0xc  gsmCtrl.o [1]
    .data             inited   0x200000e4     0x14  gsmCtrl.o [1]
    .data             inited   0x200000f8     0x1c  gsmCtrl.o [1]
    .data             inited   0x20000114     0x10  gsmCtrl.o [1]
    .data             inited   0x20000124     0x18  gsmCtrl.o [1]
    .data             inited   0x2000013c     0x1c  gsmCtrl.o [1]
    .data             inited   0x20000158     0x10  gsmCtrl.o [1]
    .data             inited   0x20000168     0x20  gsmCtrl.o [1]
    .data             inited   0x20000188      0x4  port.o [1]
    .data             inited   0x2000018c      0x4  system_stm32f4xx.o [1]
    .data             inited   0x20000190      0x4  tasks.o [1]
    .data             inited   0x20000194     0x40  xfiles.o [3]
    __DLIB_PERTHREAD  inited   0x200001d4      0x4  errno.o [3]
    __DLIB_PERTHREAD  inited   0x200001d8     0x74  setlocale.o [3]
    __DLIB_PERTHREAD  inited   0x2000024c     0x88  localeconv.o [3]
    .data             inited   0x200002d4      0x2  AaSysCom.o [1]
    .data             inited   0x200002d6      0x1  AaSysCom.o [1]
    .data             inited   0x200002d7      0x1  AaSysCom.o [1]
    .data             inited   0x200002d8      0x1  AaSysLogInterface.o [1]
    .data             inited   0x200002d9      0x1  cp15.o [1]
    .data             inited   0x200002da      0x1  gps.o [1]
    .data             inited   0x200002db      0x1  gsm.o [1]
    .data             inited   0x200002dc      0x1  sd_diskio.o [1]
                             - 0x200002dd    0x2dd

"P2", part 2 of 3:                           0x800
  CSTACK                       0x200002e0    0x400  <Block>
    CSTACK            uninit   0x200002e0    0x400  <Block tail>
  HEAP                         0x200006e0    0x400  <Block>
    HEAP              uninit   0x200006e0    0x400  <Block tail>
                             - 0x20000ae0    0x800

"P2", part 3 of 3:                          0x8ae4
  .bss                zero     0x20000ae0   0x4000  heap_4.o [1]
  .bss                zero     0x20004ae0   0x2800  CCSDaemon.o [1]
  .bss                zero     0x200072e0    0x408  dataHandler.o [1]
  .bss                zero     0x200076e8    0x400  gsm.o [1]
  .bss                zero     0x20007ae8    0x400  gsm.o [1]
  .bss                zero     0x20007ee8    0x234  osa_file.o [1]
  .bss                zero     0x2000811c    0x200  gps.o [1]
  .bss                zero     0x2000831c    0x1d8  dlmalloc.o [3]
  .bss                zero     0x200084f4    0x100  Cfg.o [1]
  .bss                zero     0x200085f4    0x100  cp15.o [1]
  .bss                zero     0x200086f4     0xac  gps.o [1]
  .bss                zero     0x200087a0     0x8c  tasks.o [1]
  .bss                zero     0x2000882c     0x6c  dataHandler.o [1]
  .bss                zero     0x20008898     0x6c  dataHandler.o [1]
  .bss                zero     0x20008904     0x6c  dataHandler.o [1]
  .bss                zero     0x20008970     0x6c  dataHandler.o [1]
  .bss                zero     0x200089dc     0x64  gps.o [1]
  .bss                zero     0x20008a40     0x64  gps.o [1]
  .bss                zero     0x20008aa4     0x60  407VE_sd.o [1]
  .bss                zero     0x20008b04     0x5c  dataHandler.o [1]
  .bss                zero     0x20008b60     0x5c  dataHandler.o [1]
  .bss                zero     0x20008bbc     0x3c  alpha_sense.o [1]
  .bss                zero     0x20008bf8     0x58  407VE_sd.o [1]
  .bss                zero     0x20008c50     0x58  407VE_sd.o [1]
  .bss                zero     0x20008ca8     0x58  407VE_sd.o [1]
  .bss                zero     0x20008d00     0x58  dataHandler.o [1]
  .bss                zero     0x20008d58     0x58  dataHandler.o [1]
  .bss                zero     0x20008db0     0x58  dataHandler.o [1]
  .bss                zero     0x20008e08     0x58  dataHandler.o [1]
  .bss                zero     0x20008e60     0x58  print_com.o [1]
  .bss                zero     0x20008eb8     0x58  print_com.o [1]
  .bss                zero     0x20008f10     0x50  config.o [1]
  .bss                zero     0x20008f60     0x50  xfiles.o [3]
  .bss                zero     0x20008fb0     0x48  dnc3_dev.o [1]
  .bss                zero     0x20008ff8     0x40  cp15_dev.o [1]
  .bss                zero     0x20009038     0x40  gps_dev.o [1]
  .bss                zero     0x20009078     0x40  gsm_dev.o [1]
  .bss                zero     0x200090b8     0x40  print_com.o [1]
  .bss                zero     0x200090f8     0x40  queue.o [1]
  .bss                zero     0x20009138     0x3c  dataRecord.o [1]
  .bss                zero     0x20009174     0x3c  dnc3_dev.o [1]
  .bss                zero     0x200091b0     0x3c  fan.o [1]
  .bss                zero     0x200091ec     0x38  dataRecord.o [1]
  .bss                zero     0x20009224     0x34  cp15.o [1]
  .bss                zero     0x20009258     0x34  gsmCtrl.o [1]
  .bss                zero     0x2000928c     0x30  dataHandler.o [1]
  .bss                zero     0x200092bc     0x30  dataHandler.o [1]
  .bss                zero     0x200092ec     0x30  dataHandler.o [1]
  .bss                zero     0x2000931c     0x2c  dataRecord.o [1]
  .bss                zero     0x20009348     0x24  cp15.o [1]
  .bss                zero     0x2000936c     0x20  rtc_dev.o [1]
  .bss                zero     0x2000938c     0x1c  dataHandler.o [1]
  .bss                zero     0x200093a8     0x18  ff.o [1]
  .bss                zero     0x200093c0     0x18  dlmalloc.o [3]
  .bss                zero     0x200093d8     0x14  config.o [1]
  .bss                zero     0x200093ec     0x14  gsm.o [1]
  .bss                zero     0x20009400     0x14  tasks.o [1]
  .bss                zero     0x20009414     0x14  tasks.o [1]
  .bss                zero     0x20009428     0x14  tasks.o [1]
  .bss                zero     0x2000943c     0x14  tasks.o [1]
  .bss                zero     0x20009450     0x14  tasks.o [1]
  .bss                zero     0x20009464     0x10  AaShell.o [1]
  .bss                zero     0x20009474     0x10  cp15.o [1]
  .bss                zero     0x20009484     0x10  gps.o [1]
  .bss                zero     0x20009494     0x10  gsm.o [1]
  .bss                zero     0x200094a4      0xc  ff_gen_drv.o [1]
  .bss                zero     0x200094b0      0x8  AaSysLogSystem.o [1]
  .bss                zero     0x200094b8      0x8  heap_4.o [1]
  .bss                zero     0x200094c0      0x4  AaMem.o [1]
  .bss                zero     0x200094c4      0x4  AaMem.o [1]
  .bss                zero     0x200094c8      0x4  AaMem.o [1]
  .bss                zero     0x200094cc      0x4  AaMem.o [1]
  .bss                zero     0x200094d0      0x4  AaMem.o [1]
  .bss                zero     0x200094d4      0x4  AaMem.o [1]
  .bss                zero     0x200094d8      0x4  AaMem.o [1]
  .bss                zero     0x200094dc      0x4  AaShell.o [1]
  .bss                zero     0x200094e0      0x4  AaSysCom.o [1]
  .bss                zero     0x200094e4      0x4  AaSysCom.o [1]
  .bss                zero     0x200094e8      0x4  AaSysLogSystem.o [1]
  .bss                zero     0x200094ec      0x4  AaSysLogSystem.o [1]
  .bss                zero     0x200094f0      0x4  AaSysLogSystem.o [1]
  .bss                zero     0x200094f4      0x4  AaSysLogSystem.o [1]
  .bss                zero     0x200094f8      0x4  AaThread.o [1]
  .bss                zero     0x200094fc      0x4  AaThread.o [1]
  .bss                zero     0x20009500      0x4  alpha_sense.o [1]
  .bss                zero     0x20009504      0x4  alpha_sense.o [1]
  .bss                zero     0x20009508      0x4  am2302.o [1]
  .bss                zero     0x2000950c      0x4  cp15.o [1]
  .bss                zero     0x20009510      0x4  cp15.o [1]
  .bss                zero     0x20009514      0x4  cp15.o [1]
  .bss                zero     0x20009518      0x4  cp15.o [1]
  .bss                zero     0x2000951c      0x4  dataRecord.o [1]
  .bss                zero     0x20009520      0x4  dn7c3.o [1]
  .bss                zero     0x20009524      0x4  ff.o [1]
  .bss                zero     0x20009528      0x4  gps.o [1]
  .bss                zero     0x2000952c      0x4  gps.o [1]
  .bss                zero     0x20009530      0x4  gpsAnalyser.o [1]
  .bss                zero     0x20009534      0x4  gsm.o [1]
  .bss                zero     0x20009538      0x4  gsm.o [1]
  .bss                zero     0x2000953c      0x4  gsm.o [1]
  .bss                zero     0x20009540      0x4  gsm.o [1]
  .bss                zero     0x20009544      0x4  gsmCtrl.o [1]
  .bss                zero     0x20009548      0x4  gsmCtrl.o [1]
  .bss                zero     0x2000954c      0x4  gsmCtrl.o [1]
  .bss                zero     0x20009550      0x4  heap_4.o [1]
  .bss                zero     0x20009554      0x4  heap_4.o [1]
  .bss                zero     0x20009558      0x4  heap_4.o [1]
  .bss                zero     0x2000955c      0x4  heap_4.o [1]
  .bss                zero     0x20009560      0x4  led.o [1]
  .bss                zero     0x20009564      0x4  moduleStatus.o [1]
  .bss                zero     0x20009568      0x4  osa_file.o [1]
  .bss                zero     0x2000956c      0x4  port.o [1]
  .bss                zero     0x20009570      0x4  stm32f4xx_hal.o [1]
  .bss                zero     0x20009574      0x4  tasks.o [1]
  .bss                zero     0x20009578      0x4  tasks.o [1]
  .bss                zero     0x2000957c      0x4  tasks.o [1]
  .bss                zero     0x20009580      0x4  tasks.o [1]
  .bss                zero     0x20009584      0x4  tasks.o [1]
  .bss                zero     0x20009588      0x4  tasks.o [1]
  .bss                zero     0x2000958c      0x4  tasks.o [1]
  .bss                zero     0x20009590      0x4  tasks.o [1]
  .bss                zero     0x20009594      0x4  tasks.o [1]
  .bss                zero     0x20009598      0x4  tasks.o [1]
  .bss                zero     0x2000959c      0x4  tasks.o [1]
  .bss                zero     0x200095a0      0x4  tasks.o [1]
  .bss                zero     0x200095a4      0x4  tasks.o [1]
  .bss                zero     0x200095a8      0x4  xgetmemchunk.o [3]
  .bss                zero     0x200095ac      0x2  AaSysLogSystem.o [1]
  .bss                zero     0x200095ae      0x2  dnc3_dev.o [1]
  .bss                zero     0x200095b0      0x2  ff.o [1]
  .bss                zero     0x200095b2      0x2  gps.o [1]
  .bss                zero     0x200095b4      0x1  AaShell.o [1]
  .bss                zero     0x200095b5      0x1  AaSysLogInterface.o [1]
  .bss                zero     0x200095b6      0x1  ads1222.o [1]
  .bss                zero     0x200095b7      0x1  ads1222.o [1]
  .bss                zero     0x200095b8      0x1  cp15.o [1]
  .bss                zero     0x200095b9      0x1  cp15.o [1]
  .bss                zero     0x200095ba      0x1  cp15.o [1]
  .bss                zero     0x200095bb      0x1  gps.o [1]
  .bss                zero     0x200095bc      0x1  gps.o [1]
  .bss                zero     0x200095bd      0x1  gps.o [1]
  .bss                zero     0x200095be      0x1  gsm.o [1]
  .bss                zero     0x200095bf      0x1  gsm.o [1]
  .bss                zero     0x200095c0      0x1  gsm.o [1]
  .bss                zero     0x200095c1      0x1  gsmCtrl.o [1]
  .bss                zero     0x200095c2      0x1  gsmCtrl.o [1]
  .bss                zero     0x200095c3      0x1  port.o [1]
                             - 0x200095c4   0x8ae4


*******************************************************************************
*** INIT TABLE
***

          Address     Size
          -------     ----
Zero (__iar_zero_init3)
    1 destination range, total size 0x8ae4:
          0x20000ae0  0x8ae4

Copy/lz77 (__iar_lz77_init_single3)
    1 source range, total size 0x149 (44% of destination):
          0x0801a560   0x149
    1 destination range, total size 0x2dd:
          0x20000000   0x2dd



*******************************************************************************
*** MODULE SUMMARY
***

    Module                  ro code  ro data  rw data
    ------                  -------  -------  -------
E:\Bussiness Project\bjsensor\gitSVN\AirMonitor.git\trunk\FatFs_uSD_RTOS\EWARM\AirMonitor\Obj: [1]
    407VE_sd.o                  868               360
    AaMem.o                   1 116        4       28
    AaShell.o                    68                21
    AaSysCom.o                  736      470       12
    AaSysLogInterface.o         500       73        2
    AaSysLogSystem.o            760      616       26
    AaThread.o                  422      104        8
    BipBuffer.o                 394
    CCSDaemon.o                 124            10 240
    Cfg.o                       516      585      464
    RingBufferUtils.o         1 044
    ads1222.o                 1 752                 2
    alpha_sense.o             1 508      624       68
    am2302.o                  1 212      168        4
    cmsis_os.o                  984
    common.o                    288       48
    config.o                  2 912      468      100
    cp15.o                    1 128      680      380
    cp15_dev.o                  372                64
    crc.o                       124      528
    dataHandler.o             4 612      664    2 172
    dataRecord.o              1 406      760      164
    dataRecv.o                4 924    1 320
    diskio.o                    252
    dn7c3.o                     696      264        4
    dnc3_dev.o                  664               134
    fan.o                       456                60
    ff.o                     12 206      164       30
    ff_gen_drv.o                112                12
    format.o                    302
    gps.o                       588      393      914
    gpsAnalyser.o             1 744      136        4
    gps_dev.o                   352                64
    gsm.o                     2 588    1 164    2 104
    gsmCtrl.o                 1 632      762      250
    gsm_dev.o                   372                64
    gsm_power_dev.o             112
    heap_4.o                    640        4   16 408
    led.o                       280      332        4
    led_dev.o                   108
    list.o                      158
    main.o                      196
    moduleStatus.o               52                 4
    osa_file.o                  196       72      568
    port.o                      600        6        9
    portasm.o                   168
    print_com.o                 576               240
    queue.o                   2 228                64
    rtc_dev.o                   608                32
    sd_diskio.o                 292       21        1
    startup_stm32f407xx.o       684
    stm32f4xx_hal.o             148                 4
    stm32f4xx_hal_adc.o       1 536
    stm32f4xx_hal_adc_ex.o        2
    stm32f4xx_hal_cortex.o      396
    stm32f4xx_hal_dma.o         928        8
    stm32f4xx_hal_gpio.o      1 008
    stm32f4xx_hal_msp.o         342
    stm32f4xx_hal_rcc.o       1 556       16
    stm32f4xx_hal_rcc_ex.o      376
    stm32f4xx_hal_rtc.o       1 074
    stm32f4xx_hal_rtc_ex.o       38
    stm32f4xx_hal_sd.o        5 420
    stm32f4xx_hal_tim.o       1 776
    stm32f4xx_hal_tim_ex.o       90
    stm32f4xx_hal_uart.o      2 496
    stm32f4xx_it.o              176
    stm32f4xx_ll_sdmmc.o        208
    syscall.o                   122        4
    system_stm32f4xx.o          108        2        4
    tasks.o                   3 872       10      296
    unicode.o                   144    1 216
    -------------------------------------------------
    Total:                   78 448   11 686   35 389

command line: [2]
    -------------------------------------------------
    Total:

dl7M_tlf.a: [3]
    abort.o                       6
    atoi.o                        8
    div.o                        14
    dlmalloc.o                5 360               496
    errno.o                      12        1        4
    exit.o                        4
    isxxx.o                      20
    localeconv.o                108       61      136
    low_level_init.o              4
    printf.o                     36
    putchar.o                    12
    setlocale.o                  36       52      116
    sprintf.o                    52
    strncmp.o                    40
    strstr.o                     44
    tolower.o                    20
    vsprintf.o                   44
    xencoding_sb.o               96
    xfiles.o                              29      144
    xgetmemchunk.o               44                 4
    xlocale_c.o                  32
    xmbcurmax.o                  10
    xmbtowc.o                    32
    xprintffull.o             4 454
    xprout.o                     22
    xsprout.o                    10
    xstoul.o                    408
    xtls.o                        2
    xwctomb.o                    26
    -------------------------------------------------
    Total:                   10 956      143      900

m7M_tls.a: [4]
    DblAdd.o                    232
    DblCmpEq.o                   32
    DblCmpGe.o                   46
    DblCmpLe.o                   46
    DblDiv.o                    598
    DblMul.o                    418
    DblSub.o                    384
    DblToFlt.o                  144
    DblToI32.o                   88
    FltToDbl.o                   78
    I32ToDbl.o                   48
    fpinit_M.o                   34
    pow.o                     2 240
    xdint.o                     122
    xdnorm.o                     66
    xdscale.o                   276
    xdtest.o                     64
    xexp.o                      710
    xlog.o                      176
    -------------------------------------------------
    Total:                    5 802

rt7M_tl.a: [5]
    ABImemclr4.o                  6
    ABImemcpy_unaligned.o       118
    ABImemset.o                 102
    ABImemset48.o                50
    I64DivMod.o                 238
    I64DivZer.o                   2
    cexit.o                      10
    cmain.o                      26
    cstartup_M.o                 12
    data_init.o                  40
    lz77_init_single.o          118
    memchr.o                     88
    strchr.o                     22
    strlen.o                     54
    strncpy_unaligned.o         108
    zero_init3.o                 64
    -------------------------------------------------
    Total:                    1 058

shb_l.a: [6]
    exit.o                       20
    -------------------------------------------------
    Total:                       20

    Gaps                         52        4
    Linker created                        32    2 048
-----------------------------------------------------
    Grand Total:             96 336   11 865   38 337


*******************************************************************************
*** ENTRY LIST
***

Entry                      Address    Size  Type      Object
-----                      -------    ----  ----      ------
.iar.init_table$$Base   0x08019164           --   Gb  - Linker created -
.iar.init_table$$Limit  0x08019184           --   Gb  - Linker created -
?main                   0x08019951          Code  Gb  cmain.o [5]
ADC_Config              0x08015c05    0x8c  Code  Lc  dnc3_dev.o [1]
ADC_IRQHandler          0x08017c7d     0xa  Code  Gb  stm32f4xx_it.o [1]
ADC_Init                0x080162c5   0x166  Code  Lc  stm32f4xx_hal_adc.o [1]
ADS1222_AdRead          0x08012a0b   0x17c  Code  Gb  ads1222.o [1]
ADS1222_DOUT_IPU        0x0801297b    0x2e  Code  Lc  ads1222.o [1]
ADS1222_Init            0x080125bd   0x1bc  Code  Gb  ads1222.o [1]
AM2302_CH0_Read_TempAndHumidity
                        0x08016695    0xe8  Code  Gb  am2302.o [1]
AM2302_CH1_Read_TempAndHumidity
                        0x0801677d    0xe8  Code  Gb  am2302.o [1]
AM2302_Delay            0x080164a5    0x1a  Code  Lc  am2302.o [1]
AM2302_Init             0x080164bf    0x86  Code  Gb  am2302.o [1]
AM2302_Mode_IPU         0x08016545    0x48  Code  Lc  am2302.o [1]
AM2302_Mode_Out_PP      0x0801658d    0x48  Code  Lc  am2302.o [1]
AM2302_ReadByte         0x080165d5    0xc0  Code  Lc  am2302.o [1]
AM2302_Read_TempAndHumidity
                        0x08016865    0x26  Code  Gb  am2302.o [1]
APBAHBPrescTable        0x0801a060    0x10  Data  Gb  stm32f4xx_hal_rcc.o [1]
AaMemCalloc             0x0800ce73    0x2e  Code  Gb  AaMem.o [1]
AaMemFree               0x0800cea1    0x9c  Code  Gb  AaMem.o [1]
AaMemHeapCEInit         0x0800cbbf    0xc6  Code  Gb  AaMem.o [1]
AaMemMalloc             0x0800cc85   0x1ee  Code  Gb  AaMem.o [1]
AaShellRecvDataFromISR  0x08012f91    0x32  Code  Gb  AaShell.o [1]
AaSysComAdd2ControlBlock
                        0x08014755    0x30  Code  Lc  AaSysCom.o [1]
AaSysComCEInit          0x080144c9    0x96  Code  Gb  AaSysCom.o [1]
AaSysComGetSysComIDAuto
                        0x0801455f    0x32  Code  Lc  AaSysCom.o [1]
AaSysComRegister        0x08014591   0x19e  Code  Gb  AaSysCom.o [1]
AaSysLogCEInit          0x08012d25    0xcc  Code  Gb  AaSysLogSystem.o [1]
AaSysLogCreateDeamon    0x08012df1    0x46  Code  Gb  AaSysLogSystem.o [1]
AaSysLogDeamon          0x08012c99    0x74  Code  Lc  AaSysLogSystem.o [1]
AaSysLogGetBipRegister  0x08012d0d     0xa  Code  Gb  AaSysLogSystem.o [1]
AaSysLogGetInputLevel   0x08009cd9     0x6  Code  Gb  AaSysLogInterface.o [1]
AaSysLogGetLevelString  0x08009ca5    0x34  Code  Gb  AaSysLogInterface.o [1]
AaSysLogPrintByPolling  0x08012e3d    0x1a  Code  Gb  AaSysLogSystem.o [1]
AaSysLogPrintF          0x08009cdf   0x18a  Code  Gb  AaSysLogInterface.o [1]
AaSysLogProcessPrintRegister
                        0x08012e37     0x6  Code  Gb  AaSysLogSystem.o [1]
AaSysLogSendCplt        0x08012d17     0xe  Code  Gb  AaSysLogSystem.o [1]
AaSysLogStoreBipBufferByPolling
                        0x08012e57    0x5a  Code  Gb  AaSysLogSystem.o [1]
AaSysLogStoreBipBufferNormal
                        0x08012eb1    0x84  Code  Gb  AaSysLogSystem.o [1]
AaThreadCEInit          0x0800cf95    0x4e  Code  Gb  AaThread.o [1]
AaThreadCreateStartup   0x0800cfe3    0xf8  Code  Gb  AaThread.o [1]
AaThreadFindMngPtr      0x0800d0db    0x26  Code  Lc  AaThread.o [1]
AaThreadGetName         0x0800d121    0x1a  Code  Gb  AaThread.o [1]
AdcGet                  0x08015bff     0x6  Code  Gb  dnc3_dev.o [1]
AdcHandle               0x20008fb0    0x48  Data  Gb  dnc3_dev.o [1]
Ads1222Thread           0x08013869   0x2c2  Code  Lc  alpha_sense.o [1]
Ads1222_ConvComplete    0x08013b2b     0xc  Code  Gb  alpha_sense.o [1]
Ads1222_EnableExti      0x080129a9    0x2e  Code  Gb  ads1222.o [1]
Ads1222_ExchangeChannel
                        0x080129ed     0xc  Code  Gb  ads1222.o [1]
Ads1222_GetChannel      0x080129d7    0x16  Code  Gb  ads1222.o [1]
Ads1222_SenseA_EXTIGpioConfig
                        0x08012779    0x5a  Code  Lc  ads1222.o [1]
Ads1222_SenseA_InputGpioConfig
                        0x080128e9    0x24  Code  Lc  ads1222.o [1]
Ads1222_SenseB_EXTIGpioConfig
                        0x080127d3    0x5a  Code  Lc  ads1222.o [1]
Ads1222_SenseB_InputGpioConfig
                        0x0801290d    0x24  Code  Lc  ads1222.o [1]
Ads1222_SenseC_EXTIGpioConfig
                        0x0801282d    0x5e  Code  Lc  ads1222.o [1]
Ads1222_SenseC_InputGpioConfig
                        0x08012931    0x26  Code  Lc  ads1222.o [1]
Ads1222_SenseD_EXTIGpioConfig
                        0x0801288b    0x5e  Code  Lc  ads1222.o [1]
Ads1222_SenseD_InputGpioConfig
                        0x08012957    0x24  Code  Lc  ads1222.o [1]
Ads1222_SetExistSense   0x080129f9    0x12  Code  Gb  ads1222.o [1]
Ads1222_StoreResult     0x08013689   0x1de  Code  Gb  alpha_sense.o [1]
AtCmdRun                0x0800adc9    0xd6  Code  Gb  gsmCtrl.o [1]
BSP_SD_DMA_Rx_IRQHandler
                        0x08016c6f     0xc  Code  Gb  407VE_sd.o [1]
BSP_SD_DMA_Tx_IRQHandler
                        0x08016c63     0xc  Code  Gb  407VE_sd.o [1]
BSP_SD_GetCardInfo      0x08016c85     0xe  Code  Gb  407VE_sd.o [1]
BSP_SD_GetStatus        0x08016c7b     0xa  Code  Gb  407VE_sd.o [1]
BSP_SD_IRQHandler       0x08016c59     0xa  Code  Gb  407VE_sd.o [1]
BSP_SD_Init             0x08016961    0x88  Code  Gb  407VE_sd.o [1]
[...]
clear_lock              0x0800043f    0x30  Code  Lc  ff.o [1]
clmt_clust              0x08000a3d    0x3e  Code  Lc  ff.o [1]
clust2sect              0x08000607    0x20  Code  Gb  ff.o [1]
cmp_lfn                 0x08000d7f    0x9e  Code  Lc  ff.o [1]
create_chain            0x0800093f    0xfe  Code  Lc  ff.o [1]
create_name             0x0800123d   0x2ba  Code  Lc  ff.o [1]
dec_lock                0x080003e3    0x5c  Code  Lc  ff.o [1]
default_key             0x20000000    0x68  Data  Gb  Cfg.o [1]
default_value           0x20000068    0x68  Data  Gb  Cfg.o [1]
delay_us                0x080125a1    0x1c  Code  Lc  ads1222.o [1]
digits                  0x08011a88    0x28  Data  Lc  xstoul.o [3]
dir_alloc               0x08000ccf    0x6e  Code  Lc  ff.o [1]
dir_find                0x08000f99   0x12e  Code  Lc  ff.o [1]
dir_next                0x08000b57   0x178  Code  Lc  ff.o [1]
dir_register            0x080010c7   0x176  Code  Lc  ff.o [1]
dir_sdi                 0x08000a7b    0xdc  Code  Lc  ff.o [1]
disk                    0x200094a4     0xc  Data  Gb  ff_gen_drv.o [1]
disk_initialize         0x08003253    0x36  Code  Gb  diskio.o [1]
disk_ioctl              0x080032f9    0x2c  Code  Gb  diskio.o [1]
disk_read               0x08003289    0x38  Code  Gb  diskio.o [1]
disk_status             0x08003231    0x22  Code  Gb  diskio.o [1]
disk_write              0x080032c1    0x38  Code  Gb  diskio.o [1]
div                     0x080118fd     0xe  Code  Gb  div.o [3]
enq_lock                0x080002c7    0x28  Code  Lc  ff.o [1]
exit                    0x0801996f     0x4  Code  Gb  exit.o [3]
f_close                 0x080024cf    0x48  Code  Gb  ff.o [1]
f_closedir              0x08002a5f    0x42  Code  Gb  ff.o [1]
f_getfree               0x08002aa1   0x13a  Code  Gb  ff.o [1]
f_gets                  0x08002daf    0x5e  Code  Gb  ff.o [1]
f_lseek                 0x08002517   0x450  Code  Gb  ff.o [1]
f_mkdir                 0x08002bdb   0x1d4  Code  Gb  ff.o [1]
f_mount                 0x08001b1d    0x9a  Code  Gb  ff.o [1]
f_open                  0x08001bd9   0x236  Code  Gb  ff.o [1]
f_opendir               0x08002967    0xf8  Code  Gb  ff.o [1]
f_printf                0x08002e5b   0x2dc  Code  Gb  ff.o [1]
f_read                  0x08001e0f   0x2ba  Code  Gb  ff.o [1]
f_sync                  0x080023dd    0xf2  Code  Gb  ff.o [1]
f_write                 0x080020c9   0x314  Code  Gb  ff.o [1]
ff_convert              0x0800332d    0x4e  Code  Gb  unicode.o [1]
ff_cre_syncobj          0x080031ad    0x28  Code  Gb  syscall.o [1]
ff_del_syncobj          0x080031d9     0xe  Code  Gb  syscall.o [1]
ff_memalloc             0x0800320f     0xc  Code  Gb  syscall.o [1]
ff_memfree              0x0800321b     0xc  Code  Gb  syscall.o [1]
ff_rel_grant            0x08003203     0xc  Code  Gb  syscall.o [1]
ff_req_grant            0x080031e7    0x1c  Code  Gb  syscall.o [1]
ff_wtoupper             0x0800337b    0x34  Code  Gb  unicode.o [1]
find_volume             0x08001669   0x45e  Code  Lc  ff.o [1]
fit_lfn                 0x08000e1d    0x88  Code  Lc  ff.o [1]
follow_path             0x080014f7    0x9c  Code  Lc  ff.o [1]
fputc                   0x0801228f    0x18  Code  Gb  print_com.o [1]
g_co                    0x20008d00    0x58  Data  Gb  dataHandler.o [1]
g_config                0x20008f10    0x50  Data  Gb  config.o [1]
g_coord                 0x2000938c    0x1c  Data  Gb  dataHandler.o [1]
g_moduleStatus          0x20009564     0x4  Data  Gb  moduleStatus.o [1]
g_no2                   0x20008d58    0x58  Data  Gb  dataHandler.o [1]
g_o3                    0x20008e08    0x58  Data  Gb  dataHandler.o [1]
g_pm10                  0x200092bc    0x30  Data  Gb  dataHandler.o [1]
g_pm10sharp             0x200092ec    0x30  Data  Gb  dataHandler.o [1]
g_pm25                  0x2000928c    0x30  Data  Gb  dataHandler.o [1]
g_recallInfo            0x200091ec    0x38  Data  Gb  dataRecord.o [1]
g_recordBuf             0x20008898    0x6c  Data  Gb  dataHandler.o [1]
g_recordInfo            0x2000931c    0x2c  Data  Gb  dataRecord.o [1]
g_sendBuf               0x2000882c    0x6c  Data  Gb  dataHandler.o [1]
g_sendDirt              0x20008970    0x6c  Data  Gb  dataHandler.o [1]
g_sendRecallData        0x200072e0   0x408  Data  Gb  dataHandler.o [1]
g_sendResponse          0x20008904    0x6c  Data  Gb  dataHandler.o [1]
g_so2                   0x20008db0    0x58  Data  Gb  dataHandler.o [1]
g_tempWetIn             0x20008b04    0x5c  Data  Gb  dataHandler.o [1]
g_tempWetOut            0x20008b60    0x5c  Data  Gb  dataHandler.o [1]
gen_numname             0x08000ea9    0xd0  Code  Lc  ff.o [1]
getFebDays              0x08009f0d    0x3c  Code  Gb  common.o [1]
get_fat                 0x08000627   0x11c  Code  Gb  ff.o [1]
get_fattime             0x08003329     0x4  Code  Wk  diskio.o [1]
get_ldnumber            0x08001593    0x50  Code  Lc  ff.o [1]
getdayOfMon             0x08009f49    0x64  Code  Gb  common.o [1]
gps                     0x200086f4    0xac  Data  Gb  gps.o [1]
heap_end                0x200094c4     0x4  Data  Lc  AaMem.o [1]
heap_ptr                0x200094c0     0x4  Data  Lc  AaMem.o [1]
htimx                   0x200091b0    0x3c  Data  Gb  fan.o [1]
inHandlerMode           0x080033cf    0x12  Code  Lc  cmsis_os.o [1]
inc_lock                0x080002ef    0xf4  Code  Lc  ff.o [1]
init_mparams            0x080037af    0x32  Code  Lc  dlmalloc.o [3]
init_top                0x080037e1    0x34  Code  Lc  dlmalloc.o [3]
internal_Pow            0x080147a9   0x478  Code  Lc  pow.o [4]
isspace                 0x08012059    0x14  Code  Gb  isxxx.o [3]
ld_clust                0x08000d3d    0x2a  Code  Lc  ff.o [1]
lfree                   0x200094c8     0x4  Data  Lc  AaMem.o [1]
lnbias                  0x08014c48   0x420  Data  Lc  pow.o [4]
localeconv              0x080118cb    0x16  Code  Gb  localeconv.o [3]
lock_fs                 0x080001f3     0xe  Code  Lc  ff.o [1]
main                    0x08017aad    0x14  Code  Gb  main.o [1]
makeFreeRtosPriority    0x080033bd    0x12  Code  Lc  cmsis_os.o [1]
max_mem                 0x200094d8     0x4  Data  Lc  AaMem.o [1]
mem_cmp                 0x080001bb    0x24  Code  Lc  ff.o [1]
mem_cpy                 0x08000189    0x1c  Code  Lc  ff.o [1]
mem_set                 0x080001a5    0x16  Code  Lc  ff.o [1]
mem_size_aligned        0x200094d0     0x4  Data  Lc  AaMem.o [1]
memchr                  0x080115a1          Code  Gb  memchr.o [5]
move_window             0x080004d7    0x44  Code  Lc  ff.o [1]
mparams                 0x200093c0    0x18  Data  Lc  dlmalloc.o [3]
myPow                   0x08009ef1    0x1c  Code  Gb  common.o [1]
mySDPath                0x20009568     0x4  Data  Gb  osa_file.o [1]
ndigs                   0x08011ab0    0x28  Data  Lc  xstoul.o [3]
obuf                    0x20008f60    0x50  Data  Lc  xfiles.o [3]
osDelay                 0x08003451    0x1c  Code  Gb  cmsis_os.o [1]
osKernelStart           0x080033e1     0xa  Code  Gb  cmsis_os.o [1]
osKernelSysTick         0x080033eb    0x16  Code  Gb  cmsis_os.o [1]
osMessageCreate         0x08003751    0x12  Code  Gb  cmsis_os.o [1]
osMutexCreate           0x08003543     0xc  Code  Gb  cmsis_os.o [1]
osMutexRelease          0x080035d5    0x54  Code  Gb  cmsis_os.o [1]
osMutexWait             0x0800354f    0x86  Code  Gb  cmsis_os.o [1]
osSemaphoreCreate       0x08003629    0x34  Code  Gb  cmsis_os.o [1]
osSemaphoreDelete       0x08003737    0x1a  Code  Gb  cmsis_os.o [1]
osSemaphoreRelease      0x080036e3    0x54  Code  Gb  cmsis_os.o [1]
osSemaphoreWait         0x0800365d    0x86  Code  Gb  cmsis_os.o [1]
osSignalSet             0x0800346d    0x58  Code  Gb  cmsis_os.o [1]
osSignalWait            0x080034c5    0x7e  Code  Gb  cmsis_os.o [1]
osSystickHandler        0x08003763    0x10  Code  Gb  cmsis_os.o [1]
osThreadCreate          0x08003401    0x3a  Code  Gb  cmsis_os.o [1]
osThreadGetId           0x0800343b     0x8  Code  Gb  cmsis_os.o [1]
osThreadResumeAll       0x08003783    0x12  Code  Gb  cmsis_os.o [1]
osThreadSuspendAll      0x08003779     0xa  Code  Gb  cmsis_os.o [1]
osThreadTerminate       0x08003443     0xe  Code  Gb  cmsis_os.o [1]
os_semaphore_def_ads1222_convcplt_sem
                        0x0801a3cc     0x4  Data  Lc  alpha_sense.o [1]
os_semaphore_def_cp15_recvcplt_sem
                        0x0801a424     0x4  Data  Lc  cp15.o [1]
os_semaphore_def_cp15_sendcplt_sem
                        0x0801a420     0x4  Data  Lc  cp15.o [1]
os_semaphore_def_gps_recvcplt_sem
                        0x0801a42c     0x4  Data  Lc  gps.o [1]
os_semaphore_def_gsm_recvcplt_sem
                        0x0801a43c     0x4  Data  Lc  gsm.o [1]
os_semaphore_def_gsm_sendcplt_sem
                        0x0801a438     0x4  Data  Lc  gsm.o [1]
pcInterruptPriorityRegisters
                        0x0801a444     0x4  Data  Lc  port.o [1]
plug_holes              0x0800cb01    0xbe  Code  Lc  AaMem.o [1]
prepend_alloc           0x08003815   0x36c  Code  Lc  dlmalloc.o [3]
printf                  0x0800e991    0x24  Code  Gb  printf.o [3]
prvAddCurrentTaskToDelayedList
                        0x080055bd    0x4e  Code  Lc  tasks.o [1]
prvAllocateTCBAndStack  0x08005611    0x3c  Code  Lc  tasks.o [1]
prvCheckTasksWaitingTermination
                        0x08005551    0x66  Code  Lc  tasks.o [1]
prvCopyDataFromQueue    0x0800634f    0x30  Code  Lc  queue.o [1]
prvCopyDataToQueue      0x080062b7    0x98  Code  Lc  queue.o [1]
prvDeleteTCB            0x0800564d    0x12  Code  Lc  tasks.o [1]
prvHeapInit             0x08006915    0x6e  Code  Lc  heap_4.o [1]
prvIdleTask             0x08005459    0x26  Code  Lc  tasks.o [1]
prvInitialiseTCBVariables
                        0x0800548d    0x6c  Code  Lc  tasks.o [1]
prvInitialiseTaskLists  0x080054f9    0x58  Code  Lc  tasks.o [1]
prvInsertBlockIntoFreeList
                        0x08006983    0x62  Code  Lc  heap_4.o [1]
prvIsQueueEmpty         0x080063e9    0x20  Code  Lc  queue.o [1]
prvIsQueueFull          0x08006409    0x22  Code  Lc  queue.o [1]
prvResetNextTaskUnblockTime
                        0x0800565f    0x2e  Code  Lc  tasks.o [1]
prvTaskExitError        0x0800647d    0x2a  Code  Lc  port.o [1]
prvUnlockQueue          0x0800637f    0x6a  Code  Lc  queue.o [1]
put_fat                 0x08000743   0x178  Code  Gb  ff.o [1]
putc_bfd                0x08002e0d    0x4e  Code  Lc  ff.o [1]
putchar                 0x08019b01     0xc  Code  Gb  putchar.o [3]
pvPortMalloc            0x08006785   0x118  Code  Gb  heap_4.o [1]
pvTaskIncrementMutexHeldCount
                        0x0800582b    0x1e  Code  Gb  tasks.o [1]
pxCurrentTCB            0x20009574     0x4  Data  Gb  tasks.o [1]
pxDelayedTaskList       0x20009578     0x4  Data  Lc  tasks.o [1]
pxEnd                   0x20009550     0x4  Data  Lc  heap_4.o [1]
pxOverflowDelayedTaskList
                        0x2000957c     0x4  Data  Lc  tasks.o [1]
pxPortInitialiseStack   0x08006459    0x24  Code  Gb  port.o [1]
pxReadyTasksLists       0x200087a0    0x8c  Data  Lc  tasks.o [1]
recv_char               0x200095b4     0x1  Data  Lc  AaShell.o [1]
recv_char_cp15          0x200095b8     0x1  Data  Gb  cp15.o [1]
recv_char_gps           0x200095bb     0x1  Data  Gb  gps.o [1]
recv_char_gsm           0x200095be     0x1  Data  Gb  gsm.o [1]
remove_chain            0x080008bb    0x84  Code  Lc  ff.o [1]
resetCtrl               0x200095c2     0x1  Data  Lc  gsmCtrl.o [1]
ring_buffer_consume_enter
                        0x080102f3   0x102  Code  Gb  RingBufferUtils.o [1]
ring_buffer_consume_str
                        0x080103f5   0x224  Code  Gb  RingBufferUtils.o [1]
ring_buffer_init        0x08010205    0x12  Code  Gb  RingBufferUtils.o [1]
ring_buffer_write       0x08010217    0xbc  Code  Gb  RingBufferUtils.o [1]
ring_buffer_write_c     0x080102d3    0x20  Code  Gb  RingBufferUtils.o [1]
s_cmd                   0x20009258    0x34  Data  Lc  gsmCtrl.o [1]
s_testBoot              0x200000d0     0x8  Data  Lc  gsmCtrl.o [1]
s_testCGATT             0x20000114    0x10  Data  Lc  gsmCtrl.o [1]
s_testCGCLASS           0x200000e4    0x14  Data  Lc  gsmCtrl.o [1]
s_testCGDCONT           0x200000f8    0x1c  Data  Lc  gsmCtrl.o [1]
s_testCIPCSGP           0x20000124    0x18  Data  Lc  gsmCtrl.o [1]
s_testCIPMODE           0x20000158    0x10  Data  Lc  gsmCtrl.o [1]
s_testCIPSTART          0x20000168    0x20  Data  Lc  gsmCtrl.o [1]
s_testCLPORT            0x2000013c    0x1c  Data  Lc  gsmCtrl.o [1]
s_testReg               0x200000d8     0xc  Data  Lc  gsmCtrl.o [1]
segment_holding         0x08003795    0x1a  Code  Lc  dlmalloc.o [3]
sprintf                 0x0800d39d    0x34  Code  Gb  sprintf.o [3]
st_clust                0x08000d67    0x18  Code  Lc  ff.o [1]
strchr                  0x08011589          Code  Gb  strchr.o [5]
stringToInt             0x08009e99    0x32  Code  Gb  common.o [1]
strlen                  0x0800cf5d          Code  Gb  strlen.o [5]
strncmp                 0x0801015b    0x28  Code  Gb  strncmp.o [3]
strstr                  0x0800e0e1    0x10  Code  Gb  gsmCtrl.o [1]
sum_sfn                 0x08000f79    0x20  Code  Lc  ff.o [1]
sync_fs                 0x0800051b    0xec  Code  Lc  ff.o [1]
sync_window             0x0800046f    0x68  Code  Lc  ff.o [1]
sys_alloc               0x08003b81   0x386  Code  Lc  dlmalloc.o [3]
temp_buf                0x200084f4   0x100  Data  Gb  Cfg.o [1]
tmalloc_large           0x08003f15   0x390  Code  Lc  dlmalloc.o [3]
tmalloc_small           0x080042a5   0x210  Code  Lc  dlmalloc.o [3]
tolower                 0x0801206d    0x14  Code  Gb  tolower.o [3]
uSdCardInfo             0x20008bf8    0x58  Data  Lc  407VE_sd.o [1]
uSdHandle               0x20008aa4    0x60  Data  Lc  407VE_sd.o [1]
ucHeap                  0x20000ae0  0x4000  Data  Lc  heap_4.o [1]
ucMaxSysCallPriority    0x200095c3     0x1  Data  Lc  port.o [1]
uhADCxConvertedValue    0x200095ae     0x2  Data  Gb  dnc3_dev.o [1]
ulMaxPRIGROUPValue      0x2000956c     0x4  Data  Lc  port.o [1]
unlock_fs               0x08000201    0x2c  Code  Lc  ff.o [1]
usMBCRC16               0x0800ab19    0x7c  Code  Gb  crc.o [1]
used_mem                0x200094d4     0x4  Data  Lc  AaMem.o [1]
uwTick                  0x20009570     0x4  Data  Gb  stm32f4xx_hal.o [1]
uxCriticalNesting       0x20000188     0x4  Data  Lc  port.o [1]
uxCurrentNumberOfTasks  0x20009584     0x4  Data  Lc  tasks.o [1]
uxListRemove            0x0800675b    0x28  Code  Gb  list.o [1]
uxPendedTicks           0x20009594     0x4  Data  Lc  tasks.o [1]
uxSchedulerSuspended    0x200095a4     0x4  Data  Lc  tasks.o [1]
uxTaskNumber            0x200095a0     0x4  Data  Lc  tasks.o [1]
uxTasksDeleted          0x20009580     0x4  Data  Lc  tasks.o [1]
uxTopReadyPriority      0x2000958c     0x4  Data  Lc  tasks.o [1]
vListInitialise         0x080066e5    0x1e  Code  Gb  list.o [1]
vListInitialiseItem     0x08006703     0x6  Code  Gb  list.o [1]
vListInsert             0x08006721    0x3a  Code  Gb  list.o [1]
vListInsertEnd          0x08006709    0x18  Code  Gb  list.o [1]
vPortEnableVFP          0x08006b09          Code  Gb  portasm.o [1]
vPortEnterCritical      0x08006573    0x3a  Code  Gb  port.o [1]
vPortExitCritical       0x080065ad    0x32  Code  Gb  port.o [1]
vPortFree               0x0800689d    0x78  Code  Gb  heap_4.o [1]
vPortSetupTimerInterrupt
                        0x0800660b    0x1a  Code  Wk  port.o [1]
vPortStartFirstTask     0x08006af1          Code  Gb  portasm.o [1]
vPortValidateInterruptPriority
                        0x08006625    0x4e  Code  Gb  port.o [1]
vQueueDelete            0x0800628f    0x28  Code  Gb  queue.o [1]
vQueueUnregisterQueue   0x0800642b    0x24  Code  Gb  queue.o [1]
vTaskDelay              0x08004ecd    0x84  Code  Gb  tasks.o [1]
vTaskDelete             0x08004dff    0xce  Code  Gb  tasks.o [1]
vTaskMissedYield        0x0800544d     0xa  Code  Gb  tasks.o [1]
vTaskPlaceOnEventList   0x08005289    0x76  Code  Gb  tasks.o [1]
vTaskPriorityInherit    0x080056c1    0xac  Code  Gb  tasks.o [1]
vTaskSetTimeOutState    0x0800538d    0x26  Code  Gb  tasks.o [1]
vTaskStartScheduler     0x08004f51    0x62  Code  Gb  tasks.o [1]
vTaskSuspendAll         0x08004fb3    0x10  Code  Gb  tasks.o [1]
vTaskSwitchContext      0x08005217    0x72  Code  Gb  tasks.o [1]
validate                0x08001ac7    0x56  Code  Lc  ff.o [1]
vsprintf                0x0800d3d1    0x2c  Code  Gb  vsprintf.o [3]
wait                    0x08017bf1     0x4  Code  Gb  stm32f4xx_it.o [1]
xBlockAllocatedBit      0x2000955c     0x4  Data  Lc  heap_4.o [1]
xDelayedTaskList1       0x20009400    0x14  Data  Lc  tasks.o [1]
xDelayedTaskList2       0x20009414    0x14  Data  Lc  tasks.o [1]
xFreeBytesRemaining     0x20009554     0x4  Data  Lc  heap_4.o [1]
xHeapStructSize         0x0801a440     0x4  Data  Lc  heap_4.o [1]
xMinimumEverFreeBytesRemaining
                        0x20009558     0x4  Data  Lc  heap_4.o [1]
xNextTaskUnblockTime    0x20000190     0x4  Data  Lc  tasks.o [1]
xNumOfOverflows         0x2000959c     0x4  Data  Lc  tasks.o [1]
xPendingReadyList       0x20009428    0x14  Data  Lc  tasks.o [1]
xPortStartScheduler     0x080064a7    0xcc  Code  Gb  port.o [1]
xPortSysTickHandler     0x080065df    0x2c  Code  Gb  port.o [1]
xQueueCreateCountingSemaphore
                        0x08005d1f    0x58  Code  Gb  queue.o [1]
xQueueCreateMutex       0x08005cb3    0x6c  Code  Gb  queue.o [1]
xQueueGenericCreate     0x08005c35    0x7e  Code  Gb  queue.o [1]
xQueueGenericReceive    0x08006001   0x1cc  Code  Gb  queue.o [1]
xQueueGenericReset      0x08005ba5    0x90  Code  Gb  queue.o [1]
xQueueGenericSend       0x08005d77   0x1b2  Code  Gb  queue.o [1]
xQueueGiveFromISR       0x08005f29    0xd8  Code  Gb  queue.o [1]
xQueueReceiveFromISR    0x080061cd    0xc2  Code  Gb  queue.o [1]
xQueueRegistry          0x200090f8    0x40  Data  Gb  queue.o [1]
xSchedulerRunning       0x20009590     0x4  Data  Lc  tasks.o [1]
xStart                  0x200094b8     0x8  Data  Lc  heap_4.o [1]
xSuspendedTaskList      0x20009450    0x14  Data  Lc  tasks.o [1]
xTaskCheckForTimeOut    0x080053c5    0x88  Code  Gb  tasks.o [1]
xTaskGenericCreate      0x08004c85   0x17a  Code  Gb  tasks.o [1]
xTaskGenericNotify      0x0800593d   0x100  Code  Gb  tasks.o [1]
xTaskGetCurrentTaskHandle
                        0x0800568d     0xa  Code  Gb  tasks.o [1]
xTaskGetSchedulerState  0x08005697    0x26  Code  Gb  tasks.o [1]
xTaskGetTickCount       0x080050c3     0xa  Code  Gb  tasks.o [1]
xTaskGetTickCountFromISR
                        0x080050cd    0x16  Code  Gb  tasks.o [1]
xTaskIncrementTick      0x080050e3   0x134  Code  Gb  tasks.o [1]
xTaskNotifyFromISR      0x08005a4d   0x116  Code  Gb  tasks.o [1]
xTaskNotifyWait         0x08005851    0xe8  Code  Gb  tasks.o [1]
xTaskPriorityDisinherit
                        0x08005771    0xba  Code  Gb  tasks.o [1]
xTaskRemoveFromEventList
                        0x080052ff    0x84  Code  Gb  tasks.o [1]
xTaskResumeAll          0x08004fc3   0x100  Code  Gb  tasks.o [1]
xTasksWaitingTermination
                        0x2000943c    0x14  Data  Lc  tasks.o [1]
xTickCount              0x20009588     0x4  Data  Lc  tasks.o [1]
xYieldPending           0x20009598     0x4  Data  Lc  tasks.o [1]


[1] = E:\Bussiness Project\bjsensor\gitSVN\AirMonitor.git\trunk\FatFs_uSD_RTOS\EWARM\AirMonitor\Obj
[2] = command line
[3] = dl7M_tlf.a
[4] = m7M_tls.a
[5] = rt7M_tl.a
[6] = shb_l.a

  96 336 bytes of readonly  code memory
  11 865 bytes of readonly  data memory
  38 337 bytes of readwrite data memory

Errors: 1
Warnings: none
