###############################################################################
#
# IAR ELF Linker V7.30.1.7746/W32 for ARM                 04/Sep/2016  15:23:43
# Copyright 2007-2014 IAR Systems AB.
#
#    Output file  =  
#        D:\HargicStudio\AirMonitor\AirMonitor_git\FatFs_uSD_RTOS\EWARM\AirMonitor\Exe\AirMonitor.out
#    Map file     =  
#        D:\HargicStudio\AirMonitor\AirMonitor_git\FatFs_uSD_RTOS\EWARM\AirMonitor\List\AirMonitor.map
#    Command line =  
#        D:\HargicStudio\AirMonitor\AirMonitor_git\FatFs_uSD_RTOS\EWARM\AirMonitor\Obj\407VE_sd.o
#        D:\HargicStudio\AirMonitor\AirMonitor_git\FatFs_uSD_RTOS\EWARM\AirMonitor\Obj\AaMem.o
#        D:\HargicStudio\AirMonitor\AirMonitor_git\FatFs_uSD_RTOS\EWARM\AirMonitor\Obj\AaShell.o
#        D:\HargicStudio\AirMonitor\AirMonitor_git\FatFs_uSD_RTOS\EWARM\AirMonitor\Obj\AaSysCom.o
#        D:\HargicStudio\AirMonitor\AirMonitor_git\FatFs_uSD_RTOS\EWARM\AirMonitor\Obj\AaSysLogInterface.o
#        D:\HargicStudio\AirMonitor\AirMonitor_git\FatFs_uSD_RTOS\EWARM\AirMonitor\Obj\AaSysLogSystem.o
#        D:\HargicStudio\AirMonitor\AirMonitor_git\FatFs_uSD_RTOS\EWARM\AirMonitor\Obj\AaTag.o
#        D:\HargicStudio\AirMonitor\AirMonitor_git\FatFs_uSD_RTOS\EWARM\AirMonitor\Obj\AaThread.o
#        D:\HargicStudio\AirMonitor\AirMonitor_git\FatFs_uSD_RTOS\EWARM\AirMonitor\Obj\ads1222.o
#        D:\HargicStudio\AirMonitor\AirMonitor_git\FatFs_uSD_RTOS\EWARM\AirMonitor\Obj\alpha_sense.o
#        D:\HargicStudio\AirMonitor\AirMonitor_git\FatFs_uSD_RTOS\EWARM\AirMonitor\Obj\am2302.o
#        D:\HargicStudio\AirMonitor\AirMonitor_git\FatFs_uSD_RTOS\EWARM\AirMonitor\Obj\BipBuffer.o
#        D:\HargicStudio\AirMonitor\AirMonitor_git\FatFs_uSD_RTOS\EWARM\AirMonitor\Obj\CCSDaemon.o
#        D:\HargicStudio\AirMonitor\AirMonitor_git\FatFs_uSD_RTOS\EWARM\AirMonitor\Obj\Cfg.o
#        D:\HargicStudio\AirMonitor\AirMonitor_git\FatFs_uSD_RTOS\EWARM\AirMonitor\Obj\cmsis_os.o
#        D:\HargicStudio\AirMonitor\AirMonitor_git\FatFs_uSD_RTOS\EWARM\AirMonitor\Obj\common.o
#        D:\HargicStudio\AirMonitor\AirMonitor_git\FatFs_uSD_RTOS\EWARM\AirMonitor\Obj\config.o
#        D:\HargicStudio\AirMonitor\AirMonitor_git\FatFs_uSD_RTOS\EWARM\AirMonitor\Obj\cp15.o
#        D:\HargicStudio\AirMonitor\AirMonitor_git\FatFs_uSD_RTOS\EWARM\AirMonitor\Obj\cp15_dev.o
#        D:\HargicStudio\AirMonitor\AirMonitor_git\FatFs_uSD_RTOS\EWARM\AirMonitor\Obj\crc.o
#        D:\HargicStudio\AirMonitor\AirMonitor_git\FatFs_uSD_RTOS\EWARM\AirMonitor\Obj\croutine.o
#        D:\HargicStudio\AirMonitor\AirMonitor_git\FatFs_uSD_RTOS\EWARM\AirMonitor\Obj\dataHandler.o
#        D:\HargicStudio\AirMonitor\AirMonitor_git\FatFs_uSD_RTOS\EWARM\AirMonitor\Obj\dataRecord.o
#        D:\HargicStudio\AirMonitor\AirMonitor_git\FatFs_uSD_RTOS\EWARM\AirMonitor\Obj\dataRecv.o
#        D:\HargicStudio\AirMonitor\AirMonitor_git\FatFs_uSD_RTOS\EWARM\AirMonitor\Obj\diskio.o
#        D:\HargicStudio\AirMonitor\AirMonitor_git\FatFs_uSD_RTOS\EWARM\AirMonitor\Obj\fan.o
#        D:\HargicStudio\AirMonitor\AirMonitor_git\FatFs_uSD_RTOS\EWARM\AirMonitor\Obj\ff.o
#        D:\HargicStudio\AirMonitor\AirMonitor_git\FatFs_uSD_RTOS\EWARM\AirMonitor\Obj\ff_gen_drv.o
#        D:\HargicStudio\AirMonitor\AirMonitor_git\FatFs_uSD_RTOS\EWARM\AirMonitor\Obj\format.o
#        D:\HargicStudio\AirMonitor\AirMonitor_git\FatFs_uSD_RTOS\EWARM\AirMonitor\Obj\gps.o
#        D:\HargicStudio\AirMonitor\AirMonitor_git\FatFs_uSD_RTOS\EWARM\AirMonitor\Obj\gps_dev.o
#        D:\HargicStudio\AirMonitor\AirMonitor_git\FatFs_uSD_RTOS\EWARM\AirMonitor\Obj\gpsAnalyser.o
#        D:\HargicStudio\AirMonitor\AirMonitor_git\FatFs_uSD_RTOS\EWARM\AirMonitor\Obj\gsm.o
#        D:\HargicStudio\AirMonitor\AirMonitor_git\FatFs_uSD_RTOS\EWARM\AirMonitor\Obj\gsm_dev.o
#        D:\HargicStudio\AirMonitor\AirMonitor_git\FatFs_uSD_RTOS\EWARM\AirMonitor\Obj\gsm_power_dev.o
#        D:\HargicStudio\AirMonitor\AirMonitor_git\FatFs_uSD_RTOS\EWARM\AirMonitor\Obj\gsmCtrl.o
#        D:\HargicStudio\AirMonitor\AirMonitor_git\FatFs_uSD_RTOS\EWARM\AirMonitor\Obj\heap_4.o
#        D:\HargicStudio\AirMonitor\AirMonitor_git\FatFs_uSD_RTOS\EWARM\AirMonitor\Obj\led.o
#        D:\HargicStudio\AirMonitor\AirMonitor_git\FatFs_uSD_RTOS\EWARM\AirMonitor\Obj\led_dev.o
#        D:\HargicStudio\AirMonitor\AirMonitor_git\FatFs_uSD_RTOS\EWARM\AirMonitor\Obj\list.o
#        D:\HargicStudio\AirMonitor\AirMonitor_git\FatFs_uSD_RTOS\EWARM\AirMonitor\Obj\main.o
#        D:\HargicStudio\AirMonitor\AirMonitor_git\FatFs_uSD_RTOS\EWARM\AirMonitor\Obj\moduleStatus.o
#        D:\HargicStudio\AirMonitor\AirMonitor_git\FatFs_uSD_RTOS\EWARM\AirMonitor\Obj\osa_file.o
#        D:\HargicStudio\AirMonitor\AirMonitor_git\FatFs_uSD_RTOS\EWARM\AirMonitor\Obj\PingPang.o
#        D:\HargicStudio\AirMonitor\AirMonitor_git\FatFs_uSD_RTOS\EWARM\AirMonitor\Obj\port.o
#        D:\HargicStudio\AirMonitor\AirMonitor_git\FatFs_uSD_RTOS\EWARM\AirMonitor\Obj\portasm.o
#        D:\HargicStudio\AirMonitor\AirMonitor_git\FatFs_uSD_RTOS\EWARM\AirMonitor\Obj\print_com.o
#        D:\HargicStudio\AirMonitor\AirMonitor_git\FatFs_uSD_RTOS\EWARM\AirMonitor\Obj\queue.o
#        D:\HargicStudio\AirMonitor\AirMonitor_git\FatFs_uSD_RTOS\EWARM\AirMonitor\Obj\RingBufferUtils.o
#        D:\HargicStudio\AirMonitor\AirMonitor_git\FatFs_uSD_RTOS\EWARM\AirMonitor\Obj\rtc_dev.o
#        D:\HargicStudio\AirMonitor\AirMonitor_git\FatFs_uSD_RTOS\EWARM\AirMonitor\Obj\sd_diskio.o
#        D:\HargicStudio\AirMonitor\AirMonitor_git\FatFs_uSD_RTOS\EWARM\AirMonitor\Obj\startup_stm32f407xx.o
#        D:\HargicStudio\AirMonitor\AirMonitor_git\FatFs_uSD_RTOS\EWARM\AirMonitor\Obj\stm32f4xx_hal.o
#        D:\HargicStudio\AirMonitor\AirMonitor_git\FatFs_uSD_RTOS\EWARM\AirMonitor\Obj\stm32f4xx_hal_cortex.o
#        D:\HargicStudio\AirMonitor\AirMonitor_git\FatFs_uSD_RTOS\EWARM\AirMonitor\Obj\stm32f4xx_hal_crc.o
#        D:\HargicStudio\AirMonitor\AirMonitor_git\FatFs_uSD_RTOS\EWARM\AirMonitor\Obj\stm32f4xx_hal_dma.o
#        D:\HargicStudio\AirMonitor\AirMonitor_git\FatFs_uSD_RTOS\EWARM\AirMonitor\Obj\stm32f4xx_hal_flash.o
#        D:\HargicStudio\AirMonitor\AirMonitor_git\FatFs_uSD_RTOS\EWARM\AirMonitor\Obj\stm32f4xx_hal_flash_ex.o
#        D:\HargicStudio\AirMonitor\AirMonitor_git\FatFs_uSD_RTOS\EWARM\AirMonitor\Obj\stm32f4xx_hal_gpio.o
#        D:\HargicStudio\AirMonitor\AirMonitor_git\FatFs_uSD_RTOS\EWARM\AirMonitor\Obj\stm32f4xx_hal_msp.o
#        D:\HargicStudio\AirMonitor\AirMonitor_git\FatFs_uSD_RTOS\EWARM\AirMonitor\Obj\stm32f4xx_hal_pwr.o
#        D:\HargicStudio\AirMonitor\AirMonitor_git\FatFs_uSD_RTOS\EWARM\AirMonitor\Obj\stm32f4xx_hal_rcc.o
#        D:\HargicStudio\AirMonitor\AirMonitor_git\FatFs_uSD_RTOS\EWARM\AirMonitor\Obj\stm32f4xx_hal_rcc_ex.o
#        D:\HargicStudio\AirMonitor\AirMonitor_git\FatFs_uSD_RTOS\EWARM\AirMonitor\Obj\stm32f4xx_hal_rtc.o
#        D:\HargicStudio\AirMonitor\AirMonitor_git\FatFs_uSD_RTOS\EWARM\AirMonitor\Obj\stm32f4xx_hal_rtc_ex.o
#        D:\HargicStudio\AirMonitor\AirMonitor_git\FatFs_uSD_RTOS\EWARM\AirMonitor\Obj\stm32f4xx_hal_sd.o
#        D:\HargicStudio\AirMonitor\AirMonitor_git\FatFs_uSD_RTOS\EWARM\AirMonitor\Obj\stm32f4xx_hal_tim.o
#        D:\HargicStudio\AirMonitor\AirMonitor_git\FatFs_uSD_RTOS\EWARM\AirMonitor\Obj\stm32f4xx_hal_tim_ex.o
#        D:\HargicStudio\AirMonitor\AirMonitor_git\FatFs_uSD_RTOS\EWARM\AirMonitor\Obj\stm32f4xx_hal_uart.o
#        D:\HargicStudio\AirMonitor\AirMonitor_git\FatFs_uSD_RTOS\EWARM\AirMonitor\Obj\stm32f4xx_hal_wwdg.o
#        D:\HargicStudio\AirMonitor\AirMonitor_git\FatFs_uSD_RTOS\EWARM\AirMonitor\Obj\stm32f4xx_it.o
#        D:\HargicStudio\AirMonitor\AirMonitor_git\FatFs_uSD_RTOS\EWARM\AirMonitor\Obj\stm32f4xx_ll_sdmmc.o
#        D:\HargicStudio\AirMonitor\AirMonitor_git\FatFs_uSD_RTOS\EWARM\AirMonitor\Obj\syscall.o
#        D:\HargicStudio\AirMonitor\AirMonitor_git\FatFs_uSD_RTOS\EWARM\AirMonitor\Obj\system_stm32f4xx.o
#        D:\HargicStudio\AirMonitor\AirMonitor_git\FatFs_uSD_RTOS\EWARM\AirMonitor\Obj\tasks.o
#        D:\HargicStudio\AirMonitor\AirMonitor_git\FatFs_uSD_RTOS\EWARM\AirMonitor\Obj\timers.o
#        D:\HargicStudio\AirMonitor\AirMonitor_git\FatFs_uSD_RTOS\EWARM\AirMonitor\Obj\unicode.o
#        --redirect _Printf=_PrintfFull --redirect _Scanf=_ScanfFull -o
#        D:\HargicStudio\AirMonitor\AirMonitor_git\FatFs_uSD_RTOS\EWARM\AirMonitor\Exe\AirMonitor.out
#        --map
#        D:\HargicStudio\AirMonitor\AirMonitor_git\FatFs_uSD_RTOS\EWARM\AirMonitor\List\AirMonitor.map
#        --config
#        D:\HargicStudio\AirMonitor\AirMonitor_git\FatFs_uSD_RTOS\EWARM\stm32f407xx_flash.icf
#        --semihosting --entry __iar_program_start --vfe
#
###############################################################################

*******************************************************************************
*** RUNTIME MODEL ATTRIBUTES
***

CppFlavor                     = *
__Heap_Handler                = DLMalloc
__SystemLibrary               = DLib
__dlib_dynamic_initialization = normal


*******************************************************************************
*** PLACEMENT SUMMARY
***

"A1":  place at 0x08000000 { ro section .intvec };
"P1":  place in [from 0x08000000 to 0x0807ffff] { ro };
"P2":  place in [from 0x20000000 to 0x2001ffff] { rw, block CSTACK, block HEAP };

  Section             Kind        Address    Size  Object
  -------             ----        -------    ----  ------
"A1":                                       0x188
  .intvec             ro code  0x08000000   0x188  startup_stm32f407xx.o [1]
                             - 0x08000188   0x188

"P1":                                      0xb808
  .text               ro code  0x08000188  0x1500  dlmalloc.o [3]
  .text               ro code  0x08001688     0x6  abort.o [3]
  .text               ro code  0x0800168e    0x22  zero_init3.o [5]
  .text               ro code  0x080016b0    0x2c  xgetmemchunk.o [3]
  .text               ro code  0x080016dc    0x14  exit.o [6]
  .text               ro code  0x080016f0  0x1150  xprintffull.o [3]
  .text               ro code  0x08002840    0x20  xmbtowc.o [3]
  .text               ro code  0x08002860    0x16  strchr.o [5]
  .text               ro code  0x08002876     0xa  xsprout.o [3]
  .text               ro code  0x08002880    0x36  strlen.o [5]
  .text               ro code  0x080028b8    0x58  memchr.o [5]
  .text               ro code  0x08002910     0xa  xmbcurmax.o [3]
  .text               ro code  0x0800291a    0x1a  xwctomb.o [3]
  .text               ro code  0x08002934    0x76  ABImemcpy_unaligned.o [5]
  .text               ro code  0x080029ac    0xee  I64DivMod.o [5]
  .text               ro code  0x08002a9a    0x42  xdnorm.o [4]
  .text               ro code  0x08002adc    0x2e  DblCmpLe.o [4]
  .text               ro code  0x08002b0c    0x2e  DblCmpGe.o [4]
  .text               ro code  0x08002b3c   0x114  xdscale.o [4]
  .text               ro code  0x08002c50    0x58  DblToI32.o [4]
  .text               ro code  0x08002ca8    0x30  I32ToDbl.o [4]
  .text               ro code  0x08002cd8   0x180  DblSub.o [4]
  .text               ro code  0x08002e58   0x1a2  DblMul.o [4]
  .text               ro code  0x08002ffc   0x246  DblDiv.o [4]
  .text               ro code  0x08003244    0x6c  localeconv.o [3]
  .text               ro code  0x080032b0     0xe  div.o [3]
  .text               ro code  0x080032c0    0x54  setlocale.o [3]
  .text               ro code  0x08003314    0x60  xencoding_sb.o [3]
  .text               ro code  0x08003374     0x2  I64DivZer.o [5]
  .text               ro code  0x08003378    0xd4  DblAdd.o [4]
  .text               ro code  0x0800344c     0x2  xtls.o [3]
  .text               ro code  0x08003450   0xf1c  tasks.o [1]
  .text               ro code  0x0800436c   0x258  port.o [1]
  .text               ro code  0x080045c4    0x9e  list.o [1]
  .text               ro code  0x08004664   0x280  heap_4.o [1]
  CODE                ro code  0x080048e4    0xa8  portasm.o [1]
  .text               ro code  0x0800498c   0x968  stm32f4xx_hal_uart.o [1]
  .text               ro code  0x080052f4   0x132  stm32f4xx_hal_msp.o [1]
  .text               ro code  0x08005428   0x334  stm32f4xx_hal_dma.o [1]
  .text               ro code  0x0800575c    0x7c  stm32f4xx_hal.o [1]
  .text               ro code  0x080057d8   0x614  stm32f4xx_hal_rcc.o [1]
  .text               ro code  0x08005dec   0x1cc  print_com.o [1]
  .text               ro code  0x08005fb8    0xc4  gps_dev.o [1]
  .text               ro code  0x0800607c    0xc0  gsm_dev.o [1]
  .text               ro code  0x0800613c    0xc0  cp15_dev.o [1]
  .text               ro code  0x080061fc     0xa  ads1222.o [1]
  .text               ro code  0x08006208   0x13c  stm32f4xx_hal_cortex.o [1]
  .text               ro code  0x08006344   0x26c  stm32f4xx_hal_gpio.o [1]
  .text               ro code  0x080065b0   0x348  AaSysLogSystem.o [1]
  .text               ro code  0x080068f8    0x44  AaShell.o [1]
  .text               ro code  0x0800693c   0x100  gps.o [1]
  .text               ro code  0x08006a3c   0x280  gsm.o [1]
  .text               ro code  0x08006cbc    0xb0  cp15.o [1]
  .text               ro code  0x08006d6c    0x14  alpha_sense.o [1]
  .text               ro code  0x08006d80   0x1f4  AaSysLogInterface.o [1]
  .text               ro code  0x08006f74   0x4c0  cmsis_os.o [1]
  .text               ro code  0x08007434   0x18a  BipBuffer.o [1]
  .text               ro code  0x080075c0   0x4b4  AaMem.o [1]
  .text               ro code  0x08007a74   0x1a6  AaThread.o [1]
  .text               ro code  0x08007c1a    0xbc  RingBufferUtils.o [1]
  .text               ro code  0x08007cd8    0x84  gsmCtrl.o [1]
  .text               ro code  0x08007d5c    0x4e  common.o [1]
  .text               ro code  0x08007dac   0x350  rtc_dev.o [1]
  .text               ro code  0x080080fc    0x34  sprintf.o [3]
  .text               ro code  0x08008130    0x2c  vsprintf.o [3]
  .text               ro code  0x0800815c   0x950  queue.o [1]
  .text               ro code  0x08008aac    0x66  ABImemset.o [5]
  .text               ro code  0x08008b14    0x6c  strncpy_unaligned.o [5]
  .text               ro code  0x08008b80   0x430  stm32f4xx_hal_rtc.o [1]
  .text               ro code  0x08008fb0    0x26  stm32f4xx_hal_rtc_ex.o [1]
  .text               ro code  0x08008fd8   0x178  stm32f4xx_hal_rcc_ex.o [1]
  .text               ro code  0x08009150    0xb6  localtim.o [3]
  .text               ro code  0x08009208     0xa  getzone.o [3]
  .text               ro code  0x08009212    0x42  xgettime.o [3]
  .text               ro code  0x08009254    0x88  xstol.o [3]
  .text               ro code  0x080092dc   0x188  xttotm.o [3]
  .text               ro code  0x08009464    0x14  isxxx.o [3]
  .text               ro code  0x08009478   0x194  xstoul.o [3]
  .text               ro code  0x0800960c     0xc  errno.o [3]
  .text               ro code  0x08009618   0x134  xisdst.o [3]
  .text               ro code  0x0800974c    0x14  xlocale_c.o [3]
  .text               ro code  0x08009760    0x14  tolower.o [3]
  .text               ro code  0x08009774   0x164  xgetdst.o [3]
  .text               ro code  0x080098d8     0xc  xlocale_c.o [3]
  .text               ro code  0x080098e4   0x660  AaSysCom.o [1]
  .text               ro code  0x08009f44   0x2ac  led.o [1]
  .text               ro code  0x0800a1f0    0x6c  led_dev.o [1]
  .text               ro code  0x0800a25c     0x6  ABImemclr4.o [5]
  .text               ro code  0x0800a264    0x32  ABImemset48.o [5]
  .text               ro code  0x0800a298   0x26c  AaTag.o [1]
  .text               ro code  0x0800a504    0x44  strcpy_unaligned.o [5]
  .text               ro code  0x0800a548    0x42  strcmp_unaligned.o [5]
  .text               ro code  0x0800a58c   0x11c  CCSDaemon.o [1]
  .text               ro code  0x0800a6a8    0xd2  packbits_init.o [5]
  .text               ro code  0x0800a77c    0xc4  main.o [1]
  .text               ro code  0x0800a840    0xc0  stm32f4xx_hal_sd.o [1]
  .text               ro code  0x0800a900    0x7e  stm32f4xx_it.o [1]
  .text               ro code  0x0800a980    0x28  407VE_sd.o [1]
  .text               ro code  0x0800a9a8    0x6c  system_stm32f4xx.o [1]
  .rodata             const    0x0800aa14    0x58  AaSysLogSystem.o [1]
  .rodata             const    0x0800aa6c    0x50  AaSysLogSystem.o [1]
  .rodata             const    0x0800aabc    0x4c  AaSysCom.o [1]
  .rodata             const    0x0800ab08    0x48  AaSysCom.o [1]
  .rodata             const    0x0800ab50    0x48  AaSysCom.o [1]
  .rodata             const    0x0800ab98    0x48  AaSysCom.o [1]
  .rodata             const    0x0800abe0    0x48  AaSysLogSystem.o [1]
  .rodata             const    0x0800ac28    0x44  AaSysCom.o [1]
  .rodata             const    0x0800ac6c    0x44  led.o [1]
  .rodata             const    0x0800acb0    0x3c  AaSysCom.o [1]
  .rodata             const    0x0800acec    0x38  AaSysCom.o [1]
  .rodata             const    0x0800ad24    0x38  AaSysCom.o [1]
  .rodata             const    0x0800ad5c    0x38  AaSysLogInterface.o [1]
  .rodata             const    0x0800ad94    0x30  AaSysCom.o [1]
  .rodata             const    0x0800adc4    0x30  AaSysCom.o [1]
  .rodata             const    0x0800adf4    0x30  AaSysLogSystem.o [1]
  .rodata             const    0x0800ae24    0x2c  AaSysCom.o [1]
  .rodata             const    0x0800ae50    0x2c  AaSysLogSystem.o [1]
  .rodata             const    0x0800ae7c    0x2c  led.o [1]
  .rodata             const    0x0800aea8    0x28  AaSysCom.o [1]
  .rodata             const    0x0800aed0    0x28  AaSysCom.o [1]
  .rodata             const    0x0800aef8    0x28  AaSysLogSystem.o [1]
  .rodata             const    0x0800af20    0x28  AaSysLogSystem.o [1]
  .rodata             const    0x0800af48    0x28  AaTag.o [1]
  .rodata             const    0x0800af70    0x28  AaTag.o [1]
  .rodata             const    0x0800af98    0x28  AaTag.o [1]
  .rodata             const    0x0800afc0    0x28  AaThread.o [1]
  .rodata             const    0x0800afe8    0x28  led.o [1]
  .text               ro code  0x0800b010    0x28  data_init.o [5]
  .rodata             const    0x0800b038    0x24  AaSysCom.o [1]
  .rodata             const    0x0800b05c    0x24  AaSysCom.o [1]
  .rodata             const    0x0800b080    0x24  CCSDaemon.o [1]
  .rodata             const    0x0800b0a4    0x24  led.o [1]
  .text               ro code  0x0800b0c8    0x22  fpinit_M.o [4]
  .iar.init_table     const    0x0800b0ec    0x2c  - Linker created -
  .rodata             const    0x0800b118    0x20  AaMem.o [1]
  .rodata             const    0x0800b138    0x20  AaMem.o [1]
  .rodata             const    0x0800b158    0x20  AaSysLogSystem.o [1]
  .rodata             const    0x0800b178    0x20  AaSysLogSystem.o [1]
  .rodata             const    0x0800b198    0x20  AaSysLogSystem.o [1]
  .rodata             const    0x0800b1b8    0x20  AaSysLogSystem.o [1]
  .rodata             const    0x0800b1d8    0x20  AaSysLogSystem.o [1]
  .rodata             const    0x0800b1f8    0x20  AaSysLogSystem.o [1]
  .rodata             const    0x0800b218    0x20  AaSysLogSystem.o [1]
  .rodata             const    0x0800b238    0x20  AaThread.o [1]
  .rodata             const    0x0800b258    0x20  led.o [1]
  .rodata             const    0x0800b278    0x20  led.o [1]
  .rodata             const    0x0800b298    0x20  led.o [1]
  .rodata             const    0x0800b2b8    0x20  led.o [1]
  .rodata             const    0x0800b2d8    0x1c  AaSysCom.o [1]
  .rodata             const    0x0800b2f4    0x1c  AaSysCom.o [1]
  .rodata             const    0x0800b310    0x1c  AaSysCom.o [1]
  .rodata             const    0x0800b32c    0x1c  AaTag.o [1]
  .rodata             const    0x0800b348    0x1c  AaTag.o [1]
  .rodata             const    0x0800b364    0x1c  AaTag.o [1]
  .rodata             const    0x0800b380    0x1c  AaTag.o [1]
  .rodata             const    0x0800b39c    0x1c  AaTag.o [1]
  .rodata             const    0x0800b3b8    0x1c  CCSDaemon.o [1]
  .rodata             const    0x0800b3d4    0x1c  CCSDaemon.o [1]
  .rodata             const    0x0800b3f0    0x1c  led.o [1]
  .rodata             const    0x0800b40c    0x1c  led.o [1]
  .rodata             const    0x0800b428    0x1c  led.o [1]
  .text               ro code  0x0800b444    0x1a  cmain.o [5]
  .text               ro code  0x0800b45e     0x4  low_level_init.o [3]
  .text               ro code  0x0800b462     0x4  exit.o [3]
  .text               ro code  0x0800b468     0xa  cexit.o [5]
  .rodata             const    0x0800b474    0x18  AaSysCom.o [1]
  .rodata             const    0x0800b48c    0x18  AaSysCom.o [1]
  .rodata             const    0x0800b4a4    0x18  AaSysLogSystem.o [1]
  .rodata             const    0x0800b4bc    0x18  AaSysLogSystem.o [1]
  .rodata             const    0x0800b4d4    0x18  AaTag.o [1]
  .rodata             const    0x0800b4ec    0x18  CCSDaemon.o [1]
  .rodata             const    0x0800b504    0x18  CCSDaemon.o [1]
  .rodata             const    0x0800b51c    0x18  led.o [1]
  .rodata             const    0x0800b534    0x18  led.o [1]
  .rodata             const    0x0800b54c    0x14  AaMem.o [1]
  .rodata             const    0x0800b560    0x14  AaMem.o [1]
  .rodata             const    0x0800b574    0x14  AaSysCom.o [1]
  .rodata             const    0x0800b588    0x14  AaSysCom.o [1]
  .rodata             const    0x0800b59c    0x14  AaSysCom.o [1]
  .rodata             const    0x0800b5b0    0x14  AaSysCom.o [1]
  .rodata             const    0x0800b5c4    0x14  AaSysLogSystem.o [1]
  .rodata             const    0x0800b5d8    0x14  AaTag.o [1]
  .rodata             const    0x0800b5ec    0x14  AaTag.o [1]
  .rodata             const    0x0800b600    0x14  AaTag.o [1]
  .rodata             const    0x0800b614    0x14  AaTag.o [1]
  .rodata             const    0x0800b628    0x14  CCSDaemon.o [1]
  .rodata             const    0x0800b63c    0x14  led.o [1]
  .rodata             const    0x0800b650    0x14  led.o [1]
  .rodata             const    0x0800b664    0x14  led.o [1]
  .rodata             const    0x0800b678    0x14  led.o [1]
  .rodata             const    0x0800b68c    0x10  AaSysCom.o [1]
  .rodata             const    0x0800b69c    0x10  AaSysCom.o [1]
  .rodata             const    0x0800b6ac    0x10  AaSysCom.o [1]
  .rodata             const    0x0800b6bc    0x10  AaSysLogSystem.o [1]
  .rodata             const    0x0800b6cc    0x10  AaSysLogSystem.o [1]
  .rodata             const    0x0800b6dc    0x10  AaThread.o [1]
  .rodata             const    0x0800b6ec    0x10  CCSDaemon.o [1]
  .rodata             const    0x0800b6fc    0x10  led.o [1]
  .rodata             const    0x0800b70c    0x10  led.o [1]
  .rodata             const    0x0800b71c    0x10  stm32f4xx_hal_rcc.o [1]
  .text               ro code  0x0800b72c    0x10  startup_stm32f407xx.o [1]
  .rodata             const    0x0800b73c     0xc  AaMem.o [1]
  .rodata             const    0x0800b748     0xc  AaSysCom.o [1]
  .rodata             const    0x0800b754     0xc  AaSysLogSystem.o [1]
  .rodata             const    0x0800b760     0xc  AaTag.o [1]
  .rodata             const    0x0800b76c     0xc  AaTag.o [1]
  .rodata             const    0x0800b778     0xc  AaTag.o [1]
  .rodata             const    0x0800b784     0xc  AaThread.o [1]
  .rodata             const    0x0800b790     0xc  CCSDaemon.o [1]
  .rodata             const    0x0800b79c     0xc  CCSDaemon.o [1]
  .rodata             const    0x0800b7a8     0xc  led.o [1]
  .rodata             const    0x0800b7b4     0xc  led.o [1]
  .text               ro code  0x0800b7c0     0xc  cstartup_M.o [5]
  .rodata             const    0x0800b7cc     0x8  AaSysCom.o [1]
  .rodata             const    0x0800b7d4     0x8  AaSysCom.o [1]
  .rodata             const    0x0800b7dc     0x8  AaSysCom.o [1]
  .rodata             const    0x0800b7e4     0x8  AaSysLogInterface.o [1]
  .rodata             const    0x0800b7ec     0x8  AaSysLogInterface.o [1]
  .rodata             const    0x0800b7f4     0x8  AaTag.o [1]
  .rodata             const    0x0800b7fc     0x8  CCSDaemon.o [1]
  .rodata             const    0x0800b804     0x8  led.o [1]
  .rodata             const    0x0800b80c     0x8  led.o [1]
  .rodata             const    0x0800b814     0x8  led.o [1]
  .rodata             const    0x0800b81c     0x8  led.o [1]
  .rodata             const    0x0800b824     0x8  stm32f4xx_hal_dma.o [1]
  .rodata             const    0x0800b82c     0x8  tasks.o [1]
  .rodata             const    0x0800b834     0x4  AaMem.o [1]
  .rodata             const    0x0800b838     0x4  AaSysCom.o [1]
  .rodata             const    0x0800b83c     0x4  AaSysLogSystem.o [1]
  .rodata             const    0x0800b840     0x4  AaSysLogSystem.o [1]
  .rodata             const    0x0800b844     0x4  AaTag.o [1]
  .rodata             const    0x0800b848     0x4  AaThread.o [1]
  .rodata             const    0x0800b84c     0x4  heap_4.o [1]
  .rodata             const    0x0800b850     0x4  port.o [1]
  .text               ro code  0x0800b854     0x4  startup_stm32f407xx.o [1]
  .text               ro code  0x0800b858     0x4  startup_stm32f407xx.o [1]
  .text               ro code  0x0800b85c     0x4  startup_stm32f407xx.o [1]
  .text               ro code  0x0800b860     0x4  startup_stm32f407xx.o [1]
  .text               ro code  0x0800b864     0x4  startup_stm32f407xx.o [1]
  .text               ro code  0x0800b868     0x4  startup_stm32f407xx.o [1]
  .text               ro code  0x0800b86c     0x4  startup_stm32f407xx.o [1]
  .text               ro code  0x0800b870     0x4  startup_stm32f407xx.o [1]
  .text               ro code  0x0800b874     0x4  startup_stm32f407xx.o [1]
  .text               ro code  0x0800b878     0x4  startup_stm32f407xx.o [1]
  .text               ro code  0x0800b87c     0x4  startup_stm32f407xx.o [1]
  .text               ro code  0x0800b880     0x4  startup_stm32f407xx.o [1]
  .text               ro code  0x0800b884     0x4  startup_stm32f407xx.o [1]
  .text               ro code  0x0800b888     0x4  startup_stm32f407xx.o [1]
  .text               ro code  0x0800b88c     0x4  startup_stm32f407xx.o [1]
  .text               ro code  0x0800b890     0x4  startup_stm32f407xx.o [1]
  .text               ro code  0x0800b894     0x4  startup_stm32f407xx.o [1]
  .text               ro code  0x0800b898     0x4  startup_stm32f407xx.o [1]
  .text               ro code  0x0800b89c     0x4  startup_stm32f407xx.o [1]
  .text               ro code  0x0800b8a0     0x4  startup_stm32f407xx.o [1]
  .text               ro code  0x0800b8a4     0x4  startup_stm32f407xx.o [1]
  .text               ro code  0x0800b8a8     0x4  startup_stm32f407xx.o [1]
  .text               ro code  0x0800b8ac     0x4  startup_stm32f407xx.o [1]
  .text               ro code  0x0800b8b0     0x4  startup_stm32f407xx.o [1]
  .text               ro code  0x0800b8b4     0x4  startup_stm32f407xx.o [1]
  .text               ro code  0x0800b8b8     0x4  startup_stm32f407xx.o [1]
  .text               ro code  0x0800b8bc     0x4  startup_stm32f407xx.o [1]
  .text               ro code  0x0800b8c0     0x4  startup_stm32f407xx.o [1]
  .text               ro code  0x0800b8c4     0x4  startup_stm32f407xx.o [1]
  .text               ro code  0x0800b8c8     0x4  startup_stm32f407xx.o [1]
  .text               ro code  0x0800b8cc     0x4  startup_stm32f407xx.o [1]
  .text               ro code  0x0800b8d0     0x4  startup_stm32f407xx.o [1]
  .text               ro code  0x0800b8d4     0x4  startup_stm32f407xx.o [1]
  .text               ro code  0x0800b8d8     0x4  startup_stm32f407xx.o [1]
  .text               ro code  0x0800b8dc     0x4  startup_stm32f407xx.o [1]
  .text               ro code  0x0800b8e0     0x4  startup_stm32f407xx.o [1]
  .text               ro code  0x0800b8e4     0x4  startup_stm32f407xx.o [1]
  .text               ro code  0x0800b8e8     0x4  startup_stm32f407xx.o [1]
  .text               ro code  0x0800b8ec     0x4  startup_stm32f407xx.o [1]
  .text               ro code  0x0800b8f0     0x4  startup_stm32f407xx.o [1]
  .text               ro code  0x0800b8f4     0x4  startup_stm32f407xx.o [1]
  .text               ro code  0x0800b8f8     0x4  startup_stm32f407xx.o [1]
  .text               ro code  0x0800b8fc     0x4  startup_stm32f407xx.o [1]
  .text               ro code  0x0800b900     0x4  startup_stm32f407xx.o [1]
  .text               ro code  0x0800b904     0x4  startup_stm32f407xx.o [1]
  .text               ro code  0x0800b908     0x4  startup_stm32f407xx.o [1]
  .text               ro code  0x0800b90c     0x4  startup_stm32f407xx.o [1]
  .text               ro code  0x0800b910     0x4  startup_stm32f407xx.o [1]
  .text               ro code  0x0800b914     0x4  startup_stm32f407xx.o [1]
  .text               ro code  0x0800b918     0x4  startup_stm32f407xx.o [1]
  .text               ro code  0x0800b91c     0x4  startup_stm32f407xx.o [1]
  .text               ro code  0x0800b920     0x4  startup_stm32f407xx.o [1]
  .text               ro code  0x0800b924     0x4  startup_stm32f407xx.o [1]
  .text               ro code  0x0800b928     0x4  startup_stm32f407xx.o [1]
  .text               ro code  0x0800b92c     0x4  startup_stm32f407xx.o [1]
  .text               ro code  0x0800b930     0x4  startup_stm32f407xx.o [1]
  .text               ro code  0x0800b934     0x4  startup_stm32f407xx.o [1]
  .text               ro code  0x0800b938     0x4  startup_stm32f407xx.o [1]
  .text               ro code  0x0800b93c     0x4  startup_stm32f407xx.o [1]
  .text               ro code  0x0800b940     0x4  startup_stm32f407xx.o [1]
  .text               ro code  0x0800b944     0x4  startup_stm32f407xx.o [1]
  .text               ro code  0x0800b948     0x4  startup_stm32f407xx.o [1]
  .text               ro code  0x0800b94c     0x4  startup_stm32f407xx.o [1]
  .text               ro code  0x0800b950     0x4  startup_stm32f407xx.o [1]
  .text               ro code  0x0800b954     0x4  startup_stm32f407xx.o [1]
  .text               ro code  0x0800b958     0x4  startup_stm32f407xx.o [1]
  .text               ro code  0x0800b95c     0x4  startup_stm32f407xx.o [1]
  .text               ro code  0x0800b960     0x4  startup_stm32f407xx.o [1]
  .text               ro code  0x0800b964     0x4  startup_stm32f407xx.o [1]
  .text               ro code  0x0800b968     0x4  startup_stm32f407xx.o [1]
  .text               ro code  0x0800b96c     0x4  startup_stm32f407xx.o [1]
  .text               ro code  0x0800b970     0x4  startup_stm32f407xx.o [1]
  .rodata             const    0x0800b974     0x0  zero_init3.o [5]
  .rodata             const    0x0800b974     0x0  packbits_init.o [5]
  Initializer bytes   ro data  0x0800b974    0x1c  <for P2 s0>
                             - 0x0800b990  0xb808

"P2":                                      0x7948
  P2 s0                        0x20000000   0x14c  <Init block>
    __DLIB_PERTHREAD  inited   0x20000000    0x88  localeconv.o [3]
    __DLIB_PERTHREAD  inited   0x20000088    0x74  setlocale.o [3]
    __DLIB_PERTHREAD  inited   0x200000fc    0x2c  xttotm.o [3]
    __DLIB_PERTHREAD  inited   0x20000128     0x8  localtim.o [3]
    .data             inited   0x20000130     0x4  port.o [1]
    .data             inited   0x20000134     0x4  system_stm32f4xx.o [1]
    .data             inited   0x20000138     0x4  tasks.o [1]
    __DLIB_PERTHREAD  inited   0x2000013c     0x4  errno.o [3]
    __DLIB_PERTHREAD  inited   0x20000140     0x4  xisdst.o [3]
    __DLIB_PERTHREAD  inited   0x20000144     0x4  xisdstData.o [3]
    .data             inited   0x20000148     0x2  AaSysCom.o [1]
    .data             inited   0x2000014a     0x1  gps.o [1]
    .data             inited   0x2000014b     0x1  gsm.o [1]
  .bss                zero     0x2000014c  0x4000  heap_4.o [1]
  .bss                zero     0x2000414c  0x2800  CCSDaemon.o [1]
  .bss                zero     0x2000694c   0x210  gps.o [1]
  .bss                zero     0x20006b5c   0x1d8  dlmalloc.o [3]
  .bss                zero     0x20006d34    0x8c  tasks.o [1]
  .bss                zero     0x20006dc0    0x60  407VE_sd.o [1]
  .bss                zero     0x20006e20    0x58  print_com.o [1]
  .bss                zero     0x20006e78    0x40  cp15_dev.o [1]
  .bss                zero     0x20006eb8    0x40  gps_dev.o [1]
  .bss                zero     0x20006ef8    0x40  gsm_dev.o [1]
  .bss                zero     0x20006f38    0x40  print_com.o [1]
  .bss                zero     0x20006f78    0x20  rtc_dev.o [1]
  .bss                zero     0x20006f98    0x18  dlmalloc.o [3]
  .bss                zero     0x20006fb0    0x14  gsm.o [1]
  .bss                zero     0x20006fc4    0x14  tasks.o [1]
  .bss                zero     0x20006fd8    0x14  tasks.o [1]
  .bss                zero     0x20006fec    0x14  tasks.o [1]
  .bss                zero     0x20007000    0x14  tasks.o [1]
  .bss                zero     0x20007014    0x14  tasks.o [1]
  .bss                zero     0x20007028    0x10  AaShell.o [1]
  .bss                zero     0x20007038    0x10  cp15.o [1]
  .bss                zero     0x20007048    0x10  gsm.o [1]
  .bss                zero     0x20007058     0x8  AaSysLogSystem.o [1]
  .bss                zero     0x20007060     0x8  heap_4.o [1]
  .bss                zero     0x20007068     0x4  AaMem.o [1]
  .bss                zero     0x2000706c     0x4  AaMem.o [1]
  .bss                zero     0x20007070     0x4  AaMem.o [1]
  .bss                zero     0x20007074     0x4  AaMem.o [1]
  .bss                zero     0x20007078     0x4  AaMem.o [1]
  .bss                zero     0x2000707c     0x4  AaMem.o [1]
  .bss                zero     0x20007080     0x4  AaMem.o [1]
  .bss                zero     0x20007084     0x4  AaShell.o [1]
  .bss                zero     0x20007088     0x4  AaSysCom.o [1]
  .bss                zero     0x2000708c     0x4  AaSysCom.o [1]
  .bss                zero     0x20007090     0x4  AaSysLogSystem.o [1]
  .bss                zero     0x20007094     0x4  AaSysLogSystem.o [1]
  .bss                zero     0x20007098     0x4  AaSysLogSystem.o [1]
  .bss                zero     0x2000709c     0x4  AaSysLogSystem.o [1]
  .bss                zero     0x200070a0     0x4  AaTag.o [1]
  .bss                zero     0x200070a4     0x4  AaTag.o [1]
  .bss                zero     0x200070a8     0x4  AaTag.o [1]
  .bss                zero     0x200070ac     0x4  AaTag.o [1]
  .bss                zero     0x200070b0     0x4  AaThread.o [1]
  .bss                zero     0x200070b4     0x4  AaThread.o [1]
  .bss                zero     0x200070b8     0x4  alpha_sense.o [1]
  .bss                zero     0x200070bc     0x4  CCSDaemon.o [1]
  .bss                zero     0x200070c0     0x4  cp15.o [1]
  .bss                zero     0x200070c4     0x4  cp15.o [1]
  .bss                zero     0x200070c8     0x4  gps.o [1]
  .bss                zero     0x200070cc     0x4  gps.o [1]
  .bss                zero     0x200070d0     0x4  gsm.o [1]
  .bss                zero     0x200070d4     0x4  gsm.o [1]
  .bss                zero     0x200070d8     0x4  gsmCtrl.o [1]
  .bss                zero     0x200070dc     0x4  heap_4.o [1]
  .bss                zero     0x200070e0     0x4  heap_4.o [1]
  .bss                zero     0x200070e4     0x4  heap_4.o [1]
  .bss                zero     0x200070e8     0x4  heap_4.o [1]
  .bss                zero     0x200070ec     0x4  led.o [1]
  .bss                zero     0x200070f0     0x4  led.o [1]
  .bss                zero     0x200070f4     0x4  port.o [1]
  .bss                zero     0x200070f8     0x4  stm32f4xx_hal.o [1]
  .bss                zero     0x200070fc     0x4  tasks.o [1]
  .bss                zero     0x20007100     0x4  tasks.o [1]
  .bss                zero     0x20007104     0x4  tasks.o [1]
  .bss                zero     0x20007108     0x4  tasks.o [1]
  .bss                zero     0x2000710c     0x4  tasks.o [1]
  .bss                zero     0x20007110     0x4  tasks.o [1]
  .bss                zero     0x20007114     0x4  tasks.o [1]
  .bss                zero     0x20007118     0x4  tasks.o [1]
  .bss                zero     0x2000711c     0x4  tasks.o [1]
  .bss                zero     0x20007120     0x4  tasks.o [1]
  .bss                zero     0x20007124     0x4  tasks.o [1]
  .bss                zero     0x20007128     0x4  tasks.o [1]
  .bss                zero     0x2000712c     0x4  tasks.o [1]
  .bss                zero     0x20007130     0x4  xgetmemchunk.o [3]
  .bss                zero     0x20007134     0x2  AaSysLogSystem.o [1]
  .bss                zero     0x20007136     0x1  AaShell.o [1]
  .bss                zero     0x20007137     0x1  AaSysLogInterface.o [1]
  .bss                zero     0x20007138     0x1  AaSysLogInterface.o [1]
  .bss                zero     0x20007139     0x1  cp15.o [1]
  .bss                zero     0x2000713a     0x1  cp15.o [1]
  .bss                zero     0x2000713b     0x1  cp15.o [1]
  .bss                zero     0x2000713c     0x1  gps.o [1]
  .bss                zero     0x2000713d     0x1  gps.o [1]
  .bss                zero     0x2000713e     0x1  gps.o [1]
  .bss                zero     0x2000713f     0x1  gsm.o [1]
  .bss                zero     0x20007140     0x1  gsm.o [1]
  .bss                zero     0x20007141     0x1  gsm.o [1]
  .bss                zero     0x20007142     0x1  port.o [1]
  CSTACK                       0x20007148   0x400  <Block>
    CSTACK            uninit   0x20007148   0x400  <Block tail>
  HEAP                         0x20007548   0x400  <Block>
    HEAP              uninit   0x20007548   0x400  <Block tail>
                             - 0x20007948  0x7948


*******************************************************************************
*** INIT TABLE
***

          Address     Size
          -------     ----
Zero (__iar_zero_init3)
    1 destination range, total size 0x6ff7:
          0x2000014c  0x6ff7

Copy/packbits (__iar_packbits_init3)
    1 source range, total size 0x1c (8% of destination):
          0x0800b974    0x1c
    1 destination range, total size 0x14c:
          0x20000000   0x14c



*******************************************************************************
*** MODULE SUMMARY
***

    Module                  ro code  ro data  rw data
    ------                  -------  -------  -------
D:\HargicStudio\AirMonitor\AirMonitor_git\FatFs_uSD_RTOS\EWARM\AirMonitor\Obj: [1]
    407VE_sd.o                   40                96
    AaMem.o                   1 204      120       28
    AaShell.o                    68                21
    AaSysCom.o                1 632    1 124       10
    AaSysLogInterface.o         500       72        2
    AaSysLogSystem.o            840      756       26
    AaTag.o                     620      412       16
    AaThread.o                  422      104        8
    BipBuffer.o                 394
    CCSDaemon.o                 284      208   10 244
    RingBufferUtils.o           188
    ads1222.o                    10
    alpha_sense.o                20                 4
    cmsis_os.o                1 216
    common.o                     78
    cp15.o                      176                27
    cp15_dev.o                  192                64
    gps.o                       256               540
    gps_dev.o                   196                64
    gsm.o                       640                48
    gsmCtrl.o                   132                 4
    gsm_dev.o                   192                64
    heap_4.o                    640        4   16 408
    led.o                       684      616        8
    led_dev.o                   108
    list.o                      158
    main.o                      196
    port.o                      600        4        9
    portasm.o                   168
    print_com.o                 460               152
    queue.o                   2 384
    rtc_dev.o                   848                32
    startup_stm32f407xx.o       696
    stm32f4xx_hal.o             124                 4
    stm32f4xx_hal_cortex.o      316
    stm32f4xx_hal_dma.o         820        8
    stm32f4xx_hal_gpio.o        620
    stm32f4xx_hal_msp.o         306
    stm32f4xx_hal_rcc.o       1 556       16
    stm32f4xx_hal_rcc_ex.o      376
    stm32f4xx_hal_rtc.o       1 072
    stm32f4xx_hal_rtc_ex.o       38
    stm32f4xx_hal_sd.o          192
    stm32f4xx_hal_uart.o      2 408
    stm32f4xx_it.o              126
    system_stm32f4xx.o          108        1        4
    tasks.o                   3 868        8      296
    -------------------------------------------------
    Total:                   28 172    3 453   28 179

command line: [2]
    -------------------------------------------------
    Total:

dl7M_tlf.a: [3]
    abort.o                       6
    div.o                        14
    dlmalloc.o                5 376               496
    errno.o                      12                 4
    exit.o                        4
    getzone.o                    10
    isxxx.o                      20
    localeconv.o                108       11      136
    localtim.o                  182        1        8
    low_level_init.o              4
    setlocale.o                  84       10      116
    sprintf.o                    52
    tolower.o                    20
    vsprintf.o                   44
    xencoding_sb.o               96
    xgetdst.o                   356
    xgetmemchunk.o               44                 4
    xgettime.o                   66
    xisdst.o                    308        1        4
    xisdstData.o                                    4
    xlocale_c.o                  32
    xmbcurmax.o                  10
    xmbtowc.o                    32
    xprintffull.o             4 432
    xsprout.o                    10
    xstol.o                     136
    xstoul.o                    404
    xtls.o                        2
    xttotm.o                    392        3       44
    xwctomb.o                    26
    -------------------------------------------------
    Total:                   12 282       26      816

m7M_tlv.a: [4]
    DblAdd.o                    212
    DblCmpGe.o                   46
    DblCmpLe.o                   46
    DblDiv.o                    582
    DblMul.o                    418
    DblSub.o                    384
    DblToI32.o                   88
    I32ToDbl.o                   48
    fpinit_M.o                   34
    xdnorm.o                     66
    xdscale.o                   276
    -------------------------------------------------
    Total:                    2 200

rt7M_tl.a: [5]
    ABImemclr4.o                  6
    ABImemcpy_unaligned.o       118
    ABImemset.o                 102
    ABImemset48.o                50
    I64DivMod.o                 238
    I64DivZer.o                   2
    cexit.o                      10
    cmain.o                      26
    cstartup_M.o                 12
    data_init.o                  40
    memchr.o                     88
    packbits_init.o             210
    strchr.o                     22
    strcmp_unaligned.o           66
    strcpy_unaligned.o           68
    strlen.o                     54
    strncpy_unaligned.o         108
    zero_init3.o                 34
    -------------------------------------------------
    Total:                    1 254

shb_l.a: [6]
    exit.o                       20
    -------------------------------------------------
    Total:                       20

    Gaps                         48        4
    Linker created                        45    2 048
-----------------------------------------------------
    Grand Total:             43 976    3 528   31 043


*******************************************************************************
*** ENTRY LIST
***

Entry                      Address    Size  Type      Object
-----                      -------    ----  ----      ------
?main                   0x0800b445          Code  Gb  cmain.o [5]
APBAHBPrescTable        0x0800b71c    0x10  Data  Gb  stm32f4xx_hal_rcc.o [1]
AaMemCalloc             0x08007933    0x2e  Code  Gb  AaMem.o [1]
AaMemFree               0x08007961    0x9c  Code  Gb  AaMem.o [1]
AaMemHeapCEInit         0x0800767f    0xc6  Code  Gb  AaMem.o [1]
AaMemList               0x080079fd    0x42  Code  Gb  AaMem.o [1]
AaMemMalloc             0x08007745   0x1ee  Code  Gb  AaMem.o [1]
AaShellRecvDataFromISR  0x080068f9    0x32  Code  Gb  AaShell.o [1]
AaSysComAdd2ControlBlock
                        0x08009e85    0x30  Code  Lc  AaSysCom.o [1]
AaSysComCEInit          0x080098e5    0x82  Code  Gb  AaSysCom.o [1]
AaSysComCreate          0x08009acd    0xcc  Code  Gb  AaSysCom.o [1]
AaSysComDestory         0x08009b99     0xc  Code  Gb  AaSysCom.o [1]
AaSysComGetName         0x08009e05    0x2c  Code  Lc  AaSysCom.o [1]
AaSysComGetPayload      0x08009ba5    0x2a  Code  Gb  AaSysCom.o [1]
AaSysComGetQueueID      0x08009e31    0x2a  Code  Lc  AaSysCom.o [1]
AaSysComGetReceiver     0x08009d05    0x2c  Code  Gb  AaSysCom.o [1]
AaSysComGetSysComIDAuto
                        0x08009967    0x32  Code  Lc  AaSysCom.o [1]
AaSysComIsRegistered    0x08009e5b    0x2a  Code  Lc  AaSysCom.o [1]
AaSysComReceiveHandler  0x08009d31    0xd4  Code  Gb  AaSysCom.o [1]
AaSysComRegister        0x08009999   0x134  Code  Gb  AaSysCom.o [1]
AaSysComSend            0x08009bcf   0x136  Code  Gb  AaSysCom.o [1]
AaSysLogBipBufferList   0x08006745    0x48  Code  Gb  AaSysLogSystem.o [1]
AaSysLogCEInit          0x08006633    0xcc  Code  Gb  AaSysLogSystem.o [1]
AaSysLogCreateDeamon    0x080066ff    0x46  Code  Gb  AaSysLogSystem.o [1]
AaSysLogDeamon          0x080065b1    0x6a  Code  Lc  AaSysLogSystem.o [1]
AaSysLogGetBipRegister  0x0800661b     0xa  Code  Gb  AaSysLogSystem.o [1]
AaSysLogGetInputLevel   0x08006db5     0x6  Code  Gb  AaSysLogInterface.o [1]
AaSysLogGetLevelString  0x08006d81    0x34  Code  Gb  AaSysLogInterface.o [1]
AaSysLogPrintByPolling  0x08006793    0x1a  Code  Gb  AaSysLogSystem.o [1]
AaSysLogPrintF          0x08006dbb   0x18a  Code  Gb  AaSysLogInterface.o [1]
AaSysLogProcessPrintRegister
                        0x0800678d     0x6  Code  Gb  AaSysLogSystem.o [1]
AaSysLogSendCplt        0x08006625     0xe  Code  Gb  AaSysLogSystem.o [1]
AaSysLogStoreBipBufferByPolling
                        0x080067ad    0x5a  Code  Gb  AaSysLogSystem.o [1]
AaSysLogStoreBipBufferNormal
                        0x08006807    0x84  Code  Gb  AaSysLogSystem.o [1]
AaTagCEInit             0x0800a2e7    0x72  Code  Gb  AaTag.o [1]
AaTagCreate             0x0800a3a1    0x8c  Code  Gb  AaTag.o [1]
AaTagCreateDeamon       0x0800a359    0x48  Code  Gb  AaTag.o [1]
AaTagDeamonThread       0x0800a299    0x4e  Code  Lc  AaTag.o [1]
AaTagFindMngPtr         0x0800a47f    0x30  Code  Lc  AaTag.o [1]
AaTagSetValue           0x0800a42d    0x52  Code  Gb  AaTag.o [1]
AaThreadCEInit          0x08007a75    0x4e  Code  Gb  AaThread.o [1]
AaThreadCreateStartup   0x08007ac3    0xf8  Code  Gb  AaThread.o [1]
AaThreadFindMngPtr      0x08007bbb    0x26  Code  Lc  AaThread.o [1]
AaThreadGetName         0x08007c01    0x1a  Code  Gb  AaThread.o [1]
Ads1222_ConvComplete    0x08006d6d     0xc  Code  Gb  alpha_sense.o [1]
BSP_SD_DMA_Rx_IRQHandler
                        0x0800a997     0xc  Code  Gb  407VE_sd.o [1]
BSP_SD_DMA_Tx_IRQHandler
                        0x0800a98b     0xc  Code  Gb  407VE_sd.o [1]
BSP_SD_IRQHandler       0x0800a981     0xa  Code  Gb  407VE_sd.o [1]
BusFault_Handler        0x0800a907     0x2  Code  Gb  stm32f4xx_it.o [1]
CBipBuffer_Commit       0x08007513    0x5c  Code  Gb  BipBuffer.o [1]
CBipBuffer_Construct    0x08007435    0x38  Code  Gb  BipBuffer.o [1]
CBipBuffer_Decommit     0x0800758b    0x2c  Code  Gb  BipBuffer.o [1]
CBipBuffer_Get          0x0800756f    0x1c  Code  Gb  BipBuffer.o [1]
CBipBuffer_HowMuchData  0x080075b7     0x8  Code  Gb  BipBuffer.o [1]
CBipBuffer_Reserve      0x0800746d    0xa6  Code  Gb  BipBuffer.o [1]
CCSDaemonCreateThread   0x0800a5f5    0x46  Code  Lc  CCSDaemon.o [1]
CCSDaemonThread         0x0800a63b    0x28  Code  Lc  CCSDaemon.o [1]
CCSDeamonCEInit         0x0800a58d    0x68  Code  Gb  CCSDaemon.o [1]
CP15RecvDataFromISR     0x08006cc9    0x88  Code  Gb  cp15.o [1]
CP15WaitForSendCplt     0x08006cbd     0xc  Code  Gb  cp15.o [1]
CSTACK$$Base            0x20007148           --   Gb  - Linker created -
CSTACK$$Limit           0x20007548           --   Gb  - Linker created -
DMA1_Stream3_IRQHandler
                        0x0800a931     0xc  Code  Gb  stm32f4xx_it.o [1]
DMA2_Stream3_IRQHandler
                        0x0800a919     0x8  Code  Gb  stm32f4xx_it.o [1]
DMA2_Stream6_IRQHandler
                        0x0800a921     0x8  Code  Gb  stm32f4xx_it.o [1]
DMA_CalcBaseAndBitshift
                        0x0800571b    0x2e  Code  Lc  stm32f4xx_hal_dma.o [1]
DMA_SetConfig           0x080056ed    0x2e  Code  Lc  stm32f4xx_hal_dma.o [1]
DebugMon_Handler        0x0800a90b     0x2  Code  Gb  stm32f4xx_it.o [1]
EXTI1_IRQHandler        0x0800a975     0xa  Code  Gb  stm32f4xx_it.o [1]
GetBipAndSendByDMA      0x08005e2b    0x14  Code  Gb  print_com.o [1]
GetBipAndSendByPolling  0x08005e3f    0x18  Code  Gb  print_com.o [1]
GetCmdDataLen           0x08007ce1    0x76  Code  Gb  gsmCtrl.o [1]
GpsRecvDataFromISR      0x08006949    0xd2  Code  Gb  gps.o [1]
GpsWaitForSendCplt      0x0800693d     0xc  Code  Gb  gps.o [1]
GsmRecvDataFromISR      0x08006a4b    0x32  Code  Gb  gsm.o [1]
GsmStatusGet            0x08007cd9     0x8  Code  Gb  gsmCtrl.o [1]
GsmWaitForSendCplt      0x08006a3d     0xe  Code  Gb  gsm.o [1]
HAL_DMA_IRQHandler      0x08005511   0x1dc  Code  Gb  stm32f4xx_hal_dma.o [1]
HAL_DMA_Init            0x08005429    0x86  Code  Gb  stm32f4xx_hal_dma.o [1]
HAL_DMA_Start_IT        0x080054af    0x62  Code  Gb  stm32f4xx_hal_dma.o [1]
HAL_GPIO_EXTI_Callback  0x08005415    0x12  Code  Gb  stm32f4xx_hal_msp.o [1]
HAL_GPIO_EXTI_IRQHandler
                        0x08006551    0x1e  Code  Gb  stm32f4xx_hal_gpio.o [1]
HAL_GPIO_Init           0x08006345   0x1ee  Code  Gb  stm32f4xx_hal_gpio.o [1]
HAL_GPIO_SenseA_EXTI_Callback
                        0x080061fd     0xa  Code  Gb  ads1222.o [1]
HAL_GPIO_TogglePin      0x08006547     0xa  Code  Gb  stm32f4xx_hal_gpio.o [1]
HAL_GPIO_WritePin       0x08006533    0x14  Code  Gb  stm32f4xx_hal_gpio.o [1]
HAL_GetREVID            0x080057c3     0x8  Code  Gb  stm32f4xx_hal.o [1]
HAL_GetTick             0x080057bd     0x6  Code  Wk  stm32f4xx_hal.o [1]
HAL_IncTick             0x080057b1     0xc  Code  Wk  stm32f4xx_hal.o [1]
HAL_Init                0x0800575d    0x2e  Code  Gb  stm32f4xx_hal.o [1]
HAL_InitTick            0x0800578d    0x24  Code  Wk  stm32f4xx_hal.o [1]
HAL_MspInit             0x0800578b     0x2  Code  Wk  stm32f4xx_hal.o [1]
HAL_NVIC_EnableIRQ      0x0800630b     0xe  Code  Gb  stm32f4xx_hal_cortex.o [1]
HAL_NVIC_SetPriority    0x080062e5    0x26  Code  Gb  stm32f4xx_hal_cortex.o [1]
HAL_NVIC_SetPriorityGrouping
                        0x080062d9     0xc  Code  Gb  stm32f4xx_hal_cortex.o [1]
HAL_RCCEx_PeriphCLKConfig
                        0x08008fd9   0x14e  Code  Gb  stm32f4xx_hal_rcc_ex.o [1]
HAL_RCC_ClockConfig     0x08005b11   0x18a  Code  Gb  stm32f4xx_hal_rcc.o [1]
HAL_RCC_GetHCLKFreq     0x08005d3f    0x28  Code  Gb  stm32f4xx_hal_rcc.o [1]
HAL_RCC_GetPCLK1Freq    0x08005d67    0x20  Code  Gb  stm32f4xx_hal_rcc.o [1]
HAL_RCC_GetPCLK2Freq    0x08005d87    0x20  Code  Gb  stm32f4xx_hal_rcc.o [1]
HAL_RCC_GetSysClockFreq
                        0x08005c9b    0xa4  Code  Wk  stm32f4xx_hal_rcc.o [1]
HAL_RCC_OscConfig       0x080057d9   0x338  Code  Wk  stm32f4xx_hal_rcc.o [1]
HAL_RTCEx_BKUPRead      0x08008fc5    0x12  Code  Gb  stm32f4xx_hal_rtc_ex.o [1]
HAL_RTCEx_BKUPWrite     0x08008fb1    0x14  Code  Gb  stm32f4xx_hal_rtc_ex.o [1]
HAL_RTC_GetDate         0x08008eb7    0x50  Code  Gb  stm32f4xx_hal_rtc.o [1]
HAL_RTC_GetTime         0x08008d4d    0x64  Code  Gb  stm32f4xx_hal_rtc.o [1]
HAL_RTC_Init            0x08008b81    0xac  Code  Gb  stm32f4xx_hal_rtc.o [1]
HAL_RTC_MspInit         0x08007e15    0x36  Code  Gb  rtc_dev.o [1]
HAL_RTC_SetDate         0x08008db1   0x106  Code  Gb  stm32f4xx_hal_rtc.o [1]
HAL_RTC_SetTime         0x08008c2d   0x120  Code  Gb  stm32f4xx_hal_rtc.o [1]
HAL_RTC_WaitForSynchro  0x08008f15    0x34  Code  Gb  stm32f4xx_hal_rtc.o [1]
HAL_SD_IRQHandler       0x0800a841    0xb6  Code  Gb  stm32f4xx_hal_sd.o [1]
HAL_SD_XferCpltCallback
                        0x0800a8f7     0x2  Code  Wk  stm32f4xx_hal_sd.o [1]
HAL_SD_XferErrorCallback
                        0x0800a8f9     0x2  Code  Wk  stm32f4xx_hal_sd.o [1]
HAL_SYSTICK_Config      0x08006319     0xc  Code  Gb  stm32f4xx_hal_cortex.o [1]
HAL_UART_CP15_ErrorCallback
                        0x080061fb     0x2  Code  Gb  cp15_dev.o [1]
HAL_UART_CP15_MspInit   0x0800613d    0x9a  Code  Gb  cp15_dev.o [1]
HAL_UART_CP15_RxCpltCallback
                        0x080061ef     0xc  Code  Gb  cp15_dev.o [1]
HAL_UART_CP15_TxCpltCallback
                        0x080061e5     0xa  Code  Gb  cp15_dev.o [1]
HAL_UART_DBG_ErrorCallback
                        0x08005f9b     0x2  Code  Gb  print_com.o [1]
HAL_UART_DBG_MspInit    0x08005e57   0x12e  Code  Gb  print_com.o [1]
HAL_UART_DBG_RxCpltCallback
                        0x08005f8f     0xc  Code  Gb  print_com.o [1]
HAL_UART_DBG_TxCpltCallback
                        0x08005f85     0xa  Code  Gb  print_com.o [1]
HAL_UART_ErrorCallback  0x080053c1    0x44  Code  Gb  stm32f4xx_hal_msp.o [1]
HAL_UART_GPS_ErrorCallback
                        0x0800607b     0x2  Code  Gb  gps_dev.o [1]
HAL_UART_GPS_MspInit    0x08005fb9    0x9e  Code  Gb  gps_dev.o [1]
HAL_UART_GPS_RxCpltCallback
                        0x0800606f     0xc  Code  Gb  gps_dev.o [1]
HAL_UART_GPS_TxCpltCallback
                        0x08006065     0xa  Code  Gb  gps_dev.o [1]
HAL_UART_GSM_ErrorCallback
                        0x0800613b     0x2  Code  Gb  gsm_dev.o [1]
HAL_UART_GSM_MspInit    0x0800607d    0x9a  Code  Gb  gsm_dev.o [1]
HAL_UART_GSM_RxCpltCallback
                        0x0800612f     0xc  Code  Gb  gsm_dev.o [1]
HAL_UART_GSM_TxCpltCallback
                        0x08006125     0xa  Code  Gb  gsm_dev.o [1]
HAL_UART_IRQHandler     0x08004bd1   0x16e  Code  Gb  stm32f4xx_hal_uart.o [1]
HAL_UART_Init           0x0800498d    0x76  Code  Gb  stm32f4xx_hal_uart.o [1]
HAL_UART_MspInit        0x080052f5    0x44  Code  Gb  stm32f4xx_hal_msp.o [1]
HAL_UART_Receive_IT     0x08004ad1    0x70  Code  Gb  stm32f4xx_hal_uart.o [1]
HAL_UART_RxCpltCallback
                        0x0800537d    0x44  Code  Gb  stm32f4xx_hal_msp.o [1]
HAL_UART_Transmit       0x08004a03    0xce  Code  Gb  stm32f4xx_hal_uart.o [1]
HAL_UART_Transmit_DMA   0x08004b41    0x90  Code  Gb  stm32f4xx_hal_uart.o [1]
HAL_UART_TxCpltCallback
                        0x08005339    0x44  Code  Gb  stm32f4xx_hal_msp.o [1]
HAL_UART_TxHalfCpltCallback
                        0x08004d3f     0x2  Code  Wk  stm32f4xx_hal_uart.o [1]
HEAP$$Base              0x20007548           --   Gb  - Linker created -
HEAP$$Limit             0x20007948           --   Gb  - Linker created -
HandleLedIndicationMsg  0x0800a0bf    0x2e  Code  Lc  led.o [1]
HardFault_Handler       0x0800a903     0x2  Code  Gb  stm32f4xx_it.o [1]
InStream_Read           0x0800a6a9    0x22  Code  Lc  packbits_init.o [5]
LedDeviceInit           0x0800a173    0x16  Code  Lc  led.o [1]
LedGpioInit             0x0800a1f1    0x46  Code  Gb  led_dev.o [1]
LedOff                  0x0800a237    0x10  Code  Gb  led_dev.o [1]
LedToggle               0x0800a247     0xe  Code  Gb  led_dev.o [1]
LoadInt                 0x08001d21    0x6e  Code  Lc  xprintffull.o [3]
MemManage_Handler       0x0800a905     0x2  Code  Gb  stm32f4xx_it.o [1]
NMI_Handler             0x0800a901     0x2  Code  Gb  stm32f4xx_it.o [1]
NVIC_EnableIRQ          0x08006231    0x14  Code  Lc  stm32f4xx_hal_cortex.o [1]
NVIC_EncodePriority     0x0800626b    0x3e  Code  Lc  stm32f4xx_hal_cortex.o [1]
NVIC_GetPriorityGrouping
                        0x08006227     0xa  Code  Lc  stm32f4xx_hal_cortex.o [1]
NVIC_SetPriority        0x08006245    0x26  Code  Lc  stm32f4xx_hal_cortex.o [1]
NVIC_SetPriorityGrouping
                        0x08006209    0x1e  Code  Lc  stm32f4xx_hal_cortex.o [1]
PendSV_Handler          0x080048e5          Code  Gb  portasm.o [1]
RTC_Bcd2ToByte          0x08008f97    0x1a  Code  Gb  stm32f4xx_hal_rtc.o [1]
RTC_ByteToBcd2          0x08008f81    0x16  Code  Gb  stm32f4xx_hal_rtc.o [1]
RTC_CalendarReset       0x08008085    0x78  Code  Gb  rtc_dev.o [1]
RTC_EnterInitMode       0x08008f49    0x38  Code  Gb  stm32f4xx_hal_rtc.o [1]
RTC_GetCalendar         0x08008029    0x4c  Code  Gb  rtc_dev.o [1]
RTC_SetCalendar         0x08007e4b    0xee  Code  Gb  rtc_dev.o [1]
RTC_SetTime             0x08007f39    0xf0  Code  Gb  rtc_dev.o [1]
ReceiveNormalData       0x08006a7d    0x3e  Code  Gb  gsm.o [1]
ReceiveTransparentData  0x08006abb   0x1d8  Code  Gb  gsm.o [1]
Region$$Table$$Base     0x0800b0ec           --   Gb  - Linker created -
Region$$Table$$Limit    0x0800b118           --   Gb  - Linker created -
RtcHandle               0x20006f78    0x20  Data  Gb  rtc_dev.o [1]
RtcInit                 0x08007dad    0x68  Code  Gb  rtc_dev.o [1]
RunLedThread            0x08009f45    0xde  Code  Lc  led.o [1]
RunLedThreadFork        0x0800a023    0x9c  Code  Lc  led.o [1]
SDIO_IRQHandler         0x0800a929     0x8  Code  Gb  stm32f4xx_it.o [1]
SVC_Handler             0x0800493d          Code  Gb  portasm.o [1]
StartRunLedTask         0x0800a0ed    0x86  Code  Gb  led.o [1]
StdUsartInit            0x08005ded    0x3e  Code  Gb  print_com.o [1]
SysTick_Config          0x080062a9    0x30  Code  Lc  stm32f4xx_hal_cortex.o [1]
SysTick_Handler         0x0800a90d     0xc  Code  Gb  stm32f4xx_it.o [1]
SystemClock_Config      0x0800a791    0xa2  Code  Lc  main.o [1]
SystemCoreClock         0x20000134     0x4  Data  Gb  system_stm32f4xx.o [1]
SystemInit              0x0800a9a9    0x4c  Code  Gb  system_stm32f4xx.o [1]
UART4_IRQHandler        0x0800a95b     0xa  Code  Gb  stm32f4xx_it.o [1]
UART_DMAError           0x08004d85    0x2a  Code  Lc  stm32f4xx_hal_uart.o [1]
UART_DMATransmitCplt    0x08004d41    0x34  Code  Lc  stm32f4xx_hal_uart.o [1]
UART_DMATxHalfCplt      0x08004d75     0xe  Code  Lc  stm32f4xx_hal_uart.o [1]
UART_EndTransmit_IT     0x08004f0b    0x20  Code  Lc  stm32f4xx_hal_uart.o [1]
UART_Receive_IT         0x08004f2b    0xac  Code  Lc  stm32f4xx_hal_uart.o [1]
UART_SetConfig          0x08004fd7   0x312  Code  Lc  stm32f4xx_hal_uart.o [1]
UART_Transmit_IT        0x08004e9d    0x6e  Code  Lc  stm32f4xx_hal_uart.o [1]
UART_WaitOnFlagUntilTimeout
                        0x08004daf    0xee  Code  Lc  stm32f4xx_hal_uart.o [1]
USART1_IRQHandler       0x0800a947     0xa  Code  Gb  stm32f4xx_it.o [1]
USART2_IRQHandler       0x0800a951     0xa  Code  Gb  stm32f4xx_it.o [1]
USART3_IRQHandler       0x0800a93d     0xa  Code  Gb  stm32f4xx_it.o [1]
UartHandle_cp15         0x20006e78    0x40  Data  Gb  cp15_dev.o [1]
UartHandle_dbg          0x20006f38    0x40  Data  Gb  print_com.o [1]
UartHandle_gps          0x20006eb8    0x40  Data  Gb  gps_dev.o [1]
UartHandle_gsm          0x20006ef8    0x40  Data  Gb  gsm_dev.o [1]
UsageFault_Handler      0x0800a909     0x2  Code  Gb  stm32f4xx_it.o [1]
_EncodingSb_Mbtowc      0x0800332f    0x30  Code  Gb  xencoding_sb.o [3]
_EncodingSb_Wctomb      0x08003315    0x1a  Code  Gb  xencoding_sb.o [3]
_GenldFull              0x080025ab   0x24c  Code  Lc  xprintffull.o [3]
_Getdst                 0x0800979d   0x13c  Code  Gb  xgetdst.o [3]
_Gettime                0x08009213    0x42  Code  Gb  xgettime.o [3]
_IsdstStr               0x2000008c     0x4  Data  Gb  setlocale.o [3]
_Isdst_olddst           0x20000140     0x4  Data  Lc  xisdst.o [3]
_Isdst_rules            0x20000144     0x4  Data  Gb  xisdstData.o [3]
_LdtobFull              0x080021a9   0x3fc  Code  Lc  xprintffull.o [3]
_LitobFull              0x080020a1   0x106  Code  Lc  xprintffull.o [3]
_LocaleC_isspace        0x0800974d    0x14  Code  Gb  xlocale_c.o [3]
_LocaleC_tolower        0x080098d9     0xc  Code  Gb  xlocale_c.o [3]
_LocaleEncoding         0x080032f9     0xe  Code  Gb  setlocale.o [3]
_LocaleForCat           0x080032e7    0x12  Code  Gb  setlocale.o [3]
_LocaleReturnString     0x200000ac    0x50  Data  Lc  setlocale.o [3]
_Locale_Profile         0x20000090    0x1c  Data  Gb  setlocale.o [3]
_Locale_aeabi_lconv     0x20000050    0x38  Data  Gb  localeconv.o [3]
_Locale_lconv           0x20000000    0x50  Data  Gb  localeconv.o [3]
_Localtime_oldzone      0x20000128     0x4  Data  Lc  localtim.o [3]
_Localtime_tzoff        0x2000012c     0x4  Data  Lc  localtim.o [3]
_Mbtowc                 0x08002841    0x20  Code  Gb  xmbtowc.o [3]
_PrintfFull             0x080016f1   0x618  Code  Gb  xprintffull.o [3]
_PutcharsFull           0x080027f7    0x2e  Code  Lc  xprintffull.o [3]
_PutstrFull             0x08001d8f   0x30c  Code  Lc  xprintffull.o [3]
_SProut                 0x08002877     0xa  Code  Gb  xsprout.o [3]
_Ttotm_ts               0x200000fc    0x2c  Data  Lc  xttotm.o [3]
_Tzoff                  0x08009151    0x94  Code  Gb  localtim.o [3]
_TzoneStr               0x20000088     0x4  Data  Gb  setlocale.o [3]
_Wctomb                 0x0800291b    0x1a  Code  Gb  xwctomb.o [3]
__aeabi_cdcmple         0x08002add          Code  Gb  DblCmpLe.o [4]
__aeabi_cdrcmple        0x08002b0d          Code  Gb  DblCmpGe.o [4]
__aeabi_d2iz            0x08002c51          Code  Gb  DblToI32.o [4]
__aeabi_d2uiz           0x08002c7d          Code  Gb  DblToI32.o [4]
__aeabi_ddiv            0x08002ffd          Code  Gb  DblDiv.o [4]
__aeabi_dmul            0x08002e59          Code  Gb  DblMul.o [4]
__aeabi_dsub            0x08002cd9          Code  Gb  DblSub.o [4]
__aeabi_errno_addr      0x0800960d     0x6  Code  Gb  errno.o [3]
__aeabi_i2d             0x08002ca9          Code  Gb  I32ToDbl.o [4]
__aeabi_ldiv0           0x08003375          Code  Gb  I64DivZer.o [5]
__aeabi_memclr4         0x0800a25d          Code  Gb  ABImemclr4.o [5]
__aeabi_memset          0x08008aad          Code  Gb  ABImemset.o [5]
__aeabi_ui2d            0x08002cbd          Code  Gb  I32ToDbl.o [4]
__aeabi_uldivmod        0x080029ad          Code  Gb  I64DivMod.o [5]
__cmain                 0x0800b445          Code  Gb  cmain.o [5]
__data_GetMemChunk      0x080016b1    0x2c  Code  Gb  xgetmemchunk.o [3]
__exit                  0x080016dd    0x14  Code  Gb  exit.o [6]
__getzone               0x08009209     0x6  Code  Gb  getzone.o [3]
__iar_Daysto32          0x080092dd    0x3a  Code  Gb  xttotm.o [3]
__iar_Dnorm             0x08002a9b    0x42  Code  Gb  xdnorm.o [4]
__iar_Dscale            0x08002b3d   0x114  Code  Gb  xdscale.o [4]
__iar_Errno             0x2000013c     0x4  Data  Gb  errno.o [3]
__iar_Isdst32           0x08009619   0x134  Code  Gb  xisdst.o [3]
__iar_Locale_lconv_init
                        0x08003245    0x3a  Code  Gb  localeconv.o [3]
__iar_Mbcurmax          0x08002911     0xa  Code  Gb  xmbcurmax.o [3]
__iar_Memchr            0x080028b9          Code  Gb  memchr.o [5]
__iar_Memset            0x08008aad          Code  Gb  ABImemset.o [5]
__iar_Memset4_word      0x0800a265          Code  Gb  ABImemset48.o [5]
__iar_Memset8_word      0x0800a265          Code  Gb  ABImemset48.o [5]
__iar_Memset_word       0x08008ab5          Code  Gb  ABImemset.o [5]
__iar_Stolx             0x08009255    0x88  Code  Gb  xstol.o [3]
__iar_Stoulx            0x08009479   0x13e  Code  Gb  xstoul.o [3]
__iar_Strchr            0x08002861          Code  Gb  strchr.o [5]
__iar_Ttotm32           0x08009317   0x112  Code  Gb  xttotm.o [3]
__iar_TzoneStr_init     0x080032c1    0x26  Code  Gb  setlocale.o [3]
__iar_d2uiz             0x08002c89          Code  Gb  DblToI32.o [4]
__iar_dadd              0x08003379          Code  Gb  DblAdd.o [4]
__iar_data_init3        0x0800b011    0x28  Code  Gb  data_init.o [5]
__iar_dlfree            0x0800116f   0x510  Code  Gb  dlmalloc.o [3]
__iar_dlib_perthread_access
                        0x0800344d     0x2  Code  Gb  xtls.o [3]
__iar_dlmalloc          0x08000eb9   0x2aa  Code  Gb  dlmalloc.o [3]
__iar_dsub              0x08002ced          Code  Gb  DblSub.o [4]
__iar_dsubStart         0x08002cff          Code  Gb  DblSub.o [4]
__iar_init_vfp          0x0800b0c9          Code  Gb  fpinit_M.o [4]
__iar_packbits_init3    0x0800a6cb    0xb0  Code  Gb  packbits_init.o [5]
__iar_program_start     0x0800b7c1          Code  Gb  cstartup_M.o [5]
__iar_strcmp            0x0800a549          Code  Gb  strcmp_unaligned.o [5]
__iar_ui2d              0x08002cc1          Code  Gb  I32ToDbl.o [4]
__iar_unaligned___aeabi_memcpy
                        0x08002935          Code  Gb  ABImemcpy_unaligned.o [5]
__iar_unaligned___aeabi_memcpy4
                        0x08002955          Code  Gb  ABImemcpy_unaligned.o [5]
__iar_unaligned___aeabi_memcpy8
                        0x08002955          Code  Gb  ABImemcpy_unaligned.o [5]
__iar_unaligned_strcmp  0x0800a549          Code  Gb  strcmp_unaligned.o [5]
__iar_unaligned_strcpy  0x0800a505          Code  Gb  strcpy_unaligned.o [5]
__iar_unaligned_strncpy
                        0x08008b15          Code  Gb  strncpy_unaligned.o [5]
__iar_zero_init3        0x0800168f    0x22  Code  Gb  zero_init3.o [5]
__localtime32           0x080091ed    0x1a  Code  Gb  localtim.o [3]
__low_level_init        0x0800b45f     0x4  Code  Gb  low_level_init.o [3]
__vector_table          0x08000000          Data  Gb  startup_stm32f407xx.o [1]
_aashell_recvcplt_sem_id
                        0x20007084     0x4  Data  Gb  AaShell.o [1]
_aasyscom_mutex_id      0x2000708c     0x4  Data  Gb  AaSysCom.o [1]
_aasyslog_index         0x20007137     0x1  Data  Lc  AaSysLogInterface.o [1]
_aasyslog_input_level   0x20007138     0x1  Data  Lc  AaSysLogInterface.o [1]
_aasyslog_max_bipbuf_used
                        0x20007134     0x2  Data  Lc  AaSysLogSystem.o [1]
_aasyslog_mng           0x20007058     0x8  Data  Gb  AaSysLogSystem.o [1]
_aasyslog_mutex_id      0x20007094     0x4  Data  Gb  AaSysLogSystem.o [1]
_aasyslog_sendcplt_sem_id
                        0x20007098     0x4  Data  Gb  AaSysLogSystem.o [1]
_aasyslogdaemon_id      0x2000709c     0x4  Data  Gb  AaSysLogSystem.o [1]
_aatag_mng              0x200070a0     0x4  Data  Gb  AaTag.o [1]
_aatag_msgbox_id        0x200070a8     0x4  Data  Gb  AaTag.o [1]
_aatag_mutex_id         0x200070a4     0x4  Data  Gb  AaTag.o [1]
_aatagdaemon_id         0x200070ac     0x4  Data  Gb  AaTag.o [1]
_aathread_mng_header_ptr
                        0x200070b0     0x4  Data  Gb  AaThread.o [1]
_aathread_mutex_id      0x200070b4     0x4  Data  Gb  AaThread.o [1]
_ads1222_convcplt_sem_id
                        0x200070b8     0x4  Data  Gb  alpha_sense.o [1]
_call_main              0x0800b451          Code  Gb  cmain.o [5]
_ccsdaemon_id           0x200070bc     0x4  Data  Gb  CCSDaemon.o [1]
_cp15_recvcplt_sem_id   0x200070c4     0x4  Data  Gb  cp15.o [1]
_cp15_ringbuf           0x20007038    0x10  Data  Gb  cp15.o [1]
_cp15_sendcplt_sem_id   0x200070c0     0x4  Data  Gb  cp15.o [1]
_exit                   0x0800b469          Code  Gb  cexit.o [5]
_gm_                    0x20006b5c   0x1d8  Data  Lc  dlmalloc.o [3]
_gps_buf                0x2000694c   0x210  Data  Gb  gps.o [1]
_gps_freq               0x2000014a     0x1  Data  Gb  gps.o [1]
_gps_recvcplt_sem_id    0x200070cc     0x4  Data  Gb  gps.o [1]
_gps_sendcplt_sem_id    0x200070c8     0x4  Data  Gb  gps.o [1]
_gsm_recvcplt_sem_id    0x200070d4     0x4  Data  Gb  gsm.o [1]
_gsm_rx_ringbuf         0x20007048    0x10  Data  Gb  gsm.o [1]
_gsm_sendcplt_sem_id    0x200070d0     0x4  Data  Gb  gsm.o [1]
_gsm_status             0x200070d8     0x4  Data  Gb  gsmCtrl.o [1]
_heap_sem_id            0x20007074     0x4  Data  Lc  AaMem.o [1]
_main                   0x0800b45b          Code  Gb  cmain.o [5]
_mem_heap_buf           0x2000414c  0x2800  Data  Gb  CCSDaemon.o [1]
_p_bip_buffer           0x20007090     0x4  Data  Lc  AaSysLogSystem.o [1]
_runled_id              0x200070ec     0x4  Data  Gb  led.o [1]
_runled_id_fork         0x200070f0     0x4  Data  Gb  led.o [1]
_serial_rx_ringbuf      0x20007028    0x10  Data  Gb  AaShell.o [1]
_syscom_id              0x20000148     0x2  Data  Gb  AaSysCom.o [1]
_syscom_mng             0x20007088     0x4  Data  Gb  AaSysCom.o [1]
abort                   0x08001689     0x6  Code  Gb  abort.o [3]
digits                  0x080095bc    0x28  Data  Lc  xstoul.o [3]
div                     0x080032b1     0xe  Code  Gb  div.o [3]
exit                    0x0800b463     0x4  Code  Gb  exit.o [3]
getint                  0x08009775    0x28  Code  Lc  xgetdst.o [3]
heap_end                0x2000706c     0x4  Data  Lc  AaMem.o [1]
heap_ptr                0x20007068     0x4  Data  Lc  AaMem.o [1]
inHandlerMode           0x08006f87    0x12  Code  Lc  cmsis_os.o [1]
init_mparams            0x080001a3    0x32  Code  Lc  dlmalloc.o [3]
init_top                0x080001d5    0x34  Code  Lc  dlmalloc.o [3]
isspace                 0x08009465    0x14  Code  Gb  isxxx.o [3]
lfree                   0x20007070     0x4  Data  Lc  AaMem.o [1]
lmos                    0x08009434    0x18  Data  Lc  xttotm.o [3]
localeconv              0x0800327f    0x16  Code  Gb  localeconv.o [3]
main                    0x0800a77d    0x14  Code  Gb  main.o [1]
makeFreeRtosPriority    0x08006f75    0x12  Code  Lc  cmsis_os.o [1]
max_mem                 0x20007080     0x4  Data  Lc  AaMem.o [1]
mem_size_aligned        0x20007078     0x4  Data  Lc  AaMem.o [1]
memchr                  0x080028b9          Code  Gb  memchr.o [5]
mos                     0x0800944c    0x18  Data  Lc  xttotm.o [3]
mparams                 0x20006f98    0x18  Data  Lc  dlmalloc.o [3]
myPow                   0x08007d8f    0x1c  Code  Gb  common.o [1]
ndigs                   0x080095e4    0x28  Data  Lc  xstoul.o [3]
osDelay                 0x08007009    0x1c  Code  Gb  cmsis_os.o [1]
osKernelStart           0x08006f99     0xa  Code  Gb  cmsis_os.o [1]
osKernelSysTick         0x08006fa3    0x16  Code  Gb  cmsis_os.o [1]
osMessageCreate         0x080072ef    0x12  Code  Gb  cmsis_os.o [1]
osMessageGet            0x08007367    0xb8  Code  Gb  cmsis_os.o [1]
osMessagePut            0x08007301    0x66  Code  Gb  cmsis_os.o [1]
osMutexCreate           0x080070fb     0xc  Code  Gb  cmsis_os.o [1]
osMutexRelease          0x0800718d    0x54  Code  Gb  cmsis_os.o [1]
osMutexWait             0x08007107    0x86  Code  Gb  cmsis_os.o [1]
osSemaphoreCreate       0x080071e1    0x34  Code  Gb  cmsis_os.o [1]
osSemaphoreRelease      0x0800729b    0x54  Code  Gb  cmsis_os.o [1]
osSemaphoreWait         0x08007215    0x86  Code  Gb  cmsis_os.o [1]
osSignalSet             0x08007025    0x58  Code  Gb  cmsis_os.o [1]
osSignalWait            0x0800707d    0x7e  Code  Gb  cmsis_os.o [1]
osSystickHandler        0x0800741f    0x10  Code  Gb  cmsis_os.o [1]
osThreadCreate          0x08006fb9    0x3a  Code  Gb  cmsis_os.o [1]
osThreadGetId           0x08006ff3     0x8  Code  Gb  cmsis_os.o [1]
osThreadTerminate       0x08006ffb     0xe  Code  Gb  cmsis_os.o [1]
os_messageQ_def_aatag_msgbox
                        0x0800b7f4     0x8  Data  Lc  AaTag.o [1]
os_mutex_def_aatag_mutex
                        0x0800b844     0x4  Data  Lc  AaTag.o [1]
pcInterruptPriorityRegisters
                        0x0800b850     0x4  Data  Lc  port.o [1]
plug_holes              0x080075c1    0xbe  Code  Lc  AaMem.o [1]
prepend_alloc           0x08000209   0x36e  Code  Lc  dlmalloc.o [3]
prvAddCurrentTaskToDelayedList
                        0x08003d85    0x4e  Code  Lc  tasks.o [1]
prvAllocateTCBAndStack  0x08003dd9    0x3c  Code  Lc  tasks.o [1]
prvCheckTasksWaitingTermination
                        0x08003d19    0x66  Code  Lc  tasks.o [1]
prvCopyDataFromQueue    0x080089cb    0x30  Code  Lc  queue.o [1]
prvCopyDataToQueue      0x08008933    0x98  Code  Lc  queue.o [1]
prvDeleteTCB            0x08003e15    0x12  Code  Lc  tasks.o [1]
prvHeapInit             0x080047f5    0x6e  Code  Lc  heap_4.o [1]
prvIdleTask             0x08003c21    0x26  Code  Lc  tasks.o [1]
prvInitialiseTCBVariables
                        0x08003c55    0x6c  Code  Lc  tasks.o [1]
prvInitialiseTaskLists  0x08003cc1    0x58  Code  Lc  tasks.o [1]
prvInsertBlockIntoFreeList
                        0x08004863    0x62  Code  Lc  heap_4.o [1]
prvIsQueueEmpty         0x08008a65    0x20  Code  Lc  queue.o [1]
prvIsQueueFull          0x08008a85    0x22  Code  Lc  queue.o [1]
prvResetNextTaskUnblockTime
                        0x08003e27    0x2e  Code  Lc  tasks.o [1]
prvTaskExitError        0x08004391    0x2a  Code  Lc  port.o [1]
prvUnlockQueue          0x080089fb    0x6a  Code  Lc  queue.o [1]
pvPortMalloc            0x08004665   0x118  Code  Gb  heap_4.o [1]
pvTaskIncrementMutexHeldCount
                        0x08003ff3    0x1e  Code  Gb  tasks.o [1]
pxCurrentTCB            0x200070fc     0x4  Data  Gb  tasks.o [1]
pxDelayedTaskList       0x20007100     0x4  Data  Lc  tasks.o [1]
pxEnd                   0x200070dc     0x4  Data  Lc  heap_4.o [1]
pxOverflowDelayedTaskList
                        0x20007104     0x4  Data  Lc  tasks.o [1]
pxPortInitialiseStack   0x0800436d    0x24  Code  Gb  port.o [1]
pxReadyTasksLists       0x20006d34    0x8c  Data  Lc  tasks.o [1]
recv_char               0x20007136     0x1  Data  Lc  AaShell.o [1]
recv_char               0x20007139     0x1  Data  Lc  cp15.o [1]
recv_char               0x2000713c     0x1  Data  Lc  gps.o [1]
recv_char               0x2000713f     0x1  Data  Lc  gsm.o [1]
ring_buffer_write       0x08007c1b    0x9c  Code  Gb  RingBufferUtils.o [1]
ring_buffer_write_c     0x08007cb7    0x20  Code  Gb  RingBufferUtils.o [1]
segment_holding         0x08000189    0x1a  Code  Lc  dlmalloc.o [3]
sprintf                 0x080080fd    0x34  Code  Gb  sprintf.o [3]
strchr                  0x08002861          Code  Gb  strchr.o [5]
stringToInt             0x08007d5d    0x32  Code  Gb  common.o [1]
strlen                  0x08002881          Code  Gb  strlen.o [5]
sys_alloc               0x08000577   0x38c  Code  Lc  dlmalloc.o [3]
tmalloc_large           0x08000911   0x398  Code  Lc  dlmalloc.o [3]
tmalloc_small           0x08000ca9   0x210  Code  Lc  dlmalloc.o [3]
tolower                 0x08009761    0x14  Code  Gb  tolower.o [3]
uSdHandle               0x20006dc0    0x60  Data  Lc  407VE_sd.o [1]
ucHeap                  0x2000014c  0x4000  Data  Lc  heap_4.o [1]
ucMaxSysCallPriority    0x20007142     0x1  Data  Lc  port.o [1]
ulMaxPRIGROUPValue      0x200070f4     0x4  Data  Lc  port.o [1]
used_mem                0x2000707c     0x4  Data  Lc  AaMem.o [1]
uwTick                  0x200070f8     0x4  Data  Gb  stm32f4xx_hal.o [1]
uxCriticalNesting       0x20000130     0x4  Data  Lc  port.o [1]
uxCurrentNumberOfTasks  0x2000710c     0x4  Data  Lc  tasks.o [1]
uxListRemove            0x0800463b    0x28  Code  Gb  list.o [1]
uxPendedTicks           0x2000711c     0x4  Data  Lc  tasks.o [1]
uxSchedulerSuspended    0x2000712c     0x4  Data  Lc  tasks.o [1]
uxTaskNumber            0x20007128     0x4  Data  Lc  tasks.o [1]
uxTasksDeleted          0x20007108     0x4  Data  Lc  tasks.o [1]
uxTopReadyPriority      0x20007114     0x4  Data  Lc  tasks.o [1]
vListInitialise         0x080045c5    0x1e  Code  Gb  list.o [1]
vListInitialiseItem     0x080045e3     0x6  Code  Gb  list.o [1]
vListInsert             0x08004601    0x3a  Code  Gb  list.o [1]
vListInsertEnd          0x080045e9    0x18  Code  Gb  list.o [1]
vPortEnableVFP          0x08004971          Code  Gb  portasm.o [1]
vPortEnterCritical      0x08004487    0x3a  Code  Gb  port.o [1]
vPortExitCritical       0x080044c1    0x32  Code  Gb  port.o [1]
vPortFree               0x0800477d    0x78  Code  Gb  heap_4.o [1]
vPortSetupTimerInterrupt
                        0x0800451f    0x1a  Code  Wk  port.o [1]
vPortStartFirstTask     0x08004959          Code  Gb  portasm.o [1]
vPortValidateInterruptPriority
                        0x08004539    0x4e  Code  Gb  port.o [1]
vTaskDelay              0x08003697    0x84  Code  Gb  tasks.o [1]
vTaskDelete             0x080035c9    0xce  Code  Gb  tasks.o [1]
vTaskMissedYield        0x08003c15     0xa  Code  Gb  tasks.o [1]
vTaskPlaceOnEventList   0x08003a53    0x76  Code  Gb  tasks.o [1]
vTaskPriorityInherit    0x08003e89    0xac  Code  Gb  tasks.o [1]
vTaskSetTimeOutState    0x08003b51    0x26  Code  Gb  tasks.o [1]
vTaskStartScheduler     0x0800371b    0x62  Code  Gb  tasks.o [1]
vTaskSuspendAll         0x0800377d    0x10  Code  Gb  tasks.o [1]
vTaskSwitchContext      0x080039e1    0x72  Code  Gb  tasks.o [1]
vsprintf                0x08008131    0x2c  Code  Gb  vsprintf.o [3]
xBlockAllocatedBit      0x200070e8     0x4  Data  Lc  heap_4.o [1]
xDelayedTaskList1       0x20006fc4    0x14  Data  Lc  tasks.o [1]
xDelayedTaskList2       0x20006fd8    0x14  Data  Lc  tasks.o [1]
xFreeBytesRemaining     0x200070e0     0x4  Data  Lc  heap_4.o [1]
xHeapStructSize         0x0800b84c     0x4  Data  Lc  heap_4.o [1]
xMinimumEverFreeBytesRemaining
                        0x200070e4     0x4  Data  Lc  heap_4.o [1]
xNextTaskUnblockTime    0x20000138     0x4  Data  Lc  tasks.o [1]
xNumOfOverflows         0x20007124     0x4  Data  Lc  tasks.o [1]
xPendingReadyList       0x20006fec    0x14  Data  Lc  tasks.o [1]
xPortStartScheduler     0x080043bb    0xcc  Code  Gb  port.o [1]
xPortSysTickHandler     0x080044f3    0x2c  Code  Gb  port.o [1]
xQueueCreateCountingSemaphore
                        0x080082d7    0x58  Code  Gb  queue.o [1]
xQueueCreateMutex       0x0800826b    0x6c  Code  Gb  queue.o [1]
xQueueGenericCreate     0x080081ed    0x7e  Code  Gb  queue.o [1]
xQueueGenericReceive    0x080086a5   0x1cc  Code  Gb  queue.o [1]
xQueueGenericReset      0x0800815d    0x90  Code  Gb  queue.o [1]
xQueueGenericSend       0x0800832f   0x1b2  Code  Gb  queue.o [1]
xQueueGenericSendFromISR
                        0x080084e1    0xec  Code  Gb  queue.o [1]
xQueueGiveFromISR       0x080085cd    0xd8  Code  Gb  queue.o [1]
xQueueReceiveFromISR    0x08008871    0xc2  Code  Gb  queue.o [1]
xSchedulerRunning       0x20007118     0x4  Data  Lc  tasks.o [1]
xStart                  0x20007060     0x8  Data  Lc  heap_4.o [1]
xSuspendedTaskList      0x20007014    0x14  Data  Lc  tasks.o [1]
xTaskCheckForTimeOut    0x08003b8d    0x88  Code  Gb  tasks.o [1]
xTaskGenericCreate      0x08003451   0x178  Code  Gb  tasks.o [1]
xTaskGenericNotify      0x08004105   0x100  Code  Gb  tasks.o [1]
xTaskGetCurrentTaskHandle
                        0x08003e55     0xa  Code  Gb  tasks.o [1]
xTaskGetSchedulerState  0x08003e5f    0x26  Code  Gb  tasks.o [1]
xTaskGetTickCount       0x0800388d     0xa  Code  Gb  tasks.o [1]
xTaskGetTickCountFromISR
                        0x08003897    0x16  Code  Gb  tasks.o [1]
xTaskIncrementTick      0x080038ad   0x134  Code  Gb  tasks.o [1]
xTaskNotifyFromISR      0x08004215   0x116  Code  Gb  tasks.o [1]
xTaskNotifyWait         0x08004019    0xe8  Code  Gb  tasks.o [1]
xTaskPriorityDisinherit
                        0x08003f39    0xba  Code  Gb  tasks.o [1]
xTaskRemoveFromEventList
                        0x08003ac9    0x84  Code  Gb  tasks.o [1]
xTaskResumeAll          0x0800378d   0x100  Code  Gb  tasks.o [1]
xTasksWaitingTermination
                        0x20007000    0x14  Data  Lc  tasks.o [1]
xTickCount              0x20007110     0x4  Data  Lc  tasks.o [1]
xYieldPending           0x20007120     0x4  Data  Lc  tasks.o [1]


[1] = D:\HargicStudio\AirMonitor\AirMonitor_git\FatFs_uSD_RTOS\EWARM\AirMonitor\Obj
[2] = command line
[3] = dl7M_tlf.a
[4] = m7M_tlv.a
[5] = rt7M_tl.a
[6] = shb_l.a

  43 976 bytes of readonly  code memory
   3 528 bytes of readonly  data memory
  31 043 bytes of readwrite data memory

Errors: none
Warnings: none
