###############################################################################
#
# IAR ELF Linker V7.50.2.10312/W32 for ARM                31/Jul/2016  01:28:32
# Copyright 2007-2015 IAR Systems AB.
#
#    Output file  =  
#        E:\Bussiness
#        Project\bjsensor\gitSVN\AirMonitor.git\trunk\FatFs_uSD_RTOS\EWARM\AirMonitor\Exe\AirMonitor.out
#    Map file     =  
#        E:\Bussiness
#        Project\bjsensor\gitSVN\AirMonitor.git\trunk\FatFs_uSD_RTOS\EWARM\AirMonitor\List\AirMonitor.map
#    Command line =  
#        "E:\Bussiness
#        Project\bjsensor\gitSVN\AirMonitor.git\trunk\FatFs_uSD_RTOS\EWARM\AirMonitor\Obj\407VE_sd.o"
#        "E:\Bussiness
#        Project\bjsensor\gitSVN\AirMonitor.git\trunk\FatFs_uSD_RTOS\EWARM\AirMonitor\Obj\AaMem.o"
#        "E:\Bussiness
#        Project\bjsensor\gitSVN\AirMonitor.git\trunk\FatFs_uSD_RTOS\EWARM\AirMonitor\Obj\AaShell.o"
#        "E:\Bussiness
#        Project\bjsensor\gitSVN\AirMonitor.git\trunk\FatFs_uSD_RTOS\EWARM\AirMonitor\Obj\AaSysLogInterface.o"
#        "E:\Bussiness
#        Project\bjsensor\gitSVN\AirMonitor.git\trunk\FatFs_uSD_RTOS\EWARM\AirMonitor\Obj\AaSysLogSystem.o"
#        "E:\Bussiness
#        Project\bjsensor\gitSVN\AirMonitor.git\trunk\FatFs_uSD_RTOS\EWARM\AirMonitor\Obj\AaTag.o"
#        "E:\Bussiness
#        Project\bjsensor\gitSVN\AirMonitor.git\trunk\FatFs_uSD_RTOS\EWARM\AirMonitor\Obj\AaThread.o"
#        "E:\Bussiness
#        Project\bjsensor\gitSVN\AirMonitor.git\trunk\FatFs_uSD_RTOS\EWARM\AirMonitor\Obj\BipBuffer.o"
#        "E:\Bussiness
#        Project\bjsensor\gitSVN\AirMonitor.git\trunk\FatFs_uSD_RTOS\EWARM\AirMonitor\Obj\CCSDaemon.o"
#        "E:\Bussiness
#        Project\bjsensor\gitSVN\AirMonitor.git\trunk\FatFs_uSD_RTOS\EWARM\AirMonitor\Obj\cmsis_os.o"
#        "E:\Bussiness
#        Project\bjsensor\gitSVN\AirMonitor.git\trunk\FatFs_uSD_RTOS\EWARM\AirMonitor\Obj\config.o"
#        "E:\Bussiness
#        Project\bjsensor\gitSVN\AirMonitor.git\trunk\FatFs_uSD_RTOS\EWARM\AirMonitor\Obj\cp15.o"
#        "E:\Bussiness
#        Project\bjsensor\gitSVN\AirMonitor.git\trunk\FatFs_uSD_RTOS\EWARM\AirMonitor\Obj\cp15_dev.o"
#        "E:\Bussiness
#        Project\bjsensor\gitSVN\AirMonitor.git\trunk\FatFs_uSD_RTOS\EWARM\AirMonitor\Obj\crc.o"
#        "E:\Bussiness
#        Project\bjsensor\gitSVN\AirMonitor.git\trunk\FatFs_uSD_RTOS\EWARM\AirMonitor\Obj\croutine.o"
#        "E:\Bussiness
#        Project\bjsensor\gitSVN\AirMonitor.git\trunk\FatFs_uSD_RTOS\EWARM\AirMonitor\Obj\dataHandler.o"
#        "E:\Bussiness
#        Project\bjsensor\gitSVN\AirMonitor.git\trunk\FatFs_uSD_RTOS\EWARM\AirMonitor\Obj\dataRecv.o"
#        "E:\Bussiness
#        Project\bjsensor\gitSVN\AirMonitor.git\trunk\FatFs_uSD_RTOS\EWARM\AirMonitor\Obj\diskio.o"
#        "E:\Bussiness
#        Project\bjsensor\gitSVN\AirMonitor.git\trunk\FatFs_uSD_RTOS\EWARM\AirMonitor\Obj\ff.o"
#        "E:\Bussiness
#        Project\bjsensor\gitSVN\AirMonitor.git\trunk\FatFs_uSD_RTOS\EWARM\AirMonitor\Obj\ff_gen_drv.o"
#        "E:\Bussiness
#        Project\bjsensor\gitSVN\AirMonitor.git\trunk\FatFs_uSD_RTOS\EWARM\AirMonitor\Obj\format.o"
#        "E:\Bussiness
#        Project\bjsensor\gitSVN\AirMonitor.git\trunk\FatFs_uSD_RTOS\EWARM\AirMonitor\Obj\gps.o"
#        "E:\Bussiness
#        Project\bjsensor\gitSVN\AirMonitor.git\trunk\FatFs_uSD_RTOS\EWARM\AirMonitor\Obj\gps_dev.o"
#        "E:\Bussiness
#        Project\bjsensor\gitSVN\AirMonitor.git\trunk\FatFs_uSD_RTOS\EWARM\AirMonitor\Obj\gpsAnalyser.o"
#        "E:\Bussiness
#        Project\bjsensor\gitSVN\AirMonitor.git\trunk\FatFs_uSD_RTOS\EWARM\AirMonitor\Obj\gsm.o"
#        "E:\Bussiness
#        Project\bjsensor\gitSVN\AirMonitor.git\trunk\FatFs_uSD_RTOS\EWARM\AirMonitor\Obj\gsm_dev.o"
#        "E:\Bussiness
#        Project\bjsensor\gitSVN\AirMonitor.git\trunk\FatFs_uSD_RTOS\EWARM\AirMonitor\Obj\gsm_power_dev.o"
#        "E:\Bussiness
#        Project\bjsensor\gitSVN\AirMonitor.git\trunk\FatFs_uSD_RTOS\EWARM\AirMonitor\Obj\gsmCtrl.o"
#        "E:\Bussiness
#        Project\bjsensor\gitSVN\AirMonitor.git\trunk\FatFs_uSD_RTOS\EWARM\AirMonitor\Obj\heap_4.o"
#        "E:\Bussiness
#        Project\bjsensor\gitSVN\AirMonitor.git\trunk\FatFs_uSD_RTOS\EWARM\AirMonitor\Obj\led.o"
#        "E:\Bussiness
#        Project\bjsensor\gitSVN\AirMonitor.git\trunk\FatFs_uSD_RTOS\EWARM\AirMonitor\Obj\led_dev.o"
#        "E:\Bussiness
#        Project\bjsensor\gitSVN\AirMonitor.git\trunk\FatFs_uSD_RTOS\EWARM\AirMonitor\Obj\list.o"
#        "E:\Bussiness
#        Project\bjsensor\gitSVN\AirMonitor.git\trunk\FatFs_uSD_RTOS\EWARM\AirMonitor\Obj\main.o"
#        "E:\Bussiness
#        Project\bjsensor\gitSVN\AirMonitor.git\trunk\FatFs_uSD_RTOS\EWARM\AirMonitor\Obj\moduleStatus.o"
#        "E:\Bussiness
#        Project\bjsensor\gitSVN\AirMonitor.git\trunk\FatFs_uSD_RTOS\EWARM\AirMonitor\Obj\osa_file.o"
#        "E:\Bussiness
#        Project\bjsensor\gitSVN\AirMonitor.git\trunk\FatFs_uSD_RTOS\EWARM\AirMonitor\Obj\port.o"
#        "E:\Bussiness
#        Project\bjsensor\gitSVN\AirMonitor.git\trunk\FatFs_uSD_RTOS\EWARM\AirMonitor\Obj\portasm.o"
#        "E:\Bussiness
#        Project\bjsensor\gitSVN\AirMonitor.git\trunk\FatFs_uSD_RTOS\EWARM\AirMonitor\Obj\print_com.o"
#        "E:\Bussiness
#        Project\bjsensor\gitSVN\AirMonitor.git\trunk\FatFs_uSD_RTOS\EWARM\AirMonitor\Obj\queue.o"
#        "E:\Bussiness
#        Project\bjsensor\gitSVN\AirMonitor.git\trunk\FatFs_uSD_RTOS\EWARM\AirMonitor\Obj\RingBufferUtils.o"
#        "E:\Bussiness
#        Project\bjsensor\gitSVN\AirMonitor.git\trunk\FatFs_uSD_RTOS\EWARM\AirMonitor\Obj\sd_diskio.o"
#        "E:\Bussiness
#        Project\bjsensor\gitSVN\AirMonitor.git\trunk\FatFs_uSD_RTOS\EWARM\AirMonitor\Obj\startup_stm32f407xx.o"
#        "E:\Bussiness
#        Project\bjsensor\gitSVN\AirMonitor.git\trunk\FatFs_uSD_RTOS\EWARM\AirMonitor\Obj\stm32f4xx_hal.o"
#        "E:\Bussiness
#        Project\bjsensor\gitSVN\AirMonitor.git\trunk\FatFs_uSD_RTOS\EWARM\AirMonitor\Obj\stm32f4xx_hal_cortex.o"
#        "E:\Bussiness
#        Project\bjsensor\gitSVN\AirMonitor.git\trunk\FatFs_uSD_RTOS\EWARM\AirMonitor\Obj\stm32f4xx_hal_crc.o"
#        "E:\Bussiness
#        Project\bjsensor\gitSVN\AirMonitor.git\trunk\FatFs_uSD_RTOS\EWARM\AirMonitor\Obj\stm32f4xx_hal_dma.o"
#        "E:\Bussiness
#        Project\bjsensor\gitSVN\AirMonitor.git\trunk\FatFs_uSD_RTOS\EWARM\AirMonitor\Obj\stm32f4xx_hal_flash.o"
#        "E:\Bussiness
#        Project\bjsensor\gitSVN\AirMonitor.git\trunk\FatFs_uSD_RTOS\EWARM\AirMonitor\Obj\stm32f4xx_hal_flash_ex.o"
#        "E:\Bussiness
#        Project\bjsensor\gitSVN\AirMonitor.git\trunk\FatFs_uSD_RTOS\EWARM\AirMonitor\Obj\stm32f4xx_hal_gpio.o"
#        "E:\Bussiness
#        Project\bjsensor\gitSVN\AirMonitor.git\trunk\FatFs_uSD_RTOS\EWARM\AirMonitor\Obj\stm32f4xx_hal_msp.o"
#        "E:\Bussiness
#        Project\bjsensor\gitSVN\AirMonitor.git\trunk\FatFs_uSD_RTOS\EWARM\AirMonitor\Obj\stm32f4xx_hal_pwr.o"
#        "E:\Bussiness
#        Project\bjsensor\gitSVN\AirMonitor.git\trunk\FatFs_uSD_RTOS\EWARM\AirMonitor\Obj\stm32f4xx_hal_rcc.o"
#        "E:\Bussiness
#        Project\bjsensor\gitSVN\AirMonitor.git\trunk\FatFs_uSD_RTOS\EWARM\AirMonitor\Obj\stm32f4xx_hal_sd.o"
#        "E:\Bussiness
#        Project\bjsensor\gitSVN\AirMonitor.git\trunk\FatFs_uSD_RTOS\EWARM\AirMonitor\Obj\stm32f4xx_hal_uart.o"
#        "E:\Bussiness
#        Project\bjsensor\gitSVN\AirMonitor.git\trunk\FatFs_uSD_RTOS\EWARM\AirMonitor\Obj\stm32f4xx_hal_wwdg.o"
#        "E:\Bussiness
#        Project\bjsensor\gitSVN\AirMonitor.git\trunk\FatFs_uSD_RTOS\EWARM\AirMonitor\Obj\stm32f4xx_it.o"
#        "E:\Bussiness
#        Project\bjsensor\gitSVN\AirMonitor.git\trunk\FatFs_uSD_RTOS\EWARM\AirMonitor\Obj\stm32f4xx_ll_sdmmc.o"
#        "E:\Bussiness
#        Project\bjsensor\gitSVN\AirMonitor.git\trunk\FatFs_uSD_RTOS\EWARM\AirMonitor\Obj\syscall.o"
#        "E:\Bussiness
#        Project\bjsensor\gitSVN\AirMonitor.git\trunk\FatFs_uSD_RTOS\EWARM\AirMonitor\Obj\system_stm32f4xx.o"
#        "E:\Bussiness
#        Project\bjsensor\gitSVN\AirMonitor.git\trunk\FatFs_uSD_RTOS\EWARM\AirMonitor\Obj\tasks.o"
#        "E:\Bussiness
#        Project\bjsensor\gitSVN\AirMonitor.git\trunk\FatFs_uSD_RTOS\EWARM\AirMonitor\Obj\timers.o"
#        "E:\Bussiness
#        Project\bjsensor\gitSVN\AirMonitor.git\trunk\FatFs_uSD_RTOS\EWARM\AirMonitor\Obj\unicode.o"
#        --redirect _Printf=_PrintfSmall --redirect _Scanf=_ScanfSmall -o
#        "E:\Bussiness
#        Project\bjsensor\gitSVN\AirMonitor.git\trunk\FatFs_uSD_RTOS\EWARM\AirMonitor\Exe\AirMonitor.out"
#        --map "E:\Bussiness
#        Project\bjsensor\gitSVN\AirMonitor.git\trunk\FatFs_uSD_RTOS\EWARM\AirMonitor\List\AirMonitor.map"
#        --config "E:\Bussiness
#        Project\bjsensor\gitSVN\AirMonitor.git\trunk\FatFs_uSD_RTOS\EWARM\stm32f407xx_flash.icf"
#        --semihosting --entry __iar_program_start --vfe
#
###############################################################################

*******************************************************************************
*** RUNTIME MODEL ATTRIBUTES
***

CppFlavor                     = *
__Heap_Handler                = DLMalloc
__SystemLibrary               = DLib
__dlib_dynamic_initialization = normal


*******************************************************************************
*** PLACEMENT SUMMARY
***

"A1":  place at 0x08000000 { ro section .intvec };
"P1":  place in [from 0x08000000 to 0x080fffff] { ro };
"P2":  place in [from 0x20000000 to 0x2001ffff] { rw, block CSTACK, block HEAP };

  Section             Kind        Address     Size  Object
  -------             ----        -------     ----  ------
"A1":                                        0x188
  .intvec             ro code  0x08000000    0x188  startup_stm32f407xx.o [1]
                             - 0x08000188    0x188

"P1":                                      0x10e99
  .text               ro code  0x08000188   0x2c5c  ff.o [1]
  .text               ro code  0x08002de4     0x7a  syscall.o [1]
  .text               ro code  0x08002e5e      0xa  xsprout.o [3]
  .text               ro code  0x08002e68     0xfc  diskio.o [1]
  .text               ro code  0x08002f64     0x90  unicode.o [1]
  .text               ro code  0x08002ff4    0x4cc  cmsis_os.o [1]
  .text               ro code  0x080034c0   0x14f0  dlmalloc.o [3]
  .text               ro code  0x080049b0    0xe70  tasks.o [1]
  .text               ro code  0x08005820    0x9a8  queue.o [1]
  .text               ro code  0x080061c8    0x258  port.o [1]
  .text               ro code  0x08006420      0x6  abort.o [3]
  .text               ro code  0x08006428     0x2c  xgetmemchunk.o [3]
  .text               ro code  0x08006454     0x9e  list.o [1]
  .text               ro code  0x080064f4    0x280  heap_4.o [1]
  .text               ro code  0x08006774     0x66  ABImemset.o [5]
  .text               ro code  0x080067dc     0x76  ABImemcpy_unaligned.o [5]
  CODE                ro code  0x08006854     0xa8  portasm.o [1]
  .text               ro code  0x080068fc     0x14  exit.o [6]
  .text               ro code  0x08006910   0x152c  stm32f4xx_hal_sd.o [1]
  .text               ro code  0x08007e3c     0xd0  stm32f4xx_ll_sdmmc.o [1]
  .text               ro code  0x08007f0c     0x94  stm32f4xx_hal.o [1]
  .text               ro code  0x08007fa0    0x13c  stm32f4xx_hal_cortex.o [1]
  .text               ro code  0x080080dc    0x614  stm32f4xx_hal_rcc.o [1]
  .text               ro code  0x080086f0    0x9c0  stm32f4xx_hal_uart.o [1]
  .text               ro code  0x080090b0    0x120  stm32f4xx_hal_msp.o [1]
  .text               ro code  0x080091d0    0x3a0  stm32f4xx_hal_dma.o [1]
  .text               ro code  0x08009570    0x1e8  print_com.o [1]
  .text               ro code  0x08009758    0x11c  gps_dev.o [1]
  .text               ro code  0x08009874    0x118  gsm_dev.o [1]
  .text               ro code  0x0800998c    0x18c  cp15_dev.o [1]
  .text               ro code  0x08009b18    0x260  stm32f4xx_hal_gpio.o [1]
  .text               ro code  0x08009d78    0x320  AaSysLogSystem.o [1]
  .text               ro code  0x0800a098    0x230  AaShell.o [1]
  .text               ro code  0x0800a2c8    0x318  gps.o [1]
  .text               ro code  0x0800a5e0    0x44c  gsm.o [1]
  .text               ro code  0x0800aa2c      0x6  ABImemclr4.o [5]
  .text               ro code  0x0800aa34    0x1c8  cp15.o [1]
  .text               ro code  0x0800abfc    0x2e8  AaSysLogInterface.o [1]
  .text               ro code  0x0800aee4    0x18a  BipBuffer.o [1]
  .text               ro code  0x0800b070    0x480  AaMem.o [1]
  .text               ro code  0x0800b4f0    0x13a  AaThread.o [1]
  .text               ro code  0x0800b62a    0x268  RingBufferUtils.o [1]
  .text               ro code  0x0800b892     0x28  strncmp.o [3]
  .text               ro code  0x0800b8bc    0x59c  gpsAnalyser.o [1]
  .text               ro code  0x0800be58    0x628  dataHandler.o [1]
  .text               ro code  0x0800c480    0x418  gsmCtrl.o [1]
  .text               ro code  0x0800c898    0x910  dataRecv.o [1]
  .text               ro code  0x0800d1a8    0x23c  config.o [1]
  .text               ro code  0x0800d3e4     0x70  gsm_power_dev.o [1]
  .text               ro code  0x0800d454     0x10  gsmCtrl.o [1]
  .text               ro code  0x0800d464     0x32  ABImemset48.o [5]
  .text               ro code  0x0800d498     0x36  strlen.o [5]
  .text               ro code  0x0800d4d0     0x34  sprintf.o [3]
  .text               ro code  0x0800d504     0x2c  vsprintf.o [3]
  .text               ro code  0x0800d530     0x44  strcpy_unaligned.o [5]
  .text               ro code  0x0800d574     0x20  moduleStatus.o [1]
  .text               ro code  0x0800d594     0xbc  format.o [1]
  .text               ro code  0x0800d650     0x7c  crc.o [1]
  .text               ro code  0x0800d6cc     0x2c  strstr.o [3]
  .text               ro code  0x0800d6f8    0x7c4  xprintfsmall.o [3]
  .text               ro code  0x0800debc     0x16  strchr.o [5]
  .text               ro code  0x0800ded2     0x20  xmbtowc.o [3]
  .text               ro code  0x0800def4     0x58  memchr.o [5]
  .text               ro code  0x0800df4c      0xa  xmbcurmax.o [3]
  .text               ro code  0x0800df56     0x1a  xwctomb.o [3]
  .text               ro code  0x0800df70     0x14  setlocale.o [3]
  .text               ro code  0x0800df84     0x60  xencoding_sb.o [3]
  .text               ro code  0x0800dfe4      0x2  xtls.o [3]
  .text               ro code  0x0800dfe8    0x364  407VE_sd.o [1]
  .text               ro code  0x0800e34c    0x2d4  osa_file.o [1]
  .text               ro code  0x0800e620     0xcc  ff_gen_drv.o [1]
  .text               ro code  0x0800e6ec     0x24  printf.o [3]
  .text               ro code  0x0800e710    0x26c  AaTag.o [1]
  .text               ro code  0x0800e97c     0x42  strcmp_unaligned.o [5]
  .rodata             const    0x0800e9c0    0x1e0  unicode.o [1]
  .rodata             const    0x0800eba0    0x1e0  unicode.o [1]
  .text               ro code  0x0800ed80    0x1bc  main.o [1]
  .text               ro code  0x0800ef3c    0x124  CCSDaemon.o [1]
  .text               ro code  0x0800f060     0x68  led.o [1]
  .text               ro code  0x0800f0c8     0x6c  led_dev.o [1]
  .text               ro code  0x0800f134    0x124  sd_diskio.o [1]
  .rodata             const    0x0800f258    0x100  crc.o [1]
  .rodata             const    0x0800f358    0x100  crc.o [1]
  .rodata             const    0x0800f458    0x100  unicode.o [1]
  .rodata             const    0x0800f558     0x80  ff.o [1]
  .text               ro code  0x0800f5d8     0x74  stm32f4xx_it.o [1]
  .text               ro code  0x0800f64c     0x6c  system_stm32f4xx.o [1]
  .text               ro code  0x0800f6b8     0x40  zero_init3.o [5]
  .rodata             const    0x0800f6f8     0x38  AaShell.o [1]
  .text               ro code  0x0800f730     0x38  packbits_init_single.o [5]
  .rodata             const    0x0800f768     0x34  gsmCtrl.o [1]
  .rodata             const    0x0800f79c     0x34  gsmCtrl.o [1]
  .rodata             const    0x0800f7d0     0x30  AaShell.o [1]
  .rodata             const    0x0800f800     0x30  AaShell.o [1]
  .rodata             const    0x0800f830     0x30  AaSysLogSystem.o [1]
  .rodata             const    0x0800f860     0x30  dataRecv.o [1]
  .rodata             const    0x0800f890     0x30  dataRecv.o [1]
  .rodata             const    0x0800f8c0     0x30  gps.o [1]
  .rodata             const    0x0800f8f0     0x30  gsm.o [1]
  .rodata             const    0x0800f920     0x2c  AaShell.o [1]
  .rodata             const    0x0800f94c     0x2c  AaSysLogSystem.o [1]
  .rodata             const    0x0800f978     0x2c  AaSysLogSystem.o [1]
  .rodata             const    0x0800f9a4     0x2c  cp15.o [1]
  .rodata             const    0x0800f9d0     0x2c  cp15.o [1]
  .rodata             const    0x0800f9fc     0x2c  dataHandler.o [1]
  .rodata             const    0x0800fa28     0x2c  dataRecv.o [1]
  .rodata             const    0x0800fa54     0x2c  dataRecv.o [1]
  .rodata             const    0x0800fa80     0x2c  gps.o [1]
  .rodata             const    0x0800faac     0x2c  gps.o [1]
  .rodata             const    0x0800fad8     0x2c  gsm.o [1]
  .rodata             const    0x0800fb04     0x2c  gsm.o [1]
  .rodata             const    0x0800fb30     0x28  AaSysLogSystem.o [1]
  .rodata             const    0x0800fb58     0x28  AaSysLogSystem.o [1]
  .rodata             const    0x0800fb80     0x28  AaSysLogSystem.o [1]
  .rodata             const    0x0800fba8     0x28  AaTag.o [1]
  .rodata             const    0x0800fbd0     0x28  AaTag.o [1]
  .rodata             const    0x0800fbf8     0x28  AaTag.o [1]
  .rodata             const    0x0800fc20     0x28  AaThread.o [1]
  .rodata             const    0x0800fc48     0x28  dataHandler.o [1]
  .rodata             const    0x0800fc70     0x28  gsm.o [1]
  .rodata             const    0x0800fc98     0x28  gsmCtrl.o [1]
  .rodata             const    0x0800fcc0     0x28  main.o [1]
  .rodata             const    0x0800fce8     0x28  main.o [1]
  .text               ro code  0x0800fd10     0x28  data_init.o [5]
  .rodata             const    0x0800fd38     0x24  AaShell.o [1]
  .rodata             const    0x0800fd5c     0x24  AaShell.o [1]
  .rodata             const    0x0800fd80     0x24  AaSysLogInterface.o [1]
  .rodata             const    0x0800fda4     0x24  CCSDaemon.o [1]
  .rodata             const    0x0800fdc8     0x24  cp15.o [1]
  .rodata             const    0x0800fdec     0x24  cp15.o [1]
  .rodata             const    0x0800fe10     0x24  cp15.o [1]
  .rodata             const    0x0800fe34     0x24  cp15.o [1]
  .rodata             const    0x0800fe58     0x24  dataHandler.o [1]
  .rodata             const    0x0800fe7c     0x24  dataRecv.o [1]
  .rodata             const    0x0800fea0     0x24  dataRecv.o [1]
  .rodata             const    0x0800fec4     0x24  dataRecv.o [1]
  .rodata             const    0x0800fee8     0x24  gps.o [1]
  .rodata             const    0x0800ff0c     0x24  gsm.o [1]
  .rodata             const    0x0800ff30     0x24  gsmCtrl.o [1]
  .rodata             const    0x0800ff54     0x24  gsmCtrl.o [1]
  .rodata             const    0x0800ff78     0x24  osa_file.o [1]
  .text               ro code  0x0800ff9c     0x22  fpinit_M.o [4]
  .iar.init_table     const    0x0800ffc0     0x20  - Linker created -
  .rodata             const    0x0800ffe0     0x20  AaMem.o [1]
  .rodata             const    0x08010000     0x20  AaMem.o [1]
  .rodata             const    0x08010020     0x20  AaSysLogSystem.o [1]
  .rodata             const    0x08010040     0x20  AaSysLogSystem.o [1]
  .rodata             const    0x08010060     0x20  AaSysLogSystem.o [1]
  .rodata             const    0x08010080     0x20  AaSysLogSystem.o [1]
  .rodata             const    0x080100a0     0x20  AaSysLogSystem.o [1]
  .rodata             const    0x080100c0     0x20  AaSysLogSystem.o [1]
  .rodata             const    0x080100e0     0x20  AaSysLogSystem.o [1]
  .rodata             const    0x08010100     0x20  AaThread.o [1]
  .rodata             const    0x08010120     0x20  cp15.o [1]
  .rodata             const    0x08010140     0x20  dataRecv.o [1]
  .rodata             const    0x08010160     0x20  dataRecv.o [1]
  .rodata             const    0x08010180     0x20  dataRecv.o [1]
  .rodata             const    0x080101a0     0x20  dataRecv.o [1]
  .rodata             const    0x080101c0     0x20  gps.o [1]
  .rodata             const    0x080101e0     0x20  gps.o [1]
  .rodata             const    0x08010200     0x20  gps.o [1]
  .rodata             const    0x08010220     0x20  gsm.o [1]
  .rodata             const    0x08010240     0x20  gsm.o [1]
  .rodata             const    0x08010260     0x20  gsm.o [1]
  .rodata             const    0x08010280     0x20  gsmCtrl.o [1]
  .rodata             const    0x080102a0     0x20  gsmCtrl.o [1]
  .rodata             const    0x080102c0     0x20  gsmCtrl.o [1]
  .rodata             const    0x080102e0     0x20  led.o [1]
  .rodata             const    0x08010300     0x1c  AaShell.o [1]
  .rodata             const    0x0801031c     0x1c  AaShell.o [1]
  .rodata             const    0x08010338     0x1c  AaSysLogSystem.o [1]
  .rodata             const    0x08010354     0x1c  AaTag.o [1]
  .rodata             const    0x08010370     0x1c  AaTag.o [1]
  .rodata             const    0x0801038c     0x1c  AaTag.o [1]
  .rodata             const    0x080103a8     0x1c  AaTag.o [1]
  .rodata             const    0x080103c4     0x1c  AaTag.o [1]
  .rodata             const    0x080103e0     0x1c  CCSDaemon.o [1]
  .rodata             const    0x080103fc     0x1c  CCSDaemon.o [1]
  .rodata             const    0x08010418     0x1c  cp15.o [1]
  .rodata             const    0x08010434     0x1c  dataHandler.o [1]
  .rodata             const    0x08010450     0x1c  dataRecv.o [1]
  .rodata             const    0x0801046c     0x1c  dataRecv.o [1]
  .rodata             const    0x08010488     0x1c  gps.o [1]
  .rodata             const    0x080104a4     0x1c  gps.o [1]
  .rodata             const    0x080104c0     0x1c  gsm.o [1]
  .rodata             const    0x080104dc     0x1c  gsm.o [1]
  .rodata             const    0x080104f8     0x1c  gsm.o [1]
  .rodata             const    0x08010514     0x1c  gsmCtrl.o [1]
  .rodata             const    0x08010530     0x1c  gsmCtrl.o [1]
  .rodata             const    0x0801054c     0x1c  main.o [1]
  .rodata             const    0x08010568     0x1c  osa_file.o [1]
  .rodata             const    0x08010584     0x1c  osa_file.o [1]
  .text               ro code  0x080105a0     0x1a  cmain.o [5]
  .text               ro code  0x080105ba      0x4  low_level_init.o [3]
  .text               ro code  0x080105be      0x4  exit.o [3]
  .text               ro code  0x080105c4      0xa  cexit.o [5]
  .rodata             const    0x080105d0     0x18  AaShell.o [1]
  .rodata             const    0x080105e8     0x18  AaSysLogSystem.o [1]
  .rodata             const    0x08010600     0x18  AaSysLogSystem.o [1]
  .rodata             const    0x08010618     0x18  AaTag.o [1]
  .rodata             const    0x08010630     0x18  CCSDaemon.o [1]
  .rodata             const    0x08010648     0x18  CCSDaemon.o [1]
  .rodata             const    0x08010660     0x18  dataRecv.o [1]
  .rodata             const    0x08010678     0x18  dataRecv.o [1]
  .rodata             const    0x08010690     0x18  dataRecv.o [1]
  .rodata             const    0x080106a8     0x18  dataRecv.o [1]
  .rodata             const    0x080106c0     0x18  dataRecv.o [1]
  .rodata             const    0x080106d8     0x18  gsm.o [1]
  .rodata             const    0x080106f0     0x18  gsmCtrl.o [1]
  .rodata             const    0x08010708     0x18  gsmCtrl.o [1]
  .rodata             const    0x08010720     0x18  led.o [1]
  .text               ro code  0x08010738     0x16  xprout.o [3]
  .text               ro code  0x08010750      0xc  putchar.o [3]
  .rodata             const    0x0801075c     0x14  AaMem.o [1]
  .rodata             const    0x08010770     0x14  AaMem.o [1]
  .rodata             const    0x08010784     0x14  AaShell.o [1]
  .rodata             const    0x08010798     0x14  AaShell.o [1]
  .rodata             const    0x080107ac     0x14  AaSysLogInterface.o [1]
  .rodata             const    0x080107c0     0x14  AaSysLogSystem.o [1]
  .rodata             const    0x080107d4     0x14  AaTag.o [1]
  .rodata             const    0x080107e8     0x14  AaTag.o [1]
  .rodata             const    0x080107fc     0x14  AaTag.o [1]
  .rodata             const    0x08010810     0x14  AaTag.o [1]
  .rodata             const    0x08010824     0x14  CCSDaemon.o [1]
  .rodata             const    0x08010838     0x14  cp15.o [1]
  .rodata             const    0x0801084c     0x14  cp15.o [1]
  .rodata             const    0x08010860     0x14  cp15.o [1]
  .rodata             const    0x08010874     0x14  cp15.o [1]
  .rodata             const    0x08010888     0x14  dataRecv.o [1]
  .rodata             const    0x0801089c     0x14  dataRecv.o [1]
  .rodata             const    0x080108b0     0x14  dataRecv.o [1]
  .rodata             const    0x080108c4     0x14  gps.o [1]
  .rodata             const    0x080108d8     0x14  gps.o [1]
  .rodata             const    0x080108ec     0x14  gps.o [1]
  .rodata             const    0x08010900     0x14  gps.o [1]
  .rodata             const    0x08010914     0x14  gsm.o [1]
  .rodata             const    0x08010928     0x14  gsm.o [1]
  .rodata             const    0x0801093c     0x14  gsm.o [1]
  .rodata             const    0x08010950     0x14  gsm.o [1]
  .rodata             const    0x08010964     0x14  gsm.o [1]
  .rodata             const    0x08010978     0x14  gsm.o [1]
  .rodata             const    0x0801098c     0x14  gsmCtrl.o [1]
  .rodata             const    0x080109a0     0x14  gsmCtrl.o [1]
  .rodata             const    0x080109b4     0x14  gsmCtrl.o [1]
  .rodata             const    0x080109c8     0x14  gsmCtrl.o [1]
  .rodata             const    0x080109dc     0x14  gsmCtrl.o [1]
  .rodata             const    0x080109f0     0x14  led.o [1]
  .rodata             const    0x08010a04     0x14  main.o [1]
  .rodata             const    0x08010a18     0x14  main.o [1]
  .rodata             const    0x08010a2c     0x14  osa_file.o [1]
  .rodata             const    0x08010a40     0x14  osa_file.o [1]
  .rodata             const    0x08010a54     0x14  sd_diskio.o [1]
  .rodata             const    0x08010a68     0x10  AaShell.o [1]
  .rodata             const    0x08010a78     0x10  AaShell.o [1]
  .rodata             const    0x08010a88     0x10  AaSysLogSystem.o [1]
  .rodata             const    0x08010a98     0x10  AaSysLogSystem.o [1]
  .rodata             const    0x08010aa8     0x10  AaThread.o [1]
  .rodata             const    0x08010ab8     0x10  CCSDaemon.o [1]
  .rodata             const    0x08010ac8     0x10  config.o [1]
  .rodata             const    0x08010ad8     0x10  cp15.o [1]
  .rodata             const    0x08010ae8     0x10  cp15.o [1]
  .rodata             const    0x08010af8     0x10  crc.o [1]
  .rodata             const    0x08010b08     0x10  dataHandler.o [1]
  .rodata             const    0x08010b18     0x10  dataRecv.o [1]
  .rodata             const    0x08010b28     0x10  ff.o [1]
  .rodata             const    0x08010b38     0x10  gps.o [1]
  .rodata             const    0x08010b48     0x10  gps.o [1]
  .rodata             const    0x08010b58     0x10  gsm.o [1]
  .rodata             const    0x08010b68     0x10  gsm.o [1]
  .rodata             const    0x08010b78     0x10  gsmCtrl.o [1]
  .rodata             const    0x08010b88     0x10  gsmCtrl.o [1]
  .rodata             const    0x08010b98     0x10  gsmCtrl.o [1]
  .rodata             const    0x08010ba8     0x10  gsmCtrl.o [1]
  .rodata             const    0x08010bb8     0x10  gsmCtrl.o [1]
  .rodata             const    0x08010bc8     0x10  main.o [1]
  .rodata             const    0x08010bd8     0x10  osa_file.o [1]
  .rodata             const    0x08010be8     0x10  osa_file.o [1]
  .rodata             const    0x08010bf8     0x10  osa_file.o [1]
  .rodata             const    0x08010c08     0x10  osa_file.o [1]
  .rodata             const    0x08010c18     0x10  osa_file.o [1]
  .rodata             const    0x08010c28     0x10  osa_file.o [1]
  .rodata             const    0x08010c38     0x10  stm32f4xx_hal_rcc.o [1]
  .text               ro code  0x08010c48     0x10  startup_stm32f407xx.o [1]
  .rodata             const    0x08010c58      0xc  AaShell.o [1]
  .rodata             const    0x08010c64      0xc  AaTag.o [1]
  .rodata             const    0x08010c70      0xc  AaTag.o [1]
  .rodata             const    0x08010c7c      0xc  CCSDaemon.o [1]
  .rodata             const    0x08010c88      0xc  CCSDaemon.o [1]
  .rodata             const    0x08010c94      0xc  cp15.o [1]
  .rodata             const    0x08010ca0      0xc  cp15.o [1]
  .rodata             const    0x08010cac      0xc  cp15.o [1]
  .rodata             const    0x08010cb8      0xc  ff.o [1]
  .rodata             const    0x08010cc4      0xc  gps.o [1]
  .rodata             const    0x08010cd0      0xc  gps.o [1]
  .rodata             const    0x08010cdc      0xc  gsm.o [1]
  .rodata             const    0x08010ce8      0xc  gsm.o [1]
  .rodata             const    0x08010cf4      0xc  gsm.o [1]
  .rodata             const    0x08010d00      0xc  gsmCtrl.o [1]
  .rodata             const    0x08010d0c      0xc  gsmCtrl.o [1]
  .rodata             const    0x08010d18      0xc  gsmCtrl.o [1]
  .rodata             const    0x08010d24      0xc  gsmCtrl.o [1]
  .rodata             const    0x08010d30      0xc  main.o [1]
  .rodata             const    0x08010d3c      0xc  main.o [1]
  .text               ro code  0x08010d48      0xc  cstartup_M.o [5]
  .rodata             const    0x08010d54      0x8  AaMem.o [1]
  .rodata             const    0x08010d5c      0x8  AaShell.o [1]
  .rodata             const    0x08010d64      0x8  AaShell.o [1]
  .rodata             const    0x08010d6c      0x8  AaShell.o [1]
  .rodata             const    0x08010d74      0x8  AaSysLogInterface.o [1]
  .rodata             const    0x08010d7c      0x8  AaSysLogInterface.o [1]
  .rodata             const    0x08010d84      0x8  AaSysLogSystem.o [1]
  .rodata             const    0x08010d8c      0x8  AaTag.o [1]
  .rodata             const    0x08010d94      0x8  AaTag.o [1]
  .rodata             const    0x08010d9c      0x8  AaThread.o [1]
  .rodata             const    0x08010da4      0x8  CCSDaemon.o [1]
  .rodata             const    0x08010dac      0x8  CCSDaemon.o [1]
  .rodata             const    0x08010db4      0x8  config.o [1]
  .rodata             const    0x08010dbc      0x8  cp15.o [1]
  .rodata             const    0x08010dc4      0x8  cp15.o [1]
  .rodata             const    0x08010dcc      0x8  dataHandler.o [1]
  .rodata             const    0x08010dd4      0x8  dataRecv.o [1]
  .rodata             const    0x08010ddc      0x8  ff.o [1]
  .rodata             const    0x08010de4      0x8  gps.o [1]
  .rodata             const    0x08010dec      0x8  gps.o [1]
  .rodata             const    0x08010df4      0x8  gpsAnalyser.o [1]
  .rodata             const    0x08010dfc      0x8  gpsAnalyser.o [1]
  .rodata             const    0x08010e04      0x8  gpsAnalyser.o [1]
  .rodata             const    0x08010e0c      0x8  gpsAnalyser.o [1]
  .rodata             const    0x08010e14      0x8  gpsAnalyser.o [1]
  .rodata             const    0x08010e1c      0x8  gsm.o [1]
  .rodata             const    0x08010e24      0x8  gsm.o [1]
  .rodata             const    0x08010e2c      0x8  gsm.o [1]
  .rodata             const    0x08010e34      0x8  gsm.o [1]
  .rodata             const    0x08010e3c      0x8  gsm.o [1]
  .rodata             const    0x08010e44      0x8  gsm.o [1]
  .rodata             const    0x08010e4c      0x8  gsmCtrl.o [1]
  .rodata             const    0x08010e54      0x8  gsmCtrl.o [1]
  .rodata             const    0x08010e5c      0x8  led.o [1]
  .rodata             const    0x08010e64      0x8  led.o [1]
  .rodata             const    0x08010e6c      0x8  main.o [1]
  .rodata             const    0x08010e74      0x8  stm32f4xx_hal_dma.o [1]
  .rodata             const    0x08010e7c      0x8  tasks.o [1]
  .rodata             const    0x08010e84      0x4  AaMem.o [1]
  .rodata             const    0x08010e88      0x4  AaShell.o [1]
  .rodata             const    0x08010e8c      0x4  AaSysLogSystem.o [1]
  .rodata             const    0x08010e90      0x4  AaSysLogSystem.o [1]
  .rodata             const    0x08010e94      0x4  AaTag.o [1]
  .rodata             const    0x08010e98      0x4  AaThread.o [1]
  .rodata             const    0x08010e9c      0x4  cp15.o [1]
  .rodata             const    0x08010ea0      0x4  cp15.o [1]
  .rodata             const    0x08010ea4      0x4  gps.o [1]
  .rodata             const    0x08010ea8      0x4  gps.o [1]
  .rodata             const    0x08010eac      0x4  gps.o [1]
  .rodata             const    0x08010eb0      0x4  gsm.o [1]
  .rodata             const    0x08010eb4      0x4  gsm.o [1]
  .rodata             const    0x08010eb8      0x4  gsm.o [1]
  .rodata             const    0x08010ebc      0x4  heap_4.o [1]
  .rodata             const    0x08010ec0      0x4  port.o [1]
  .rodata             const    0x08010ec4      0x4  syscall.o [1]
  .text               ro code  0x08010ec8      0x4  startup_stm32f407xx.o [1]
  .text               ro code  0x08010ecc      0x4  startup_stm32f407xx.o [1]
  .text               ro code  0x08010ed0      0x4  startup_stm32f407xx.o [1]
  .text               ro code  0x08010ed4      0x4  startup_stm32f407xx.o [1]
  .text               ro code  0x08010ed8      0x4  startup_stm32f407xx.o [1]
  .text               ro code  0x08010edc      0x4  startup_stm32f407xx.o [1]
  .text               ro code  0x08010ee0      0x4  startup_stm32f407xx.o [1]
  .text               ro code  0x08010ee4      0x4  startup_stm32f407xx.o [1]
  .text               ro code  0x08010ee8      0x4  startup_stm32f407xx.o [1]
  .text               ro code  0x08010eec      0x4  startup_stm32f407xx.o [1]
  .text               ro code  0x08010ef0      0x4  startup_stm32f407xx.o [1]
  .text               ro code  0x08010ef4      0x4  startup_stm32f407xx.o [1]
  .text               ro code  0x08010ef8      0x4  startup_stm32f407xx.o [1]
  .text               ro code  0x08010efc      0x4  startup_stm32f407xx.o [1]
  .text               ro code  0x08010f00      0x4  startup_stm32f407xx.o [1]
  .text               ro code  0x08010f04      0x4  startup_stm32f407xx.o [1]
  .text               ro code  0x08010f08      0x4  startup_stm32f407xx.o [1]
  .text               ro code  0x08010f0c      0x4  startup_stm32f407xx.o [1]
  .text               ro code  0x08010f10      0x4  startup_stm32f407xx.o [1]
  .text               ro code  0x08010f14      0x4  startup_stm32f407xx.o [1]
  .text               ro code  0x08010f18      0x4  startup_stm32f407xx.o [1]
  .text               ro code  0x08010f1c      0x4  startup_stm32f407xx.o [1]
  .text               ro code  0x08010f20      0x4  startup_stm32f407xx.o [1]
  .text               ro code  0x08010f24      0x4  startup_stm32f407xx.o [1]
  .text               ro code  0x08010f28      0x4  startup_stm32f407xx.o [1]
  .text               ro code  0x08010f2c      0x4  startup_stm32f407xx.o [1]
  .text               ro code  0x08010f30      0x4  startup_stm32f407xx.o [1]
  .text               ro code  0x08010f34      0x4  startup_stm32f407xx.o [1]
  .text               ro code  0x08010f38      0x4  startup_stm32f407xx.o [1]
  .text               ro code  0x08010f3c      0x4  startup_stm32f407xx.o [1]
  .text               ro code  0x08010f40      0x4  startup_stm32f407xx.o [1]
  .text               ro code  0x08010f44      0x4  startup_stm32f407xx.o [1]
  .text               ro code  0x08010f48      0x4  startup_stm32f407xx.o [1]
  .text               ro code  0x08010f4c      0x4  startup_stm32f407xx.o [1]
  .text               ro code  0x08010f50      0x4  startup_stm32f407xx.o [1]
  .text               ro code  0x08010f54      0x4  startup_stm32f407xx.o [1]
  .text               ro code  0x08010f58      0x4  startup_stm32f407xx.o [1]
  .text               ro code  0x08010f5c      0x4  startup_stm32f407xx.o [1]
  .text               ro code  0x08010f60      0x4  startup_stm32f407xx.o [1]
  .text               ro code  0x08010f64      0x4  startup_stm32f407xx.o [1]
  .text               ro code  0x08010f68      0x4  startup_stm32f407xx.o [1]
  .text               ro code  0x08010f6c      0x4  startup_stm32f407xx.o [1]
  .text               ro code  0x08010f70      0x4  startup_stm32f407xx.o [1]
  .text               ro code  0x08010f74      0x4  startup_stm32f407xx.o [1]
  .text               ro code  0x08010f78      0x4  startup_stm32f407xx.o [1]
  .text               ro code  0x08010f7c      0x4  startup_stm32f407xx.o [1]
  .text               ro code  0x08010f80      0x4  startup_stm32f407xx.o [1]
  .text               ro code  0x08010f84      0x4  startup_stm32f407xx.o [1]
  .text               ro code  0x08010f88      0x4  startup_stm32f407xx.o [1]
  .text               ro code  0x08010f8c      0x4  startup_stm32f407xx.o [1]
  .text               ro code  0x08010f90      0x4  startup_stm32f407xx.o [1]
  .text               ro code  0x08010f94      0x4  startup_stm32f407xx.o [1]
  .text               ro code  0x08010f98      0x4  startup_stm32f407xx.o [1]
  .text               ro code  0x08010f9c      0x4  startup_stm32f407xx.o [1]
  .text               ro code  0x08010fa0      0x4  startup_stm32f407xx.o [1]
  .text               ro code  0x08010fa4      0x4  startup_stm32f407xx.o [1]
  .text               ro code  0x08010fa8      0x4  startup_stm32f407xx.o [1]
  .text               ro code  0x08010fac      0x4  startup_stm32f407xx.o [1]
  .text               ro code  0x08010fb0      0x4  startup_stm32f407xx.o [1]
  .text               ro code  0x08010fb4      0x4  startup_stm32f407xx.o [1]
  .text               ro code  0x08010fb8      0x4  startup_stm32f407xx.o [1]
  .text               ro code  0x08010fbc      0x4  startup_stm32f407xx.o [1]
  .text               ro code  0x08010fc0      0x4  startup_stm32f407xx.o [1]
  .text               ro code  0x08010fc4      0x4  startup_stm32f407xx.o [1]
  .text               ro code  0x08010fc8      0x4  startup_stm32f407xx.o [1]
  .text               ro code  0x08010fcc      0x4  startup_stm32f407xx.o [1]
  .text               ro code  0x08010fd0      0x4  startup_stm32f407xx.o [1]
  .text               ro code  0x08010fd4      0x4  startup_stm32f407xx.o [1]
  .text               ro code  0x08010fd8      0x4  startup_stm32f407xx.o [1]
  .text               ro code  0x08010fdc      0x4  startup_stm32f407xx.o [1]
  .text               ro code  0x08010fe0      0x4  startup_stm32f407xx.o [1]
  .text               ro code  0x08010fe4      0x4  startup_stm32f407xx.o [1]
  .text               ro code  0x08010fe8      0x4  startup_stm32f407xx.o [1]
  .rodata             const    0x08010fec      0x0  zero_init3.o [5]
  .rodata             const    0x08010fec      0x0  packbits_init_single.o [5]
  Initializer bytes   const    0x08010fec     0x35  <for P2-1>
                             - 0x08011021  0x10e99

"P2", part 1 of 3:                            0xc6
  P2-1                         0x20000000     0xc6  <Init block>
    .data             inited   0x20000000      0x4  port.o [1]
    .data             inited   0x20000004      0x4  system_stm32f4xx.o [1]
    .data             inited   0x20000008      0x4  tasks.o [1]
    .data             inited   0x2000000c     0x40  xfiles.o [3]
    __DLIB_PERTHREAD  inited   0x2000004c     0x74  setlocale.o [3]
    .data             inited   0x200000c0      0x2  gsm.o [1]
    .data             inited   0x200000c2      0x1  AaSysLogInterface.o [1]
    .data             inited   0x200000c3      0x1  gps.o [1]
    .data             inited   0x200000c4      0x1  gsm.o [1]
    .data             inited   0x200000c5      0x1  sd_diskio.o [1]
                             - 0x200000c6     0xc6

"P2", part 2 of 3:                           0x800
  CSTACK                       0x200000c8    0x400  <Block>
    CSTACK            uninit   0x200000c8    0x400  <Block tail>
  HEAP                         0x200004c8    0x400  <Block>
    HEAP              uninit   0x200004c8    0x400  <Block tail>
                             - 0x200008c8    0x800

"P2", part 3 of 3:                          0x8168
  .bss                zero     0x200008c8   0x4000  heap_4.o [1]
  .bss                zero     0x200048c8   0x2000  CCSDaemon.o [1]
  .bss                zero     0x200068c8    0x408  dataHandler.o [1]
  .bss                zero     0x20006cd0    0x408  dataHandler.o [1]
  .bss                zero     0x200070d8    0x400  gsm.o [1]
  .bss                zero     0x200074d8    0x400  gsm.o [1]
  .bss                zero     0x200078d8    0x234  osa_file.o [1]
  .bss                zero     0x20007b0c    0x234  osa_file.o [1]
  .bss                zero     0x20007d40    0x210  gps.o [1]
  .bss                zero     0x20007f50    0x1d8  dlmalloc.o [3]
  .bss                zero     0x20008128     0x8c  tasks.o [1]
  .bss                zero     0x200081b4     0x7c  gps.o [1]
  .bss                zero     0x20008230     0x60  407VE_sd.o [1]
  .bss                zero     0x20008290     0x58  407VE_sd.o [1]
  .bss                zero     0x200082e8     0x58  407VE_sd.o [1]
  .bss                zero     0x20008340     0x58  407VE_sd.o [1]
  .bss                zero     0x20008398     0x58  dataHandler.o [1]
  .bss                zero     0x200083f0     0x58  dataHandler.o [1]
  .bss                zero     0x20008448     0x58  dataHandler.o [1]
  .bss                zero     0x200084a0     0x58  dataHandler.o [1]
  .bss                zero     0x200084f8     0x58  print_com.o [1]
  .bss                zero     0x20008550     0x50  xfiles.o [3]
  .bss                zero     0x200085a0     0x48  dataHandler.o [1]
  .bss                zero     0x200085e8     0x48  dataHandler.o [1]
  .bss                zero     0x20008630     0x40  AaShell.o [1]
  .bss                zero     0x20008670     0x40  config.o [1]
  .bss                zero     0x200086b0     0x40  cp15_dev.o [1]
  .bss                zero     0x200086f0     0x40  gps_dev.o [1]
  .bss                zero     0x20008730     0x40  gsm_dev.o [1]
  .bss                zero     0x20008770     0x40  print_com.o [1]
  .bss                zero     0x200087b0     0x40  queue.o [1]
  .bss                zero     0x200087f0     0x30  dataHandler.o [1]
  .bss                zero     0x20008820     0x30  dataHandler.o [1]
  .bss                zero     0x20008850     0x1c  dataHandler.o [1]
  .bss                zero     0x2000886c     0x18  ff.o [1]
  .bss                zero     0x20008884     0x18  dlmalloc.o [3]
  .bss                zero     0x2000889c     0x14  tasks.o [1]
  .bss                zero     0x200088b0     0x14  tasks.o [1]
  .bss                zero     0x200088c4     0x14  tasks.o [1]
  .bss                zero     0x200088d8     0x14  tasks.o [1]
  .bss                zero     0x200088ec     0x14  tasks.o [1]
  .bss                zero     0x20008900     0x10  AaShell.o [1]
  .bss                zero     0x20008910     0x10  gsm.o [1]
  .bss                zero     0x20008920      0xc  ff_gen_drv.o [1]
  .bss                zero     0x2000892c      0x8  AaSysLogSystem.o [1]
  .bss                zero     0x20008934      0x8  heap_4.o [1]
  .bss                zero     0x2000893c      0x4  AaMem.o [1]
  .bss                zero     0x20008940      0x4  AaMem.o [1]
  .bss                zero     0x20008944      0x4  AaMem.o [1]
  .bss                zero     0x20008948      0x4  AaMem.o [1]
  .bss                zero     0x2000894c      0x4  AaMem.o [1]
  .bss                zero     0x20008950      0x4  AaMem.o [1]
  .bss                zero     0x20008954      0x4  AaMem.o [1]
  .bss                zero     0x20008958      0x4  AaShell.o [1]
  .bss                zero     0x2000895c      0x4  AaShell.o [1]
  .bss                zero     0x20008960      0x4  AaSysLogSystem.o [1]
  .bss                zero     0x20008964      0x4  AaSysLogSystem.o [1]
  .bss                zero     0x20008968      0x4  AaSysLogSystem.o [1]
  .bss                zero     0x2000896c      0x4  AaSysLogSystem.o [1]
  .bss                zero     0x20008970      0x4  AaTag.o [1]
  .bss                zero     0x20008974      0x4  AaTag.o [1]
  .bss                zero     0x20008978      0x4  AaTag.o [1]
  .bss                zero     0x2000897c      0x4  AaTag.o [1]
  .bss                zero     0x20008980      0x4  AaThread.o [1]
  .bss                zero     0x20008984      0x4  AaThread.o [1]
  .bss                zero     0x20008988      0x4  CCSDaemon.o [1]
  .bss                zero     0x2000898c      0x4  cp15.o [1]
  .bss                zero     0x20008990      0x4  cp15.o [1]
  .bss                zero     0x20008994      0x4  cp15.o [1]
  .bss                zero     0x20008998      0x4  cp15.o [1]
  .bss                zero     0x2000899c      0x4  ff.o [1]
  .bss                zero     0x200089a0      0x4  gps.o [1]
  .bss                zero     0x200089a4      0x4  gps.o [1]
  .bss                zero     0x200089a8      0x4  gps.o [1]
  .bss                zero     0x200089ac      0x4  gps.o [1]
  .bss                zero     0x200089b0      0x4  gsm.o [1]
  .bss                zero     0x200089b4      0x4  gsm.o [1]
  .bss                zero     0x200089b8      0x4  gsm.o [1]
  .bss                zero     0x200089bc      0x4  gsm.o [1]
  .bss                zero     0x200089c0      0x4  gsmCtrl.o [1]
  .bss                zero     0x200089c4      0x4  gsmCtrl.o [1]
  .bss                zero     0x200089c8      0x4  heap_4.o [1]
  .bss                zero     0x200089cc      0x4  heap_4.o [1]
  .bss                zero     0x200089d0      0x4  heap_4.o [1]
  .bss                zero     0x200089d4      0x4  heap_4.o [1]
  .bss                zero     0x200089d8      0x4  led.o [1]
  .bss                zero     0x200089dc      0x4  moduleStatus.o [1]
  .bss                zero     0x200089e0      0x4  osa_file.o [1]
  .bss                zero     0x200089e4      0x4  port.o [1]
  .bss                zero     0x200089e8      0x4  stm32f4xx_hal.o [1]
  .bss                zero     0x200089ec      0x4  tasks.o [1]
  .bss                zero     0x200089f0      0x4  tasks.o [1]
  .bss                zero     0x200089f4      0x4  tasks.o [1]
  .bss                zero     0x200089f8      0x4  tasks.o [1]
  .bss                zero     0x200089fc      0x4  tasks.o [1]
  .bss                zero     0x20008a00      0x4  tasks.o [1]
  .bss                zero     0x20008a04      0x4  tasks.o [1]
  .bss                zero     0x20008a08      0x4  tasks.o [1]
  .bss                zero     0x20008a0c      0x4  tasks.o [1]
  .bss                zero     0x20008a10      0x4  tasks.o [1]
  .bss                zero     0x20008a14      0x4  tasks.o [1]
  .bss                zero     0x20008a18      0x4  tasks.o [1]
  .bss                zero     0x20008a1c      0x4  tasks.o [1]
  .bss                zero     0x20008a20      0x4  xgetmemchunk.o [3]
  .bss                zero     0x20008a24      0x2  AaSysLogSystem.o [1]
  .bss                zero     0x20008a26      0x2  ff.o [1]
  .bss                zero     0x20008a28      0x1  AaShell.o [1]
  .bss                zero     0x20008a29      0x1  AaSysLogInterface.o [1]
  .bss                zero     0x20008a2a      0x1  gps.o [1]
  .bss                zero     0x20008a2b      0x1  gps.o [1]
  .bss                zero     0x20008a2c      0x1  gps.o [1]
  .bss                zero     0x20008a2d      0x1  gsm.o [1]
  .bss                zero     0x20008a2e      0x1  gsmCtrl.o [1]
  .bss                zero     0x20008a2f      0x1  port.o [1]
                             - 0x20008a30   0x8168


*******************************************************************************
*** INIT TABLE
***

          Address     Size
          -------     ----
Zero (__iar_zero_init3)
    1 destination range, total size 0x8168:
          0x200008c8  0x8168

Copy/packbits (__iar_packbits_init_single3)
    1 source range, total size 0x35 (26% of destination):
          0x08010fec    0x35
    1 destination range, total size 0xc6:
          0x20000000    0xc6



*******************************************************************************
*** MODULE SUMMARY
***

    Module                  ro code  ro data  rw data
    ------                  -------  -------  -------
E:\Bussiness Project\bjsensor\gitSVN\AirMonitor.git\trunk\FatFs_uSD_RTOS\EWARM\AirMonitor\Obj: [1]
    407VE_sd.o                  868               360
    AaMem.o                   1 152      116       28
    AaShell.o                   560      460       89
    AaSysLogInterface.o         744       73        2
    AaSysLogSystem.o            800      624       26
    AaTag.o                     620      408       16
    AaThread.o                  314      100        8
    BipBuffer.o                 394
    CCSDaemon.o                 292      216    8 196
    RingBufferUtils.o           616
    cmsis_os.o                1 228
    config.o                    572       24       64
    cp15.o                      456      464       16
    cp15_dev.o                  396                64
    crc.o                       124      528
    dataHandler.o             1 576      172    2 684
    dataRecv.o                2 320      680
    diskio.o                    252
    ff.o                     11 356      164       30
    ff_gen_drv.o                204                12
    format.o                    188
    gps.o                       792      488      672
    gpsAnalyser.o             1 436       40
    gps_dev.o                   284                64
    gsm.o                     1 100      664    2 084
    gsmCtrl.o                 1 064      660        9
    gsm_dev.o                   280                64
    gsm_power_dev.o             112
    heap_4.o                    640        4   16 408
    led.o                       104       92        4
    led_dev.o                   108
    list.o                      158
    main.o                      444      196
    moduleStatus.o               32                 4
    osa_file.o                  724      228    1 132
    port.o                      600        5        9
    portasm.o                   168
    print_com.o                 488               152
    queue.o                   2 472                64
    sd_diskio.o                 292       21        1
    startup_stm32f407xx.o       700
    stm32f4xx_hal.o             148                 4
    stm32f4xx_hal_cortex.o      316
    stm32f4xx_hal_dma.o         928        8
    stm32f4xx_hal_gpio.o        608
    stm32f4xx_hal_msp.o         288
    stm32f4xx_hal_rcc.o       1 556       16
    stm32f4xx_hal_sd.o        5 420
    stm32f4xx_hal_uart.o      2 496
    stm32f4xx_it.o              116
    stm32f4xx_ll_sdmmc.o        208
    syscall.o                   122        4
    system_stm32f4xx.o          108        1        4
    tasks.o                   3 696        9      296
    unicode.o                   144    1 216
    -------------------------------------------------
    Total:                   53 184    7 681   32 566

command line: [2]
    -------------------------------------------------
    Total:

dl7M_tlf.a: [3]
    abort.o                       6
    dlmalloc.o                5 360               496
    exit.o                        4
    low_level_init.o              4
    printf.o                     36
    putchar.o                    12
    setlocale.o                  20       31      116
    sprintf.o                    52
    strncmp.o                    40
    strstr.o                     44
    vsprintf.o                   44
    xencoding_sb.o               96
    xfiles.o                              17      144
    xgetmemchunk.o               44                 4
    xmbcurmax.o                  10
    xmbtowc.o                    32
    xprintfsmall.o            1 988
    xprout.o                     22
    xsprout.o                    10
    xtls.o                        2
    xwctomb.o                    26
    -------------------------------------------------
    Total:                    7 852       48      760

m7M_tls.a: [4]
    fpinit_M.o                   34
    -------------------------------------------------
    Total:                       34

rt7M_tl.a: [5]
    ABImemclr4.o                  6
    ABImemcpy_unaligned.o       118
    ABImemset.o                 102
    ABImemset48.o                50
    cexit.o                      10
    cmain.o                      26
    cstartup_M.o                 12
    data_init.o                  40
    memchr.o                     88
    packbits_init_single.o       56
    strchr.o                     22
    strcmp_unaligned.o           66
    strcpy_unaligned.o           68
    strlen.o                     54
    zero_init3.o                 64
    -------------------------------------------------
    Total:                      782

shb_l.a: [6]
    exit.o                       20
    -------------------------------------------------
    Total:                       20

    Gaps                         26        6
    Linker created                        32    2 048
-----------------------------------------------------
    Grand Total:             61 898    7 767   35 374


*******************************************************************************
*** ENTRY LIST
***

Entry                      Address    Size  Type      Object
-----                      -------    ----  ----      ------
.iar.init_table$$Base   0x0800ffc0           --   Gb  - Linker created -
.iar.init_table$$Limit  0x0800ffe0           --   Gb  - Linker created -
?main                   0x080105a1          Code  Gb  cmain.o [5]
APBAHBPrescTable        0x08010c38    0x10  Data  Gb  stm32f4xx_hal_rcc.o [1]
AaMemFree               0x0800b3db    0x9c  Code  Gb  AaMem.o [1]
AaMemHeapCEInit         0x0800b12f    0xbe  Code  Gb  AaMem.o [1]
AaMemList               0x0800b477    0x42  Code  Gb  AaMem.o [1]
AaMemMalloc             0x0800b1ed   0x1ee  Code  Gb  AaMem.o [1]
AaShellCEInit           0x0800a173    0xc6  Code  Gb  AaShell.o [1]
AaShellRecvDataFromISR  0x0800a239    0x32  Code  Gb  AaShell.o [1]
AaShellSerialHandleThread
                        0x0800a099    0xda  Code  Lc  AaShell.o [1]
AaSysLogBipBufferList   0x08009eff    0x48  Code  Gb  AaSysLogSystem.o [1]
AaSysLogCEInit          0x08009dfb    0xbe  Code  Gb  AaSysLogSystem.o [1]
AaSysLogCreateDeamon    0x08009eb9    0x46  Code  Gb  AaSysLogSystem.o [1]
AaSysLogDeamon          0x08009d79    0x6a  Code  Lc  AaSysLogSystem.o [1]
AaSysLogGetBipRegister  0x08009de3     0xa  Code  Gb  AaSysLogSystem.o [1]
AaSysLogGetInputLevel   0x0800ac31     0x6  Code  Gb  AaSysLogInterface.o [1]
AaSysLogGetLevelString  0x0800abfd    0x34  Code  Gb  AaSysLogInterface.o [1]
AaSysLogPrintByPolling  0x08009f51    0x14  Code  Gb  AaSysLogSystem.o [1]
AaSysLogPrintF          0x0800ac37   0x130  Code  Gb  AaSysLogInterface.o [1]
AaSysLogPrintM          0x0800ad67   0x14c  Code  Gb  AaSysLogInterface.o [1]
AaSysLogProcessPrintRegister
                        0x08009f47     0xa  Code  Gb  AaSysLogSystem.o [1]
AaSysLogSendCplt        0x08009ded     0xe  Code  Gb  AaSysLogSystem.o [1]
AaSysLogStoreBipBufferByPolling
                        0x08009f65    0x54  Code  Gb  AaSysLogSystem.o [1]
AaSysLogStoreBipBufferNormal
                        0x08009fb9    0x74  Code  Gb  AaSysLogSystem.o [1]
AaTagCEInit             0x0800e75f    0x72  Code  Gb  AaTag.o [1]
AaTagCreate             0x0800e819    0x8c  Code  Gb  AaTag.o [1]
AaTagCreateDeamon       0x0800e7d1    0x48  Code  Gb  AaTag.o [1]
AaTagDeamonThread       0x0800e711    0x4e  Code  Lc  AaTag.o [1]
AaTagFindMngPtr         0x0800e8f7    0x30  Code  Lc  AaTag.o [1]
AaTagSetValue           0x0800e8a5    0x52  Code  Gb  AaTag.o [1]
AaThreadCEInit          0x0800b4f1    0x36  Code  Gb  AaThread.o [1]
AaThreadCreateStartup   0x0800b527    0xa8  Code  Gb  AaThread.o [1]
AaThreadFindMngPtr      0x0800b5cf    0x26  Code  Lc  AaThread.o [1]
AaThreadGetName         0x0800b611    0x1a  Code  Gb  AaThread.o [1]
AtCmdRun                0x0800c4c9    0xc2  Code  Gb  gsmCtrl.o [1]
BSP_SD_DMA_Rx_IRQHandler
                        0x0800e2f7     0xc  Code  Gb  407VE_sd.o [1]
BSP_SD_DMA_Tx_IRQHandler
                        0x0800e2eb     0xc  Code  Gb  407VE_sd.o [1]
BSP_SD_GetCardInfo      0x0800e30d     0xe  Code  Gb  407VE_sd.o [1]
BSP_SD_GetStatus        0x0800e303     0xa  Code  Gb  407VE_sd.o [1]
BSP_SD_IRQHandler       0x0800e2e1     0xa  Code  Gb  407VE_sd.o [1]
BSP_SD_Init             0x0800dfe9    0x88  Code  Gb  407VE_sd.o [1]
BSP_SD_IsDetected       0x0800e071    0x24  Code  Gb  407VE_sd.o [1]
BSP_SD_ReadBlocks       0x0800e095    0x32  Code  Gb  407VE_sd.o [1]
BSP_SD_WriteBlocks      0x0800e0c7    0x30  Code  Gb  407VE_sd.o [1]
BusFault_Handler        0x0800f5df     0x2  Code  Gb  stm32f4xx_it.o [1]
ByteToNetStr            0x0800d201    0x70  Code  Gb  config.o [1]
CBipBuffer_Commit       0x0800afc3    0x5c  Code  Gb  BipBuffer.o [1]
CBipBuffer_Construct    0x0800aee5    0x38  Code  Gb  BipBuffer.o [1]
CBipBuffer_Decommit     0x0800b03b    0x2c  Code  Gb  BipBuffer.o [1]
CBipBuffer_Get          0x0800b01f    0x1c  Code  Gb  BipBuffer.o [1]
CBipBuffer_HowMuchData  0x0800b067     0x8  Code  Gb  BipBuffer.o [1]
CBipBuffer_Reserve      0x0800af1d    0xa6  Code  Gb  BipBuffer.o [1]
CCSDaemonCreateThread   0x0800efad    0x46  Code  Lc  CCSDaemon.o [1]
CCSDaemonThread         0x0800eff3    0x28  Code  Lc  CCSDaemon.o [1]
CCSDeamonCEInit         0x0800ef3d    0x70  Code  Gb  CCSDaemon.o [1]
CP15DataSendByIT        0x08009a3b    0x14  Code  Gb  cp15_dev.o [1]
CP15DeviceInit          0x0800ab4f    0x16  Code  Lc  cp15.o [1]
CP15GpioInit            0x080099cb    0x70  Code  Gb  cp15_dev.o [1]
CP15RecvDataFromISR     0x0800ab8f     0xe  Code  Gb  cp15.o [1]
CP15SendSerialData      0x0800ab65    0x1e  Code  Lc  cp15.o [1]
CP15SendTestThread      0x0800aa7b    0x22  Code  Lc  cp15.o [1]
CP15Thread              0x0800aa35    0x46  Code  Lc  cp15.o [1]
CP15UsartInit           0x0800998d    0x3e  Code  Gb  cp15_dev.o [1]
CP15WaitForSendCplt     0x0800ab83     0xc  Code  Gb  cp15.o [1]
CSTACK$$Base            0x200000c8           --   Gb  - Linker created -
CSTACK$$Limit           0x200004c8           --   Gb  - Linker created -
ConfigGetAddr           0x0800d1e3     0x6  Code  Gb  config.o [1]
ConfigGetHardVer        0x0800d367     0x6  Code  Gb  config.o [1]
ConfigGetReportInterval
                        0x0800d37d     0xa  Code  Gb  config.o [1]
ConfigGetServerIp       0x0800d34b     0x4  Code  Gb  config.o [1]
ConfigGetServerPort     0x0800d355     0x6  Code  Gb  config.o [1]
ConfigGetSoftVer        0x0800d361     0x6  Code  Gb  config.o [1]
ConfigGetStrAddr        0x0800d1fd     0x4  Code  Gb  config.o [1]
ConfigInit              0x0800d1a9    0x34  Code  Gb  config.o [1]
ConfigSetAddr           0x0800d1dd     0x6  Code  Gb  config.o [1]
ConfigSetReportInterval
                        0x0800d375     0x8  Code  Gb  config.o [1]
ConfigSetServerIp       0x0800d313    0x38  Code  Gb  config.o [1]
ConfigSetServerIpInt    0x0800d271    0xa2  Code  Gb  config.o [1]
ConfigSetServerPort     0x0800d34f     0x6  Code  Gb  config.o [1]
ConfigSetSimpleInterval
                        0x0800d36d     0x8  Code  Gb  config.o [1]
ConfigSetSoftVer        0x0800d35b     0x6  Code  Gb  config.o [1]
ConfigSetStrAddr        0x0800d1e9    0x14  Code  Gb  config.o [1]
ConfigSetcoVa           0x0800d3a5     0x6  Code  Gb  config.o [1]
ConfigSetcoVw           0x0800d39f     0x6  Code  Gb  config.o [1]
ConfigSetno2Va          0x0800d3c9     0x6  Code  Gb  config.o [1]
ConfigSetno2Vw          0x0800d3c3     0x6  Code  Gb  config.o [1]
ConfigSeto3Va           0x0800d3bd     0x6  Code  Gb  config.o [1]
ConfigSeto3Vw           0x0800d3b7     0x6  Code  Gb  config.o [1]
ConfigSetpm10B          0x0800d399     0x6  Code  Gb  config.o [1]
ConfigSetpm10K          0x0800d393     0x6  Code  Gb  config.o [1]
ConfigSetpm25B          0x0800d38d     0x6  Code  Gb  config.o [1]
ConfigSetpm25K          0x0800d387     0x6  Code  Gb  config.o [1]
ConfigSetso2Va          0x0800d3ab     0x6  Code  Gb  config.o [1]
ConfigSetso2Vw          0x0800d3b1     0x6  Code  Gb  config.o [1]
ConstructResponse       0x0800d07b    0xc0  Code  Gb  dataRecv.o [1]
ContructDataUp          0x0800c179   0x2bc  Code  Gb  dataHandler.o [1]
DMA1_Stream3_IRQHandler
                        0x0800f609     0xc  Code  Gb  stm32f4xx_it.o [1]
DMA2_Stream3_IRQHandler
                        0x0800f5f1     0x8  Code  Gb  stm32f4xx_it.o [1]
DMA2_Stream6_IRQHandler
                        0x0800f5f9     0x8  Code  Gb  stm32f4xx_it.o [1]
DMA_CalcBaseAndBitshift
                        0x0800952f    0x2e  Code  Lc  stm32f4xx_hal_dma.o [1]
DMA_SetConfig           0x08009501    0x2e  Code  Lc  stm32f4xx_hal_dma.o [1]
Data_Extraction         0x0800bd49   0x110  Code  Gb  gpsAnalyser.o [1]
Data_Removal            0x0800bd01    0x32  Code  Gb  gpsAnalyser.o [1]
DebugMon_Handler        0x0800f5e3     0x2  Code  Gb  stm32f4xx_it.o [1]
Error_Handler           0x0800eeff    0x12  Code  Lc  main.o [1]
ExCvt                   0x0800f558    0x80  Data  Lc  ff.o [1]
FATFS_LinkDriver        0x0800e679    0x12  Code  Gb  ff_gen_drv.o [1]
FATFS_LinkDriverEx      0x0800e621    0x58  Code  Gb  ff_gen_drv.o [1]
FATFS_UnLinkDriver      0x0800e6d9     0xe  Code  Gb  ff_gen_drv.o [1]
FATFS_UnLinkDriverEx    0x0800e68b    0x4e  Code  Gb  ff_gen_drv.o [1]
FatFs                   0x2000899c     0x4  Data  Lc  ff.o [1]
Files                   0x2000886c    0x18  Data  Lc  ff.o [1]
Format16                0x0800d615    0x20  Code  Gb  format.o [1]
Format32                0x0800d635    0x1c  Code  Gb  format.o [1]
Format8                 0x0800d60d     0x8  Code  Gb  format.o [1]
FormatHead              0x0800d595    0x78  Code  Gb  format.o [1]
Fsid                    0x20008a26     0x2  Data  Lc  ff.o [1]
GPGGA_Analysis          0x0800b965    0x4e  Code  Gb  gpsAnalyser.o [1]
GPGSA_Analysis          0x0800bcb9    0x30  Code  Gb  gpsAnalyser.o [1]
GPGSV_Analysis          0x0800b925    0x40  Code  Gb  gpsAnalyser.o [1]
GPRMC_Analysis          0x0800b9b5   0x304  Code  Gb  gpsAnalyser.o [1]
GPS_Analysis            0x0800b8bd    0x68  Code  Gb  gpsAnalyser.o [1]
GetAllModuleStu         0x0800d587     0x6  Code  Gb  moduleStatus.o [1]
GetAtStatus             0x0800c4c1     0x8  Code  Gb  gsmCtrl.o [1]
GetBipAndSendByDMA      0x080095af    0x14  Code  Gb  print_com.o [1]
GetBipAndSendByPolling  0x080095c3    0x18  Code  Gb  print_com.o [1]
GetCo                   0x0800c155     0x6  Code  Gb  dataHandler.o [1]
GetCoordLati            0x0800c173     0x6  Code  Gb  dataHandler.o [1]
GetCoordLong            0x0800c16d     0x6  Code  Gb  dataHandler.o [1]
GetModuleStu            0x0800d575    0x12  Code  Gb  moduleStatus.o [1]
GetNo2                  0x0800c15b     0x6  Code  Gb  dataHandler.o [1]
GetO3                   0x0800c167     0x6  Code  Gb  dataHandler.o [1]
GetPm10                 0x0800c14f     0x6  Code  Gb  dataHandler.o [1]
GetPm25                 0x0800c149     0x6  Code  Gb  dataHandler.o [1]
GetSo2                  0x0800c161     0x6  Code  Gb  dataHandler.o [1]
GetTempIn               0x0800c139     0x8  Code  Gb  dataHandler.o [1]
GetTempOut              0x0800c129     0x8  Code  Gb  dataHandler.o [1]
GetWetIn                0x0800c141     0x8  Code  Gb  dataHandler.o [1]
GetWetOut               0x0800c131     0x8  Code  Gb  dataHandler.o [1]
GpsBufInit              0x0800a427    0x3e  Code  Lc  gps.o [1]
GpsDataSendByIT         0x08009797    0x14  Code  Gb  gps_dev.o [1]
GpsDeviceInit           0x0800a411    0x16  Code  Lc  gps.o [1]
GpsRecvDataFromISR      0x0800a48f    0xd2  Code  Gb  gps.o [1]
GpsSendSerialData       0x0800a465    0x1e  Code  Lc  gps.o [1]
GpsSendTestThread       0x0800a31b    0x22  Code  Lc  gps.o [1]
GpsThread               0x0800a2c9    0x52  Code  Lc  gps.o [1]
GpsUsartInit            0x08009759    0x3e  Code  Gb  gps_dev.o [1]
GpsWaitForSendCplt      0x0800a483     0xc  Code  Gb  gps.o [1]
GsmDataSendByIT         0x080098b3    0x14  Code  Gb  gsm_dev.o [1]
GsmDeviceInit           0x0800a80b    0x16  Code  Lc  gsm.o [1]
GsmPowerDown            0x0800d43b    0x10  Code  Gb  gsm_power_dev.o [1]
GsmPowerGpioInit        0x0800d3e5    0x46  Code  Gb  gsm_power_dev.o [1]
GsmPowerUp              0x0800d42b    0x10  Code  Gb  gsm_power_dev.o [1]
GsmPowerUpDownOpt       0x0800c611    0x2a  Code  Gb  gsmCtrl.o [1]
GsmRecvDataFromISR      0x0800a82d    0x44  Code  Gb  gsm.o [1]
GsmSendData             0x0800c799    0x16  Code  Gb  gsmCtrl.o [1]
GsmSendTestThread       0x0800a693    0x8a  Code  Lc  gsm.o [1]
GsmStartAndconect       0x0800c683   0x116  Code  Gb  gsmCtrl.o [1]
GsmStartup              0x0800c63b    0x38  Code  Gb  gsmCtrl.o [1]
GsmStatusGet            0x0800c4b1     0x8  Code  Gb  gsmCtrl.o [1]
GsmStatusSet            0x0800c4a9     0x8  Code  Gb  gsmCtrl.o [1]
GsmThread               0x0800a5e1    0xb2  Code  Lc  gsm.o [1]
GsmUsartInit            0x08009875    0x3e  Code  Gb  gsm_dev.o [1]
GsmWaitCloseFlagClear   0x0800c48b     0xa  Code  Gb  gsmCtrl.o [1]
GsmWaitCloseFlagSet     0x0800c481     0xa  Code  Gb  gsmCtrl.o [1]
GsmWaitForReg           0x0800c673    0x10  Code  Gb  gsmCtrl.o [1]
GsmWaitForSendCplt      0x0800a821     0xc  Code  Gb  gsm.o [1]
HAL_DMA_DeInit          0x08009257    0x6c  Code  Gb  stm32f4xx_hal_dma.o [1]
HAL_DMA_IRQHandler      0x08009325   0x1dc  Code  Gb  stm32f4xx_hal_dma.o [1]
HAL_DMA_Init            0x080091d1    0x86  Code  Gb  stm32f4xx_hal_dma.o [1]
HAL_DMA_Start_IT        0x080092c3    0x62  Code  Gb  stm32f4xx_hal_dma.o [1]
HAL_Delay               0x08007f73    0x1a  Code  Wk  stm32f4xx_hal.o [1]
HAL_GPIO_Init           0x08009b19   0x1ee  Code  Gb  stm32f4xx_hal_gpio.o [1]
HAL_GPIO_ReadPin        0x08009d07    0x18  Code  Gb  stm32f4xx_hal_gpio.o [1]
HAL_GPIO_TogglePin      0x08009d33     0xa  Code  Gb  stm32f4xx_hal_gpio.o [1]
HAL_GPIO_WritePin       0x08009d1f    0x14  Code  Gb  stm32f4xx_hal_gpio.o [1]
HAL_GetREVID            0x08007f8d     0x8  Code  Gb  stm32f4xx_hal.o [1]
HAL_GetTick             0x08007f6d     0x6  Code  Wk  stm32f4xx_hal.o [1]
HAL_IncTick             0x08007f61     0xc  Code  Wk  stm32f4xx_hal.o [1]
HAL_Init                0x08007f0d    0x2e  Code  Gb  stm32f4xx_hal.o [1]
HAL_InitTick            0x08007f3d    0x24  Code  Wk  stm32f4xx_hal.o [1]
HAL_MspInit             0x08007f3b     0x2  Code  Wk  stm32f4xx_hal.o [1]
HAL_NVIC_EnableIRQ      0x080080a3     0xe  Code  Gb  stm32f4xx_hal_cortex.o [1]
HAL_NVIC_SetPriority    0x0800807d    0x26  Code  Gb  stm32f4xx_hal_cortex.o [1]
HAL_NVIC_SetPriorityGrouping
                        0x08008071     0xc  Code  Gb  stm32f4xx_hal_cortex.o [1]
HAL_RCC_ClockConfig     0x08008415   0x18a  Code  Gb  stm32f4xx_hal_rcc.o [1]
HAL_RCC_GetHCLKFreq     0x08008643    0x28  Code  Gb  stm32f4xx_hal_rcc.o [1]
HAL_RCC_GetPCLK1Freq    0x0800866b    0x20  Code  Gb  stm32f4xx_hal_rcc.o [1]
HAL_RCC_GetPCLK2Freq    0x0800868b    0x20  Code  Gb  stm32f4xx_hal_rcc.o [1]
HAL_RCC_GetSysClockFreq
                        0x0800859f    0xa4  Code  Wk  stm32f4xx_hal_rcc.o [1]
HAL_RCC_OscConfig       0x080080dd   0x338  Code  Wk  stm32f4xx_hal_rcc.o [1]
HAL_SD_GetStatus        0x08007373    0x26  Code  Gb  stm32f4xx_hal_sd.o [1]
HAL_SD_Get_CardInfo     0x08006f4b   0x35e  Code  Gb  stm32f4xx_hal_sd.o [1]
HAL_SD_IRQHandler       0x08006e91    0xb6  Code  Gb  stm32f4xx_hal_sd.o [1]
HAL_SD_Init             0x08006911    0xb6  Code  Gb  stm32f4xx_hal_sd.o [1]
HAL_SD_MspInit          0x080069c7     0x2  Code  Wk  stm32f4xx_hal_sd.o [1]
HAL_SD_ReadBlocks       0x080069c9   0x212  Code  Gb  stm32f4xx_hal_sd.o [1]
HAL_SD_StopTransfer     0x0800733b    0x38  Code  Gb  stm32f4xx_hal_sd.o [1]
HAL_SD_WideBusOperation_Config
                        0x080072a9    0x92  Code  Gb  stm32f4xx_hal_sd.o [1]
HAL_SD_WriteBlocks      0x08006bdb   0x2b6  Code  Gb  stm32f4xx_hal_sd.o [1]
HAL_SD_XferCpltCallback
                        0x08006f47     0x2  Code  Wk  stm32f4xx_hal_sd.o [1]
HAL_SD_XferErrorCallback
                        0x08006f49     0x2  Code  Wk  stm32f4xx_hal_sd.o [1]
HAL_SYSTICK_Config      0x080080b1     0xc  Code  Gb  stm32f4xx_hal_cortex.o [1]
HAL_UART_CP15_ErrorCallback
                        0x08009b17     0x2  Code  Gb  cp15_dev.o [1]
HAL_UART_CP15_MspInit   0x08009a4f    0x9a  Code  Gb  cp15_dev.o [1]
HAL_UART_CP15_RxCpltCallback
                        0x08009b0b     0xc  Code  Gb  cp15_dev.o [1]
HAL_UART_CP15_TxCpltCallback
                        0x08009b01     0xa  Code  Gb  cp15_dev.o [1]
HAL_UART_DBG_ErrorCallback
                        0x0800971f     0x2  Code  Gb  print_com.o [1]
HAL_UART_DBG_MspInit    0x080095db   0x12e  Code  Gb  print_com.o [1]
HAL_UART_DBG_RxCpltCallback
                        0x08009713     0xc  Code  Gb  print_com.o [1]
HAL_UART_DBG_TxCpltCallback
                        0x08009709     0xa  Code  Gb  print_com.o [1]
HAL_UART_ErrorCallback  0x0800917d    0x44  Code  Gb  stm32f4xx_hal_msp.o [1]
HAL_UART_GPS_ErrorCallback
                        0x08009873     0x2  Code  Gb  gps_dev.o [1]
HAL_UART_GPS_MspInit    0x080097ab    0x9e  Code  Gb  gps_dev.o [1]
HAL_UART_GPS_RxCpltCallback
                        0x08009867     0xc  Code  Gb  gps_dev.o [1]
HAL_UART_GPS_TxCpltCallback
                        0x0800985d     0xa  Code  Gb  gps_dev.o [1]
HAL_UART_GSM_ErrorCallback
                        0x0800998b     0x2  Code  Gb  gsm_dev.o [1]
HAL_UART_GSM_MspInit    0x080098c7    0x9a  Code  Gb  gsm_dev.o [1]
HAL_UART_GSM_RxCpltCallback
                        0x0800997f     0xc  Code  Gb  gsm_dev.o [1]
HAL_UART_GSM_TxCpltCallback
                        0x08009975     0xa  Code  Gb  gsm_dev.o [1]
HAL_UART_IRQHandler     0x0800898d   0x16e  Code  Gb  stm32f4xx_hal_uart.o [1]
HAL_UART_Init           0x080086f1    0x76  Code  Gb  stm32f4xx_hal_uart.o [1]
HAL_UART_MspInit        0x080090b1    0x44  Code  Gb  stm32f4xx_hal_msp.o [1]
HAL_UART_Receive_IT     0x0800888d    0x70  Code  Gb  stm32f4xx_hal_uart.o [1]
HAL_UART_RxCpltCallback
                        0x08009139    0x44  Code  Gb  stm32f4xx_hal_msp.o [1]
HAL_UART_Transmit       0x08008767    0xce  Code  Gb  stm32f4xx_hal_uart.o [1]
HAL_UART_Transmit_DMA   0x080088fd    0x90  Code  Gb  stm32f4xx_hal_uart.o [1]
HAL_UART_Transmit_IT    0x08008835    0x58  Code  Gb  stm32f4xx_hal_uart.o [1]
HAL_UART_TxCpltCallback
                        0x080090f5    0x44  Code  Gb  stm32f4xx_hal_msp.o [1]
HAL_UART_TxHalfCpltCallback
                        0x08008afb     0x2  Code  Wk  stm32f4xx_hal_uart.o [1]
HEAP$$Base              0x200004c8           --   Gb  - Linker created -
HEAP$$Limit             0x200008c8           --   Gb  - Linker created -
HandleGsmRecv           0x0800c899   0x178  Code  Gb  dataRecv.o [1]
HardFault_Handler       0x0800f5db     0x2  Code  Gb  stm32f4xx_it.o [1]
IsAtSuss                0x0800c58b    0x1a  Code  Gb  gsmCtrl.o [1]
IsGsmRunning            0x0800c5e7    0x2a  Code  Gb  gsmCtrl.o [1]
IsGsmWaitCloseFlag      0x0800c495    0x14  Code  Gb  gsmCtrl.o [1]
IsTcpConnected          0x0800c5a5    0x42  Code  Gb  gsmCtrl.o [1]
LedDeviceInit           0x0800f09f    0x16  Code  Lc  led.o [1]
LedGpioInit             0x0800f0c9    0x46  Code  Gb  led_dev.o [1]
LedOff                  0x0800f10f    0x10  Code  Gb  led_dev.o [1]
LedToggle               0x0800f11f     0xe  Code  Gb  led_dev.o [1]
LfnOfs                  0x08010b28    0x10  Data  Lc  ff.o [1]
LoadInt                 0x0800db29    0x4c  Code  Lc  xprintfsmall.o [3]
MN_Process              0x0800bd33    0x16  Code  Gb  gpsAnalyser.o [1]
MemManage_Handler       0x0800f5dd     0x2  Code  Gb  stm32f4xx_it.o [1]
MySDFatFs               0x20007b0c   0x234  Data  Gb  osa_file.o [1]
NMI_Handler             0x0800f5d9     0x2  Code  Gb  stm32f4xx_it.o [1]
NVIC_EnableIRQ          0x08007fc9    0x14  Code  Lc  stm32f4xx_hal_cortex.o [1]
NVIC_EncodePriority     0x08008003    0x3e  Code  Lc  stm32f4xx_hal_cortex.o [1]
NVIC_GetPriorityGrouping
                        0x08007fbf     0xa  Code  Lc  stm32f4xx_hal_cortex.o [1]
NVIC_SetPriority        0x08007fdd    0x26  Code  Lc  stm32f4xx_hal_cortex.o [1]
NVIC_SetPriorityGrouping
                        0x08007fa1    0x1e  Code  Lc  stm32f4xx_hal_cortex.o [1]
OSA_fileClose           0x0800e477    0x28  Code  Gb  osa_file.o [1]
OSA_fileDeInit          0x0800e37f    0x1e  Code  Gb  osa_file.o [1]
OSA_fileInit            0x0800e34d    0x32  Code  Gb  osa_file.o [1]
OSA_fileOpen            0x0800e3e7    0x90  Code  Gb  osa_file.o [1]
OSA_fileRead            0x0800e4d5    0x58  Code  Gb  osa_file.o [1]
OSA_fileSeek            0x0800e585    0x32  Code  Gb  osa_file.o [1]
OSA_fileSync            0x0800e5b7    0x2c  Code  Gb  osa_file.o [1]
OSA_fileWrite           0x0800e52d    0x58  Code  Gb  osa_file.o [1]
OSA_getSdSize           0x0800e39d    0x4a  Code  Gb  osa_file.o [1]
OSA_removeFile          0x0800e49f    0x36  Code  Gb  osa_file.o [1]
PendSV_Handler          0x08006855          Code  Gb  portasm.o [1]
ProcessAdjust           0x0800ce03   0x19c  Code  Gb  dataRecv.o [1]
ProcessAtResponse       0x0800a871    0x9e  Code  Gb  gsm.o [1]
ProcessChangeAddr       0x0800cb25    0x42  Code  Gb  dataRecv.o [1]
ProcessChangeGetModuleStatus
                        0x0800cbdf    0x1e  Code  Gb  dataRecv.o [1]
ProcessChangeReportInterval
                        0x0800cba3    0x3c  Code  Gb  dataRecv.o [1]
ProcessChangeSimpleInterval
                        0x0800cb67    0x3c  Code  Gb  dataRecv.o [1]
ProcessConfig           0x0800cfa5    0xd6  Code  Gb  dataRecv.o [1]
ProcessGetHardVersion   0x0800cce5    0xe8  Code  Gb  dataRecv.o [1]
ProcessGetSoftVersion   0x0800cbfd    0xe8  Code  Gb  dataRecv.o [1]
ProcessRecvData         0x0800ca11    0x94  Code  Gb  dataRecv.o [1]
ProcessSavePower        0x0800caf9    0x2c  Code  Gb  dataRecv.o [1]
ProcessServerCall       0x0800cad1    0x28  Code  Gb  dataRecv.o [1]
ProcessServerResp       0x0800cde1    0x22  Code  Gb  dataRecv.o [1]
Region$$Table$$Base     0x0800ffc0           --   Gb  - Linker created -
Region$$Table$$Limit    0x0800ffe0           --   Gb  - Linker created -
RunLedThread            0x0800f061    0x1c  Code  Lc  led.o [1]
SDIO_DataConfig         0x08007ed5    0x2e  Code  Gb  stm32f4xx_ll_sdmmc.o [1]
SDIO_GetCommandResponse
                        0x08007eb9     0x6  Code  Gb  stm32f4xx_ll_sdmmc.o [1]
SDIO_GetPowerState      0x08007e87     0x8  Code  Gb  stm32f4xx_ll_sdmmc.o [1]
SDIO_GetResponse        0x08007ebf    0x16  Code  Gb  stm32f4xx_ll_sdmmc.o [1]
SDIO_IRQHandler         0x0800f601     0x8  Code  Gb  stm32f4xx_it.o [1]
SDIO_Init               0x08007e3d    0x2e  Code  Gb  stm32f4xx_ll_sdmmc.o [1]
SDIO_PowerState_ON      0x08007e7d     0xa  Code  Gb  stm32f4xx_ll_sdmmc.o [1]
SDIO_ReadFIFO           0x08007e6b     0x6  Code  Gb  stm32f4xx_ll_sdmmc.o [1]
SDIO_SendCommand        0x08007e8f    0x2a  Code  Gb  stm32f4xx_ll_sdmmc.o [1]
SDIO_WriteFIFO          0x08007e71     0xc  Code  Gb  stm32f4xx_ll_sdmmc.o [1]
SD_CmdError             0x080076e5    0x4a  Code  Lc  stm32f4xx_hal_sd.o [1]
SD_CmdResp1Error        0x080077a3   0x114  Code  Lc  stm32f4xx_hal_sd.o [1]
SD_CmdResp2Error        0x080078ed    0x46  Code  Lc  stm32f4xx_hal_sd.o [1]
SD_CmdResp3Error        0x080078bd    0x30  Code  Lc  stm32f4xx_hal_sd.o [1]
SD_CmdResp6Error        0x08007933    0xa4  Code  Lc  stm32f4xx_hal_sd.o [1]
SD_CmdResp7Error        0x0800772f    0x74  Code  Lc  stm32f4xx_hal_sd.o [1]
SD_Driver               0x08010a54    0x14  Data  Gb  sd_diskio.o [1]
SD_FindSCR              0x08007b37   0x190  Code  Lc  stm32f4xx_hal_sd.o [1]
SD_GetState             0x08007399    0x24  Code  Lc  stm32f4xx_hal_sd.o [1]
SD_Initialize_Cards     0x080073bd   0x118  Code  Lc  stm32f4xx_hal_sd.o [1]
SD_IsCardProgramming    0x08007cc7   0x16a  Code  Lc  stm32f4xx_hal_sd.o [1]
SD_MspInit              0x0800e0f7   0x1ea  Code  Lc  407VE_sd.o [1]
SD_PowerON              0x0800750f   0x176  Code  Lc  stm32f4xx_hal_sd.o [1]
SD_Select_Deselect      0x080074d5    0x3a  Code  Lc  stm32f4xx_hal_sd.o [1]
SD_SendStatus           0x08007687    0x5e  Code  Lc  stm32f4xx_hal_sd.o [1]
SD_WideBus_Disable      0x08007a87    0xb0  Code  Lc  stm32f4xx_hal_sd.o [1]
SD_WideBus_Enable       0x080079d7    0xb0  Code  Lc  stm32f4xx_hal_sd.o [1]
SD_initialize           0x0800f135    0x24  Code  Gb  sd_diskio.o [1]
SD_ioctl                0x0800f1e9    0x6a  Code  Gb  sd_diskio.o [1]
SD_read                 0x0800f17d    0x36  Code  Gb  sd_diskio.o [1]
SD_status               0x0800f159    0x24  Code  Gb  sd_diskio.o [1]
SD_write                0x0800f1b3    0x36  Code  Gb  sd_diskio.o [1]
SVC_Handler             0x080068ad          Code  Gb  portasm.o [1]
SendData                0x0800c7af    0x6a  Code  Gb  gsmCtrl.o [1]
SendDataToServer        0x0800a90f    0x30  Code  Gb  gsm.o [1]
SendResponseToServer    0x0800a93f    0x30  Code  Gb  gsm.o [1]
SetAtStatus             0x0800c4b9     0x8  Code  Gb  gsmCtrl.o [1]
StartCP15Task           0x0800aa9d    0xb2  Code  Gb  cp15.o [1]
StartGpsTask            0x0800a33d    0xd4  Code  Gb  gps.o [1]
StartGsmTask            0x0800a71d    0xee  Code  Gb  gsm.o [1]
StartRunLedTask         0x0800f07d    0x22  Code  Gb  led.o [1]
StartThread             0x0800eda9    0xb4  Code  Lc  main.o [1]
Stat                    0x200000c5     0x1  Data  Lc  sd_diskio.o [1]
StdUsartInit            0x08009571    0x3e  Code  Gb  print_com.o [1]
StoreCoordInfo          0x0800c07d    0xac  Code  Gb  dataHandler.o [1]
StoreGasInfo            0x0800bf91    0x76  Code  Gb  dataHandler.o [1]
StorePmInfo             0x0800c007    0x76  Code  Gb  dataHandler.o [1]
[...]
_gps_sendcplt_sem_id    0x200089a8     0x4  Data  Gb  gps.o [1]
_gsm_id                 0x200089b0     0x4  Data  Gb  gsm.o [1]
_gsm_recvcplt_sem_id    0x200089bc     0x4  Data  Gb  gsm.o [1]
_gsm_rx_buf             0x200074d8   0x400  Data  Gb  gsm.o [1]
_gsm_rx_ringbuf         0x20008910    0x10  Data  Gb  gsm.o [1]
_gsm_rx_ringbuf_data    0x200070d8   0x400  Data  Gb  gsm.o [1]
_gsm_send_test_id       0x200089b4     0x4  Data  Gb  gsm.o [1]
_gsm_sendcplt_sem_id    0x200089b8     0x4  Data  Gb  gsm.o [1]
_gsm_status             0x200089c4     0x4  Data  Gb  gsmCtrl.o [1]
_heap_sem_id            0x20008948     0x4  Data  Lc  AaMem.o [1]
_main                   0x080105b7          Code  Gb  cmain.o [5]
_mem_heap_buf           0x200048c8  0x2000  Data  Gb  CCSDaemon.o [1]
_p_bip_buffer           0x20008960     0x4  Data  Lc  AaSysLogSystem.o [1]
_runled_id              0x200089d8     0x4  Data  Gb  led.o [1]
_serial_rx_ringbuf      0x20008900    0x10  Data  Gb  AaShell.o [1]
_serial_rx_ringbuf_data
                        0x20008630    0x40  Data  Gb  AaShell.o [1]
_time_wait_close_flag   0x20008a2e     0x1  Data  Gb  gsmCtrl.o [1]
abort                   0x08006421     0x6  Code  Gb  abort.o [3]
aucCRCHi                0x0800f258   0x100  Data  Lc  crc.o [1]
aucCRCLo                0x0800f358   0x100  Data  Lc  crc.o [1]
check_fs                0x080017ff    0x82  Code  Lc  ff.o [1]
chk_chr                 0x080001df    0x14  Code  Lc  ff.o [1]
chk_lock                0x0800022d    0x9a  Code  Lc  ff.o [1]
clear_lock              0x0800043f    0x30  Code  Lc  ff.o [1]
clmt_clust              0x08000a3d    0x3e  Code  Lc  ff.o [1]
clust2sect              0x08000607    0x20  Code  Gb  ff.o [1]
cmp_lfn                 0x08000d7f    0x9e  Code  Lc  ff.o [1]
create_chain            0x0800093f    0xfe  Code  Lc  ff.o [1]
create_name             0x08001459   0x2ba  Code  Lc  ff.o [1]
dec_lock                0x080003e3    0x5c  Code  Lc  ff.o [1]
dir_alloc               0x08000ccf    0x6e  Code  Lc  ff.o [1]
dir_find                0x08001011   0x12e  Code  Lc  ff.o [1]
dir_next                0x08000b57   0x178  Code  Lc  ff.o [1]
dir_read                0x0800113f   0x11e  Code  Lc  ff.o [1]
dir_register            0x0800125d   0x176  Code  Lc  ff.o [1]
dir_remove              0x080013d3    0x86  Code  Lc  ff.o [1]
dir_sdi                 0x08000a7b    0xdc  Code  Lc  ff.o [1]
disk                    0x20008920     0xc  Data  Gb  ff_gen_drv.o [1]
disk_initialize         0x08002e8b    0x36  Code  Gb  diskio.o [1]
disk_ioctl              0x08002f31    0x2c  Code  Gb  diskio.o [1]
disk_read               0x08002ec1    0x38  Code  Gb  diskio.o [1]
disk_status             0x08002e69    0x22  Code  Gb  diskio.o [1]
disk_write              0x08002ef9    0x38  Code  Gb  diskio.o [1]
enq_lock                0x080002c7    0x28  Code  Lc  ff.o [1]
exit                    0x080105bf     0x4  Code  Gb  exit.o [3]
f_close                 0x080026eb    0x48  Code  Gb  ff.o [1]
f_getfree               0x08002b83   0x13a  Code  Gb  ff.o [1]
f_lseek                 0x08002733   0x450  Code  Gb  ff.o [1]
f_mount                 0x08001d39    0x9a  Code  Gb  ff.o [1]
f_open                  0x08001df5   0x236  Code  Gb  ff.o [1]
f_read                  0x0800202b   0x2ba  Code  Gb  ff.o [1]
f_sync                  0x080025f9    0xf2  Code  Gb  ff.o [1]
f_unlink                0x08002cbd   0x128  Code  Gb  ff.o [1]
f_write                 0x080022e5   0x314  Code  Gb  ff.o [1]
ff_convert              0x08002f65    0x4e  Code  Gb  unicode.o [1]
ff_cre_syncobj          0x08002de5    0x28  Code  Gb  syscall.o [1]
ff_del_syncobj          0x08002e11     0xe  Code  Gb  syscall.o [1]
ff_memalloc             0x08002e47     0xc  Code  Gb  syscall.o [1]
ff_memfree              0x08002e53     0xc  Code  Gb  syscall.o [1]
ff_rel_grant            0x08002e3b     0xc  Code  Gb  syscall.o [1]
ff_req_grant            0x08002e1f    0x1c  Code  Gb  syscall.o [1]
ff_wtoupper             0x08002fb3    0x34  Code  Gb  unicode.o [1]
find_volume             0x08001885   0x45e  Code  Lc  ff.o [1]
fit_lfn                 0x08000e95    0x88  Code  Lc  ff.o [1]
follow_path             0x08001713    0x9c  Code  Lc  ff.o [1]
fputc                   0x08009721    0x18  Code  Gb  print_com.o [1]
gFileObj                0x200078d8   0x234  Data  Gb  osa_file.o [1]
g_co                    0x20008398    0x58  Data  Gb  dataHandler.o [1]
g_config                0x20008670    0x40  Data  Gb  config.o [1]
g_coord                 0x20008850    0x1c  Data  Gb  dataHandler.o [1]
g_moduleStatus          0x200089dc     0x4  Data  Gb  moduleStatus.o [1]
g_no2                   0x200083f0    0x58  Data  Gb  dataHandler.o [1]
g_o3                    0x200084a0    0x58  Data  Gb  dataHandler.o [1]
g_pm10                  0x20008820    0x30  Data  Gb  dataHandler.o [1]
g_pm25                  0x200087f0    0x30  Data  Gb  dataHandler.o [1]
g_sendBuf               0x200068c8   0x408  Data  Gb  dataHandler.o [1]
g_sendResponse          0x20006cd0   0x408  Data  Gb  dataHandler.o [1]
g_so2                   0x20008448    0x58  Data  Gb  dataHandler.o [1]
g_tempWetIn             0x200085a0    0x48  Data  Gb  dataHandler.o [1]
g_tempWetOut            0x200085e8    0x48  Data  Gb  dataHandler.o [1]
gen_numname             0x08000f21    0xd0  Code  Lc  ff.o [1]
get_fat                 0x08000627   0x11c  Code  Gb  ff.o [1]
get_fattime             0x08002f61     0x4  Code  Wk  diskio.o [1]
get_ldnumber            0x080017af    0x50  Code  Lc  ff.o [1]
gps                     0x200081b4    0x7c  Data  Gb  gps.o [1]
heap_end                0x20008940     0x4  Data  Lc  AaMem.o [1]
heap_ptr                0x2000893c     0x4  Data  Lc  AaMem.o [1]
inHandlerMode           0x08003007    0x12  Code  Lc  cmsis_os.o [1]
inc_lock                0x080002ef    0xf4  Code  Lc  ff.o [1]
init_mparams            0x080034db    0x32  Code  Lc  dlmalloc.o [3]
init_top                0x0800350d    0x34  Code  Lc  dlmalloc.o [3]
ld_clust                0x08000d3d    0x2a  Code  Lc  ff.o [1]
lfree                   0x20008944     0x4  Data  Lc  AaMem.o [1]
lock_fs                 0x080001f3     0xe  Code  Lc  ff.o [1]
main                    0x0800ed81    0x28  Code  Gb  main.o [1]
makeFreeRtosPriority    0x08002ff5    0x12  Code  Lc  cmsis_os.o [1]
max_mem                 0x20008954     0x4  Data  Lc  AaMem.o [1]
mem_cmp                 0x080001bb    0x24  Code  Lc  ff.o [1]
mem_cpy                 0x08000189    0x1c  Code  Lc  ff.o [1]
mem_set                 0x080001a5    0x16  Code  Lc  ff.o [1]
mem_size_aligned        0x2000894c     0x4  Data  Lc  AaMem.o [1]
memchr                  0x0800def5          Code  Gb  memchr.o [5]
move_window             0x080004d7    0x44  Code  Lc  ff.o [1]
mparams                 0x20008884    0x18  Data  Lc  dlmalloc.o [3]
mySDPath                0x200089e0     0x4  Data  Gb  osa_file.o [1]
obuf                    0x20008550    0x50  Data  Lc  xfiles.o [3]
osDelay                 0x0800307b    0x1c  Code  Gb  cmsis_os.o [1]
osKernelStart           0x08003019     0xa  Code  Gb  cmsis_os.o [1]
osKernelSysTick         0x08003023    0x16  Code  Gb  cmsis_os.o [1]
osMessageCreate         0x0800337b    0x12  Code  Gb  cmsis_os.o [1]
osMessageGet            0x080033f3    0xb8  Code  Gb  cmsis_os.o [1]
osMessagePut            0x0800338d    0x66  Code  Gb  cmsis_os.o [1]
osMutexCreate           0x0800316d     0xc  Code  Gb  cmsis_os.o [1]
osMutexRelease          0x080031ff    0x54  Code  Gb  cmsis_os.o [1]
osMutexWait             0x08003179    0x86  Code  Gb  cmsis_os.o [1]
osSemaphoreCreate       0x08003253    0x34  Code  Gb  cmsis_os.o [1]
osSemaphoreDelete       0x08003361    0x1a  Code  Gb  cmsis_os.o [1]
osSemaphoreRelease      0x0800330d    0x54  Code  Gb  cmsis_os.o [1]
osSemaphoreWait         0x08003287    0x86  Code  Gb  cmsis_os.o [1]
osSignalSet             0x08003097    0x58  Code  Gb  cmsis_os.o [1]
osSignalWait            0x080030ef    0x7e  Code  Gb  cmsis_os.o [1]
osSystickHandler        0x080034ab    0x10  Code  Gb  cmsis_os.o [1]
osThreadCreate          0x08003039    0x3a  Code  Gb  cmsis_os.o [1]
osThreadGetId           0x08003073     0x8  Code  Gb  cmsis_os.o [1]
os_messageQ_def_aatag_msgbox
                        0x08010d94     0x8  Data  Lc  AaTag.o [1]
os_mutex_def_aasyslog_mutex
                        0x08010e8c     0x4  Data  Lc  AaSysLogSystem.o [1]
os_mutex_def_aatag_mutex
                        0x08010e94     0x4  Data  Lc  AaTag.o [1]
os_mutex_def_aathread_mutex
                        0x08010e98     0x4  Data  Lc  AaThread.o [1]
os_semaphore_def_aashell_recvcplt_sem
                        0x08010e88     0x4  Data  Lc  AaShell.o [1]
os_semaphore_def_aasyslog_sendcplt_sem
                        0x08010e90     0x4  Data  Lc  AaSysLogSystem.o [1]
os_semaphore_def_cp15_recvcplt_sem
                        0x08010ea0     0x4  Data  Lc  cp15.o [1]
os_semaphore_def_cp15_sendcplt_sem
                        0x08010e9c     0x4  Data  Lc  cp15.o [1]
os_semaphore_def_gps_recvcplt_sem
                        0x08010eac     0x4  Data  Lc  gps.o [1]
os_semaphore_def_gps_sendcplt_sem
                        0x08010ea8     0x4  Data  Lc  gps.o [1]
os_semaphore_def_gsm_recvcplt_sem
                        0x08010eb8     0x4  Data  Lc  gsm.o [1]
os_semaphore_def_gsm_sendcplt_sem
                        0x08010eb4     0x4  Data  Lc  gsm.o [1]
os_semaphore_def_heap_sem
                        0x08010e84     0x4  Data  Lc  AaMem.o [1]
pcInterruptPriorityRegisters
                        0x08010ec0     0x4  Data  Lc  port.o [1]
pick_lfn                0x08000e1d    0x78  Code  Lc  ff.o [1]
plug_holes              0x0800b071    0xbe  Code  Lc  AaMem.o [1]
prepend_alloc           0x08003541   0x36c  Code  Lc  dlmalloc.o [3]
printf                  0x0800e6ed    0x24  Code  Gb  printf.o [3]
prvAddCurrentTaskToDelayedList
                        0x0800521f    0x4e  Code  Lc  tasks.o [1]
prvAllocateTCBAndStack  0x08005275    0x5a  Code  Lc  tasks.o [1]
prvCheckTasksWaitingTermination
                        0x080051b9    0x66  Code  Lc  tasks.o [1]
prvCopyDataFromQueue    0x080060bf    0x30  Code  Lc  queue.o [1]
prvCopyDataToQueue      0x08006027    0x98  Code  Lc  queue.o [1]
prvDeleteTCB            0x080052cf    0x12  Code  Lc  tasks.o [1]
prvHeapInit             0x08006685    0x6e  Code  Lc  heap_4.o [1]
prvIdleTask             0x080050c5    0x26  Code  Lc  tasks.o [1]
prvInitialiseTCBVariables
                        0x080050eb    0x6c  Code  Lc  tasks.o [1]
prvInitialiseTaskLists  0x08005157    0x58  Code  Lc  tasks.o [1]
prvInsertBlockIntoFreeList
                        0x080066f3    0x62  Code  Lc  heap_4.o [1]
prvIsQueueEmpty         0x08006159    0x20  Code  Lc  queue.o [1]
prvIsQueueFull          0x08006179    0x22  Code  Lc  queue.o [1]
prvResetNextTaskUnblockTime
                        0x080052e1    0x2a  Code  Lc  tasks.o [1]
prvTaskExitError        0x080061ed    0x2a  Code  Lc  port.o [1]
prvUnlockQueue          0x080060ef    0x6a  Code  Lc  queue.o [1]
put_fat                 0x08000743   0x178  Code  Gb  ff.o [1]
putchar                 0x08010751     0xc  Code  Gb  putchar.o [3]
pvPortMalloc            0x080064f5   0x118  Code  Gb  heap_4.o [1]
pvTaskIncrementMutexHeldCount
                        0x080054ad    0x1e  Code  Gb  tasks.o [1]
pxCurrentTCB            0x200089ec     0x4  Data  Gb  tasks.o [1]
pxDelayedTaskList       0x200089f0     0x4  Data  Lc  tasks.o [1]
pxEnd                   0x200089c8     0x4  Data  Lc  heap_4.o [1]
pxOverflowDelayedTaskList
                        0x200089f4     0x4  Data  Lc  tasks.o [1]
pxPortInitialiseStack   0x080061c9    0x24  Code  Gb  port.o [1]
pxReadyTasksLists       0x20008128    0x8c  Data  Lc  tasks.o [1]
recv_char               0x20008a28     0x1  Data  Lc  AaShell.o [1]
recv_char               0x20008a2a     0x1  Data  Lc  gps.o [1]
recv_char               0x20008a2d     0x1  Data  Lc  gsm.o [1]
remove_chain            0x080008bb    0x84  Code  Lc  ff.o [1]
ring_buffer_consume     0x0800b6a7    0x1a  Code  Gb  RingBufferUtils.o [1]
ring_buffer_consume_enter
                        0x0800b77d   0x116  Code  Gb  RingBufferUtils.o [1]
ring_buffer_free_space  0x0800b63d    0x16  Code  Gb  RingBufferUtils.o [1]
ring_buffer_get_data    0x0800b669    0x3e  Code  Gb  RingBufferUtils.o [1]
ring_buffer_init        0x0800b62b    0x12  Code  Gb  RingBufferUtils.o [1]
ring_buffer_used_space  0x0800b653    0x16  Code  Gb  RingBufferUtils.o [1]
ring_buffer_write       0x0800b6c1    0x9c  Code  Gb  RingBufferUtils.o [1]
ring_buffer_write_c     0x0800b75d    0x20  Code  Gb  RingBufferUtils.o [1]
segment_holding         0x080034c1    0x1a  Code  Lc  dlmalloc.o [3]
sprintf                 0x0800d4d1    0x34  Code  Gb  sprintf.o [3]
st_clust                0x08000d67    0x18  Code  Lc  ff.o [1]
strchr                  0x0800debd          Code  Gb  strchr.o [5]
stringToInt             0x0800caa5    0x2c  Code  Gb  dataRecv.o [1]
strlen                  0x0800d499          Code  Gb  strlen.o [5]
strncmp                 0x0800b893    0x28  Code  Gb  strncmp.o [3]
strstr                  0x0800d455    0x10  Code  Gb  gsmCtrl.o [1]
sum_sfn                 0x08000ff1    0x20  Code  Lc  ff.o [1]
sync_fs                 0x0800051b    0xec  Code  Lc  ff.o [1]
sync_window             0x0800046f    0x68  Code  Lc  ff.o [1]
sys_alloc               0x080038ad   0x386  Code  Lc  dlmalloc.o [3]
testFillData            0x0800be59    0x5c  Code  Gb  dataHandler.o [1]
tmalloc_large           0x08003c41   0x390  Code  Lc  dlmalloc.o [3]
tmalloc_small           0x08003fd1   0x210  Code  Lc  dlmalloc.o [3]
uSdCardInfo             0x20008290    0x58  Data  Lc  407VE_sd.o [1]
uSdHandle               0x20008230    0x60  Data  Lc  407VE_sd.o [1]
ucHeap                  0x200008c8  0x4000  Data  Lc  heap_4.o [1]
ucMaxSysCallPriority    0x20008a2f     0x1  Data  Lc  port.o [1]
ulMaxPRIGROUPValue      0x200089e4     0x4  Data  Lc  port.o [1]
unlock_fs               0x08000201    0x2c  Code  Lc  ff.o [1]
usMBCRC16               0x0800d651    0x7c  Code  Gb  crc.o [1]
used_mem                0x20008950     0x4  Data  Lc  AaMem.o [1]
uwTick                  0x200089e8     0x4  Data  Gb  stm32f4xx_hal.o [1]
uxCriticalNesting       0x20000000     0x4  Data  Lc  port.o [1]
uxCurrentNumberOfTasks  0x200089fc     0x4  Data  Lc  tasks.o [1]
uxListRemove            0x080064cb    0x28  Code  Gb  list.o [1]
uxPendedTicks           0x20008a0c     0x4  Data  Lc  tasks.o [1]
uxSchedulerSuspended    0x20008a1c     0x4  Data  Lc  tasks.o [1]
uxTaskNumber            0x20008a18     0x4  Data  Lc  tasks.o [1]
uxTasksDeleted          0x200089f8     0x4  Data  Lc  tasks.o [1]
uxTopReadyPriority      0x20008a04     0x4  Data  Lc  tasks.o [1]
vListInitialise         0x08006455    0x1e  Code  Gb  list.o [1]
vListInitialiseItem     0x08006473     0x6  Code  Gb  list.o [1]
vListInsert             0x08006491    0x3a  Code  Gb  list.o [1]
vListInsertEnd          0x08006479    0x18  Code  Gb  list.o [1]
vPortEnableVFP          0x080068e1          Code  Gb  portasm.o [1]
vPortEnterCritical      0x080062e3    0x3a  Code  Gb  port.o [1]
vPortExitCritical       0x0800631d    0x32  Code  Gb  port.o [1]
vPortFree               0x0800660d    0x78  Code  Gb  heap_4.o [1]
vPortSetupTimerInterrupt
                        0x0800637b    0x1a  Code  Wk  port.o [1]
vPortStartFirstTask     0x080068c9          Code  Gb  portasm.o [1]
vPortValidateInterruptPriority
                        0x08006395    0x4e  Code  Gb  port.o [1]
vQueueDelete            0x08005fff    0x28  Code  Gb  queue.o [1]
vQueueUnregisterQueue   0x0800619b    0x24  Code  Gb  queue.o [1]
vTaskDelay              0x08004b35    0x84  Code  Gb  tasks.o [1]
vTaskMissedYield        0x080050b3     0xa  Code  Gb  tasks.o [1]
vTaskPlaceOnEventList   0x08004ef1    0x76  Code  Gb  tasks.o [1]
vTaskPriorityInherit    0x0800533b    0xac  Code  Gb  tasks.o [1]
vTaskSetTimeOutState    0x08005005    0x26  Code  Gb  tasks.o [1]
vTaskStartScheduler     0x08004bb9    0x62  Code  Gb  tasks.o [1]
vTaskSuspendAll         0x08004c1b    0x10  Code  Gb  tasks.o [1]
vTaskSwitchContext      0x08004e7f    0x72  Code  Gb  tasks.o [1]
validate                0x08001ce3    0x56  Code  Lc  ff.o [1]
vsprintf                0x0800d505    0x2c  Code  Gb  vsprintf.o [3]
xBlockAllocatedBit      0x200089d4     0x4  Data  Lc  heap_4.o [1]
xDelayedTaskList1       0x2000889c    0x14  Data  Lc  tasks.o [1]
xDelayedTaskList2       0x200088b0    0x14  Data  Lc  tasks.o [1]
xFreeBytesRemaining     0x200089cc     0x4  Data  Lc  heap_4.o [1]
xHeapStructSize         0x08010ebc     0x4  Data  Lc  heap_4.o [1]
xMinimumEverFreeBytesRemaining
                        0x200089d0     0x4  Data  Lc  heap_4.o [1]
xNextTaskUnblockTime    0x20000008     0x4  Data  Lc  tasks.o [1]
xNumOfOverflows         0x20008a14     0x4  Data  Lc  tasks.o [1]
xPendingReadyList       0x200088c4    0x14  Data  Lc  tasks.o [1]
xPortStartScheduler     0x08006217    0xcc  Code  Gb  port.o [1]
xPortSysTickHandler     0x0800634f    0x2c  Code  Gb  port.o [1]
xQueueCreateCountingSemaphore
                        0x080059a3    0x58  Code  Gb  queue.o [1]
xQueueCreateMutex       0x08005933    0x70  Code  Gb  queue.o [1]
xQueueGenericCreate     0x080058b1    0x82  Code  Gb  queue.o [1]
xQueueGenericReceive    0x08005d71   0x1cc  Code  Gb  queue.o [1]
xQueueGenericReset      0x08005821    0x90  Code  Gb  queue.o [1]
xQueueGenericSend       0x080059fb   0x1b2  Code  Gb  queue.o [1]
xQueueGenericSendFromISR
                        0x08005bad    0xec  Code  Gb  queue.o [1]
xQueueGiveFromISR       0x08005c99    0xd8  Code  Gb  queue.o [1]
xQueueReceiveFromISR    0x08005f3d    0xc2  Code  Gb  queue.o [1]
xQueueRegistry          0x200087b0    0x40  Data  Gb  queue.o [1]
xSchedulerRunning       0x20008a08     0x4  Data  Lc  tasks.o [1]
xStart                  0x20008934     0x8  Data  Lc  heap_4.o [1]
xSuspendedTaskList      0x200088ec    0x14  Data  Lc  tasks.o [1]
xTaskCheckForTimeOut    0x0800502b    0x88  Code  Gb  tasks.o [1]
xTaskGenericCreate      0x080049b1   0x184  Code  Gb  tasks.o [1]
xTaskGenericNotify      0x080055c9   0x100  Code  Gb  tasks.o [1]
xTaskGetCurrentTaskHandle
                        0x0800530b     0xa  Code  Gb  tasks.o [1]
xTaskGetSchedulerState  0x08005315    0x26  Code  Gb  tasks.o [1]
xTaskGetTickCount       0x08004d2b     0xa  Code  Gb  tasks.o [1]
xTaskGetTickCountFromISR
                        0x08004d35    0x16  Code  Gb  tasks.o [1]
xTaskIncrementTick      0x08004d4b   0x134  Code  Gb  tasks.o [1]
xTaskNotifyFromISR      0x080056cd   0x116  Code  Gb  tasks.o [1]
xTaskNotifyWait         0x080054d9    0xe6  Code  Gb  tasks.o [1]
xTaskPriorityDisinherit
                        0x080053ed    0xba  Code  Gb  tasks.o [1]
xTaskRemoveFromEventList
                        0x08004f67    0x84  Code  Gb  tasks.o [1]
xTaskResumeAll          0x08004c2b   0x100  Code  Gb  tasks.o [1]
xTasksWaitingTermination
                        0x200088d8    0x14  Data  Lc  tasks.o [1]
xTickCount              0x20008a00     0x4  Data  Lc  tasks.o [1]
xYieldPending           0x20008a10     0x4  Data  Lc  tasks.o [1]


[1] = E:\Bussiness Project\bjsensor\gitSVN\AirMonitor.git\trunk\FatFs_uSD_RTOS\EWARM\AirMonitor\Obj
[2] = command line
[3] = dl7M_tlf.a
[4] = m7M_tls.a
[5] = rt7M_tl.a
[6] = shb_l.a

  61 898 bytes of readonly  code memory
   7 767 bytes of readonly  data memory
  35 374 bytes of readwrite data memory

Errors: none
Warnings: none
