###############################################################################
#
# IAR ELF Linker V7.40.3.8902/W32 for ARM                 31/Jul/2016  14:19:42
# Copyright 2007-2015 IAR Systems AB.
#
#    Output file  =  
#        F:\mcu\stm32\项目\空气检测\code\trunk\FatFs_uSD_RTOS\EWARM\AirMonitor\Exe\AirMonitor.out
#    Map file     =  
#        F:\mcu\stm32\项目\空气检测\code\trunk\FatFs_uSD_RTOS\EWARM\AirMonitor\List\AirMonitor.map
#    Command line =  
#        F:\mcu\stm32\项目\空气检测\code\trunk\FatFs_uSD_RTOS\EWARM\AirMonitor\Obj\407VE_sd.o
#        F:\mcu\stm32\项目\空气检测\code\trunk\FatFs_uSD_RTOS\EWARM\AirMonitor\Obj\AaMem.o
#        F:\mcu\stm32\项目\空气检测\code\trunk\FatFs_uSD_RTOS\EWARM\AirMonitor\Obj\AaShell.o
#        F:\mcu\stm32\项目\空气检测\code\trunk\FatFs_uSD_RTOS\EWARM\AirMonitor\Obj\AaSysLogInterface.o
#        F:\mcu\stm32\项目\空气检测\code\trunk\FatFs_uSD_RTOS\EWARM\AirMonitor\Obj\AaSysLogSystem.o
#        F:\mcu\stm32\项目\空气检测\code\trunk\FatFs_uSD_RTOS\EWARM\AirMonitor\Obj\AaTag.o
#        F:\mcu\stm32\项目\空气检测\code\trunk\FatFs_uSD_RTOS\EWARM\AirMonitor\Obj\AaThread.o
#        F:\mcu\stm32\项目\空气检测\code\trunk\FatFs_uSD_RTOS\EWARM\AirMonitor\Obj\am2302.o
#        F:\mcu\stm32\项目\空气检测\code\trunk\FatFs_uSD_RTOS\EWARM\AirMonitor\Obj\BipBuffer.o
#        F:\mcu\stm32\项目\空气检测\code\trunk\FatFs_uSD_RTOS\EWARM\AirMonitor\Obj\CCSDaemon.o
#        F:\mcu\stm32\项目\空气检测\code\trunk\FatFs_uSD_RTOS\EWARM\AirMonitor\Obj\cmsis_os.o
#        F:\mcu\stm32\项目\空气检测\code\trunk\FatFs_uSD_RTOS\EWARM\AirMonitor\Obj\config.o
#        F:\mcu\stm32\项目\空气检测\code\trunk\FatFs_uSD_RTOS\EWARM\AirMonitor\Obj\cp15.o
#        F:\mcu\stm32\项目\空气检测\code\trunk\FatFs_uSD_RTOS\EWARM\AirMonitor\Obj\cp15_dev.o
#        F:\mcu\stm32\项目\空气检测\code\trunk\FatFs_uSD_RTOS\EWARM\AirMonitor\Obj\crc.o
#        F:\mcu\stm32\项目\空气检测\code\trunk\FatFs_uSD_RTOS\EWARM\AirMonitor\Obj\croutine.o
#        F:\mcu\stm32\项目\空气检测\code\trunk\FatFs_uSD_RTOS\EWARM\AirMonitor\Obj\dataHandler.o
#        F:\mcu\stm32\项目\空气检测\code\trunk\FatFs_uSD_RTOS\EWARM\AirMonitor\Obj\dataRecv.o
#        F:\mcu\stm32\项目\空气检测\code\trunk\FatFs_uSD_RTOS\EWARM\AirMonitor\Obj\diskio.o
#        F:\mcu\stm32\项目\空气检测\code\trunk\FatFs_uSD_RTOS\EWARM\AirMonitor\Obj\fan.o
#        F:\mcu\stm32\项目\空气检测\code\trunk\FatFs_uSD_RTOS\EWARM\AirMonitor\Obj\ff.o
#        F:\mcu\stm32\项目\空气检测\code\trunk\FatFs_uSD_RTOS\EWARM\AirMonitor\Obj\ff_gen_drv.o
#        F:\mcu\stm32\项目\空气检测\code\trunk\FatFs_uSD_RTOS\EWARM\AirMonitor\Obj\format.o
#        F:\mcu\stm32\项目\空气检测\code\trunk\FatFs_uSD_RTOS\EWARM\AirMonitor\Obj\gps.o
#        F:\mcu\stm32\项目\空气检测\code\trunk\FatFs_uSD_RTOS\EWARM\AirMonitor\Obj\gps_dev.o
#        F:\mcu\stm32\项目\空气检测\code\trunk\FatFs_uSD_RTOS\EWARM\AirMonitor\Obj\gpsAnalyser.o
#        F:\mcu\stm32\项目\空气检测\code\trunk\FatFs_uSD_RTOS\EWARM\AirMonitor\Obj\gsm.o
#        F:\mcu\stm32\项目\空气检测\code\trunk\FatFs_uSD_RTOS\EWARM\AirMonitor\Obj\gsm_dev.o
#        F:\mcu\stm32\项目\空气检测\code\trunk\FatFs_uSD_RTOS\EWARM\AirMonitor\Obj\gsm_power_dev.o
#        F:\mcu\stm32\项目\空气检测\code\trunk\FatFs_uSD_RTOS\EWARM\AirMonitor\Obj\gsmCtrl.o
#        F:\mcu\stm32\项目\空气检测\code\trunk\FatFs_uSD_RTOS\EWARM\AirMonitor\Obj\heap_4.o
#        F:\mcu\stm32\项目\空气检测\code\trunk\FatFs_uSD_RTOS\EWARM\AirMonitor\Obj\led.o
#        F:\mcu\stm32\项目\空气检测\code\trunk\FatFs_uSD_RTOS\EWARM\AirMonitor\Obj\led_dev.o
#        F:\mcu\stm32\项目\空气检测\code\trunk\FatFs_uSD_RTOS\EWARM\AirMonitor\Obj\list.o
#        F:\mcu\stm32\项目\空气检测\code\trunk\FatFs_uSD_RTOS\EWARM\AirMonitor\Obj\main.o
#        F:\mcu\stm32\项目\空气检测\code\trunk\FatFs_uSD_RTOS\EWARM\AirMonitor\Obj\moduleStatus.o
#        F:\mcu\stm32\项目\空气检测\code\trunk\FatFs_uSD_RTOS\EWARM\AirMonitor\Obj\osa_file.o
#        F:\mcu\stm32\项目\空气检测\code\trunk\FatFs_uSD_RTOS\EWARM\AirMonitor\Obj\port.o
#        F:\mcu\stm32\项目\空气检测\code\trunk\FatFs_uSD_RTOS\EWARM\AirMonitor\Obj\portasm.o
#        F:\mcu\stm32\项目\空气检测\code\trunk\FatFs_uSD_RTOS\EWARM\AirMonitor\Obj\print_com.o
#        F:\mcu\stm32\项目\空气检测\code\trunk\FatFs_uSD_RTOS\EWARM\AirMonitor\Obj\queue.o
#        F:\mcu\stm32\项目\空气检测\code\trunk\FatFs_uSD_RTOS\EWARM\AirMonitor\Obj\RingBufferUtils.o
#        F:\mcu\stm32\项目\空气检测\code\trunk\FatFs_uSD_RTOS\EWARM\AirMonitor\Obj\sd_diskio.o
#        F:\mcu\stm32\项目\空气检测\code\trunk\FatFs_uSD_RTOS\EWARM\AirMonitor\Obj\startup_stm32f407xx.o
#        F:\mcu\stm32\项目\空气检测\code\trunk\FatFs_uSD_RTOS\EWARM\AirMonitor\Obj\stm32f4xx_hal.o
#        F:\mcu\stm32\项目\空气检测\code\trunk\FatFs_uSD_RTOS\EWARM\AirMonitor\Obj\stm32f4xx_hal_cortex.o
#        F:\mcu\stm32\项目\空气检测\code\trunk\FatFs_uSD_RTOS\EWARM\AirMonitor\Obj\stm32f4xx_hal_crc.o
#        F:\mcu\stm32\项目\空气检测\code\trunk\FatFs_uSD_RTOS\EWARM\AirMonitor\Obj\stm32f4xx_hal_dma.o
#        F:\mcu\stm32\项目\空气检测\code\trunk\FatFs_uSD_RTOS\EWARM\AirMonitor\Obj\stm32f4xx_hal_flash.o
#        F:\mcu\stm32\项目\空气检测\code\trunk\FatFs_uSD_RTOS\EWARM\AirMonitor\Obj\stm32f4xx_hal_flash_ex.o
#        F:\mcu\stm32\项目\空气检测\code\trunk\FatFs_uSD_RTOS\EWARM\AirMonitor\Obj\stm32f4xx_hal_gpio.o
#        F:\mcu\stm32\项目\空气检测\code\trunk\FatFs_uSD_RTOS\EWARM\AirMonitor\Obj\stm32f4xx_hal_msp.o
#        F:\mcu\stm32\项目\空气检测\code\trunk\FatFs_uSD_RTOS\EWARM\AirMonitor\Obj\stm32f4xx_hal_pwr.o
#        F:\mcu\stm32\项目\空气检测\code\trunk\FatFs_uSD_RTOS\EWARM\AirMonitor\Obj\stm32f4xx_hal_rcc.o
#        F:\mcu\stm32\项目\空气检测\code\trunk\FatFs_uSD_RTOS\EWARM\AirMonitor\Obj\stm32f4xx_hal_sd.o
#        F:\mcu\stm32\项目\空气检测\code\trunk\FatFs_uSD_RTOS\EWARM\AirMonitor\Obj\stm32f4xx_hal_tim.o
#        F:\mcu\stm32\项目\空气检测\code\trunk\FatFs_uSD_RTOS\EWARM\AirMonitor\Obj\stm32f4xx_hal_tim_ex.o
#        F:\mcu\stm32\项目\空气检测\code\trunk\FatFs_uSD_RTOS\EWARM\AirMonitor\Obj\stm32f4xx_hal_uart.o
#        F:\mcu\stm32\项目\空气检测\code\trunk\FatFs_uSD_RTOS\EWARM\AirMonitor\Obj\stm32f4xx_hal_wwdg.o
#        F:\mcu\stm32\项目\空气检测\code\trunk\FatFs_uSD_RTOS\EWARM\AirMonitor\Obj\stm32f4xx_it.o
#        F:\mcu\stm32\项目\空气检测\code\trunk\FatFs_uSD_RTOS\EWARM\AirMonitor\Obj\stm32f4xx_ll_sdmmc.o
#        F:\mcu\stm32\项目\空气检测\code\trunk\FatFs_uSD_RTOS\EWARM\AirMonitor\Obj\syscall.o
#        F:\mcu\stm32\项目\空气检测\code\trunk\FatFs_uSD_RTOS\EWARM\AirMonitor\Obj\system_stm32f4xx.o
#        F:\mcu\stm32\项目\空气检测\code\trunk\FatFs_uSD_RTOS\EWARM\AirMonitor\Obj\tasks.o
#        F:\mcu\stm32\项目\空气检测\code\trunk\FatFs_uSD_RTOS\EWARM\AirMonitor\Obj\timers.o
#        F:\mcu\stm32\项目\空气检测\code\trunk\FatFs_uSD_RTOS\EWARM\AirMonitor\Obj\unicode.o
#        --redirect _Printf=_PrintfSmall --redirect _Scanf=_ScanfSmall -o
#        F:\mcu\stm32\项目\空气检测\code\trunk\FatFs_uSD_RTOS\EWARM\AirMonitor\Exe\AirMonitor.out
#        --map
#        F:\mcu\stm32\项目\空气检测\code\trunk\FatFs_uSD_RTOS\EWARM\AirMonitor\List\AirMonitor.map
#        --config
#        F:\mcu\stm32\项目\空气检测\code\trunk\FatFs_uSD_RTOS\EWARM\stm32f407xx_flash.icf
#        --semihosting --entry __iar_program_start --vfe
#
###############################################################################

*******************************************************************************
*** RUNTIME MODEL ATTRIBUTES
***

CppFlavor                     = *
__Heap_Handler                = DLMalloc
__SystemLibrary               = DLib
__dlib_dynamic_initialization = normal


*******************************************************************************
*** PLACEMENT SUMMARY
***

"A1":  place at 0x08000000 { ro section .intvec };
"P1":  place in [from 0x08000000 to 0x080fffff] { ro };
"P2":  place in [from 0x20000000 to 0x2001ffff] { rw, block CSTACK, block HEAP };

  Section             Kind        Address     Size  Object
  -------             ----        -------     ----  ------
"A1":                                        0x188
  .intvec             ro code  0x08000000    0x188  startup_stm32f407xx.o [1]
                             - 0x08000188    0x188

"P1":                                      0x10bb4
  .text               ro code  0x08000188   0x2c5c  ff.o [1]
  .text               ro code  0x08002de4     0x7a  syscall.o [1]
  .text               ro code  0x08002e5e      0xa  xsprout.o [3]
  .text               ro code  0x08002e68     0xfc  diskio.o [1]
  .text               ro code  0x08002f64     0x90  unicode.o [1]
  .text               ro code  0x08002ff4    0x464  cmsis_os.o [1]
  .text               ro code  0x08003458   0x1510  dlmalloc.o [3]
  .text               ro code  0x08004968    0xe70  tasks.o [1]
  .text               ro code  0x080057d8    0x8bc  queue.o [1]
  .text               ro code  0x08006094    0x258  port.o [1]
  .text               ro code  0x080062ec      0x6  abort.o [3]
  .text               ro code  0x080062f4     0x2c  xgetmemchunk.o [3]
  .text               ro code  0x08006320     0x9e  list.o [1]
  .text               ro code  0x080063c0    0x280  heap_4.o [1]
  .text               ro code  0x08006640     0x66  ABImemset.o [5]
  .text               ro code  0x080066a8     0x76  ABImemcpy_unaligned.o [5]
  CODE                ro code  0x08006720     0xa8  portasm.o [1]
  .text               ro code  0x080067c8     0x14  exit.o [6]
  .text               ro code  0x080067dc   0x152c  stm32f4xx_hal_sd.o [1]
  .text               ro code  0x08007d08     0xd0  stm32f4xx_ll_sdmmc.o [1]
  .text               ro code  0x08007dd8     0x94  stm32f4xx_hal.o [1]
  .text               ro code  0x08007e6c    0x13c  stm32f4xx_hal_cortex.o [1]
  .text               ro code  0x08007fa8    0x62c  stm32f4xx_hal_rcc.o [1]
  .text               ro code  0x080085d4    0x9c0  stm32f4xx_hal_uart.o [1]
  .text               ro code  0x08008f94    0x120  stm32f4xx_hal_msp.o [1]
  .text               ro code  0x080090b4    0x3a0  stm32f4xx_hal_dma.o [1]
  .text               ro code  0x08009454    0x1e8  print_com.o [1]
  .text               ro code  0x0800963c    0x11c  gps_dev.o [1]
  .text               ro code  0x08009758    0x118  gsm_dev.o [1]
  .text               ro code  0x08009870    0x18c  cp15_dev.o [1]
  .text               ro code  0x080099fc    0x260  stm32f4xx_hal_gpio.o [1]
  .text               ro code  0x08009c5c    0x2c8  AaSysLogSystem.o [1]
  .text               ro code  0x08009f24     0x44  AaShell.o [1]
  .text               ro code  0x08009f68    0x318  gps.o [1]
  .text               ro code  0x0800a280    0x44c  gsm.o [1]
  .text               ro code  0x0800a6cc      0x6  ABImemclr4.o [5]
  .text               ro code  0x0800a6d4    0x1c8  cp15.o [1]
  .text               ro code  0x0800a89c    0x2e8  AaSysLogInterface.o [1]
  .text               ro code  0x0800ab84    0x18a  BipBuffer.o [1]
  .text               ro code  0x0800ad10    0x428  AaMem.o [1]
  .text               ro code  0x0800b138    0x13a  AaThread.o [1]
  .text               ro code  0x0800b272    0x1e4  RingBufferUtils.o [1]
  .text               ro code  0x0800b458    0x568  gpsAnalyser.o [1]
  .text               ro code  0x0800b9c0    0x628  dataHandler.o [1]
  .text               ro code  0x0800bfe8    0x418  gsmCtrl.o [1]
  .text               ro code  0x0800c400    0x920  dataRecv.o [1]
  .text               ro code  0x0800cd20    0x23c  config.o [1]
  .text               ro code  0x0800cf5c     0x70  gsm_power_dev.o [1]
  .text               ro code  0x0800cfcc     0x10  gsmCtrl.o [1]
  .text               ro code  0x0800cfdc     0x32  ABImemset48.o [5]
  .text               ro code  0x0800d010     0x36  strlen.o [5]
  .text               ro code  0x0800d048     0x34  sprintf.o [3]
  .text               ro code  0x0800d07c     0x2c  vsprintf.o [3]
  .text               ro code  0x0800d0a8     0x44  strcpy_unaligned.o [5]
  .text               ro code  0x0800d0ec     0x20  moduleStatus.o [1]
  .text               ro code  0x0800d10c     0xbc  format.o [1]
  .text               ro code  0x0800d1c8     0x7c  crc.o [1]
  .text               ro code  0x0800d244     0x2c  strstr.o [3]
  .text               ro code  0x0800d270    0x7a4  xprintfsmall.o [3]
  .text               ro code  0x0800da14     0x16  strchr.o [5]
  .text               ro code  0x0800da2a     0x20  xmbtowc.o [3]
  .text               ro code  0x0800da4c     0x58  memchr.o [5]
  .text               ro code  0x0800daa4      0xa  xmbcurmax.o [3]
  .text               ro code  0x0800daae     0x1a  xwctomb.o [3]
  .text               ro code  0x0800dac8     0x14  setlocale.o [3]
  .text               ro code  0x0800dadc     0x60  xencoding_sb.o [3]
  .text               ro code  0x0800db3c      0x2  xtls.o [3]
  .text               ro code  0x0800db40    0x508  am2302.o [1]
  .text               ro code  0x0800e048    0x364  407VE_sd.o [1]
  .text               ro code  0x0800e3ac    0x2d4  osa_file.o [1]
  .text               ro code  0x0800e680     0xcc  ff_gen_drv.o [1]
  .text               ro code  0x0800e74c     0x24  printf.o [3]
  .text               ro code  0x0800e770    0x1e4  AaTag.o [1]
  .rodata             const    0x0800e954    0x1e0  unicode.o [1]
  .rodata             const    0x0800eb34    0x1e0  unicode.o [1]
  .text               ro code  0x0800ed14    0x1bc  main.o [1]
  .text               ro code  0x0800eed0     0x94  CCSDaemon.o [1]
  .text               ro code  0x0800ef64     0x68  led.o [1]
  .text               ro code  0x0800efcc     0x6c  led_dev.o [1]
  .text               ro code  0x0800f038    0x124  sd_diskio.o [1]
  .rodata             const    0x0800f15c    0x100  crc.o [1]
  .rodata             const    0x0800f25c    0x100  crc.o [1]
  .rodata             const    0x0800f35c    0x100  unicode.o [1]
  .rodata             const    0x0800f45c     0x80  ff.o [1]
  .text               ro code  0x0800f4dc     0x74  stm32f4xx_it.o [1]
  .text               ro code  0x0800f550     0x6c  system_stm32f4xx.o [1]
  .text               ro code  0x0800f5bc     0x40  zero_init3.o [5]
  .rodata             const    0x0800f5fc     0x3c  am2302.o [1]
  .rodata             const    0x0800f638     0x3c  am2302.o [1]
  .rodata             const    0x0800f674     0x34  gsmCtrl.o [1]
  .rodata             const    0x0800f6a8     0x34  gsmCtrl.o [1]
  .rodata             const    0x0800f6dc     0x30  AaSysLogSystem.o [1]
  .rodata             const    0x0800f70c     0x30  dataRecv.o [1]
  .rodata             const    0x0800f73c     0x30  dataRecv.o [1]
  .rodata             const    0x0800f76c     0x30  gps.o [1]
  .rodata             const    0x0800f79c     0x30  gsm.o [1]
  .rodata             const    0x0800f7cc     0x2c  AaSysLogSystem.o [1]
  .rodata             const    0x0800f7f8     0x2c  cp15.o [1]
  .rodata             const    0x0800f824     0x2c  cp15.o [1]
  .rodata             const    0x0800f850     0x2c  dataHandler.o [1]
  .rodata             const    0x0800f87c     0x2c  dataRecv.o [1]
  .rodata             const    0x0800f8a8     0x2c  dataRecv.o [1]
  .rodata             const    0x0800f8d4     0x2c  gps.o [1]
  .rodata             const    0x0800f900     0x2c  gps.o [1]
  .rodata             const    0x0800f92c     0x2c  gsm.o [1]
  .rodata             const    0x0800f958     0x2c  gsm.o [1]
  .text               ro code  0x0800f984     0x2c  copy_init3.o [5]
  .rodata             const    0x0800f9b0     0x28  AaSysLogSystem.o [1]
  .rodata             const    0x0800f9d8     0x28  AaSysLogSystem.o [1]
  .rodata             const    0x0800fa00     0x28  AaSysLogSystem.o [1]
  .rodata             const    0x0800fa28     0x28  AaTag.o [1]
  .rodata             const    0x0800fa50     0x28  AaTag.o [1]
  .rodata             const    0x0800fa78     0x28  AaTag.o [1]
  .rodata             const    0x0800faa0     0x28  AaThread.o [1]
  .rodata             const    0x0800fac8     0x28  am2302.o [1]
  .rodata             const    0x0800faf0     0x28  dataHandler.o [1]
  .rodata             const    0x0800fb18     0x28  gsm.o [1]
  .rodata             const    0x0800fb40     0x28  gsmCtrl.o [1]
  .rodata             const    0x0800fb68     0x28  main.o [1]
  .rodata             const    0x0800fb90     0x28  main.o [1]
  .text               ro code  0x0800fbb8     0x28  data_init.o [5]
  .rodata             const    0x0800fbe0     0x24  AaSysLogInterface.o [1]
  .rodata             const    0x0800fc04     0x24  cp15.o [1]
  .rodata             const    0x0800fc28     0x24  cp15.o [1]
  .rodata             const    0x0800fc4c     0x24  cp15.o [1]
  .rodata             const    0x0800fc70     0x24  cp15.o [1]
  .rodata             const    0x0800fc94     0x24  dataHandler.o [1]
  .rodata             const    0x0800fcb8     0x24  dataRecv.o [1]
  .rodata             const    0x0800fcdc     0x24  dataRecv.o [1]
  .rodata             const    0x0800fd00     0x24  dataRecv.o [1]
  .rodata             const    0x0800fd24     0x24  gps.o [1]
  .rodata             const    0x0800fd48     0x24  gsm.o [1]
  .rodata             const    0x0800fd6c     0x24  gsmCtrl.o [1]
  .rodata             const    0x0800fd90     0x24  gsmCtrl.o [1]
  .rodata             const    0x0800fdb4     0x24  osa_file.o [1]
  .text               ro code  0x0800fdd8     0x22  fpinit_M.o [4]
  .iar.init_table     const    0x0800fdfc     0x24  - Linker created -
  .rodata             const    0x0800fe20     0x20  AaSysLogSystem.o [1]
  .rodata             const    0x0800fe40     0x20  AaSysLogSystem.o [1]
  .rodata             const    0x0800fe60     0x20  AaSysLogSystem.o [1]
  .rodata             const    0x0800fe80     0x20  AaSysLogSystem.o [1]
  .rodata             const    0x0800fea0     0x20  AaThread.o [1]
  .rodata             const    0x0800fec0     0x20  cp15.o [1]
  .rodata             const    0x0800fee0     0x20  dataRecv.o [1]
  .rodata             const    0x0800ff00     0x20  dataRecv.o [1]
  .rodata             const    0x0800ff20     0x20  dataRecv.o [1]
  .rodata             const    0x0800ff40     0x20  dataRecv.o [1]
  .rodata             const    0x0800ff60     0x20  gps.o [1]
  .rodata             const    0x0800ff80     0x20  gps.o [1]
  .rodata             const    0x0800ffa0     0x20  gps.o [1]
  .rodata             const    0x0800ffc0     0x20  gsm.o [1]
  .rodata             const    0x0800ffe0     0x20  gsm.o [1]
  .rodata             const    0x08010000     0x20  gsm.o [1]
  .rodata             const    0x08010020     0x20  gsmCtrl.o [1]
  .rodata             const    0x08010040     0x20  gsmCtrl.o [1]
  .rodata             const    0x08010060     0x20  gsmCtrl.o [1]
  .rodata             const    0x08010080     0x20  led.o [1]
  .rodata             const    0x080100a0     0x1c  AaSysLogSystem.o [1]
  .rodata             const    0x080100bc     0x1c  AaTag.o [1]
  .rodata             const    0x080100d8     0x1c  AaTag.o [1]
  .rodata             const    0x080100f4     0x1c  AaTag.o [1]
  .rodata             const    0x08010110     0x1c  AaTag.o [1]
  .rodata             const    0x0801012c     0x1c  AaTag.o [1]
  .rodata             const    0x08010148     0x1c  am2302.o [1]
  .rodata             const    0x08010164     0x1c  am2302.o [1]
  .rodata             const    0x08010180     0x1c  CCSDaemon.o [1]
  .rodata             const    0x0801019c     0x1c  cp15.o [1]
  .rodata             const    0x080101b8     0x1c  dataHandler.o [1]
  .rodata             const    0x080101d4     0x1c  dataRecv.o [1]
  .rodata             const    0x080101f0     0x1c  dataRecv.o [1]
  .rodata             const    0x0801020c     0x1c  gps.o [1]
  .rodata             const    0x08010228     0x1c  gps.o [1]
  .rodata             const    0x08010244     0x1c  gsm.o [1]
  .rodata             const    0x08010260     0x1c  gsm.o [1]
  .rodata             const    0x0801027c     0x1c  gsm.o [1]
  .rodata             const    0x08010298     0x1c  gsmCtrl.o [1]
  .rodata             const    0x080102b4     0x1c  gsmCtrl.o [1]
  .rodata             const    0x080102d0     0x1c  main.o [1]
  .rodata             const    0x080102ec     0x1c  osa_file.o [1]
  .rodata             const    0x08010308     0x1c  osa_file.o [1]
  .text               ro code  0x08010324     0x1a  cmain.o [5]
  .text               ro code  0x0801033e      0x4  low_level_init.o [3]
  .text               ro code  0x08010342      0x4  exit.o [3]
  .text               ro code  0x08010348      0xa  cexit.o [5]
  .rodata             const    0x08010354     0x18  AaSysLogSystem.o [1]
  .rodata             const    0x0801036c     0x18  AaSysLogSystem.o [1]
  .rodata             const    0x08010384     0x18  AaTag.o [1]
  .rodata             const    0x0801039c     0x18  dataRecv.o [1]
  .rodata             const    0x080103b4     0x18  dataRecv.o [1]
  .rodata             const    0x080103cc     0x18  dataRecv.o [1]
  .rodata             const    0x080103e4     0x18  dataRecv.o [1]
  .rodata             const    0x080103fc     0x18  dataRecv.o [1]
  .rodata             const    0x08010414     0x18  gsm.o [1]
  .rodata             const    0x0801042c     0x18  gsmCtrl.o [1]
  .rodata             const    0x08010444     0x18  gsmCtrl.o [1]
  .rodata             const    0x0801045c     0x18  led.o [1]
  .text               ro code  0x08010474     0x16  xprout.o [3]
  .text               ro code  0x0801048c      0xc  putchar.o [3]
  .rodata             const    0x08010498     0x14  AaSysLogInterface.o [1]
  .rodata             const    0x080104ac     0x14  AaSysLogSystem.o [1]
  .rodata             const    0x080104c0     0x14  AaTag.o [1]
  .rodata             const    0x080104d4     0x14  AaTag.o [1]
  .rodata             const    0x080104e8     0x14  AaTag.o [1]
  .rodata             const    0x080104fc     0x14  am2302.o [1]
  .rodata             const    0x08010510     0x14  cp15.o [1]
  .rodata             const    0x08010524     0x14  cp15.o [1]
  .rodata             const    0x08010538     0x14  cp15.o [1]
  .rodata             const    0x0801054c     0x14  cp15.o [1]
  .rodata             const    0x08010560     0x14  dataRecv.o [1]
  .rodata             const    0x08010574     0x14  dataRecv.o [1]
  .rodata             const    0x08010588     0x14  dataRecv.o [1]
  .rodata             const    0x0801059c     0x14  gps.o [1]
  .rodata             const    0x080105b0     0x14  gps.o [1]
  .rodata             const    0x080105c4     0x14  gps.o [1]
  .rodata             const    0x080105d8     0x14  gps.o [1]
  .rodata             const    0x080105ec     0x14  gsm.o [1]
  .rodata             const    0x08010600     0x14  gsm.o [1]
  .rodata             const    0x08010614     0x14  gsm.o [1]
  .rodata             const    0x08010628     0x14  gsm.o [1]
  .rodata             const    0x0801063c     0x14  gsm.o [1]
  .rodata             const    0x08010650     0x14  gsm.o [1]
  .rodata             const    0x08010664     0x14  gsmCtrl.o [1]
  .rodata             const    0x08010678     0x14  gsmCtrl.o [1]
  .rodata             const    0x0801068c     0x14  gsmCtrl.o [1]
  .rodata             const    0x080106a0     0x14  gsmCtrl.o [1]
  .rodata             const    0x080106b4     0x14  gsmCtrl.o [1]
  .rodata             const    0x080106c8     0x14  led.o [1]
  .rodata             const    0x080106dc     0x14  main.o [1]
  .rodata             const    0x080106f0     0x14  main.o [1]
  .rodata             const    0x08010704     0x14  osa_file.o [1]
  .rodata             const    0x08010718     0x14  osa_file.o [1]
  .rodata             const    0x0801072c     0x14  sd_diskio.o [1]
  .rodata             const    0x08010740     0x10  AaSysLogSystem.o [1]
  .rodata             const    0x08010750     0x10  AaSysLogSystem.o [1]
  .rodata             const    0x08010760     0x10  AaThread.o [1]
  .rodata             const    0x08010770     0x10  CCSDaemon.o [1]
  .rodata             const    0x08010780     0x10  config.o [1]
  .rodata             const    0x08010790     0x10  cp15.o [1]
  .rodata             const    0x080107a0     0x10  cp15.o [1]
  .rodata             const    0x080107b0     0x10  crc.o [1]
  .rodata             const    0x080107c0     0x10  dataHandler.o [1]
  .rodata             const    0x080107d0     0x10  dataRecv.o [1]
  .rodata             const    0x080107e0     0x10  ff.o [1]
  .rodata             const    0x080107f0     0x10  gps.o [1]
  .rodata             const    0x08010800     0x10  gps.o [1]
  .rodata             const    0x08010810     0x10  gsm.o [1]
  .rodata             const    0x08010820     0x10  gsm.o [1]
  .rodata             const    0x08010830     0x10  gsmCtrl.o [1]
  .rodata             const    0x08010840     0x10  gsmCtrl.o [1]
  .rodata             const    0x08010850     0x10  gsmCtrl.o [1]
  .rodata             const    0x08010860     0x10  gsmCtrl.o [1]
  .rodata             const    0x08010870     0x10  gsmCtrl.o [1]
  .rodata             const    0x08010880     0x10  main.o [1]
  .rodata             const    0x08010890     0x10  osa_file.o [1]
  .rodata             const    0x080108a0     0x10  osa_file.o [1]
  .rodata             const    0x080108b0     0x10  osa_file.o [1]
  .rodata             const    0x080108c0     0x10  osa_file.o [1]
  .rodata             const    0x080108d0     0x10  osa_file.o [1]
  .rodata             const    0x080108e0     0x10  osa_file.o [1]
  .rodata             const    0x080108f0     0x10  stm32f4xx_hal_rcc.o [1]
  .text               ro code  0x08010900     0x10  startup_stm32f407xx.o [1]
  .rodata             const    0x08010910      0xc  AaTag.o [1]
  .rodata             const    0x0801091c      0xc  AaTag.o [1]
  .rodata             const    0x08010928      0xc  am2302.o [1]
  .rodata             const    0x08010934      0xc  CCSDaemon.o [1]
  .rodata             const    0x08010940      0xc  cp15.o [1]
  .rodata             const    0x0801094c      0xc  cp15.o [1]
  .rodata             const    0x08010958      0xc  cp15.o [1]
  .rodata             const    0x08010964      0xc  ff.o [1]
  .rodata             const    0x08010970      0xc  gps.o [1]
  .rodata             const    0x0801097c      0xc  gps.o [1]
  .rodata             const    0x08010988      0xc  gsm.o [1]
  .rodata             const    0x08010994      0xc  gsm.o [1]
  .rodata             const    0x080109a0      0xc  gsm.o [1]
  .rodata             const    0x080109ac      0xc  gsmCtrl.o [1]
  .rodata             const    0x080109b8      0xc  gsmCtrl.o [1]
  .rodata             const    0x080109c4      0xc  gsmCtrl.o [1]
  .rodata             const    0x080109d0      0xc  gsmCtrl.o [1]
  .rodata             const    0x080109dc      0xc  main.o [1]
  .rodata             const    0x080109e8      0xc  main.o [1]
  .text               ro code  0x080109f4      0xc  cstartup_M.o [5]
  .rodata             const    0x08010a00      0x8  AaSysLogInterface.o [1]
  .rodata             const    0x08010a08      0x8  AaSysLogInterface.o [1]
  .rodata             const    0x08010a10      0x8  AaSysLogSystem.o [1]
  .rodata             const    0x08010a18      0x8  AaTag.o [1]
  .rodata             const    0x08010a20      0x8  AaTag.o [1]
  .rodata             const    0x08010a28      0x8  AaThread.o [1]
  .rodata             const    0x08010a30      0x8  am2302.o [1]
  .rodata             const    0x08010a38      0x8  CCSDaemon.o [1]
  .rodata             const    0x08010a40      0x8  config.o [1]
  .rodata             const    0x08010a48      0x8  cp15.o [1]
  .rodata             const    0x08010a50      0x8  cp15.o [1]
  .rodata             const    0x08010a58      0x8  dataHandler.o [1]
  .rodata             const    0x08010a60      0x8  dataRecv.o [1]
  .rodata             const    0x08010a68      0x8  ff.o [1]
  .rodata             const    0x08010a70      0x8  gps.o [1]
  .rodata             const    0x08010a78      0x8  gps.o [1]
  .rodata             const    0x08010a80      0x8  gpsAnalyser.o [1]
  .rodata             const    0x08010a88      0x8  gpsAnalyser.o [1]
  .rodata             const    0x08010a90      0x8  gpsAnalyser.o [1]
  .rodata             const    0x08010a98      0x8  gpsAnalyser.o [1]
  .rodata             const    0x08010aa0      0x8  gpsAnalyser.o [1]
  .rodata             const    0x08010aa8      0x8  gsm.o [1]
  .rodata             const    0x08010ab0      0x8  gsm.o [1]
  .rodata             const    0x08010ab8      0x8  gsm.o [1]
  .rodata             const    0x08010ac0      0x8  gsm.o [1]
  .rodata             const    0x08010ac8      0x8  gsm.o [1]
  .rodata             const    0x08010ad0      0x8  gsm.o [1]
  .rodata             const    0x08010ad8      0x8  gsmCtrl.o [1]
  .rodata             const    0x08010ae0      0x8  gsmCtrl.o [1]
  .rodata             const    0x08010ae8      0x8  led.o [1]
  .rodata             const    0x08010af0      0x8  led.o [1]
  .rodata             const    0x08010af8      0x8  main.o [1]
  .rodata             const    0x08010b00      0x8  stm32f4xx_hal_dma.o [1]
  .rodata             const    0x08010b08      0x8  tasks.o [1]
  .rodata             const    0x08010b10      0x4  AaMem.o [1]
  .rodata             const    0x08010b14      0x4  AaSysLogSystem.o [1]
  .rodata             const    0x08010b18      0x4  AaSysLogSystem.o [1]
  .rodata             const    0x08010b1c      0x4  AaTag.o [1]
  .rodata             const    0x08010b20      0x4  AaThread.o [1]
  .rodata             const    0x08010b24      0x4  cp15.o [1]
  .rodata             const    0x08010b28      0x4  cp15.o [1]
  .rodata             const    0x08010b2c      0x4  gps.o [1]
  .rodata             const    0x08010b30      0x4  gps.o [1]
  .rodata             const    0x08010b34      0x4  gps.o [1]
  .rodata             const    0x08010b38      0x4  gsm.o [1]
  .rodata             const    0x08010b3c      0x4  gsm.o [1]
  .rodata             const    0x08010b40      0x4  gsm.o [1]
  .rodata             const    0x08010b44      0x4  heap_4.o [1]
  .rodata             const    0x08010b48      0x4  port.o [1]
  .rodata             const    0x08010b4c      0x4  syscall.o [1]
  .text               ro code  0x08010b50      0x4  startup_stm32f407xx.o [1]
  .text               ro code  0x08010b54      0x4  startup_stm32f407xx.o [1]
  .text               ro code  0x08010b58      0x4  startup_stm32f407xx.o [1]
  .text               ro code  0x08010b5c      0x4  startup_stm32f407xx.o [1]
  .text               ro code  0x08010b60      0x4  startup_stm32f407xx.o [1]
  .text               ro code  0x08010b64      0x4  startup_stm32f407xx.o [1]
  .text               ro code  0x08010b68      0x4  startup_stm32f407xx.o [1]
  .text               ro code  0x08010b6c      0x4  startup_stm32f407xx.o [1]
  .text               ro code  0x08010b70      0x4  startup_stm32f407xx.o [1]
  .text               ro code  0x08010b74      0x4  startup_stm32f407xx.o [1]
  .text               ro code  0x08010b78      0x4  startup_stm32f407xx.o [1]
  .text               ro code  0x08010b7c      0x4  startup_stm32f407xx.o [1]
  .text               ro code  0x08010b80      0x4  startup_stm32f407xx.o [1]
  .text               ro code  0x08010b84      0x4  startup_stm32f407xx.o [1]
  .text               ro code  0x08010b88      0x4  startup_stm32f407xx.o [1]
  .text               ro code  0x08010b8c      0x4  startup_stm32f407xx.o [1]
  .text               ro code  0x08010b90      0x4  startup_stm32f407xx.o [1]
  .text               ro code  0x08010b94      0x4  startup_stm32f407xx.o [1]
  .text               ro code  0x08010b98      0x4  startup_stm32f407xx.o [1]
  .text               ro code  0x08010b9c      0x4  startup_stm32f407xx.o [1]
  .text               ro code  0x08010ba0      0x4  startup_stm32f407xx.o [1]
  .text               ro code  0x08010ba4      0x4  startup_stm32f407xx.o [1]
  .text               ro code  0x08010ba8      0x4  startup_stm32f407xx.o [1]
  .text               ro code  0x08010bac      0x4  startup_stm32f407xx.o [1]
  .text               ro code  0x08010bb0      0x4  startup_stm32f407xx.o [1]
  .text               ro code  0x08010bb4      0x4  startup_stm32f407xx.o [1]
  .text               ro code  0x08010bb8      0x4  startup_stm32f407xx.o [1]
  .text               ro code  0x08010bbc      0x4  startup_stm32f407xx.o [1]
  .text               ro code  0x08010bc0      0x4  startup_stm32f407xx.o [1]
  .text               ro code  0x08010bc4      0x4  startup_stm32f407xx.o [1]
  .text               ro code  0x08010bc8      0x4  startup_stm32f407xx.o [1]
  .text               ro code  0x08010bcc      0x4  startup_stm32f407xx.o [1]
  .text               ro code  0x08010bd0      0x4  startup_stm32f407xx.o [1]
  .text               ro code  0x08010bd4      0x4  startup_stm32f407xx.o [1]
  .text               ro code  0x08010bd8      0x4  startup_stm32f407xx.o [1]
  .text               ro code  0x08010bdc      0x4  startup_stm32f407xx.o [1]
  .text               ro code  0x08010be0      0x4  startup_stm32f407xx.o [1]
  .text               ro code  0x08010be4      0x4  startup_stm32f407xx.o [1]
  .text               ro code  0x08010be8      0x4  startup_stm32f407xx.o [1]
  .text               ro code  0x08010bec      0x4  startup_stm32f407xx.o [1]
  .text               ro code  0x08010bf0      0x4  startup_stm32f407xx.o [1]
  .text               ro code  0x08010bf4      0x4  startup_stm32f407xx.o [1]
  .text               ro code  0x08010bf8      0x4  startup_stm32f407xx.o [1]
  .text               ro code  0x08010bfc      0x4  startup_stm32f407xx.o [1]
  .text               ro code  0x08010c00      0x4  startup_stm32f407xx.o [1]
  .text               ro code  0x08010c04      0x4  startup_stm32f407xx.o [1]
  .text               ro code  0x08010c08      0x4  startup_stm32f407xx.o [1]
  .text               ro code  0x08010c0c      0x4  startup_stm32f407xx.o [1]
  .text               ro code  0x08010c10      0x4  startup_stm32f407xx.o [1]
  .text               ro code  0x08010c14      0x4  startup_stm32f407xx.o [1]
  .text               ro code  0x08010c18      0x4  startup_stm32f407xx.o [1]
  .text               ro code  0x08010c1c      0x4  startup_stm32f407xx.o [1]
  .text               ro code  0x08010c20      0x4  startup_stm32f407xx.o [1]
  .text               ro code  0x08010c24      0x4  startup_stm32f407xx.o [1]
  .text               ro code  0x08010c28      0x4  startup_stm32f407xx.o [1]
  .text               ro code  0x08010c2c      0x4  startup_stm32f407xx.o [1]
  .text               ro code  0x08010c30      0x4  startup_stm32f407xx.o [1]
  .text               ro code  0x08010c34      0x4  startup_stm32f407xx.o [1]
  .text               ro code  0x08010c38      0x4  startup_stm32f407xx.o [1]
  .text               ro code  0x08010c3c      0x4  startup_stm32f407xx.o [1]
  .text               ro code  0x08010c40      0x4  startup_stm32f407xx.o [1]
  .text               ro code  0x08010c44      0x4  startup_stm32f407xx.o [1]
  .text               ro code  0x08010c48      0x4  startup_stm32f407xx.o [1]
  .text               ro code  0x08010c4c      0x4  startup_stm32f407xx.o [1]
  .text               ro code  0x08010c50      0x4  startup_stm32f407xx.o [1]
  .text               ro code  0x08010c54      0x4  startup_stm32f407xx.o [1]
  .text               ro code  0x08010c58      0x4  startup_stm32f407xx.o [1]
  .text               ro code  0x08010c5c      0x4  startup_stm32f407xx.o [1]
  .text               ro code  0x08010c60      0x4  startup_stm32f407xx.o [1]
  .text               ro code  0x08010c64      0x4  startup_stm32f407xx.o [1]
  .text               ro code  0x08010c68      0x4  startup_stm32f407xx.o [1]
  .text               ro code  0x08010c6c      0x4  startup_stm32f407xx.o [1]
  .text               ro code  0x08010c70      0x4  startup_stm32f407xx.o [1]
  .rodata             const    0x08010c74      0x0  zero_init3.o [5]
  .rodata             const    0x08010c74      0x0  copy_init3.o [5]
  Initializer bytes   const    0x08010c74     0xc8  <for P2 s0>
                             - 0x08010d3c  0x10bb4

"P2":                                       0x89f0
  P2 s0                        0x20000000     0xc8  <Init block>
    __DLIB_PERTHREAD  inited   0x20000000     0x74  setlocale.o [3]
    .data             inited   0x20000074     0x40  xfiles.o [3]
    .data             inited   0x200000b4      0x4  port.o [1]
    .data             inited   0x200000b8      0x4  system_stm32f4xx.o [1]
    .data             inited   0x200000bc      0x4  tasks.o [1]
    .data             inited   0x200000c0      0x2  gsm.o [1]
    .data             inited   0x200000c2      0x1  gps.o [1]
    .data             inited   0x200000c3      0x1  gsm.o [1]
    .data             inited   0x200000c4      0x1  sd_diskio.o [1]
  .bss                zero     0x200000c8   0x4000  heap_4.o [1]
  .bss                zero     0x200040c8   0x2000  CCSDaemon.o [1]
  .bss                zero     0x200060c8    0x408  dataHandler.o [1]
  .bss                zero     0x200064d0    0x408  dataHandler.o [1]
  .bss                zero     0x200068d8    0x400  gsm.o [1]
  .bss                zero     0x20006cd8    0x400  gsm.o [1]
  .bss                zero     0x200070d8    0x234  osa_file.o [1]
  .bss                zero     0x2000730c    0x234  osa_file.o [1]
  .bss                zero     0x20007540    0x210  gps.o [1]
  .bss                zero     0x20007750    0x1d8  dlmalloc.o [3]
  .bss                zero     0x20007928     0x8c  tasks.o [1]
  .bss                zero     0x200079b4     0x7c  gps.o [1]
  .bss                zero     0x20007a30     0x60  407VE_sd.o [1]
  .bss                zero     0x20007a90     0x58  407VE_sd.o [1]
  .bss                zero     0x20007ae8     0x58  407VE_sd.o [1]
  .bss                zero     0x20007b40     0x58  407VE_sd.o [1]
  .bss                zero     0x20007b98     0x58  dataHandler.o [1]
  .bss                zero     0x20007bf0     0x58  dataHandler.o [1]
  .bss                zero     0x20007c48     0x58  dataHandler.o [1]
  .bss                zero     0x20007ca0     0x58  dataHandler.o [1]
  .bss                zero     0x20007cf8     0x58  print_com.o [1]
  .bss                zero     0x20007d50     0x50  xfiles.o [3]
  .bss                zero     0x20007da0     0x48  dataHandler.o [1]
  .bss                zero     0x20007de8     0x48  dataHandler.o [1]
  .bss                zero     0x20007e30     0x40  config.o [1]
  .bss                zero     0x20007e70     0x40  cp15_dev.o [1]
  .bss                zero     0x20007eb0     0x40  gps_dev.o [1]
  .bss                zero     0x20007ef0     0x40  gsm_dev.o [1]
  .bss                zero     0x20007f30     0x40  print_com.o [1]
  .bss                zero     0x20007f70     0x40  queue.o [1]
  .bss                zero     0x20007fb0     0x30  dataHandler.o [1]
  .bss                zero     0x20007fe0     0x30  dataHandler.o [1]
  .bss                zero     0x20008010     0x1c  dataHandler.o [1]
  .bss                zero     0x2000802c     0x18  ff.o [1]
  .bss                zero     0x20008044     0x18  dlmalloc.o [3]
  .bss                zero     0x2000805c     0x14  tasks.o [1]
  .bss                zero     0x20008070     0x14  tasks.o [1]
  .bss                zero     0x20008084     0x14  tasks.o [1]
  .bss                zero     0x20008098     0x14  tasks.o [1]
  .bss                zero     0x200080ac     0x14  tasks.o [1]
  .bss                zero     0x200080c0     0x10  AaShell.o [1]
  .bss                zero     0x200080d0     0x10  gsm.o [1]
  .bss                zero     0x200080e0      0xc  ff_gen_drv.o [1]
  .bss                zero     0x200080ec      0x8  AaSysLogSystem.o [1]
  .bss                zero     0x200080f4      0x8  heap_4.o [1]
  .bss                zero     0x200080fc      0x4  AaMem.o [1]
  .bss                zero     0x20008100      0x4  AaMem.o [1]
  .bss                zero     0x20008104      0x4  AaMem.o [1]
  .bss                zero     0x20008108      0x4  AaMem.o [1]
  .bss                zero     0x2000810c      0x4  AaMem.o [1]
  .bss                zero     0x20008110      0x4  AaMem.o [1]
  .bss                zero     0x20008114      0x4  AaMem.o [1]
  .bss                zero     0x20008118      0x4  AaShell.o [1]
  .bss                zero     0x2000811c      0x4  AaSysLogSystem.o [1]
  .bss                zero     0x20008120      0x4  AaSysLogSystem.o [1]
  .bss                zero     0x20008124      0x4  AaSysLogSystem.o [1]
  .bss                zero     0x20008128      0x4  AaSysLogSystem.o [1]
  .bss                zero     0x2000812c      0x4  AaTag.o [1]
  .bss                zero     0x20008130      0x4  AaTag.o [1]
  .bss                zero     0x20008134      0x4  AaTag.o [1]
  .bss                zero     0x20008138      0x4  AaTag.o [1]
  .bss                zero     0x2000813c      0x4  AaThread.o [1]
  .bss                zero     0x20008140      0x4  AaThread.o [1]
  .bss                zero     0x20008144      0x4  am2302.o [1]
  .bss                zero     0x20008148      0x4  cp15.o [1]
  .bss                zero     0x2000814c      0x4  cp15.o [1]
  .bss                zero     0x20008150      0x4  cp15.o [1]
  .bss                zero     0x20008154      0x4  cp15.o [1]
  .bss                zero     0x20008158      0x4  ff.o [1]
  .bss                zero     0x2000815c      0x4  gps.o [1]
  .bss                zero     0x20008160      0x4  gps.o [1]
  .bss                zero     0x20008164      0x4  gps.o [1]
  .bss                zero     0x20008168      0x4  gps.o [1]
  .bss                zero     0x2000816c      0x4  gsm.o [1]
  .bss                zero     0x20008170      0x4  gsm.o [1]
  .bss                zero     0x20008174      0x4  gsm.o [1]
  .bss                zero     0x20008178      0x4  gsm.o [1]
  .bss                zero     0x2000817c      0x4  gsmCtrl.o [1]
  .bss                zero     0x20008180      0x4  gsmCtrl.o [1]
  .bss                zero     0x20008184      0x4  heap_4.o [1]
  .bss                zero     0x20008188      0x4  heap_4.o [1]
  .bss                zero     0x2000818c      0x4  heap_4.o [1]
  .bss                zero     0x20008190      0x4  heap_4.o [1]
  .bss                zero     0x20008194      0x4  led.o [1]
  .bss                zero     0x20008198      0x4  moduleStatus.o [1]
  .bss                zero     0x2000819c      0x4  osa_file.o [1]
  .bss                zero     0x200081a0      0x4  port.o [1]
  .bss                zero     0x200081a4      0x4  stm32f4xx_hal.o [1]
  .bss                zero     0x200081a8      0x4  tasks.o [1]
  .bss                zero     0x200081ac      0x4  tasks.o [1]
  .bss                zero     0x200081b0      0x4  tasks.o [1]
  .bss                zero     0x200081b4      0x4  tasks.o [1]
  .bss                zero     0x200081b8      0x4  tasks.o [1]
  .bss                zero     0x200081bc      0x4  tasks.o [1]
  .bss                zero     0x200081c0      0x4  tasks.o [1]
  .bss                zero     0x200081c4      0x4  tasks.o [1]
  .bss                zero     0x200081c8      0x4  tasks.o [1]
  .bss                zero     0x200081cc      0x4  tasks.o [1]
  .bss                zero     0x200081d0      0x4  tasks.o [1]
  .bss                zero     0x200081d4      0x4  tasks.o [1]
  .bss                zero     0x200081d8      0x4  tasks.o [1]
  .bss                zero     0x200081dc      0x4  xgetmemchunk.o [3]
  .bss                zero     0x200081e0      0x2  AaSysLogSystem.o [1]
  .bss                zero     0x200081e2      0x2  ff.o [1]
  .bss                zero     0x200081e4      0x1  AaShell.o [1]
  .bss                zero     0x200081e5      0x1  AaSysLogInterface.o [1]
  .bss                zero     0x200081e6      0x1  AaSysLogInterface.o [1]
  .bss                zero     0x200081e7      0x1  gps.o [1]
  .bss                zero     0x200081e8      0x1  gps.o [1]
  .bss                zero     0x200081e9      0x1  gps.o [1]
  .bss                zero     0x200081ea      0x1  gsm.o [1]
  .bss                zero     0x200081eb      0x1  gsmCtrl.o [1]
  .bss                zero     0x200081ec      0x1  port.o [1]
  CSTACK                       0x200081f0    0x400  <Block>
    CSTACK            uninit   0x200081f0    0x400  <Block tail>
  HEAP                         0x200085f0    0x400  <Block>
    HEAP              uninit   0x200085f0    0x400  <Block tail>
                             - 0x200089f0   0x89f0


*******************************************************************************
*** INIT TABLE
***

          Address     Size
          -------     ----
Zero (__iar_zero_init3)
    1 destination range, total size 0x8125:
          0x200000c8  0x8125

Copy (__iar_copy_init3)
    1 source range, total size 0xc8 (101% of destination):
          0x08010c74    0xc8
    1 destination range, total size 0xc5:
          0x20000000    0xc5



*******************************************************************************
*** MODULE SUMMARY
***

    Module                  ro code  ro data  rw data
    ------                  -------  -------  -------
F:\mcu\stm32\项目\空气检测\code\trunk\FatFs_uSD_RTOS\EWARM\AirMonitor\Obj: [1]
    407VE_sd.o                  868               360
    AaMem.o                   1 064        4       28
    AaShell.o                    68                21
    AaSysLogInterface.o         744       72        2
    AaSysLogSystem.o            712      484       26
    AaTag.o                     484      388       16
    AaThread.o                  314      100        8
    BipBuffer.o                 394
    CCSDaemon.o                 148       64    8 192
    RingBufferUtils.o           484
    am2302.o                  1 288      256        4
    cmsis_os.o                1 124
    config.o                    572       24       64
    cp15.o                      456      464       16
    cp15_dev.o                  396                64
    crc.o                       124      528
    dataHandler.o             1 576      172    2 684
    dataRecv.o                2 336      680
    diskio.o                    252
    ff.o                     11 356      164       30
    ff_gen_drv.o                204                12
    format.o                    188
    gps.o                       792      489      672
    gpsAnalyser.o             1 384       40
    gps_dev.o                   284                64
    gsm.o                     1 100      667    2 084
    gsmCtrl.o                 1 064      660        9
    gsm_dev.o                   280                64
    gsm_power_dev.o             112
    heap_4.o                    640        4   16 408
    led.o                       104       92        4
    led_dev.o                   108
    list.o                      158
    main.o                      444      196
    moduleStatus.o               32                 4
    osa_file.o                  724      228    1 132
    port.o                      600        8        9
    portasm.o                   168
    print_com.o                 488               152
    queue.o                   2 236                64
    sd_diskio.o                 292       21        1
    startup_stm32f407xx.o       700
    stm32f4xx_hal.o             148                 4
    stm32f4xx_hal_cortex.o      316
    stm32f4xx_hal_dma.o         928        8
    stm32f4xx_hal_gpio.o        608
    stm32f4xx_hal_msp.o         288
    stm32f4xx_hal_rcc.o       1 580       16
    stm32f4xx_hal_sd.o        5 420
    stm32f4xx_hal_uart.o      2 496
    stm32f4xx_it.o              116
    stm32f4xx_ll_sdmmc.o        208
    syscall.o                   122        4
    system_stm32f4xx.o          108        4        4
    tasks.o                   3 696       12      296
    unicode.o                   144    1 216
    -------------------------------------------------
    Total:                   53 040    7 065   32 498

command line: [2]
    -------------------------------------------------
    Total:

dl7M_tlf.a: [3]
    abort.o                       6
    dlmalloc.o                5 392               496
    exit.o                        4
    low_level_init.o              4
    printf.o                     36
    putchar.o                    12
    setlocale.o                  20      116      116
    sprintf.o                    52
    strstr.o                     44
    vsprintf.o                   44
    xencoding_sb.o               96
    xfiles.o                              64      144
    xgetmemchunk.o               44                 4
    xmbcurmax.o                  10
    xmbtowc.o                    32
    xprintfsmall.o            1 956
    xprout.o                     22
    xsprout.o                    10
    xtls.o                        2
    xwctomb.o                    26
    -------------------------------------------------
    Total:                    7 812      180      760

m7M_tls.a: [4]
    fpinit_M.o                   34
    -------------------------------------------------
    Total:                       34

rt7M_tl.a: [5]
    ABImemclr4.o                  6
    ABImemcpy_unaligned.o       118
    ABImemset.o                 102
    ABImemset48.o                50
    cexit.o                      10
    cmain.o                      26
    copy_init3.o                 44
    cstartup_M.o                 12
    data_init.o                  40
    memchr.o                     88
    strchr.o                     22
    strcpy_unaligned.o           68
    strlen.o                     54
    zero_init3.o                 64
    -------------------------------------------------
    Total:                      704

shb_l.a: [6]
    exit.o                       20
    -------------------------------------------------
    Total:                       20

    Gaps                         26        4
    Linker created                        39    2 048
-----------------------------------------------------
    Grand Total:             61 636    7 288   35 306


*******************************************************************************
*** ENTRY LIST
***

Entry                      Address    Size  Type      Object
-----                      -------    ----  ----      ------
.iar.init_table$$Base   0x0800fdfc           --   Gb  - Linker created -
.iar.init_table$$Limit  0x0800fe20           --   Gb  - Linker created -
?main                   0x08010325          Code  Gb  cmain.o [5]
AM2302_CH0_Read_TempAndHumidity
                        0x0800dd35    0xe8  Code  Gb  am2302.o [1]
AM2302_CH1_Read_TempAndHumidity
                        0x0800de1d    0xe8  Code  Gb  am2302.o [1]
AM2302_Delay            0x0800db41    0x1a  Code  Lc  am2302.o [1]
AM2302_Init             0x0800db5b    0x86  Code  Gb  am2302.o [1]
AM2302_Mode_IPU         0x0800dbe1    0x48  Code  Lc  am2302.o [1]
AM2302_Mode_Out_PP      0x0800dc29    0x48  Code  Lc  am2302.o [1]
AM2302_ReadByte         0x0800dc71    0xc4  Code  Lc  am2302.o [1]
AM2302_Read_TempAndHumidity
                        0x0800df05    0x26  Code  Gb  am2302.o [1]
APBAHBPrescTable        0x080108f0    0x10  Data  Gb  stm32f4xx_hal_rcc.o [1]
AaMemFree               0x0800b07b    0x9c  Code  Gb  AaMem.o [1]
AaMemHeapCEInit         0x0800adcf    0xbe  Code  Gb  AaMem.o [1]
AaMemMalloc             0x0800ae8d   0x1ee  Code  Gb  AaMem.o [1]
AaShellRecvDataFromISR  0x08009f25    0x32  Code  Gb  AaShell.o [1]
AaSysLogCEInit          0x08009cdf    0xbe  Code  Gb  AaSysLogSystem.o [1]
AaSysLogCreateDeamon    0x08009d9d    0x46  Code  Gb  AaSysLogSystem.o [1]
AaSysLogDeamon          0x08009c5d    0x6a  Code  Lc  AaSysLogSystem.o [1]
AaSysLogGetBipRegister  0x08009cc7     0xa  Code  Gb  AaSysLogSystem.o [1]
AaSysLogGetInputLevel   0x0800a8d1     0x6  Code  Gb  AaSysLogInterface.o [1]
AaSysLogGetLevelString  0x0800a89d    0x34  Code  Gb  AaSysLogInterface.o [1]
AaSysLogPrintByPolling  0x08009ded    0x14  Code  Gb  AaSysLogSystem.o [1]
AaSysLogPrintF          0x0800a8d7   0x130  Code  Gb  AaSysLogInterface.o [1]
AaSysLogPrintM          0x0800aa07   0x14c  Code  Gb  AaSysLogInterface.o [1]
AaSysLogProcessPrintRegister
                        0x08009de3     0xa  Code  Gb  AaSysLogSystem.o [1]
AaSysLogSendCplt        0x08009cd1     0xe  Code  Gb  AaSysLogSystem.o [1]
AaSysLogStoreBipBufferByPolling
                        0x08009e01    0x54  Code  Gb  AaSysLogSystem.o [1]
AaSysLogStoreBipBufferNormal
                        0x08009e55    0x74  Code  Gb  AaSysLogSystem.o [1]
AaTagCEInit             0x0800e7bf    0x72  Code  Gb  AaTag.o [1]
AaTagCreate             0x0800e879    0x8c  Code  Gb  AaTag.o [1]
AaTagCreateDeamon       0x0800e831    0x48  Code  Gb  AaTag.o [1]
AaTagDeamonThread       0x0800e771    0x4e  Code  Lc  AaTag.o [1]
AaThreadCEInit          0x0800b139    0x36  Code  Gb  AaThread.o [1]
AaThreadCreateStartup   0x0800b16f    0xa8  Code  Gb  AaThread.o [1]
AaThreadFindMngPtr      0x0800b217    0x26  Code  Lc  AaThread.o [1]
AaThreadGetName         0x0800b259    0x1a  Code  Gb  AaThread.o [1]
AtCmdRun                0x0800c031    0xc2  Code  Gb  gsmCtrl.o [1]
BSP_SD_DMA_Rx_IRQHandler
                        0x0800e357     0xc  Code  Gb  407VE_sd.o [1]
BSP_SD_DMA_Tx_IRQHandler
                        0x0800e34b     0xc  Code  Gb  407VE_sd.o [1]
BSP_SD_GetCardInfo      0x0800e36d     0xe  Code  Gb  407VE_sd.o [1]
BSP_SD_GetStatus        0x0800e363     0xa  Code  Gb  407VE_sd.o [1]
BSP_SD_IRQHandler       0x0800e341     0xa  Code  Gb  407VE_sd.o [1]
BSP_SD_Init             0x0800e049    0x88  Code  Gb  407VE_sd.o [1]
BSP_SD_IsDetected       0x0800e0d1    0x24  Code  Gb  407VE_sd.o [1]
BSP_SD_ReadBlocks       0x0800e0f5    0x32  Code  Gb  407VE_sd.o [1]
BSP_SD_WriteBlocks      0x0800e127    0x30  Code  Gb  407VE_sd.o [1]
BusFault_Handler        0x0800f4e3     0x2  Code  Gb  stm32f4xx_it.o [1]
ByteToNetStr            0x0800cd79    0x70  Code  Gb  config.o [1]
CBipBuffer_Commit       0x0800ac63    0x5c  Code  Gb  BipBuffer.o [1]
CBipBuffer_Construct    0x0800ab85    0x38  Code  Gb  BipBuffer.o [1]
CBipBuffer_Decommit     0x0800acdb    0x2c  Code  Gb  BipBuffer.o [1]
CBipBuffer_Get          0x0800acbf    0x1c  Code  Gb  BipBuffer.o [1]
CBipBuffer_HowMuchData  0x0800ad07     0x8  Code  Gb  BipBuffer.o [1]
CBipBuffer_Reserve      0x0800abbd    0xa6  Code  Gb  BipBuffer.o [1]
CCSDeamonCEInit         0x0800eed1    0x94  Code  Gb  CCSDaemon.o [1]
CP15DataSendByIT        0x0800991f    0x14  Code  Gb  cp15_dev.o [1]
CP15DeviceInit          0x0800a7ef    0x16  Code  Lc  cp15.o [1]
CP15GpioInit            0x080098af    0x70  Code  Gb  cp15_dev.o [1]
CP15RecvDataFromISR     0x0800a82f     0xe  Code  Gb  cp15.o [1]
CP15SendSerialData      0x0800a805    0x1e  Code  Lc  cp15.o [1]
CP15SendTestThread      0x0800a71b    0x22  Code  Lc  cp15.o [1]
CP15Thread              0x0800a6d5    0x46  Code  Lc  cp15.o [1]
CP15UsartInit           0x08009871    0x3e  Code  Gb  cp15_dev.o [1]
CP15WaitForSendCplt     0x0800a823     0xc  Code  Gb  cp15.o [1]
CSTACK$$Base            0x200081f0           --   Gb  - Linker created -
CSTACK$$Limit           0x200085f0           --   Gb  - Linker created -
ConfigGetAddr           0x0800cd5b     0x6  Code  Gb  config.o [1]
ConfigGetHardVer        0x0800cedf     0x6  Code  Gb  config.o [1]
ConfigGetReportInterval
                        0x0800cef5     0xa  Code  Gb  config.o [1]
ConfigGetServerIp       0x0800cec3     0x4  Code  Gb  config.o [1]
ConfigGetServerPort     0x0800cecd     0x6  Code  Gb  config.o [1]
ConfigGetSoftVer        0x0800ced9     0x6  Code  Gb  config.o [1]
ConfigGetStrAddr        0x0800cd75     0x4  Code  Gb  config.o [1]
ConfigInit              0x0800cd21    0x34  Code  Gb  config.o [1]
ConfigSetAddr           0x0800cd55     0x6  Code  Gb  config.o [1]
ConfigSetReportInterval
                        0x0800ceed     0x8  Code  Gb  config.o [1]
ConfigSetServerIp       0x0800ce8b    0x38  Code  Gb  config.o [1]
ConfigSetServerIpInt    0x0800cde9    0xa2  Code  Gb  config.o [1]
ConfigSetServerPort     0x0800cec7     0x6  Code  Gb  config.o [1]
ConfigSetSimpleInterval
                        0x0800cee5     0x8  Code  Gb  config.o [1]
ConfigSetSoftVer        0x0800ced3     0x6  Code  Gb  config.o [1]
ConfigSetStrAddr        0x0800cd61    0x14  Code  Gb  config.o [1]
ConfigSetcoVa           0x0800cf1d     0x6  Code  Gb  config.o [1]
ConfigSetcoVw           0x0800cf17     0x6  Code  Gb  config.o [1]
ConfigSetno2Va          0x0800cf41     0x6  Code  Gb  config.o [1]
ConfigSetno2Vw          0x0800cf3b     0x6  Code  Gb  config.o [1]
ConfigSeto3Va           0x0800cf35     0x6  Code  Gb  config.o [1]
ConfigSeto3Vw           0x0800cf2f     0x6  Code  Gb  config.o [1]
ConfigSetpm10B          0x0800cf11     0x6  Code  Gb  config.o [1]
ConfigSetpm10K          0x0800cf0b     0x6  Code  Gb  config.o [1]
ConfigSetpm25B          0x0800cf05     0x6  Code  Gb  config.o [1]
ConfigSetpm25K          0x0800ceff     0x6  Code  Gb  config.o [1]
ConfigSetso2Va          0x0800cf23     0x6  Code  Gb  config.o [1]
ConfigSetso2Vw          0x0800cf29     0x6  Code  Gb  config.o [1]
ConstructResponse       0x0800cbf5    0xc0  Code  Gb  dataRecv.o [1]
ContructDataUp          0x0800bce1   0x2bc  Code  Gb  dataHandler.o [1]
DMA1_Stream3_IRQHandler
                        0x0800f50d     0xc  Code  Gb  stm32f4xx_it.o [1]
DMA2_Stream3_IRQHandler
                        0x0800f4f5     0x8  Code  Gb  stm32f4xx_it.o [1]
DMA2_Stream6_IRQHandler
                        0x0800f4fd     0x8  Code  Gb  stm32f4xx_it.o [1]
DMA_CalcBaseAndBitshift
                        0x08009413    0x2e  Code  Lc  stm32f4xx_hal_dma.o [1]
DMA_SetConfig           0x080093e5    0x2e  Code  Lc  stm32f4xx_hal_dma.o [1]
Data_Extraction         0x0800b8b1   0x110  Code  Gb  gpsAnalyser.o [1]
Data_Removal            0x0800b869    0x32  Code  Gb  gpsAnalyser.o [1]
DebugMon_Handler        0x0800f4e7     0x2  Code  Gb  stm32f4xx_it.o [1]
Error_Handler           0x0800ee93    0x12  Code  Lc  main.o [1]
ExCvt                   0x0800f45c    0x80  Data  Lc  ff.o [1]
FATFS_LinkDriver        0x0800e6d9    0x12  Code  Gb  ff_gen_drv.o [1]
FATFS_LinkDriverEx      0x0800e681    0x58  Code  Gb  ff_gen_drv.o [1]
FATFS_UnLinkDriver      0x0800e739     0xe  Code  Gb  ff_gen_drv.o [1]
FATFS_UnLinkDriverEx    0x0800e6eb    0x4e  Code  Gb  ff_gen_drv.o [1]
FatFs                   0x20008158     0x4  Data  Lc  ff.o [1]
Files                   0x2000802c    0x18  Data  Lc  ff.o [1]
Format16                0x0800d18d    0x20  Code  Gb  format.o [1]
Format32                0x0800d1ad    0x1c  Code  Gb  format.o [1]
Format8                 0x0800d185     0x8  Code  Gb  format.o [1]
FormatHead              0x0800d10d    0x78  Code  Gb  format.o [1]
Fsid                    0x200081e2     0x2  Data  Lc  ff.o [1]
GPGGA_Analysis          0x0800b4ff    0x4e  Code  Gb  gpsAnalyser.o [1]
GPGSA_Analysis          0x0800b821    0x30  Code  Gb  gpsAnalyser.o [1]
GPGSV_Analysis          0x0800b4bf    0x40  Code  Gb  gpsAnalyser.o [1]
GPRMC_Analysis          0x0800b54d   0x2d4  Code  Gb  gpsAnalyser.o [1]
GPS_Analysis            0x0800b459    0x66  Code  Gb  gpsAnalyser.o [1]
GetAllModuleStu         0x0800d101     0x6  Code  Gb  moduleStatus.o [1]
GetAtStatus             0x0800c029     0x8  Code  Gb  gsmCtrl.o [1]
GetBipAndSendByDMA      0x08009493    0x14  Code  Gb  print_com.o [1]
GetBipAndSendByPolling  0x080094a7    0x18  Code  Gb  print_com.o [1]
GetCo                   0x0800bcbd     0x6  Code  Gb  dataHandler.o [1]
GetCoordLati            0x0800bcdb     0x6  Code  Gb  dataHandler.o [1]
GetCoordLong            0x0800bcd5     0x6  Code  Gb  dataHandler.o [1]
GetModuleStu            0x0800d0ed    0x14  Code  Gb  moduleStatus.o [1]
GetNo2                  0x0800bcc3     0x6  Code  Gb  dataHandler.o [1]
GetO3                   0x0800bccf     0x6  Code  Gb  dataHandler.o [1]
GetPm10                 0x0800bcb7     0x6  Code  Gb  dataHandler.o [1]
GetPm25                 0x0800bcb1     0x6  Code  Gb  dataHandler.o [1]
GetSo2                  0x0800bcc9     0x6  Code  Gb  dataHandler.o [1]
GetTempIn               0x0800bca1     0x8  Code  Gb  dataHandler.o [1]
GetTempOut              0x0800bc91     0x8  Code  Gb  dataHandler.o [1]
GetWetIn                0x0800bca9     0x8  Code  Gb  dataHandler.o [1]
GetWetOut               0x0800bc99     0x8  Code  Gb  dataHandler.o [1]
GpsBufInit              0x0800a0c7    0x3e  Code  Lc  gps.o [1]
GpsDataSendByIT         0x0800967b    0x14  Code  Gb  gps_dev.o [1]
GpsDeviceInit           0x0800a0b1    0x16  Code  Lc  gps.o [1]
GpsRecvDataFromISR      0x0800a12f    0xd2  Code  Gb  gps.o [1]
GpsSendSerialData       0x0800a105    0x1e  Code  Lc  gps.o [1]
GpsSendTestThread       0x08009fbb    0x22  Code  Lc  gps.o [1]
GpsThread               0x08009f69    0x52  Code  Lc  gps.o [1]
GpsUsartInit            0x0800963d    0x3e  Code  Gb  gps_dev.o [1]
GpsWaitForSendCplt      0x0800a123     0xc  Code  Gb  gps.o [1]
GsmDataSendByIT         0x08009797    0x14  Code  Gb  gsm_dev.o [1]
GsmDeviceInit           0x0800a4ab    0x16  Code  Lc  gsm.o [1]
GsmPowerDown            0x0800cfb3    0x10  Code  Gb  gsm_power_dev.o [1]
GsmPowerGpioInit        0x0800cf5d    0x46  Code  Gb  gsm_power_dev.o [1]
GsmPowerUp              0x0800cfa3    0x10  Code  Gb  gsm_power_dev.o [1]
GsmPowerUpDownOpt       0x0800c179    0x2a  Code  Gb  gsmCtrl.o [1]
GsmRecvDataFromISR      0x0800a4cd    0x44  Code  Gb  gsm.o [1]
GsmSendData             0x0800c301    0x16  Code  Gb  gsmCtrl.o [1]
GsmSendTestThread       0x0800a333    0x8a  Code  Lc  gsm.o [1]
GsmStartAndconect       0x0800c1eb   0x116  Code  Gb  gsmCtrl.o [1]
GsmStartup              0x0800c1a3    0x38  Code  Gb  gsmCtrl.o [1]
GsmStatusGet            0x0800c019     0x8  Code  Gb  gsmCtrl.o [1]
GsmStatusSet            0x0800c011     0x8  Code  Gb  gsmCtrl.o [1]
GsmThread               0x0800a281    0xb2  Code  Lc  gsm.o [1]
GsmUsartInit            0x08009759    0x3e  Code  Gb  gsm_dev.o [1]
GsmWaitCloseFlagClear   0x0800bff3     0xa  Code  Gb  gsmCtrl.o [1]
GsmWaitCloseFlagSet     0x0800bfe9     0xa  Code  Gb  gsmCtrl.o [1]
GsmWaitForReg           0x0800c1db    0x10  Code  Gb  gsmCtrl.o [1]
GsmWaitForSendCplt      0x0800a4c1     0xc  Code  Gb  gsm.o [1]
HAL_DMA_DeInit          0x0800913b    0x6c  Code  Gb  stm32f4xx_hal_dma.o [1]
HAL_DMA_IRQHandler      0x08009209   0x1dc  Code  Gb  stm32f4xx_hal_dma.o [1]
HAL_DMA_Init            0x080090b5    0x86  Code  Gb  stm32f4xx_hal_dma.o [1]
HAL_DMA_Start_IT        0x080091a7    0x62  Code  Gb  stm32f4xx_hal_dma.o [1]
HAL_Delay               0x08007e3f    0x1a  Code  Wk  stm32f4xx_hal.o [1]
HAL_GPIO_Init           0x080099fd   0x1ee  Code  Gb  stm32f4xx_hal_gpio.o [1]
HAL_GPIO_ReadPin        0x08009beb    0x18  Code  Gb  stm32f4xx_hal_gpio.o [1]
HAL_GPIO_TogglePin      0x08009c17     0xa  Code  Gb  stm32f4xx_hal_gpio.o [1]
HAL_GPIO_WritePin       0x08009c03    0x14  Code  Gb  stm32f4xx_hal_gpio.o [1]
HAL_GetREVID            0x08007e59     0x8  Code  Gb  stm32f4xx_hal.o [1]
HAL_GetTick             0x08007e39     0x6  Code  Wk  stm32f4xx_hal.o [1]
HAL_IncTick             0x08007e2d     0xc  Code  Wk  stm32f4xx_hal.o [1]
HAL_Init                0x08007dd9    0x2e  Code  Gb  stm32f4xx_hal.o [1]
HAL_InitTick            0x08007e09    0x24  Code  Wk  stm32f4xx_hal.o [1]
HAL_MspInit             0x08007e07     0x2  Code  Wk  stm32f4xx_hal.o [1]
HAL_NVIC_EnableIRQ      0x08007f6f     0xe  Code  Gb  stm32f4xx_hal_cortex.o [1]
HAL_NVIC_SetPriority    0x08007f49    0x26  Code  Gb  stm32f4xx_hal_cortex.o [1]
HAL_NVIC_SetPriorityGrouping
                        0x08007f3d     0xc  Code  Gb  stm32f4xx_hal_cortex.o [1]
HAL_RCC_ClockConfig     0x080082e1   0x18e  Code  Gb  stm32f4xx_hal_rcc.o [1]
HAL_RCC_GetHCLKFreq     0x08008519    0x2c  Code  Gb  stm32f4xx_hal_rcc.o [1]
HAL_RCC_GetPCLK1Freq    0x08008545    0x26  Code  Gb  stm32f4xx_hal_rcc.o [1]
HAL_RCC_GetPCLK2Freq    0x0800856b    0x26  Code  Gb  stm32f4xx_hal_rcc.o [1]
HAL_RCC_GetSysClockFreq
                        0x0800846f    0xaa  Code  Wk  stm32f4xx_hal_rcc.o [1]
HAL_RCC_OscConfig       0x08007fa9   0x338  Code  Wk  stm32f4xx_hal_rcc.o [1]
HAL_SD_GetStatus        0x0800723f    0x26  Code  Gb  stm32f4xx_hal_sd.o [1]
HAL_SD_Get_CardInfo     0x08006e17   0x35e  Code  Gb  stm32f4xx_hal_sd.o [1]
HAL_SD_IRQHandler       0x08006d5d    0xb6  Code  Gb  stm32f4xx_hal_sd.o [1]
HAL_SD_Init             0x080067dd    0xb6  Code  Gb  stm32f4xx_hal_sd.o [1]
HAL_SD_MspInit          0x08006893     0x2  Code  Wk  stm32f4xx_hal_sd.o [1]
HAL_SD_ReadBlocks       0x08006895   0x212  Code  Gb  stm32f4xx_hal_sd.o [1]
HAL_SD_StopTransfer     0x08007207    0x38  Code  Gb  stm32f4xx_hal_sd.o [1]
HAL_SD_WideBusOperation_Config
                        0x08007175    0x92  Code  Gb  stm32f4xx_hal_sd.o [1]
HAL_SD_WriteBlocks      0x08006aa7   0x2b6  Code  Gb  stm32f4xx_hal_sd.o [1]
HAL_SD_XferCpltCallback
                        0x08006e13     0x2  Code  Wk  stm32f4xx_hal_sd.o [1]
HAL_SD_XferErrorCallback
                        0x08006e15     0x2  Code  Wk  stm32f4xx_hal_sd.o [1]
HAL_SYSTICK_Config      0x08007f7d     0xc  Code  Gb  stm32f4xx_hal_cortex.o [1]
HAL_UART_CP15_ErrorCallback
                        0x080099fb     0x2  Code  Gb  cp15_dev.o [1]
HAL_UART_CP15_MspInit   0x08009933    0x9a  Code  Gb  cp15_dev.o [1]
HAL_UART_CP15_RxCpltCallback
                        0x080099ef     0xc  Code  Gb  cp15_dev.o [1]
HAL_UART_CP15_TxCpltCallback
                        0x080099e5     0xa  Code  Gb  cp15_dev.o [1]
HAL_UART_DBG_ErrorCallback
                        0x08009603     0x2  Code  Gb  print_com.o [1]
HAL_UART_DBG_MspInit    0x080094bf   0x12e  Code  Gb  print_com.o [1]
HAL_UART_DBG_RxCpltCallback
                        0x080095f7     0xc  Code  Gb  print_com.o [1]
HAL_UART_DBG_TxCpltCallback
                        0x080095ed     0xa  Code  Gb  print_com.o [1]
HAL_UART_ErrorCallback  0x08009061    0x44  Code  Gb  stm32f4xx_hal_msp.o [1]
HAL_UART_GPS_ErrorCallback
                        0x08009757     0x2  Code  Gb  gps_dev.o [1]
HAL_UART_GPS_MspInit    0x0800968f    0x9e  Code  Gb  gps_dev.o [1]
HAL_UART_GPS_RxCpltCallback
                        0x0800974b     0xc  Code  Gb  gps_dev.o [1]
HAL_UART_GPS_TxCpltCallback
                        0x08009741     0xa  Code  Gb  gps_dev.o [1]
HAL_UART_GSM_ErrorCallback
                        0x0800986f     0x2  Code  Gb  gsm_dev.o [1]
HAL_UART_GSM_MspInit    0x080097ab    0x9a  Code  Gb  gsm_dev.o [1]
HAL_UART_GSM_RxCpltCallback
                        0x08009863     0xc  Code  Gb  gsm_dev.o [1]
HAL_UART_GSM_TxCpltCallback
                        0x08009859     0xa  Code  Gb  gsm_dev.o [1]
HAL_UART_IRQHandler     0x08008871   0x16e  Code  Gb  stm32f4xx_hal_uart.o [1]
HAL_UART_Init           0x080085d5    0x76  Code  Gb  stm32f4xx_hal_uart.o [1]
HAL_UART_MspInit        0x08008f95    0x44  Code  Gb  stm32f4xx_hal_msp.o [1]
HAL_UART_Receive_IT     0x08008771    0x70  Code  Gb  stm32f4xx_hal_uart.o [1]
HAL_UART_RxCpltCallback
                        0x0800901d    0x44  Code  Gb  stm32f4xx_hal_msp.o [1]
HAL_UART_Transmit       0x0800864b    0xce  Code  Gb  stm32f4xx_hal_uart.o [1]
HAL_UART_Transmit_DMA   0x080087e1    0x90  Code  Gb  stm32f4xx_hal_uart.o [1]
HAL_UART_Transmit_IT    0x08008719    0x58  Code  Gb  stm32f4xx_hal_uart.o [1]
HAL_UART_TxCpltCallback
                        0x08008fd9    0x44  Code  Gb  stm32f4xx_hal_msp.o [1]
HAL_UART_TxHalfCpltCallback
                        0x080089df     0x2  Code  Wk  stm32f4xx_hal_uart.o [1]
HEAP$$Base              0x200085f0           --   Gb  - Linker created -
HEAP$$Limit             0x200089f0           --   Gb  - Linker created -
HandleGsmRecv           0x0800c401   0x178  Code  Gb  dataRecv.o [1]
HardFault_Handler       0x0800f4df     0x2  Code  Gb  stm32f4xx_it.o [1]
IsAtSuss                0x0800c0f3    0x1a  Code  Gb  gsmCtrl.o [1]
IsGsmRunning            0x0800c14f    0x2a  Code  Gb  gsmCtrl.o [1]
IsGsmWaitCloseFlag      0x0800bffd    0x14  Code  Gb  gsmCtrl.o [1]
IsTcpConnected          0x0800c10d    0x42  Code  Gb  gsmCtrl.o [1]
LedDeviceInit           0x0800efa3    0x16  Code  Lc  led.o [1]
LedGpioInit             0x0800efcd    0x46  Code  Gb  led_dev.o [1]
LedOff                  0x0800f013    0x10  Code  Gb  led_dev.o [1]
LedToggle               0x0800f023     0xe  Code  Gb  led_dev.o [1]
LfnOfs                  0x080107e0    0x10  Data  Lc  ff.o [1]
LoadInt                 0x0800d68d    0x4c  Code  Lc  xprintfsmall.o [3]
MN_Process              0x0800b89b    0x16  Code  Gb  gpsAnalyser.o [1]
MemManage_Handler       0x0800f4e1     0x2  Code  Gb  stm32f4xx_it.o [1]
MySDFatFs               0x2000730c   0x234  Data  Gb  osa_file.o [1]
NMI_Handler             0x0800f4dd     0x2  Code  Gb  stm32f4xx_it.o [1]
NVIC_EnableIRQ          0x08007e95    0x14  Code  Lc  stm32f4xx_hal_cortex.o [1]
NVIC_EncodePriority     0x08007ecf    0x3e  Code  Lc  stm32f4xx_hal_cortex.o [1]
NVIC_GetPriorityGrouping
                        0x08007e8b     0xa  Code  Lc  stm32f4xx_hal_cortex.o [1]
NVIC_SetPriority        0x08007ea9    0x26  Code  Lc  stm32f4xx_hal_cortex.o [1]
NVIC_SetPriorityGrouping
                        0x08007e6d    0x1e  Code  Lc  stm32f4xx_hal_cortex.o [1]
OSA_fileClose           0x0800e4d7    0x28  Code  Gb  osa_file.o [1]
OSA_fileDeInit          0x0800e3df    0x1e  Code  Gb  osa_file.o [1]
OSA_fileInit            0x0800e3ad    0x32  Code  Gb  osa_file.o [1]
OSA_fileOpen            0x0800e447    0x90  Code  Gb  osa_file.o [1]
OSA_fileRead            0x0800e535    0x58  Code  Gb  osa_file.o [1]
OSA_fileSeek            0x0800e5e5    0x32  Code  Gb  osa_file.o [1]
OSA_fileSync            0x0800e617    0x2c  Code  Gb  osa_file.o [1]
OSA_fileWrite           0x0800e58d    0x58  Code  Gb  osa_file.o [1]
OSA_getSdSize           0x0800e3fd    0x4a  Code  Gb  osa_file.o [1]
OSA_removeFile          0x0800e4ff    0x36  Code  Gb  osa_file.o [1]
PendSV_Handler          0x08006721          Code  Gb  portasm.o [1]
ProcessAdjust           0x0800c96f   0x1a4  Code  Gb  dataRecv.o [1]
ProcessAtResponse       0x0800a511    0x9e  Code  Gb  gsm.o [1]
ProcessChangeAddr       0x0800c68d    0x42  Code  Gb  dataRecv.o [1]
ProcessChangeGetModuleStatus
                        0x0800c747    0x1e  Code  Gb  dataRecv.o [1]
ProcessChangeReportInterval
                        0x0800c70b    0x3c  Code  Gb  dataRecv.o [1]
ProcessChangeSimpleInterval
                        0x0800c6cf    0x3c  Code  Gb  dataRecv.o [1]
ProcessConfig           0x0800cb19    0xdc  Code  Gb  dataRecv.o [1]
ProcessGetHardVersion   0x0800c84f    0xea  Code  Gb  dataRecv.o [1]
ProcessGetSoftVersion   0x0800c765    0xea  Code  Gb  dataRecv.o [1]
ProcessRecvData         0x0800c579    0x94  Code  Gb  dataRecv.o [1]
ProcessSavePower        0x0800c661    0x2c  Code  Gb  dataRecv.o [1]
ProcessServerCall       0x0800c639    0x28  Code  Gb  dataRecv.o [1]
ProcessServerResp       0x0800c94d    0x22  Code  Gb  dataRecv.o [1]
Region$$Table$$Base     0x0800fdfc           --   Gb  - Linker created -
Region$$Table$$Limit    0x0800fe20           --   Gb  - Linker created -
RunAm2302Thread         0x0800df2b    0xd6  Code  Lc  am2302.o [1]
RunLedThread            0x0800ef65    0x1c  Code  Lc  led.o [1]
SDIO_DataConfig         0x08007da1    0x2e  Code  Gb  stm32f4xx_ll_sdmmc.o [1]
SDIO_GetCommandResponse
                        0x08007d85     0x6  Code  Gb  stm32f4xx_ll_sdmmc.o [1]
SDIO_GetPowerState      0x08007d53     0x8  Code  Gb  stm32f4xx_ll_sdmmc.o [1]
SDIO_GetResponse        0x08007d8b    0x16  Code  Gb  stm32f4xx_ll_sdmmc.o [1]
SDIO_IRQHandler         0x0800f505     0x8  Code  Gb  stm32f4xx_it.o [1]
SDIO_Init               0x08007d09    0x2e  Code  Gb  stm32f4xx_ll_sdmmc.o [1]
SDIO_PowerState_ON      0x08007d49     0xa  Code  Gb  stm32f4xx_ll_sdmmc.o [1]
SDIO_ReadFIFO           0x08007d37     0x6  Code  Gb  stm32f4xx_ll_sdmmc.o [1]
SDIO_SendCommand        0x08007d5b    0x2a  Code  Gb  stm32f4xx_ll_sdmmc.o [1]
SDIO_WriteFIFO          0x08007d3d     0xc  Code  Gb  stm32f4xx_ll_sdmmc.o [1]
SD_CmdError             0x080075b1    0x4a  Code  Lc  stm32f4xx_hal_sd.o [1]
SD_CmdResp1Error        0x0800766f   0x114  Code  Lc  stm32f4xx_hal_sd.o [1]
SD_CmdResp2Error        0x080077b9    0x46  Code  Lc  stm32f4xx_hal_sd.o [1]
SD_CmdResp3Error        0x08007789    0x30  Code  Lc  stm32f4xx_hal_sd.o [1]
SD_CmdResp6Error        0x080077ff    0xa4  Code  Lc  stm32f4xx_hal_sd.o [1]
SD_CmdResp7Error        0x080075fb    0x74  Code  Lc  stm32f4xx_hal_sd.o [1]
SD_Driver               0x0801072c    0x14  Data  Gb  sd_diskio.o [1]
SD_FindSCR              0x08007a03   0x190  Code  Lc  stm32f4xx_hal_sd.o [1]
SD_GetState             0x08007265    0x24  Code  Lc  stm32f4xx_hal_sd.o [1]
SD_Initialize_Cards     0x08007289   0x118  Code  Lc  stm32f4xx_hal_sd.o [1]
SD_IsCardProgramming    0x08007b93   0x16a  Code  Lc  stm32f4xx_hal_sd.o [1]
SD_MspInit              0x0800e157   0x1ea  Code  Lc  407VE_sd.o [1]
SD_PowerON              0x080073db   0x176  Code  Lc  stm32f4xx_hal_sd.o [1]
SD_Select_Deselect      0x080073a1    0x3a  Code  Lc  stm32f4xx_hal_sd.o [1]
SD_SendStatus           0x08007553    0x5e  Code  Lc  stm32f4xx_hal_sd.o [1]
SD_WideBus_Disable      0x08007953    0xb0  Code  Lc  stm32f4xx_hal_sd.o [1]
SD_WideBus_Enable       0x080078a3    0xb0  Code  Lc  stm32f4xx_hal_sd.o [1]
SD_initialize           0x0800f039    0x24  Code  Gb  sd_diskio.o [1]
SD_ioctl                0x0800f0ed    0x6a  Code  Gb  sd_diskio.o [1]
SD_read                 0x0800f081    0x36  Code  Gb  sd_diskio.o [1]
SD_status               0x0800f05d    0x24  Code  Gb  sd_diskio.o [1]
SD_write                0x0800f0b7    0x36  Code  Gb  sd_diskio.o [1]
SVC_Handler             0x08006779          Code  Gb  portasm.o [1]
SendData                0x0800c317    0x6a  Code  Gb  gsmCtrl.o [1]
SendDataToServer        0x0800a5af    0x30  Code  Gb  gsm.o [1]
SendResponseToServer    0x0800a5df    0x30  Code  Gb  gsm.o [1]
SetAtStatus             0x0800c021     0x8  Code  Gb  gsmCtrl.o [1]
StartCP15Task           0x0800a73d    0xb2  Code  Gb  cp15.o [1]
StartGpsTask            0x08009fdd    0xd4  Code  Gb  gps.o [1]
StartGsmTask            0x0800a3bd    0xee  Code  Gb  gsm.o [1]
StartRunAm2302Task      0x0800e001    0x1e  Code  Gb  am2302.o [1]
StartRunLedTask         0x0800ef81    0x22  Code  Gb  led.o [1]
StartThread             0x0800ed3d    0xb4  Code  Lc  main.o [1]
Stat                    0x200000c4     0x1  Data  Lc  sd_diskio.o [1]
StdUsartInit            0x08009455    0x3e  Code  Gb  print_com.o [1]
StoreCoordInfo          0x0800bbe5    0xac  Code  Gb  dataHandler.o [1]
StoreGasInfo            0x0800baf9    0x76  Code  Gb  dataHandler.o [1]
StorePmInfo             0x0800bb6f    0x76  Code  Gb  dataHandler.o [1]
StoreWetTempInfo        0x0800ba1d    0xdc  Code  Gb  dataHandler.o [1]
SysTick_Config          0x08007f0d    0x30  Code  Lc  stm32f4xx_hal_cortex.o [1]
SysTick_Handler         0x0800f4e9     0xc  Code  Gb  stm32f4xx_it.o [1]
SystemClock_Config      0x0800edf1    0xa2  Code  Lc  main.o [1]
SystemCoreClock         0x200000b8     0x4  Data  Gb  system_stm32f4xx.o [1]
SystemInit              0x0800f551    0x4c  Code  Gb  system_stm32f4xx.o [1]
Tbl                     0x0800f35c   0x100  Data  Lc  unicode.o [1]
UART4_IRQHandler        0x0800f537     0xa  Code  Gb  stm32f4xx_it.o [1]
UART_DMAError           0x08008a25    0x2a  Code  Lc  stm32f4xx_hal_uart.o [1]
UART_DMATransmitCplt    0x080089e1    0x34  Code  Lc  stm32f4xx_hal_uart.o [1]
UART_DMATxHalfCplt      0x08008a15     0xe  Code  Lc  stm32f4xx_hal_uart.o [1]
UART_EndTransmit_IT     0x08008bab    0x20  Code  Lc  stm32f4xx_hal_uart.o [1]
UART_Receive_IT         0x08008bcb    0xac  Code  Lc  stm32f4xx_hal_uart.o [1]
UART_SetConfig          0x08008c77   0x312  Code  Lc  stm32f4xx_hal_uart.o [1]
UART_Transmit_IT        0x08008b3d    0x6e  Code  Lc  stm32f4xx_hal_uart.o [1]
UART_WaitOnFlagUntilTimeout
                        0x08008a4f    0xee  Code  Lc  stm32f4xx_hal_uart.o [1]
USART1_IRQHandler       0x0800f523     0xa  Code  Gb  stm32f4xx_it.o [1]
USART2_IRQHandler       0x0800f52d     0xa  Code  Gb  stm32f4xx_it.o [1]
USART3_IRQHandler       0x0800f519     0xa  Code  Gb  stm32f4xx_it.o [1]
UartHandle_cp15         0x20007e70    0x40  Data  Gb  cp15_dev.o [1]
UartHandle_dbg          0x20007f30    0x40  Data  Gb  print_com.o [1]
UartHandle_gps          0x20007eb0    0x40  Data  Gb  gps_dev.o [1]
UartHandle_gsm          0x20007ef0    0x40  Data  Gb  gsm_dev.o [1]
UsageFault_Handler      0x0800f4e5     0x2  Code  Gb  stm32f4xx_it.o [1]
_EncodingSb_Mbtowc      0x0800daf7    0x30  Code  Gb  xencoding_sb.o [3]
_EncodingSb_Wctomb      0x0800dadd    0x1a  Code  Gb  xencoding_sb.o [3]
_IsdstStr               0x20000004     0x4  Data  Gb  setlocale.o [3]
_LitobSmall             0x0800d8ff    0xce  Code  Lc  xprintfsmall.o [3]
_LocaleEncoding         0x0800dac9     0xe  Code  Gb  setlocale.o [3]
_LocaleReturnString     0x20000024    0x50  Data  Lc  setlocale.o [3]
_Locale_Profile         0x20000008    0x1c  Data  Gb  setlocale.o [3]
_Mbtowc                 0x0800da2b    0x20  Code  Gb  xmbtowc.o [3]
_PrintfSmall            0x0800d271   0x412  Code  Gb  xprintfsmall.o [3]
_Prout                  0x08010475    0x16  Code  Gb  xprout.o [3]
_PutcharsSmall          0x0800d9cd    0x2e  Code  Lc  xprintfsmall.o [3]
_PutstrSmall            0x0800d6d9   0x226  Code  Lc  xprintfsmall.o [3]
_SProut                 0x08002e5f     0xa  Code  Gb  xsprout.o [3]
_TzoneStr               0x20000000     0x4  Data  Gb  setlocale.o [3]
_Wctomb                 0x0800daaf    0x1a  Code  Gb  xwctomb.o [3]
__aeabi_memclr4         0x0800a6cd          Code  Gb  ABImemclr4.o [5]
__aeabi_memset          0x08006641          Code  Gb  ABImemset.o [5]
__cmain                 0x08010325          Code  Gb  cmain.o [5]
__data_GetMemChunk      0x080062f5    0x2c  Code  Gb  xgetmemchunk.o [3]
__exit                  0x080067c9    0x14  Code  Gb  exit.o [6]
__iar_Mbcurmax          0x0800daa5     0xa  Code  Gb  xmbcurmax.o [3]
__iar_Memchr            0x0800da4d          Code  Gb  memchr.o [5]
__iar_Memset            0x08006641          Code  Gb  ABImemset.o [5]
__iar_Memset4_word      0x0800cfdd          Code  Gb  ABImemset48.o [5]
__iar_Memset8_word      0x0800cfdd          Code  Gb  ABImemset48.o [5]
__iar_Memset_word       0x08006649          Code  Gb  ABImemset.o [5]
__iar_Stdout            0x20000074    0x40  Data  Gb  xfiles.o [3]
__iar_Strchr            0x0800da15          Code  Gb  strchr.o [5]
__iar_Strstr            0x0800d245    0x2c  Code  Gb  strstr.o [3]
__iar_copy_init3        0x0800f985    0x2c  Code  Gb  copy_init3.o [5]
__iar_data_init3        0x0800fbb9    0x28  Code  Gb  data_init.o [5]
__iar_dlfree            0x08004451   0x510  Code  Gb  dlmalloc.o [3]
__iar_dlib_perthread_access
                        0x0800db3d     0x2  Code  Gb  xtls.o [3]
__iar_dlmalloc          0x08004191   0x2b4  Code  Gb  dlmalloc.o [3]
__iar_init_vfp          0x0800fdd9          Code  Gb  fpinit_M.o [4]
[...]
_cp15_id                0x20008148     0x4  Data  Gb  cp15.o [1]
_cp15_recvcplt_sem_id   0x20008154     0x4  Data  Gb  cp15.o [1]
_cp15_send_test_id      0x2000814c     0x4  Data  Gb  cp15.o [1]
_cp15_sendcplt_sem_id   0x20008150     0x4  Data  Gb  cp15.o [1]
_exit                   0x08010349          Code  Gb  cexit.o [5]
_gm_                    0x20007750   0x1d8  Data  Lc  dlmalloc.o [3]
_gps_buf                0x20007540   0x210  Data  Gb  gps.o [1]
_gps_freq               0x200000c2     0x1  Data  Gb  gps.o [1]
_gps_id                 0x2000815c     0x4  Data  Gb  gps.o [1]
_gps_recvcplt_sem_id    0x20008168     0x4  Data  Gb  gps.o [1]
_gps_send_test_id       0x20008160     0x4  Data  Gb  gps.o [1]
_gps_sendcplt_sem_id    0x20008164     0x4  Data  Gb  gps.o [1]
_gsm_id                 0x2000816c     0x4  Data  Gb  gsm.o [1]
_gsm_recvcplt_sem_id    0x20008178     0x4  Data  Gb  gsm.o [1]
_gsm_rx_buf             0x20006cd8   0x400  Data  Gb  gsm.o [1]
_gsm_rx_ringbuf         0x200080d0    0x10  Data  Gb  gsm.o [1]
_gsm_rx_ringbuf_data    0x200068d8   0x400  Data  Gb  gsm.o [1]
_gsm_send_test_id       0x20008170     0x4  Data  Gb  gsm.o [1]
_gsm_sendcplt_sem_id    0x20008174     0x4  Data  Gb  gsm.o [1]
_gsm_status             0x20008180     0x4  Data  Gb  gsmCtrl.o [1]
_heap_sem_id            0x20008108     0x4  Data  Lc  AaMem.o [1]
_main                   0x0801033b          Code  Gb  cmain.o [5]
_mem_heap_buf           0x200040c8  0x2000  Data  Gb  CCSDaemon.o [1]
_p_bip_buffer           0x2000811c     0x4  Data  Lc  AaSysLogSystem.o [1]
_runAm2302_id           0x20008144     0x4  Data  Gb  am2302.o [1]
_runled_id              0x20008194     0x4  Data  Gb  led.o [1]
_serial_rx_ringbuf      0x200080c0    0x10  Data  Gb  AaShell.o [1]
_time_wait_close_flag   0x200081eb     0x1  Data  Gb  gsmCtrl.o [1]
abort                   0x080062ed     0x6  Code  Gb  abort.o [3]
aucCRCHi                0x0800f15c   0x100  Data  Lc  crc.o [1]
aucCRCLo                0x0800f25c   0x100  Data  Lc  crc.o [1]
check_fs                0x080017fd    0x82  Code  Lc  ff.o [1]
chk_chr                 0x080001df    0x14  Code  Lc  ff.o [1]
chk_lock                0x0800022d    0x9a  Code  Lc  ff.o [1]
clear_lock              0x0800043f    0x30  Code  Lc  ff.o [1]
clmt_clust              0x08000a3d    0x3e  Code  Lc  ff.o [1]
clust2sect              0x08000607    0x20  Code  Gb  ff.o [1]
cmp_lfn                 0x08000d7f    0x9e  Code  Lc  ff.o [1]
create_chain            0x0800093f    0xfe  Code  Lc  ff.o [1]
create_name             0x08001457   0x2ba  Code  Lc  ff.o [1]
dec_lock                0x080003e3    0x5c  Code  Lc  ff.o [1]
dir_alloc               0x08000ccf    0x6e  Code  Lc  ff.o [1]
dir_find                0x0800100f   0x12e  Code  Lc  ff.o [1]
dir_next                0x08000b57   0x178  Code  Lc  ff.o [1]
dir_read                0x0800113d   0x11e  Code  Lc  ff.o [1]
dir_register            0x0800125b   0x176  Code  Lc  ff.o [1]
dir_remove              0x080013d1    0x86  Code  Lc  ff.o [1]
dir_sdi                 0x08000a7b    0xdc  Code  Lc  ff.o [1]
disk                    0x200080e0     0xc  Data  Gb  ff_gen_drv.o [1]
disk_initialize         0x08002e8b    0x36  Code  Gb  diskio.o [1]
disk_ioctl              0x08002f31    0x2c  Code  Gb  diskio.o [1]
disk_read               0x08002ec1    0x38  Code  Gb  diskio.o [1]
disk_status             0x08002e69    0x22  Code  Gb  diskio.o [1]
disk_write              0x08002ef9    0x38  Code  Gb  diskio.o [1]
enq_lock                0x080002c7    0x28  Code  Lc  ff.o [1]
exit                    0x08010343     0x4  Code  Gb  exit.o [3]
f_close                 0x080026eb    0x48  Code  Gb  ff.o [1]
f_getfree               0x08002b83   0x13a  Code  Gb  ff.o [1]
f_lseek                 0x08002733   0x450  Code  Gb  ff.o [1]
f_mount                 0x08001d39    0x9a  Code  Gb  ff.o [1]
f_open                  0x08001df5   0x236  Code  Gb  ff.o [1]
f_read                  0x0800202b   0x2ba  Code  Gb  ff.o [1]
f_sync                  0x080025f9    0xf2  Code  Gb  ff.o [1]
f_unlink                0x08002cbd   0x128  Code  Gb  ff.o [1]
f_write                 0x080022e5   0x314  Code  Gb  ff.o [1]
ff_convert              0x08002f65    0x4e  Code  Gb  unicode.o [1]
ff_cre_syncobj          0x08002de5    0x28  Code  Gb  syscall.o [1]
ff_del_syncobj          0x08002e11     0xe  Code  Gb  syscall.o [1]
ff_memalloc             0x08002e47     0xc  Code  Gb  syscall.o [1]
ff_memfree              0x08002e53     0xc  Code  Gb  syscall.o [1]
ff_rel_grant            0x08002e3b     0xc  Code  Gb  syscall.o [1]
ff_req_grant            0x08002e1f    0x1c  Code  Gb  syscall.o [1]
ff_wtoupper             0x08002fb3    0x34  Code  Gb  unicode.o [1]
find_volume             0x08001885   0x45e  Code  Lc  ff.o [1]
fit_lfn                 0x08000e95    0x86  Code  Lc  ff.o [1]
follow_path             0x08001711    0x9c  Code  Lc  ff.o [1]
fputc                   0x08009605    0x18  Code  Gb  print_com.o [1]
gFileObj                0x200070d8   0x234  Data  Gb  osa_file.o [1]
g_co                    0x20007b98    0x58  Data  Gb  dataHandler.o [1]
g_config                0x20007e30    0x40  Data  Gb  config.o [1]
g_coord                 0x20008010    0x1c  Data  Gb  dataHandler.o [1]
g_moduleStatus          0x20008198     0x4  Data  Gb  moduleStatus.o [1]
g_no2                   0x20007bf0    0x58  Data  Gb  dataHandler.o [1]
g_o3                    0x20007ca0    0x58  Data  Gb  dataHandler.o [1]
g_pm10                  0x20007fe0    0x30  Data  Gb  dataHandler.o [1]
g_pm25                  0x20007fb0    0x30  Data  Gb  dataHandler.o [1]
g_sendBuf               0x200060c8   0x408  Data  Gb  dataHandler.o [1]
g_sendResponse          0x200064d0   0x408  Data  Gb  dataHandler.o [1]
g_so2                   0x20007c48    0x58  Data  Gb  dataHandler.o [1]
g_tempWetIn             0x20007da0    0x48  Data  Gb  dataHandler.o [1]
g_tempWetOut            0x20007de8    0x48  Data  Gb  dataHandler.o [1]
gen_numname             0x08000f21    0xd0  Code  Lc  ff.o [1]
get_fat                 0x08000627   0x11c  Code  Gb  ff.o [1]
get_fattime             0x08002f61     0x4  Code  Wk  diskio.o [1]
get_ldnumber            0x080017ad    0x50  Code  Lc  ff.o [1]
gps                     0x200079b4    0x7c  Data  Gb  gps.o [1]
heap_end                0x20008100     0x4  Data  Lc  AaMem.o [1]
heap_ptr                0x200080fc     0x4  Data  Lc  AaMem.o [1]
inHandlerMode           0x08003007    0x12  Code  Lc  cmsis_os.o [1]
inc_lock                0x080002ef    0xf4  Code  Lc  ff.o [1]
init_mparams            0x08003473    0x32  Code  Lc  dlmalloc.o [3]
init_top                0x080034a5    0x34  Code  Lc  dlmalloc.o [3]
ld_clust                0x08000d3d    0x2a  Code  Lc  ff.o [1]
lfree                   0x20008104     0x4  Data  Lc  AaMem.o [1]
lock_fs                 0x080001f3     0xe  Code  Lc  ff.o [1]
main                    0x0800ed15    0x28  Code  Gb  main.o [1]
makeFreeRtosPriority    0x08002ff5    0x12  Code  Lc  cmsis_os.o [1]
max_mem                 0x20008114     0x4  Data  Lc  AaMem.o [1]
mem_cmp                 0x080001bb    0x24  Code  Lc  ff.o [1]
mem_cpy                 0x08000189    0x1c  Code  Lc  ff.o [1]
mem_set                 0x080001a5    0x16  Code  Lc  ff.o [1]
mem_size_aligned        0x2000810c     0x4  Data  Lc  AaMem.o [1]
memchr                  0x0800da4d          Code  Gb  memchr.o [5]
move_window             0x080004d7    0x44  Code  Lc  ff.o [1]
mparams                 0x20008044    0x18  Data  Lc  dlmalloc.o [3]
mySDPath                0x2000819c     0x4  Data  Gb  osa_file.o [1]
obuf                    0x20007d50    0x50  Data  Lc  xfiles.o [3]
osDelay                 0x0800307b    0x1c  Code  Gb  cmsis_os.o [1]
osKernelStart           0x08003019     0xa  Code  Gb  cmsis_os.o [1]
osKernelSysTick         0x08003023    0x16  Code  Gb  cmsis_os.o [1]
osMessageCreate         0x0800337b    0x12  Code  Gb  cmsis_os.o [1]
osMessageGet            0x0800338d    0xb8  Code  Gb  cmsis_os.o [1]
osMutexCreate           0x0800316d     0xc  Code  Gb  cmsis_os.o [1]
osMutexRelease          0x080031ff    0x54  Code  Gb  cmsis_os.o [1]
osMutexWait             0x08003179    0x86  Code  Gb  cmsis_os.o [1]
osSemaphoreCreate       0x08003253    0x34  Code  Gb  cmsis_os.o [1]
osSemaphoreDelete       0x08003361    0x1a  Code  Gb  cmsis_os.o [1]
osSemaphoreRelease      0x0800330d    0x54  Code  Gb  cmsis_os.o [1]
osSemaphoreWait         0x08003287    0x86  Code  Gb  cmsis_os.o [1]
osSignalSet             0x08003097    0x58  Code  Gb  cmsis_os.o [1]
osSignalWait            0x080030ef    0x7e  Code  Gb  cmsis_os.o [1]
osSystickHandler        0x08003445    0x10  Code  Gb  cmsis_os.o [1]
osThreadCreate          0x08003039    0x3a  Code  Gb  cmsis_os.o [1]
osThreadGetId           0x08003073     0x8  Code  Gb  cmsis_os.o [1]
os_messageQ_def_aatag_msgbox
                        0x08010a20     0x8  Data  Lc  AaTag.o [1]
os_mutex_def_aasyslog_mutex
                        0x08010b14     0x4  Data  Lc  AaSysLogSystem.o [1]
os_mutex_def_aatag_mutex
                        0x08010b1c     0x4  Data  Lc  AaTag.o [1]
os_mutex_def_aathread_mutex
                        0x08010b20     0x4  Data  Lc  AaThread.o [1]
os_semaphore_def_aasyslog_sendcplt_sem
                        0x08010b18     0x4  Data  Lc  AaSysLogSystem.o [1]
os_semaphore_def_cp15_recvcplt_sem
                        0x08010b28     0x4  Data  Lc  cp15.o [1]
os_semaphore_def_cp15_sendcplt_sem
                        0x08010b24     0x4  Data  Lc  cp15.o [1]
os_semaphore_def_gps_recvcplt_sem
                        0x08010b34     0x4  Data  Lc  gps.o [1]
os_semaphore_def_gps_sendcplt_sem
                        0x08010b30     0x4  Data  Lc  gps.o [1]
os_semaphore_def_gsm_recvcplt_sem
                        0x08010b40     0x4  Data  Lc  gsm.o [1]
os_semaphore_def_gsm_sendcplt_sem
                        0x08010b3c     0x4  Data  Lc  gsm.o [1]
os_semaphore_def_heap_sem
                        0x08010b10     0x4  Data  Lc  AaMem.o [1]
pcInterruptPriorityRegisters
                        0x08010b48     0x4  Data  Lc  port.o [1]
pick_lfn                0x08000e1d    0x78  Code  Lc  ff.o [1]
plug_holes              0x0800ad11    0xbe  Code  Lc  AaMem.o [1]
prepend_alloc           0x080034d9   0x36c  Code  Lc  dlmalloc.o [3]
printf                  0x0800e74d    0x24  Code  Gb  printf.o [3]
prvAddCurrentTaskToDelayedList
                        0x080051d7    0x4e  Code  Lc  tasks.o [1]
prvAllocateTCBAndStack  0x0800522d    0x5a  Code  Lc  tasks.o [1]
prvCheckTasksWaitingTermination
                        0x08005171    0x66  Code  Lc  tasks.o [1]
prvCopyDataFromQueue    0x08005f8b    0x30  Code  Lc  queue.o [1]
prvCopyDataToQueue      0x08005ef3    0x98  Code  Lc  queue.o [1]
prvDeleteTCB            0x08005287    0x12  Code  Lc  tasks.o [1]
prvHeapInit             0x08006551    0x6e  Code  Lc  heap_4.o [1]
prvIdleTask             0x0800507d    0x26  Code  Lc  tasks.o [1]
prvInitialiseTCBVariables
                        0x080050a3    0x6c  Code  Lc  tasks.o [1]
prvInitialiseTaskLists  0x0800510f    0x58  Code  Lc  tasks.o [1]
prvInsertBlockIntoFreeList
                        0x080065bf    0x62  Code  Lc  heap_4.o [1]
prvIsQueueEmpty         0x08006025    0x20  Code  Lc  queue.o [1]
prvIsQueueFull          0x08006045    0x22  Code  Lc  queue.o [1]
prvResetNextTaskUnblockTime
                        0x08005299    0x2a  Code  Lc  tasks.o [1]
prvTaskExitError        0x080060b9    0x2a  Code  Lc  port.o [1]
prvUnlockQueue          0x08005fbb    0x6a  Code  Lc  queue.o [1]
put_fat                 0x08000743   0x178  Code  Gb  ff.o [1]
putchar                 0x0801048d     0xc  Code  Gb  putchar.o [3]
pvPortMalloc            0x080063c1   0x118  Code  Gb  heap_4.o [1]
pvTaskIncrementMutexHeldCount
                        0x08005465    0x1e  Code  Gb  tasks.o [1]
pxCurrentTCB            0x200081a8     0x4  Data  Gb  tasks.o [1]
pxDelayedTaskList       0x200081ac     0x4  Data  Lc  tasks.o [1]
pxEnd                   0x20008184     0x4  Data  Lc  heap_4.o [1]
pxOverflowDelayedTaskList
                        0x200081b0     0x4  Data  Lc  tasks.o [1]
pxPortInitialiseStack   0x08006095    0x24  Code  Gb  port.o [1]
pxReadyTasksLists       0x20007928    0x8c  Data  Lc  tasks.o [1]
recv_char               0x200081e4     0x1  Data  Lc  AaShell.o [1]
recv_char               0x200081e7     0x1  Data  Lc  gps.o [1]
recv_char               0x200081ea     0x1  Data  Lc  gsm.o [1]
remove_chain            0x080008bb    0x84  Code  Lc  ff.o [1]
ring_buffer_consume_enter
                        0x0800b341   0x116  Code  Gb  RingBufferUtils.o [1]
ring_buffer_init        0x0800b273    0x12  Code  Gb  RingBufferUtils.o [1]
ring_buffer_write       0x0800b285    0x9c  Code  Gb  RingBufferUtils.o [1]
ring_buffer_write_c     0x0800b321    0x20  Code  Gb  RingBufferUtils.o [1]
segment_holding         0x08003459    0x1a  Code  Lc  dlmalloc.o [3]
sprintf                 0x0800d049    0x34  Code  Gb  sprintf.o [3]
st_clust                0x08000d67    0x18  Code  Lc  ff.o [1]
strchr                  0x0800da15          Code  Gb  strchr.o [5]
stringToInt             0x0800c60d    0x2c  Code  Gb  dataRecv.o [1]
strlen                  0x0800d011          Code  Gb  strlen.o [5]
strstr                  0x0800cfcd    0x10  Code  Gb  gsmCtrl.o [1]
sum_sfn                 0x08000ff1    0x1e  Code  Lc  ff.o [1]
sync_fs                 0x0800051b    0xec  Code  Lc  ff.o [1]
sync_window             0x0800046f    0x68  Code  Lc  ff.o [1]
sys_alloc               0x08003845   0x386  Code  Lc  dlmalloc.o [3]
testFillData            0x0800b9c1    0x5c  Code  Gb  dataHandler.o [1]
tmalloc_large           0x08003bd9   0x39e  Code  Lc  dlmalloc.o [3]
tmalloc_small           0x08003f77   0x21a  Code  Lc  dlmalloc.o [3]
uSdCardInfo             0x20007a90    0x58  Data  Lc  407VE_sd.o [1]
uSdHandle               0x20007a30    0x60  Data  Lc  407VE_sd.o [1]
ucHeap                  0x200000c8  0x4000  Data  Lc  heap_4.o [1]
ucMaxSysCallPriority    0x200081ec     0x1  Data  Lc  port.o [1]
ulMaxPRIGROUPValue      0x200081a0     0x4  Data  Lc  port.o [1]
unlock_fs               0x08000201    0x2c  Code  Lc  ff.o [1]
usMBCRC16               0x0800d1c9    0x7c  Code  Gb  crc.o [1]
used_mem                0x20008110     0x4  Data  Lc  AaMem.o [1]
uwTick                  0x200081a4     0x4  Data  Gb  stm32f4xx_hal.o [1]
uxCriticalNesting       0x200000b4     0x4  Data  Lc  port.o [1]
uxCurrentNumberOfTasks  0x200081b8     0x4  Data  Lc  tasks.o [1]
uxListRemove            0x08006397    0x28  Code  Gb  list.o [1]
uxPendedTicks           0x200081c8     0x4  Data  Lc  tasks.o [1]
uxSchedulerSuspended    0x200081d8     0x4  Data  Lc  tasks.o [1]
uxTaskNumber            0x200081d4     0x4  Data  Lc  tasks.o [1]
uxTasksDeleted          0x200081b4     0x4  Data  Lc  tasks.o [1]
uxTopReadyPriority      0x200081c0     0x4  Data  Lc  tasks.o [1]
vListInitialise         0x08006321    0x1e  Code  Gb  list.o [1]
vListInitialiseItem     0x0800633f     0x6  Code  Gb  list.o [1]
vListInsert             0x0800635d    0x3a  Code  Gb  list.o [1]
vListInsertEnd          0x08006345    0x18  Code  Gb  list.o [1]
vPortEnableVFP          0x080067ad          Code  Gb  portasm.o [1]
vPortEnterCritical      0x080061af    0x3a  Code  Gb  port.o [1]
vPortExitCritical       0x080061e9    0x32  Code  Gb  port.o [1]
vPortFree               0x080064d9    0x78  Code  Gb  heap_4.o [1]
vPortSetupTimerInterrupt
                        0x08006247    0x1a  Code  Wk  port.o [1]
vPortStartFirstTask     0x08006795          Code  Gb  portasm.o [1]
vPortValidateInterruptPriority
                        0x08006261    0x4e  Code  Gb  port.o [1]
vQueueDelete            0x08005ecb    0x28  Code  Gb  queue.o [1]
vQueueUnregisterQueue   0x08006067    0x24  Code  Gb  queue.o [1]
vTaskDelay              0x08004aed    0x84  Code  Gb  tasks.o [1]
vTaskMissedYield        0x0800506b     0xa  Code  Gb  tasks.o [1]
vTaskPlaceOnEventList   0x08004ea9    0x76  Code  Gb  tasks.o [1]
vTaskPriorityInherit    0x080052f3    0xac  Code  Gb  tasks.o [1]
vTaskSetTimeOutState    0x08004fbd    0x26  Code  Gb  tasks.o [1]
vTaskStartScheduler     0x08004b71    0x62  Code  Gb  tasks.o [1]
vTaskSuspendAll         0x08004bd3    0x10  Code  Gb  tasks.o [1]
vTaskSwitchContext      0x08004e37    0x72  Code  Gb  tasks.o [1]
validate                0x08001ce3    0x56  Code  Lc  ff.o [1]
vsprintf                0x0800d07d    0x2c  Code  Gb  vsprintf.o [3]
xBlockAllocatedBit      0x20008190     0x4  Data  Lc  heap_4.o [1]
xDelayedTaskList1       0x2000805c    0x14  Data  Lc  tasks.o [1]
xDelayedTaskList2       0x20008070    0x14  Data  Lc  tasks.o [1]
xFreeBytesRemaining     0x20008188     0x4  Data  Lc  heap_4.o [1]
xHeapStructSize         0x08010b44     0x4  Data  Lc  heap_4.o [1]
xMinimumEverFreeBytesRemaining
                        0x2000818c     0x4  Data  Lc  heap_4.o [1]
xNextTaskUnblockTime    0x200000bc     0x4  Data  Lc  tasks.o [1]
xNumOfOverflows         0x200081d0     0x4  Data  Lc  tasks.o [1]
xPendingReadyList       0x20008084    0x14  Data  Lc  tasks.o [1]
xPortStartScheduler     0x080060e3    0xcc  Code  Gb  port.o [1]
xPortSysTickHandler     0x0800621b    0x2c  Code  Gb  port.o [1]
xQueueCreateCountingSemaphore
                        0x0800595b    0x58  Code  Gb  queue.o [1]
xQueueCreateMutex       0x080058eb    0x70  Code  Gb  queue.o [1]
xQueueGenericCreate     0x08005869    0x82  Code  Gb  queue.o [1]
xQueueGenericReceive    0x08005c3d   0x1cc  Code  Gb  queue.o [1]
xQueueGenericReset      0x080057d9    0x90  Code  Gb  queue.o [1]
xQueueGenericSend       0x080059b3   0x1b2  Code  Gb  queue.o [1]
xQueueGiveFromISR       0x08005b65    0xd8  Code  Gb  queue.o [1]
xQueueReceiveFromISR    0x08005e09    0xc2  Code  Gb  queue.o [1]
xQueueRegistry          0x20007f70    0x40  Data  Gb  queue.o [1]
xSchedulerRunning       0x200081c4     0x4  Data  Lc  tasks.o [1]
xStart                  0x200080f4     0x8  Data  Lc  heap_4.o [1]
xSuspendedTaskList      0x200080ac    0x14  Data  Lc  tasks.o [1]
xTaskCheckForTimeOut    0x08004fe3    0x88  Code  Gb  tasks.o [1]
xTaskGenericCreate      0x08004969   0x184  Code  Gb  tasks.o [1]
xTaskGenericNotify      0x08005581   0x100  Code  Gb  tasks.o [1]
xTaskGetCurrentTaskHandle
                        0x080052c3     0xa  Code  Gb  tasks.o [1]
xTaskGetSchedulerState  0x080052cd    0x26  Code  Gb  tasks.o [1]
xTaskGetTickCount       0x08004ce3     0xa  Code  Gb  tasks.o [1]
xTaskGetTickCountFromISR
                        0x08004ced    0x16  Code  Gb  tasks.o [1]
xTaskIncrementTick      0x08004d03   0x134  Code  Gb  tasks.o [1]
xTaskNotifyFromISR      0x08005685   0x116  Code  Gb  tasks.o [1]
xTaskNotifyWait         0x08005491    0xe6  Code  Gb  tasks.o [1]
xTaskPriorityDisinherit
                        0x080053a5    0xba  Code  Gb  tasks.o [1]
xTaskRemoveFromEventList
                        0x08004f1f    0x84  Code  Gb  tasks.o [1]
xTaskResumeAll          0x08004be3   0x100  Code  Gb  tasks.o [1]
xTasksWaitingTermination
                        0x20008098    0x14  Data  Lc  tasks.o [1]
xTickCount              0x200081bc     0x4  Data  Lc  tasks.o [1]
xYieldPending           0x200081cc     0x4  Data  Lc  tasks.o [1]


[1] = F:\mcu\stm32\项目\空气检测\code\trunk\FatFs_uSD_RTOS\EWARM\AirMonitor\Obj
[2] = command line
[3] = dl7M_tlf.a
[4] = m7M_tls.a
[5] = rt7M_tl.a
[6] = shb_l.a

  61 636 bytes of readonly  code memory
   7 288 bytes of readonly  data memory
  35 306 bytes of readwrite data memory

Errors: none
Warnings: none
