###############################################################################
#
# IAR ELF Linker V7.30.1.7746/W32 for ARM                 18/Jul/2016  02:44:18
# Copyright 2007-2014 IAR Systems AB.
#
#    Output file  =  
#        D:\HargicStudio\AirMonitor\svn\project\FatFs_uSD_RTOS\EWARM\AirMonitor\Exe\AirMonitor.out
#    Map file     =  
#        D:\HargicStudio\AirMonitor\svn\project\FatFs_uSD_RTOS\EWARM\AirMonitor\List\AirMonitor.map
#    Command line =  
#        D:\HargicStudio\AirMonitor\svn\project\FatFs_uSD_RTOS\EWARM\AirMonitor\Obj\407VE_sd.o
#        D:\HargicStudio\AirMonitor\svn\project\FatFs_uSD_RTOS\EWARM\AirMonitor\Obj\AaMem.o
#        D:\HargicStudio\AirMonitor\svn\project\FatFs_uSD_RTOS\EWARM\AirMonitor\Obj\AaShell.o
#        D:\HargicStudio\AirMonitor\svn\project\FatFs_uSD_RTOS\EWARM\AirMonitor\Obj\AaSysLogInterface.o
#        D:\HargicStudio\AirMonitor\svn\project\FatFs_uSD_RTOS\EWARM\AirMonitor\Obj\AaSysLogSystem.o
#        D:\HargicStudio\AirMonitor\svn\project\FatFs_uSD_RTOS\EWARM\AirMonitor\Obj\AaTag.o
#        D:\HargicStudio\AirMonitor\svn\project\FatFs_uSD_RTOS\EWARM\AirMonitor\Obj\AaThread.o
#        D:\HargicStudio\AirMonitor\svn\project\FatFs_uSD_RTOS\EWARM\AirMonitor\Obj\BipBuffer.o
#        D:\HargicStudio\AirMonitor\svn\project\FatFs_uSD_RTOS\EWARM\AirMonitor\Obj\CCSDaemon.o
#        D:\HargicStudio\AirMonitor\svn\project\FatFs_uSD_RTOS\EWARM\AirMonitor\Obj\cmsis_os.o
#        D:\HargicStudio\AirMonitor\svn\project\FatFs_uSD_RTOS\EWARM\AirMonitor\Obj\croutine.o
#        D:\HargicStudio\AirMonitor\svn\project\FatFs_uSD_RTOS\EWARM\AirMonitor\Obj\diskio.o
#        D:\HargicStudio\AirMonitor\svn\project\FatFs_uSD_RTOS\EWARM\AirMonitor\Obj\ff.o
#        D:\HargicStudio\AirMonitor\svn\project\FatFs_uSD_RTOS\EWARM\AirMonitor\Obj\ff_gen_drv.o
#        D:\HargicStudio\AirMonitor\svn\project\FatFs_uSD_RTOS\EWARM\AirMonitor\Obj\gps.o
#        D:\HargicStudio\AirMonitor\svn\project\FatFs_uSD_RTOS\EWARM\AirMonitor\Obj\gps_dev.o
#        D:\HargicStudio\AirMonitor\svn\project\FatFs_uSD_RTOS\EWARM\AirMonitor\Obj\heap_4.o
#        D:\HargicStudio\AirMonitor\svn\project\FatFs_uSD_RTOS\EWARM\AirMonitor\Obj\led.o
#        D:\HargicStudio\AirMonitor\svn\project\FatFs_uSD_RTOS\EWARM\AirMonitor\Obj\led_dev.o
#        D:\HargicStudio\AirMonitor\svn\project\FatFs_uSD_RTOS\EWARM\AirMonitor\Obj\list.o
#        D:\HargicStudio\AirMonitor\svn\project\FatFs_uSD_RTOS\EWARM\AirMonitor\Obj\main.o
#        D:\HargicStudio\AirMonitor\svn\project\FatFs_uSD_RTOS\EWARM\AirMonitor\Obj\port.o
#        D:\HargicStudio\AirMonitor\svn\project\FatFs_uSD_RTOS\EWARM\AirMonitor\Obj\portasm.o
#        D:\HargicStudio\AirMonitor\svn\project\FatFs_uSD_RTOS\EWARM\AirMonitor\Obj\print_com.o
#        D:\HargicStudio\AirMonitor\svn\project\FatFs_uSD_RTOS\EWARM\AirMonitor\Obj\queue.o
#        D:\HargicStudio\AirMonitor\svn\project\FatFs_uSD_RTOS\EWARM\AirMonitor\Obj\RingBufferUtils.o
#        D:\HargicStudio\AirMonitor\svn\project\FatFs_uSD_RTOS\EWARM\AirMonitor\Obj\sd_diskio.o
#        D:\HargicStudio\AirMonitor\svn\project\FatFs_uSD_RTOS\EWARM\AirMonitor\Obj\startup_stm32f407xx.o
#        D:\HargicStudio\AirMonitor\svn\project\FatFs_uSD_RTOS\EWARM\AirMonitor\Obj\stm32f4xx_hal.o
#        D:\HargicStudio\AirMonitor\svn\project\FatFs_uSD_RTOS\EWARM\AirMonitor\Obj\stm32f4xx_hal_cortex.o
#        D:\HargicStudio\AirMonitor\svn\project\FatFs_uSD_RTOS\EWARM\AirMonitor\Obj\stm32f4xx_hal_crc.o
#        D:\HargicStudio\AirMonitor\svn\project\FatFs_uSD_RTOS\EWARM\AirMonitor\Obj\stm32f4xx_hal_dma.o
#        D:\HargicStudio\AirMonitor\svn\project\FatFs_uSD_RTOS\EWARM\AirMonitor\Obj\stm32f4xx_hal_flash.o
#        D:\HargicStudio\AirMonitor\svn\project\FatFs_uSD_RTOS\EWARM\AirMonitor\Obj\stm32f4xx_hal_flash_ex.o
#        D:\HargicStudio\AirMonitor\svn\project\FatFs_uSD_RTOS\EWARM\AirMonitor\Obj\stm32f4xx_hal_gpio.o
#        D:\HargicStudio\AirMonitor\svn\project\FatFs_uSD_RTOS\EWARM\AirMonitor\Obj\stm32f4xx_hal_msp.o
#        D:\HargicStudio\AirMonitor\svn\project\FatFs_uSD_RTOS\EWARM\AirMonitor\Obj\stm32f4xx_hal_pwr.o
#        D:\HargicStudio\AirMonitor\svn\project\FatFs_uSD_RTOS\EWARM\AirMonitor\Obj\stm32f4xx_hal_rcc.o
#        D:\HargicStudio\AirMonitor\svn\project\FatFs_uSD_RTOS\EWARM\AirMonitor\Obj\stm32f4xx_hal_sd.o
#        D:\HargicStudio\AirMonitor\svn\project\FatFs_uSD_RTOS\EWARM\AirMonitor\Obj\stm32f4xx_hal_uart.o
#        D:\HargicStudio\AirMonitor\svn\project\FatFs_uSD_RTOS\EWARM\AirMonitor\Obj\stm32f4xx_hal_wwdg.o
#        D:\HargicStudio\AirMonitor\svn\project\FatFs_uSD_RTOS\EWARM\AirMonitor\Obj\stm32f4xx_it.o
#        D:\HargicStudio\AirMonitor\svn\project\FatFs_uSD_RTOS\EWARM\AirMonitor\Obj\stm32f4xx_ll_sdmmc.o
#        D:\HargicStudio\AirMonitor\svn\project\FatFs_uSD_RTOS\EWARM\AirMonitor\Obj\syscall.o
#        D:\HargicStudio\AirMonitor\svn\project\FatFs_uSD_RTOS\EWARM\AirMonitor\Obj\system_stm32f4xx.o
#        D:\HargicStudio\AirMonitor\svn\project\FatFs_uSD_RTOS\EWARM\AirMonitor\Obj\tasks.o
#        D:\HargicStudio\AirMonitor\svn\project\FatFs_uSD_RTOS\EWARM\AirMonitor\Obj\timers.o
#        D:\HargicStudio\AirMonitor\svn\project\FatFs_uSD_RTOS\EWARM\AirMonitor\Obj\unicode.o
#        --redirect _Printf=_PrintfSmall --redirect _Scanf=_ScanfSmall -o
#        D:\HargicStudio\AirMonitor\svn\project\FatFs_uSD_RTOS\EWARM\AirMonitor\Exe\AirMonitor.out
#        --map
#        D:\HargicStudio\AirMonitor\svn\project\FatFs_uSD_RTOS\EWARM\AirMonitor\List\AirMonitor.map
#        --config
#        D:\HargicStudio\AirMonitor\svn\project\FatFs_uSD_RTOS\EWARM\stm32f407xx_flash.icf
#        --semihosting --entry __iar_program_start --vfe
#
###############################################################################

*******************************************************************************
*** RUNTIME MODEL ATTRIBUTES
***

CppFlavor                     = *
__Heap_Handler                = DLMalloc
__SystemLibrary               = DLib
__dlib_dynamic_initialization = normal


*******************************************************************************
*** PLACEMENT SUMMARY
***

"A1":  place at 0x08000000 { ro section .intvec };
"P1":  place in [from 0x08000000 to 0x080fffff] { ro };
"P2":  place in [from 0x20000000 to 0x2001ffff] { rw, block CSTACK, block HEAP };

  Section             Kind        Address    Size  Object
  -------             ----        -------    ----  ------
"A1":                                       0x188
  .intvec             ro code  0x08000000   0x188  startup_stm32f407xx.o [1]
                             - 0x08000188   0x188

"P1":                                      0xd1f8
  .text               ro code  0x08000188  0x2a64  ff.o [1]
  .text               ro code  0x08002bec    0x7a  syscall.o [1]
  .text               ro code  0x08002c66    0x2e  copy_init3.o [5]
  .text               ro code  0x08002c94    0xfc  diskio.o [1]
  .text               ro code  0x08002d90    0x90  unicode.o [1]
  .text               ro code  0x08002e20   0x4cc  cmsis_os.o [1]
  .text               ro code  0x080032ec  0x1500  dlmalloc.o [3]
  .text               ro code  0x080047ec   0xe6c  tasks.o [1]
  .text               ro code  0x08005658   0x9a8  queue.o [1]
  .text               ro code  0x08006000   0x258  port.o [1]
  .text               ro code  0x08006258     0x6  abort.o [3]
  .text               ro code  0x0800625e    0x22  zero_init3.o [5]
  .text               ro code  0x08006280    0x2c  xgetmemchunk.o [3]
  .text               ro code  0x080062ac    0x9e  list.o [1]
  .text               ro code  0x0800634a     0xa  xsprout.o [3]
  .text               ro code  0x08006354   0x280  heap_4.o [1]
  .text               ro code  0x080065d4    0x66  ABImemset.o [5]
  .text               ro code  0x0800663c    0x76  ABImemcpy_unaligned.o [5]
  CODE                ro code  0x080066b4    0xa8  portasm.o [1]
  .text               ro code  0x0800675c    0x14  exit.o [6]
  .text               ro code  0x08006770  0x152c  stm32f4xx_hal_sd.o [1]
  .text               ro code  0x08007c9c    0xd0  stm32f4xx_ll_sdmmc.o [1]
  .text               ro code  0x08007d6c    0x94  stm32f4xx_hal.o [1]
  .text               ro code  0x08007e00   0x13c  stm32f4xx_hal_cortex.o [1]
  .text               ro code  0x08007f3c   0x614  stm32f4xx_hal_rcc.o [1]
  .text               ro code  0x08008550   0x9c0  stm32f4xx_hal_uart.o [1]
  .text               ro code  0x08008f10    0x98  stm32f4xx_hal_msp.o [1]
  .text               ro code  0x08008fa8   0x3a0  stm32f4xx_hal_dma.o [1]
  .text               ro code  0x08009348   0x1cc  print_com.o [1]
  .text               ro code  0x08009514   0x11c  gps_dev.o [1]
  .text               ro code  0x08009630   0x260  stm32f4xx_hal_gpio.o [1]
  .text               ro code  0x08009890   0x320  AaSysLogSystem.o [1]
  .text               ro code  0x08009bb0   0x230  AaShell.o [1]
  .text               ro code  0x08009de0   0x220  gps.o [1]
  .text               ro code  0x0800a000   0x190  AaSysLogInterface.o [1]
  .text               ro code  0x0800a190   0x18a  BipBuffer.o [1]
  .text               ro code  0x0800a31c   0x480  AaMem.o [1]
  .text               ro code  0x0800a79c   0x13a  AaThread.o [1]
  .text               ro code  0x0800a8d6   0x132  RingBufferUtils.o [1]
  .text               ro code  0x0800aa08    0x2a  strncmp.o [3]
  .text               ro code  0x0800aa34    0x36  strlen.o [5]
  .text               ro code  0x0800aa6c    0x34  sprintf.o [3]
  .text               ro code  0x0800aaa0    0x2c  vsprintf.o [3]
  .text               ro code  0x0800aacc    0x44  strcpy_unaligned.o [5]
  .text               ro code  0x0800ab10   0x7a4  xprintfsmall.o [3]
  .text               ro code  0x0800b2b4    0x20  xmbtowc.o [3]
  .text               ro code  0x0800b2d4    0x16  strchr.o [5]
  .text               ro code  0x0800b2ec    0x58  memchr.o [5]
  .text               ro code  0x0800b344     0xa  xmbcurmax.o [3]
  .text               ro code  0x0800b34e    0x1a  xwctomb.o [3]
  .text               ro code  0x0800b368    0x14  setlocale.o [3]
  .text               ro code  0x0800b37c    0x60  xencoding_sb.o [3]
  .text               ro code  0x0800b3dc     0x2  xtls.o [3]
  .text               ro code  0x0800b3e0   0x364  407VE_sd.o [1]
  .text               ro code  0x0800b744   0x26c  AaTag.o [1]
  .text               ro code  0x0800b9b0    0x42  strcmp_unaligned.o [5]
  .rodata             const    0x0800b9f4   0x1e0  unicode.o [1]
  .rodata             const    0x0800bbd4   0x1e0  unicode.o [1]
  .text               ro code  0x0800bdb4   0x1c2  main.o [1]
  .text               ro code  0x0800bf78   0x11c  CCSDaemon.o [1]
  .text               ro code  0x0800c094    0xcc  ff_gen_drv.o [1]
  .text               ro code  0x0800c160    0x78  led.o [1]
  .text               ro code  0x0800c1d8    0x6c  led_dev.o [1]
  .text               ro code  0x0800c244     0x6  ABImemclr4.o [5]
  .text               ro code  0x0800c24c    0x32  ABImemset48.o [5]
  .text               ro code  0x0800c280   0x124  sd_diskio.o [1]
  .rodata             const    0x0800c3a4   0x100  unicode.o [1]
  .rodata             const    0x0800c4a4    0x80  ff.o [1]
  .text               ro code  0x0800c524    0x6c  system_stm32f4xx.o [1]
  .text               ro code  0x0800c590    0x58  stm32f4xx_it.o [1]
  .rodata             const    0x0800c5e8    0x38  AaShell.o [1]
  .rodata             const    0x0800c620    0x30  AaShell.o [1]
  .rodata             const    0x0800c650    0x30  AaShell.o [1]
  .rodata             const    0x0800c680    0x30  AaSysLogSystem.o [1]
  .rodata             const    0x0800c6b0    0x30  gps.o [1]
  .rodata             const    0x0800c6e0    0x2c  AaShell.o [1]
  .rodata             const    0x0800c70c    0x2c  AaSysLogSystem.o [1]
  .rodata             const    0x0800c738    0x2c  AaSysLogSystem.o [1]
  .rodata             const    0x0800c764    0x2c  gps.o [1]
  .rodata             const    0x0800c790    0x2c  gps.o [1]
  .rodata             const    0x0800c7bc    0x28  AaSysLogSystem.o [1]
  .rodata             const    0x0800c7e4    0x28  AaSysLogSystem.o [1]
  .rodata             const    0x0800c80c    0x28  AaSysLogSystem.o [1]
  .rodata             const    0x0800c834    0x28  AaTag.o [1]
  .rodata             const    0x0800c85c    0x28  AaTag.o [1]
  .rodata             const    0x0800c884    0x28  AaTag.o [1]
  .rodata             const    0x0800c8ac    0x28  AaThread.o [1]
  .rodata             const    0x0800c8d4    0x28  gps.o [1]
  .text               ro code  0x0800c8fc    0x28  data_init.o [5]
  .rodata             const    0x0800c924    0x24  AaShell.o [1]
  .rodata             const    0x0800c948    0x24  AaShell.o [1]
  .rodata             const    0x0800c96c    0x24  CCSDaemon.o [1]
  .rodata             const    0x0800c990    0x24  gps.o [1]
  .rodata             const    0x0800c9b4    0x24  main.o [1]
  .text               ro code  0x0800c9d8    0x22  fpinit_M.o [4]
  .iar.init_table     const    0x0800c9fc    0x24  - Linker created -
  .rodata             const    0x0800ca20    0x20  AaMem.o [1]
  .rodata             const    0x0800ca40    0x20  AaMem.o [1]
  .rodata             const    0x0800ca60    0x20  AaSysLogSystem.o [1]
  .rodata             const    0x0800ca80    0x20  AaSysLogSystem.o [1]
  .rodata             const    0x0800caa0    0x20  AaSysLogSystem.o [1]
  .rodata             const    0x0800cac0    0x20  AaSysLogSystem.o [1]
  .rodata             const    0x0800cae0    0x20  AaSysLogSystem.o [1]
  .rodata             const    0x0800cb00    0x20  AaSysLogSystem.o [1]
  .rodata             const    0x0800cb20    0x20  AaSysLogSystem.o [1]
  .rodata             const    0x0800cb40    0x20  AaThread.o [1]
  .rodata             const    0x0800cb60    0x20  gps.o [1]
  .rodata             const    0x0800cb80    0x20  gps.o [1]
  .rodata             const    0x0800cba0    0x20  gps.o [1]
  .rodata             const    0x0800cbc0    0x20  led.o [1]
  .rodata             const    0x0800cbe0    0x1c  AaShell.o [1]
  .rodata             const    0x0800cbfc    0x1c  AaShell.o [1]
  .rodata             const    0x0800cc18    0x1c  AaSysLogSystem.o [1]
  .rodata             const    0x0800cc34    0x1c  AaTag.o [1]
  .rodata             const    0x0800cc50    0x1c  AaTag.o [1]
  .rodata             const    0x0800cc6c    0x1c  AaTag.o [1]
  .rodata             const    0x0800cc88    0x1c  AaTag.o [1]
  .rodata             const    0x0800cca4    0x1c  AaTag.o [1]
  .rodata             const    0x0800ccc0    0x1c  CCSDaemon.o [1]
  .rodata             const    0x0800ccdc    0x1c  CCSDaemon.o [1]
  .rodata             const    0x0800ccf8    0x1c  gps.o [1]
  .text               ro code  0x0800cd14    0x1a  cmain.o [5]
  .text               ro code  0x0800cd2e     0x4  low_level_init.o [3]
  .text               ro code  0x0800cd32     0x4  exit.o [3]
  .text               ro code  0x0800cd38     0xa  cexit.o [5]
  .rodata             const    0x0800cd44    0x18  AaShell.o [1]
  .rodata             const    0x0800cd5c    0x18  AaSysLogSystem.o [1]
  .rodata             const    0x0800cd74    0x18  AaSysLogSystem.o [1]
  .rodata             const    0x0800cd8c    0x18  AaTag.o [1]
  .rodata             const    0x0800cda4    0x18  CCSDaemon.o [1]
  .rodata             const    0x0800cdbc    0x18  CCSDaemon.o [1]
  .rodata             const    0x0800cdd4    0x18  ff.o [1]
  .rodata             const    0x0800cdec    0x18  ff.o [1]
  .rodata             const    0x0800ce04    0x18  gps.o [1]
  .rodata             const    0x0800ce1c    0x18  led.o [1]
  .rodata             const    0x0800ce34    0x14  AaMem.o [1]
  .rodata             const    0x0800ce48    0x14  AaMem.o [1]
  .rodata             const    0x0800ce5c    0x14  AaShell.o [1]
  .rodata             const    0x0800ce70    0x14  AaShell.o [1]
  .rodata             const    0x0800ce84    0x14  AaSysLogInterface.o [1]
  .rodata             const    0x0800ce98    0x14  AaSysLogSystem.o [1]
  .rodata             const    0x0800ceac    0x14  AaTag.o [1]
  .rodata             const    0x0800cec0    0x14  AaTag.o [1]
  .rodata             const    0x0800ced4    0x14  AaTag.o [1]
  .rodata             const    0x0800cee8    0x14  AaTag.o [1]
  .rodata             const    0x0800cefc    0x14  CCSDaemon.o [1]
  .rodata             const    0x0800cf10    0x14  ff.o [1]
  .rodata             const    0x0800cf24    0x14  ff.o [1]
  .rodata             const    0x0800cf38    0x14  gps.o [1]
  .rodata             const    0x0800cf4c    0x14  gps.o [1]
  .rodata             const    0x0800cf60    0x14  gps.o [1]
  .rodata             const    0x0800cf74    0x14  gps.o [1]
  .rodata             const    0x0800cf88    0x14  led.o [1]
  .rodata             const    0x0800cf9c    0x14  main.o [1]
  .rodata             const    0x0800cfb0    0x14  sd_diskio.o [1]
  .rodata             const    0x0800cfc4    0x10  AaShell.o [1]
  .rodata             const    0x0800cfd4    0x10  AaShell.o [1]
  .rodata             const    0x0800cfe4    0x10  AaSysLogSystem.o [1]
  .rodata             const    0x0800cff4    0x10  AaSysLogSystem.o [1]
  .rodata             const    0x0800d004    0x10  AaThread.o [1]
  .rodata             const    0x0800d014    0x10  CCSDaemon.o [1]
  .rodata             const    0x0800d024    0x10  ff.o [1]
  .rodata             const    0x0800d034    0x10  gps.o [1]
  .rodata             const    0x0800d044    0x10  led.o [1]
  .rodata             const    0x0800d054    0x10  stm32f4xx_hal_rcc.o [1]
  .text               ro code  0x0800d064    0x10  startup_stm32f407xx.o [1]
  .rodata             const    0x0800d074     0xc  AaShell.o [1]
  .rodata             const    0x0800d080     0xc  AaTag.o [1]
  .rodata             const    0x0800d08c     0xc  AaTag.o [1]
  .rodata             const    0x0800d098     0xc  CCSDaemon.o [1]
  .rodata             const    0x0800d0a4     0xc  CCSDaemon.o [1]
  .rodata             const    0x0800d0b0     0xc  ff.o [1]
  .rodata             const    0x0800d0bc     0xc  ff.o [1]
  .rodata             const    0x0800d0c8     0xc  gps.o [1]
  .rodata             const    0x0800d0d4     0xc  gps.o [1]
  .rodata             const    0x0800d0e0     0xc  gps.o [1]
  .rodata             const    0x0800d0ec     0xc  main.o [1]
  .rodata             const    0x0800d0f8     0xc  main.o [1]
  .text               ro code  0x0800d104     0xc  cstartup_M.o [5]
  .rodata             const    0x0800d110     0x8  AaMem.o [1]
  .rodata             const    0x0800d118     0x8  AaShell.o [1]
  .rodata             const    0x0800d120     0x8  AaShell.o [1]
  .rodata             const    0x0800d128     0x8  AaShell.o [1]
  .rodata             const    0x0800d130     0x8  AaSysLogInterface.o [1]
  .rodata             const    0x0800d138     0x8  AaSysLogSystem.o [1]
  .rodata             const    0x0800d140     0x8  AaTag.o [1]
  .rodata             const    0x0800d148     0x8  AaTag.o [1]
  .rodata             const    0x0800d150     0x8  AaThread.o [1]
  .rodata             const    0x0800d158     0x8  CCSDaemon.o [1]
  .rodata             const    0x0800d160     0x8  CCSDaemon.o [1]
  .rodata             const    0x0800d168     0x8  ff.o [1]
  .rodata             const    0x0800d170     0x8  gps.o [1]
  .rodata             const    0x0800d178     0x8  gps.o [1]
  .rodata             const    0x0800d180     0x8  led.o [1]
  .rodata             const    0x0800d188     0x8  led.o [1]
  .rodata             const    0x0800d190     0x8  stm32f4xx_hal_dma.o [1]
  .rodata             const    0x0800d198     0x8  tasks.o [1]
  .rodata             const    0x0800d1a0     0x4  AaMem.o [1]
  .rodata             const    0x0800d1a4     0x4  AaShell.o [1]
  .rodata             const    0x0800d1a8     0x4  AaSysLogSystem.o [1]
  .rodata             const    0x0800d1ac     0x4  AaSysLogSystem.o [1]
  .rodata             const    0x0800d1b0     0x4  AaTag.o [1]
  .rodata             const    0x0800d1b4     0x4  AaThread.o [1]
  .rodata             const    0x0800d1b8     0x4  gps.o [1]
  .rodata             const    0x0800d1bc     0x4  gps.o [1]
  .rodata             const    0x0800d1c0     0x4  gps.o [1]
  .rodata             const    0x0800d1c4     0x4  heap_4.o [1]
  .rodata             const    0x0800d1c8     0x4  port.o [1]
  .rodata             const    0x0800d1cc     0x4  syscall.o [1]
  .text               ro code  0x0800d1d0     0x4  startup_stm32f407xx.o [1]
  .text               ro code  0x0800d1d4     0x4  startup_stm32f407xx.o [1]
  .text               ro code  0x0800d1d8     0x4  startup_stm32f407xx.o [1]
  .text               ro code  0x0800d1dc     0x4  startup_stm32f407xx.o [1]
  .text               ro code  0x0800d1e0     0x4  startup_stm32f407xx.o [1]
  .text               ro code  0x0800d1e4     0x4  startup_stm32f407xx.o [1]
  .text               ro code  0x0800d1e8     0x4  startup_stm32f407xx.o [1]
  .text               ro code  0x0800d1ec     0x4  startup_stm32f407xx.o [1]
  .text               ro code  0x0800d1f0     0x4  startup_stm32f407xx.o [1]
  .text               ro code  0x0800d1f4     0x4  startup_stm32f407xx.o [1]
  .text               ro code  0x0800d1f8     0x4  startup_stm32f407xx.o [1]
  .text               ro code  0x0800d1fc     0x4  startup_stm32f407xx.o [1]
  .text               ro code  0x0800d200     0x4  startup_stm32f407xx.o [1]
  .text               ro code  0x0800d204     0x4  startup_stm32f407xx.o [1]
  .text               ro code  0x0800d208     0x4  startup_stm32f407xx.o [1]
  .text               ro code  0x0800d20c     0x4  startup_stm32f407xx.o [1]
  .text               ro code  0x0800d210     0x4  startup_stm32f407xx.o [1]
  .text               ro code  0x0800d214     0x4  startup_stm32f407xx.o [1]
  .text               ro code  0x0800d218     0x4  startup_stm32f407xx.o [1]
  .text               ro code  0x0800d21c     0x4  startup_stm32f407xx.o [1]
  .text               ro code  0x0800d220     0x4  startup_stm32f407xx.o [1]
  .text               ro code  0x0800d224     0x4  startup_stm32f407xx.o [1]
  .text               ro code  0x0800d228     0x4  startup_stm32f407xx.o [1]
  .text               ro code  0x0800d22c     0x4  startup_stm32f407xx.o [1]
  .text               ro code  0x0800d230     0x4  startup_stm32f407xx.o [1]
  .text               ro code  0x0800d234     0x4  startup_stm32f407xx.o [1]
  .text               ro code  0x0800d238     0x4  startup_stm32f407xx.o [1]
  .text               ro code  0x0800d23c     0x4  startup_stm32f407xx.o [1]
  .text               ro code  0x0800d240     0x4  startup_stm32f407xx.o [1]
  .text               ro code  0x0800d244     0x4  startup_stm32f407xx.o [1]
  .text               ro code  0x0800d248     0x4  startup_stm32f407xx.o [1]
  .text               ro code  0x0800d24c     0x4  startup_stm32f407xx.o [1]
  .text               ro code  0x0800d250     0x4  startup_stm32f407xx.o [1]
  .text               ro code  0x0800d254     0x4  startup_stm32f407xx.o [1]
  .text               ro code  0x0800d258     0x4  startup_stm32f407xx.o [1]
  .text               ro code  0x0800d25c     0x4  startup_stm32f407xx.o [1]
  .text               ro code  0x0800d260     0x4  startup_stm32f407xx.o [1]
  .text               ro code  0x0800d264     0x4  startup_stm32f407xx.o [1]
  .text               ro code  0x0800d268     0x4  startup_stm32f407xx.o [1]
  .text               ro code  0x0800d26c     0x4  startup_stm32f407xx.o [1]
  .text               ro code  0x0800d270     0x4  startup_stm32f407xx.o [1]
  .text               ro code  0x0800d274     0x4  startup_stm32f407xx.o [1]
  .text               ro code  0x0800d278     0x4  startup_stm32f407xx.o [1]
  .text               ro code  0x0800d27c     0x4  startup_stm32f407xx.o [1]
  .text               ro code  0x0800d280     0x4  startup_stm32f407xx.o [1]
  .text               ro code  0x0800d284     0x4  startup_stm32f407xx.o [1]
  .text               ro code  0x0800d288     0x4  startup_stm32f407xx.o [1]
  .text               ro code  0x0800d28c     0x4  startup_stm32f407xx.o [1]
  .text               ro code  0x0800d290     0x4  startup_stm32f407xx.o [1]
  .text               ro code  0x0800d294     0x4  startup_stm32f407xx.o [1]
  .text               ro code  0x0800d298     0x4  startup_stm32f407xx.o [1]
  .text               ro code  0x0800d29c     0x4  startup_stm32f407xx.o [1]
  .text               ro code  0x0800d2a0     0x4  startup_stm32f407xx.o [1]
  .text               ro code  0x0800d2a4     0x4  startup_stm32f407xx.o [1]
  .text               ro code  0x0800d2a8     0x4  startup_stm32f407xx.o [1]
  .text               ro code  0x0800d2ac     0x4  startup_stm32f407xx.o [1]
  .text               ro code  0x0800d2b0     0x4  startup_stm32f407xx.o [1]
  .text               ro code  0x0800d2b4     0x4  startup_stm32f407xx.o [1]
  .text               ro code  0x0800d2b8     0x4  startup_stm32f407xx.o [1]
  .text               ro code  0x0800d2bc     0x4  startup_stm32f407xx.o [1]
  .text               ro code  0x0800d2c0     0x4  startup_stm32f407xx.o [1]
  .text               ro code  0x0800d2c4     0x4  startup_stm32f407xx.o [1]
  .text               ro code  0x0800d2c8     0x4  startup_stm32f407xx.o [1]
  .text               ro code  0x0800d2cc     0x4  startup_stm32f407xx.o [1]
  .text               ro code  0x0800d2d0     0x4  startup_stm32f407xx.o [1]
  .text               ro code  0x0800d2d4     0x4  startup_stm32f407xx.o [1]
  .text               ro code  0x0800d2d8     0x4  startup_stm32f407xx.o [1]
  .text               ro code  0x0800d2dc     0x4  startup_stm32f407xx.o [1]
  .text               ro code  0x0800d2e0     0x4  startup_stm32f407xx.o [1]
  .text               ro code  0x0800d2e4     0x4  startup_stm32f407xx.o [1]
  .text               ro code  0x0800d2e8     0x4  startup_stm32f407xx.o [1]
  .text               ro code  0x0800d2ec     0x4  startup_stm32f407xx.o [1]
  .text               ro code  0x0800d2f0     0x4  startup_stm32f407xx.o [1]
  .text               ro code  0x0800d2f4     0x4  startup_stm32f407xx.o [1]
  .text               ro code  0x0800d2f8     0x4  startup_stm32f407xx.o [1]
  .rodata             const    0x0800d2fc     0x0  zero_init3.o [5]
  .rodata             const    0x0800d2fc     0x0  copy_init3.o [5]
  Initializer bytes   ro data  0x0800d2fc    0x84  <for P2 s0>
                             - 0x0800d380  0xd1f8

"P2":                                      0x74a8
  P2 s0                        0x20000000    0x84  <Init block>
    __DLIB_PERTHREAD  inited   0x20000000    0x74  setlocale.o [3]
    .data             inited   0x20000074     0x4  port.o [1]
    .data             inited   0x20000078     0x4  system_stm32f4xx.o [1]
    .data             inited   0x2000007c     0x4  tasks.o [1]
    .data             inited   0x20000080     0x1  sd_diskio.o [1]
  .bss                zero     0x20000084  0x4000  heap_4.o [1]
  .bss                zero     0x20004084  0x2000  CCSDaemon.o [1]
  .bss                zero     0x20006084   0x234  main.o [1]
  .bss                zero     0x200062b8   0x22c  main.o [1]
  .bss                zero     0x200064e4   0x1d8  dlmalloc.o [3]
  .bss                zero     0x200066bc   0x100  gps.o [1]
  .bss                zero     0x200067bc    0x8c  tasks.o [1]
  .bss                zero     0x20006848    0x60  407VE_sd.o [1]
  .bss                zero     0x200068a8    0x14  tasks.o [1]
  .bss                zero     0x200068c0    0x58  407VE_sd.o [1]
  .bss                zero     0x20006918    0x58  407VE_sd.o [1]
  .bss                zero     0x20006970    0x58  407VE_sd.o [1]
  .bss                zero     0x200069c8    0x58  print_com.o [1]
  .bss                zero     0x20006a20    0x40  AaShell.o [1]
  .bss                zero     0x20006a60    0x40  gps_dev.o [1]
  .bss                zero     0x20006aa0    0x40  print_com.o [1]
  .bss                zero     0x20006ae0    0x40  queue.o [1]
  .bss                zero     0x20006b20    0x18  ff.o [1]
  .bss                zero     0x20006b38    0x18  dlmalloc.o [3]
  .bss                zero     0x20006b50    0x14  tasks.o [1]
  .bss                zero     0x20006b64    0x14  tasks.o [1]
  .bss                zero     0x20006b78    0x14  tasks.o [1]
  .bss                zero     0x20006b8c    0x14  tasks.o [1]
  .bss                zero     0x20006ba0    0x10  AaShell.o [1]
  .bss                zero     0x20006bb0    0x10  gps.o [1]
  .bss                zero     0x20006bc0     0xc  ff_gen_drv.o [1]
  .bss                zero     0x20006bcc     0x8  AaSysLogSystem.o [1]
  .bss                zero     0x20006bd4     0x8  heap_4.o [1]
  .bss                zero     0x20006bdc     0x4  AaMem.o [1]
  .bss                zero     0x20006be0     0x4  AaMem.o [1]
  .bss                zero     0x20006be4     0x4  AaMem.o [1]
  .bss                zero     0x20006be8     0x4  AaMem.o [1]
  .bss                zero     0x20006bec     0x4  AaMem.o [1]
  .bss                zero     0x20006bf0     0x4  AaMem.o [1]
  .bss                zero     0x20006bf4     0x4  AaMem.o [1]
  .bss                zero     0x20006bf8     0x4  AaShell.o [1]
  .bss                zero     0x20006bfc     0x4  AaShell.o [1]
  .bss                zero     0x20006c00     0x4  AaSysLogSystem.o [1]
  .bss                zero     0x20006c04     0x4  AaSysLogSystem.o [1]
  .bss                zero     0x20006c08     0x4  AaSysLogSystem.o [1]
  .bss                zero     0x20006c0c     0x4  AaSysLogSystem.o [1]
  .bss                zero     0x20006c10     0x4  AaSysLogSystem.o [1]
  .bss                zero     0x20006c14     0x4  AaTag.o [1]
  .bss                zero     0x20006c18     0x4  AaTag.o [1]
  .bss                zero     0x20006c1c     0x4  AaTag.o [1]
  .bss                zero     0x20006c20     0x4  AaTag.o [1]
  .bss                zero     0x20006c24     0x4  AaThread.o [1]
  .bss                zero     0x20006c28     0x4  AaThread.o [1]
  .bss                zero     0x20006c2c     0x4  CCSDaemon.o [1]
  .bss                zero     0x20006c30     0x4  ff.o [1]
  .bss                zero     0x20006c34     0x4  gps.o [1]
  .bss                zero     0x20006c38     0x4  gps.o [1]
  .bss                zero     0x20006c3c     0x4  gps.o [1]
  .bss                zero     0x20006c40     0x4  gps.o [1]
  .bss                zero     0x20006c44     0x4  heap_4.o [1]
  .bss                zero     0x20006c48     0x4  heap_4.o [1]
  .bss                zero     0x20006c4c     0x4  heap_4.o [1]
  .bss                zero     0x20006c50     0x4  heap_4.o [1]
  .bss                zero     0x20006c54     0x4  led.o [1]
  .bss                zero     0x20006c58     0x4  main.o [1]
  .bss                zero     0x20006c5c     0x4  port.o [1]
  .bss                zero     0x20006c60     0x4  stm32f4xx_hal.o [1]
  .bss                zero     0x20006c64     0x4  tasks.o [1]
  .bss                zero     0x20006c68     0x4  tasks.o [1]
  .bss                zero     0x20006c6c     0x4  tasks.o [1]
  .bss                zero     0x20006c70     0x4  tasks.o [1]
  .bss                zero     0x20006c74     0x4  tasks.o [1]
  .bss                zero     0x20006c78     0x4  tasks.o [1]
  .bss                zero     0x20006c7c     0x4  tasks.o [1]
  .bss                zero     0x20006c80     0x4  tasks.o [1]
  .bss                zero     0x20006c84     0x4  tasks.o [1]
  .bss                zero     0x20006c88     0x4  tasks.o [1]
  .bss                zero     0x20006c8c     0x4  tasks.o [1]
  .bss                zero     0x20006c90     0x4  tasks.o [1]
  .bss                zero     0x20006c94     0x4  tasks.o [1]
  .bss                zero     0x20006c98     0x4  xgetmemchunk.o [3]
  .bss                zero     0x20006c9c     0x2  ff.o [1]
  .bss                zero     0x20006c9e     0x1  AaShell.o [1]
  .bss                zero     0x20006c9f     0x1  AaSysLogInterface.o [1]
  .bss                zero     0x20006ca0     0x1  AaSysLogInterface.o [1]
  .bss                zero     0x20006ca1     0x1  gps.o [1]
  .bss                zero     0x20006ca2     0x1  port.o [1]
  CSTACK                       0x20006ca8   0x400  <Block>
    CSTACK            uninit   0x20006ca8   0x400  <Block tail>
  HEAP                         0x200070a8   0x400  <Block>
    HEAP              uninit   0x200070a8   0x400  <Block tail>
                             - 0x200074a8  0x74a8


*******************************************************************************
*** INIT TABLE
***

          Address     Size
          -------     ----
Zero (__iar_zero_init3)
    1 destination range, total size 0x6c1f:
          0x20000084  0x6c1f

Copy (__iar_copy_init3)
    1 source range, total size 0x84 (102% of destination):
          0x0800d2fc    0x84
    1 destination range, total size 0x81:
          0x20000000    0x81



*******************************************************************************
*** MODULE SUMMARY
***

    Module                  ro code  ro data  rw data
    ------                  -------  -------  -------
D:\HargicStudio\AirMonitor\svn\project\FatFs_uSD_RTOS\EWARM\AirMonitor\Obj: [1]
    407VE_sd.o                  868               360
    AaMem.o                   1 152      116       28
    AaShell.o                   560      460       89
    AaSysLogInterface.o         400       28        2
    AaSysLogSystem.o            800      624       28
    AaTag.o                     620      408       16
    AaThread.o                  314      100        8
    BipBuffer.o                 394
    CCSDaemon.o                 284      216    8 196
    RingBufferUtils.o           306
    cmsis_os.o                1 228
    diskio.o                    252
    ff.o                     10 852      264       30
    ff_gen_drv.o                204                12
    gps.o                       544      520      289
    gps_dev.o                   284                64
    heap_4.o                    640        4   16 408
    led.o                       120      108        4
    led_dev.o                   108
    list.o                      158
    main.o                      450       80    1 124
    port.o                      600        8        9
    portasm.o                   168
    print_com.o                 460               152
    queue.o                   2 472                64
    sd_diskio.o                 292       21        1
    startup_stm32f407xx.o       708
    stm32f4xx_hal.o             148                 4
    stm32f4xx_hal_cortex.o      316
    stm32f4xx_hal_dma.o         928        8
    stm32f4xx_hal_gpio.o        608
    stm32f4xx_hal_msp.o         152
    stm32f4xx_hal_rcc.o       1 556       16
    stm32f4xx_hal_sd.o        5 420
    stm32f4xx_hal_uart.o      2 496
    stm32f4xx_it.o               88
    stm32f4xx_ll_sdmmc.o        208
    syscall.o                   122        4
    system_stm32f4xx.o          108        4        4
    tasks.o                   3 692       12      296
    unicode.o                   144    1 216
    -------------------------------------------------
    Total:                   41 224    4 217   27 188

command line: [2]
    -------------------------------------------------
    Total:

dl7M_tlf.a: [3]
    abort.o                       6
    dlmalloc.o                5 376               496
    exit.o                        4
    low_level_init.o              4
    setlocale.o                  20      116      116
    sprintf.o                    52
    strncmp.o                    42
    vsprintf.o                   44
    xencoding_sb.o               96
    xgetmemchunk.o               44                 4
    xmbcurmax.o                  10
    xmbtowc.o                    32
    xprintfsmall.o            1 956
    xsprout.o                    10
    xtls.o                        2
    xwctomb.o                    26
    -------------------------------------------------
    Total:                    7 724      116      616

m7M_tlv.a: [4]
    fpinit_M.o                   34
    -------------------------------------------------
    Total:                       34

rt7M_tl.a: [5]
    ABImemclr4.o                  6
    ABImemcpy_unaligned.o       118
    ABImemset.o                 102
    ABImemset48.o                50
    cexit.o                      10
    cmain.o                      26
    copy_init3.o                 46
    cstartup_M.o                 12
    data_init.o                  40
    memchr.o                     88
    strchr.o                     22
    strcmp_unaligned.o           66
    strcpy_unaligned.o           68
    strlen.o                     54
    zero_init3.o                 34
    -------------------------------------------------
    Total:                      742

shb_l.a: [6]
    exit.o                       20
    -------------------------------------------------
    Total:                       20

    Gaps                         22        6        4
    Linker created                        39    2 048
-----------------------------------------------------
    Grand Total:             49 766    4 378   29 856


*******************************************************************************
*** ENTRY LIST
***

Entry                      Address    Size  Type      Object
-----                      -------    ----  ----      ------
?main                   0x0800cd15          Code  Gb  cmain.o [5]
APBAHBPrescTable        0x0800d054    0x10  Data  Gb  stm32f4xx_hal_rcc.o [1]
AaMemFree               0x0800a687    0x9c  Code  Gb  AaMem.o [1]
AaMemHeapCEInit         0x0800a3db    0xbe  Code  Gb  AaMem.o [1]
AaMemList               0x0800a723    0x42  Code  Gb  AaMem.o [1]
AaMemMalloc             0x0800a499   0x1ee  Code  Gb  AaMem.o [1]
AaShellCEInit           0x08009c8b    0xc6  Code  Gb  AaShell.o [1]
AaShellRecvDataFromISR  0x08009d51    0x32  Code  Gb  AaShell.o [1]
AaShellSerialHandleThread
                        0x08009bb1    0xda  Code  Lc  AaShell.o [1]
AaSysLogBipBufferList   0x08009a17    0x48  Code  Gb  AaSysLogSystem.o [1]
AaSysLogCEInit          0x08009913    0xbe  Code  Gb  AaSysLogSystem.o [1]
AaSysLogCreateDeamon    0x080099d1    0x46  Code  Gb  AaSysLogSystem.o [1]
AaSysLogDeamon          0x08009891    0x6a  Code  Lc  AaSysLogSystem.o [1]
AaSysLogGetBipRegister  0x080098fb     0xa  Code  Gb  AaSysLogSystem.o [1]
AaSysLogGetInputLevel   0x0800a035     0x6  Code  Gb  AaSysLogInterface.o [1]
AaSysLogGetLevelString  0x0800a001    0x34  Code  Gb  AaSysLogInterface.o [1]
AaSysLogPrintByPolling  0x08009a69    0x14  Code  Gb  AaSysLogSystem.o [1]
AaSysLogPrintF          0x0800a03b   0x12a  Code  Gb  AaSysLogInterface.o [1]
AaSysLogProcessPrintRegister
                        0x08009a5f     0xa  Code  Gb  AaSysLogSystem.o [1]
AaSysLogSendCplt        0x08009905     0xe  Code  Gb  AaSysLogSystem.o [1]
AaSysLogStoreBipBufferByPolling
                        0x08009a7d    0x54  Code  Gb  AaSysLogSystem.o [1]
AaSysLogStoreBipBufferNormal
                        0x08009ad1    0x74  Code  Gb  AaSysLogSystem.o [1]
AaTagCEInit             0x0800b793    0x72  Code  Gb  AaTag.o [1]
AaTagCreate             0x0800b84d    0x8c  Code  Gb  AaTag.o [1]
AaTagCreateDeamon       0x0800b805    0x48  Code  Gb  AaTag.o [1]
AaTagDeamonThread       0x0800b745    0x4e  Code  Lc  AaTag.o [1]
AaTagFindMngPtr         0x0800b92b    0x30  Code  Lc  AaTag.o [1]
AaTagSetValue           0x0800b8d9    0x52  Code  Gb  AaTag.o [1]
AaThreadCEInit          0x0800a79d    0x36  Code  Gb  AaThread.o [1]
AaThreadCreateStartup   0x0800a7d3    0xa8  Code  Gb  AaThread.o [1]
AaThreadFindMngPtr      0x0800a87b    0x26  Code  Lc  AaThread.o [1]
AaThreadGetName         0x0800a8bd    0x1a  Code  Gb  AaThread.o [1]
BSP_SD_DMA_Rx_IRQHandler
                        0x0800b6ef     0xc  Code  Gb  407VE_sd.o [1]
BSP_SD_DMA_Tx_IRQHandler
                        0x0800b6e3     0xc  Code  Gb  407VE_sd.o [1]
BSP_SD_GetCardInfo      0x0800b705     0xe  Code  Gb  407VE_sd.o [1]
BSP_SD_GetStatus        0x0800b6fb     0xa  Code  Gb  407VE_sd.o [1]
BSP_SD_IRQHandler       0x0800b6d9     0xa  Code  Gb  407VE_sd.o [1]
BSP_SD_Init             0x0800b3e1    0x88  Code  Gb  407VE_sd.o [1]
BSP_SD_IsDetected       0x0800b469    0x24  Code  Gb  407VE_sd.o [1]
BSP_SD_ReadBlocks       0x0800b48d    0x32  Code  Gb  407VE_sd.o [1]
BSP_SD_WriteBlocks      0x0800b4bf    0x30  Code  Gb  407VE_sd.o [1]
BusFault_Handler        0x0800c597     0x2  Code  Gb  stm32f4xx_it.o [1]
CBipBuffer_Commit       0x0800a26f    0x5c  Code  Gb  BipBuffer.o [1]
CBipBuffer_Construct    0x0800a191    0x38  Code  Gb  BipBuffer.o [1]
CBipBuffer_Decommit     0x0800a2e7    0x2c  Code  Gb  BipBuffer.o [1]
CBipBuffer_Get          0x0800a2cb    0x1c  Code  Gb  BipBuffer.o [1]
CBipBuffer_HowMuchData  0x0800a313     0x8  Code  Gb  BipBuffer.o [1]
CBipBuffer_Reserve      0x0800a1c9    0xa6  Code  Gb  BipBuffer.o [1]
CCSDaemonCreateThread   0x0800bfe1    0x46  Code  Lc  CCSDaemon.o [1]
CCSDaemonThread         0x0800c027    0x28  Code  Lc  CCSDaemon.o [1]
CCSDeamonCEInit         0x0800bf79    0x68  Code  Gb  CCSDaemon.o [1]
CSTACK$$Base            0x20006ca8           --   Gb  - Linker created -
CSTACK$$Limit           0x200070a8           --   Gb  - Linker created -
DMA1_Stream3_IRQHandler
                        0x0800c5c1     0xc  Code  Gb  stm32f4xx_it.o [1]
DMA2_Stream3_IRQHandler
                        0x0800c5a9     0x8  Code  Gb  stm32f4xx_it.o [1]
DMA2_Stream6_IRQHandler
                        0x0800c5b1     0x8  Code  Gb  stm32f4xx_it.o [1]
DMA_CalcBaseAndBitshift
                        0x08009307    0x2e  Code  Lc  stm32f4xx_hal_dma.o [1]
DMA_SetConfig           0x080092d9    0x2e  Code  Lc  stm32f4xx_hal_dma.o [1]
DebugMon_Handler        0x0800c59b     0x2  Code  Gb  stm32f4xx_it.o [1]
Error_Handler           0x0800bf75     0x2  Code  Lc  main.o [1]
ExCvt                   0x0800c4a4    0x80  Data  Lc  ff.o [1]
FATFS_LinkDriver        0x0800c0ed    0x12  Code  Gb  ff_gen_drv.o [1]
FATFS_LinkDriverEx      0x0800c095    0x58  Code  Gb  ff_gen_drv.o [1]
FATFS_UnLinkDriver      0x0800c14d     0xe  Code  Gb  ff_gen_drv.o [1]
FATFS_UnLinkDriverEx    0x0800c0ff    0x4e  Code  Gb  ff_gen_drv.o [1]
FatFs                   0x20006c30     0x4  Data  Lc  ff.o [1]
Files                   0x20006b20    0x18  Data  Lc  ff.o [1]
Fsid                    0x20006c9c     0x2  Data  Lc  ff.o [1]
GetBipAndSendByDMA      0x08009387    0x14  Code  Gb  print_com.o [1]
GetBipAndSendByPolling  0x0800939b    0x18  Code  Gb  print_com.o [1]
GpsDataSendByIT         0x08009553    0x14  Code  Gb  gps_dev.o [1]
GpsDeviceInit           0x08009f2f    0x12  Code  Lc  gps.o [1]
GpsRecvDataFromISR      0x08009f6b    0x22  Code  Gb  gps.o [1]
GpsSendSerialData       0x08009f41    0x1e  Code  Lc  gps.o [1]
GpsSendTestThread       0x08009e23    0x22  Code  Lc  gps.o [1]
GpsThread               0x08009de1    0x42  Code  Lc  gps.o [1]
GpsUsartInit            0x08009515    0x3e  Code  Gb  gps_dev.o [1]
GpsWaitForSendCplt      0x08009f5f     0xc  Code  Gb  gps.o [1]
HAL_DMA_DeInit          0x0800902f    0x6c  Code  Gb  stm32f4xx_hal_dma.o [1]
HAL_DMA_IRQHandler      0x080090fd   0x1dc  Code  Gb  stm32f4xx_hal_dma.o [1]
HAL_DMA_Init            0x08008fa9    0x86  Code  Gb  stm32f4xx_hal_dma.o [1]
HAL_DMA_Start_IT        0x0800909b    0x62  Code  Gb  stm32f4xx_hal_dma.o [1]
HAL_Delay               0x08007dd3    0x1a  Code  Wk  stm32f4xx_hal.o [1]
HAL_GPIO_Init           0x08009631   0x1ee  Code  Gb  stm32f4xx_hal_gpio.o [1]
HAL_GPIO_ReadPin        0x0800981f    0x18  Code  Gb  stm32f4xx_hal_gpio.o [1]
HAL_GPIO_TogglePin      0x0800984b     0xa  Code  Gb  stm32f4xx_hal_gpio.o [1]
HAL_GPIO_WritePin       0x08009837    0x14  Code  Gb  stm32f4xx_hal_gpio.o [1]
HAL_GetREVID            0x08007ded     0x8  Code  Gb  stm32f4xx_hal.o [1]
HAL_GetTick             0x08007dcd     0x6  Code  Wk  stm32f4xx_hal.o [1]
HAL_IncTick             0x08007dc1     0xc  Code  Wk  stm32f4xx_hal.o [1]
HAL_Init                0x08007d6d    0x2e  Code  Gb  stm32f4xx_hal.o [1]
HAL_InitTick            0x08007d9d    0x24  Code  Wk  stm32f4xx_hal.o [1]
HAL_MspInit             0x08007d9b     0x2  Code  Wk  stm32f4xx_hal.o [1]
HAL_NVIC_EnableIRQ      0x08007f03     0xe  Code  Gb  stm32f4xx_hal_cortex.o [1]
HAL_NVIC_SetPriority    0x08007edd    0x26  Code  Gb  stm32f4xx_hal_cortex.o [1]
HAL_NVIC_SetPriorityGrouping
                        0x08007ed1     0xc  Code  Gb  stm32f4xx_hal_cortex.o [1]
HAL_RCC_ClockConfig     0x08008275   0x18a  Code  Gb  stm32f4xx_hal_rcc.o [1]
HAL_RCC_GetHCLKFreq     0x080084a3    0x28  Code  Gb  stm32f4xx_hal_rcc.o [1]
HAL_RCC_GetPCLK1Freq    0x080084cb    0x20  Code  Gb  stm32f4xx_hal_rcc.o [1]
HAL_RCC_GetPCLK2Freq    0x080084eb    0x20  Code  Gb  stm32f4xx_hal_rcc.o [1]
HAL_RCC_GetSysClockFreq
                        0x080083ff    0xa4  Code  Wk  stm32f4xx_hal_rcc.o [1]
HAL_RCC_OscConfig       0x08007f3d   0x338  Code  Wk  stm32f4xx_hal_rcc.o [1]
HAL_SD_GetStatus        0x080071d3    0x26  Code  Gb  stm32f4xx_hal_sd.o [1]
HAL_SD_Get_CardInfo     0x08006dab   0x35e  Code  Gb  stm32f4xx_hal_sd.o [1]
HAL_SD_IRQHandler       0x08006cf1    0xb6  Code  Gb  stm32f4xx_hal_sd.o [1]
HAL_SD_Init             0x08006771    0xb6  Code  Gb  stm32f4xx_hal_sd.o [1]
HAL_SD_MspInit          0x08006827     0x2  Code  Wk  stm32f4xx_hal_sd.o [1]
HAL_SD_ReadBlocks       0x08006829   0x212  Code  Gb  stm32f4xx_hal_sd.o [1]
HAL_SD_StopTransfer     0x0800719b    0x38  Code  Gb  stm32f4xx_hal_sd.o [1]
HAL_SD_WideBusOperation_Config
                        0x08007109    0x92  Code  Gb  stm32f4xx_hal_sd.o [1]
HAL_SD_WriteBlocks      0x08006a3b   0x2b6  Code  Gb  stm32f4xx_hal_sd.o [1]
HAL_SD_XferCpltCallback
                        0x08006da7     0x2  Code  Wk  stm32f4xx_hal_sd.o [1]
HAL_SD_XferErrorCallback
                        0x08006da9     0x2  Code  Wk  stm32f4xx_hal_sd.o [1]
HAL_SYSTICK_Config      0x08007f11     0xc  Code  Gb  stm32f4xx_hal_cortex.o [1]
HAL_UART_DBG_ErrorCallback
                        0x080094f7     0x2  Code  Gb  print_com.o [1]
HAL_UART_DBG_MspInit    0x080093b3   0x12e  Code  Gb  print_com.o [1]
HAL_UART_DBG_RxCpltCallback
                        0x080094eb     0xc  Code  Gb  print_com.o [1]
HAL_UART_DBG_TxCpltCallback
                        0x080094e1     0xa  Code  Gb  print_com.o [1]
HAL_UART_ErrorCallback  0x08008f7d    0x24  Code  Gb  stm32f4xx_hal_msp.o [1]
HAL_UART_GPS_ErrorCallback
                        0x0800962f     0x2  Code  Gb  gps_dev.o [1]
HAL_UART_GPS_MspInit    0x08009567    0x9e  Code  Gb  gps_dev.o [1]
HAL_UART_GPS_RxCpltCallback
                        0x08009623     0xc  Code  Gb  gps_dev.o [1]
HAL_UART_GPS_TxCpltCallback
                        0x08009619     0xa  Code  Gb  gps_dev.o [1]
HAL_UART_IRQHandler     0x080087ed   0x16e  Code  Gb  stm32f4xx_hal_uart.o [1]
HAL_UART_Init           0x08008551    0x76  Code  Gb  stm32f4xx_hal_uart.o [1]
HAL_UART_MspInit        0x08008f11    0x24  Code  Gb  stm32f4xx_hal_msp.o [1]
HAL_UART_Receive_IT     0x080086ed    0x70  Code  Gb  stm32f4xx_hal_uart.o [1]
HAL_UART_RxCpltCallback
                        0x08008f59    0x24  Code  Gb  stm32f4xx_hal_msp.o [1]
HAL_UART_Transmit       0x080085c7    0xce  Code  Gb  stm32f4xx_hal_uart.o [1]
HAL_UART_Transmit_DMA   0x0800875d    0x90  Code  Gb  stm32f4xx_hal_uart.o [1]
HAL_UART_Transmit_IT    0x08008695    0x58  Code  Gb  stm32f4xx_hal_uart.o [1]
HAL_UART_TxCpltCallback
                        0x08008f35    0x24  Code  Gb  stm32f4xx_hal_msp.o [1]
HAL_UART_TxHalfCpltCallback
                        0x0800895b     0x2  Code  Wk  stm32f4xx_hal_uart.o [1]
HEAP$$Base              0x200070a8           --   Gb  - Linker created -
HEAP$$Limit             0x200074a8           --   Gb  - Linker created -
HardFault_Handler       0x0800c593     0x2  Code  Gb  stm32f4xx_it.o [1]
LedDeviceInit           0x0800c1a9    0x16  Code  Lc  led.o [1]
LedGpioInit             0x0800c1d9    0x46  Code  Gb  led_dev.o [1]
LedOff                  0x0800c21f    0x10  Code  Gb  led_dev.o [1]
LedToggle               0x0800c22f     0xe  Code  Gb  led_dev.o [1]
LfnOfs                  0x0800d024    0x10  Data  Lc  ff.o [1]
LoadInt                 0x0800af2f    0x4c  Code  Lc  xprintfsmall.o [3]
MemManage_Handler       0x0800c595     0x2  Code  Gb  stm32f4xx_it.o [1]
MyFile                  0x200062b8   0x22c  Data  Gb  main.o [1]
NMI_Handler             0x0800c591     0x2  Code  Gb  stm32f4xx_it.o [1]
NVIC_EnableIRQ          0x08007e29    0x14  Code  Lc  stm32f4xx_hal_cortex.o [1]
NVIC_EncodePriority     0x08007e63    0x3e  Code  Lc  stm32f4xx_hal_cortex.o [1]
NVIC_GetPriorityGrouping
                        0x08007e1f     0xa  Code  Lc  stm32f4xx_hal_cortex.o [1]
NVIC_SetPriority        0x08007e3d    0x26  Code  Lc  stm32f4xx_hal_cortex.o [1]
NVIC_SetPriorityGrouping
                        0x08007e01    0x1e  Code  Lc  stm32f4xx_hal_cortex.o [1]
PendSV_Handler          0x080066b5          Code  Gb  portasm.o [1]
Region$$Table$$Base     0x0800c9fc           --   Gb  - Linker created -
Region$$Table$$Limit    0x0800ca20           --   Gb  - Linker created -
RunLedThread            0x0800c161    0x26  Code  Lc  led.o [1]
SDFatFs                 0x20006084   0x234  Data  Gb  main.o [1]
SDIO_DataConfig         0x08007d35    0x2e  Code  Gb  stm32f4xx_ll_sdmmc.o [1]
SDIO_GetCommandResponse
                        0x08007d19     0x6  Code  Gb  stm32f4xx_ll_sdmmc.o [1]
SDIO_GetPowerState      0x08007ce7     0x8  Code  Gb  stm32f4xx_ll_sdmmc.o [1]
SDIO_GetResponse        0x08007d1f    0x16  Code  Gb  stm32f4xx_ll_sdmmc.o [1]
SDIO_IRQHandler         0x0800c5b9     0x8  Code  Gb  stm32f4xx_it.o [1]
SDIO_Init               0x08007c9d    0x2e  Code  Gb  stm32f4xx_ll_sdmmc.o [1]
SDIO_PowerState_ON      0x08007cdd     0xa  Code  Gb  stm32f4xx_ll_sdmmc.o [1]
SDIO_ReadFIFO           0x08007ccb     0x6  Code  Gb  stm32f4xx_ll_sdmmc.o [1]
SDIO_SendCommand        0x08007cef    0x2a  Code  Gb  stm32f4xx_ll_sdmmc.o [1]
SDIO_WriteFIFO          0x08007cd1     0xc  Code  Gb  stm32f4xx_ll_sdmmc.o [1]
SDPath                  0x20006c58     0x4  Data  Gb  main.o [1]
SD_CmdError             0x08007545    0x4a  Code  Lc  stm32f4xx_hal_sd.o [1]
SD_CmdResp1Error        0x08007603   0x114  Code  Lc  stm32f4xx_hal_sd.o [1]
SD_CmdResp2Error        0x0800774d    0x46  Code  Lc  stm32f4xx_hal_sd.o [1]
SD_CmdResp3Error        0x0800771d    0x30  Code  Lc  stm32f4xx_hal_sd.o [1]
SD_CmdResp6Error        0x08007793    0xa4  Code  Lc  stm32f4xx_hal_sd.o [1]
SD_CmdResp7Error        0x0800758f    0x74  Code  Lc  stm32f4xx_hal_sd.o [1]
SD_Driver               0x0800cfb0    0x14  Data  Gb  sd_diskio.o [1]
SD_FindSCR              0x08007997   0x190  Code  Lc  stm32f4xx_hal_sd.o [1]
SD_GetState             0x080071f9    0x24  Code  Lc  stm32f4xx_hal_sd.o [1]
SD_Initialize_Cards     0x0800721d   0x118  Code  Lc  stm32f4xx_hal_sd.o [1]
SD_IsCardProgramming    0x08007b27   0x16a  Code  Lc  stm32f4xx_hal_sd.o [1]
SD_MspInit              0x0800b4ef   0x1ea  Code  Lc  407VE_sd.o [1]
SD_PowerON              0x0800736f   0x176  Code  Lc  stm32f4xx_hal_sd.o [1]
SD_Select_Deselect      0x08007335    0x3a  Code  Lc  stm32f4xx_hal_sd.o [1]
SD_SendStatus           0x080074e7    0x5e  Code  Lc  stm32f4xx_hal_sd.o [1]
SD_WideBus_Disable      0x080078e7    0xb0  Code  Lc  stm32f4xx_hal_sd.o [1]
SD_WideBus_Enable       0x08007837    0xb0  Code  Lc  stm32f4xx_hal_sd.o [1]
SD_initialize           0x0800c281    0x24  Code  Gb  sd_diskio.o [1]
SD_ioctl                0x0800c335    0x6a  Code  Gb  sd_diskio.o [1]
SD_read                 0x0800c2c9    0x36  Code  Gb  sd_diskio.o [1]
SD_status               0x0800c2a5    0x24  Code  Gb  sd_diskio.o [1]
SD_write                0x0800c2ff    0x36  Code  Gb  sd_diskio.o [1]
SVC_Handler             0x0800670d          Code  Gb  portasm.o [1]
StartGpsTask            0x08009e45    0xea  Code  Gb  gps.o [1]
StartRunLedTask         0x0800c187    0x22  Code  Gb  led.o [1]
StartThread             0x0800bddd    0xcc  Code  Lc  main.o [1]
Stat                    0x20000080     0x1  Data  Lc  sd_diskio.o [1]
StdUsartInit            0x08009349    0x3e  Code  Gb  print_com.o [1]
SysTick_Config          0x08007ea1    0x30  Code  Lc  stm32f4xx_hal_cortex.o [1]
SysTick_Handler         0x0800c59d     0xc  Code  Gb  stm32f4xx_it.o [1]
SystemClock_Config      0x0800bea9    0xa2  Code  Lc  main.o [1]
SystemCoreClock         0x20000078     0x4  Data  Gb  system_stm32f4xx.o [1]
SystemInit              0x0800c525    0x4c  Code  Gb  system_stm32f4xx.o [1]
Tbl                     0x0800c3a4   0x100  Data  Lc  unicode.o [1]
UART_DMAError           0x080089a1    0x2a  Code  Lc  stm32f4xx_hal_uart.o [1]
UART_DMATransmitCplt    0x0800895d    0x34  Code  Lc  stm32f4xx_hal_uart.o [1]
UART_DMATxHalfCplt      0x08008991     0xe  Code  Lc  stm32f4xx_hal_uart.o [1]
UART_EndTransmit_IT     0x08008b27    0x20  Code  Lc  stm32f4xx_hal_uart.o [1]
UART_Receive_IT         0x08008b47    0xac  Code  Lc  stm32f4xx_hal_uart.o [1]
UART_SetConfig          0x08008bf3   0x312  Code  Lc  stm32f4xx_hal_uart.o [1]
UART_Transmit_IT        0x08008ab9    0x6e  Code  Lc  stm32f4xx_hal_uart.o [1]
UART_WaitOnFlagUntilTimeout
                        0x080089cb    0xee  Code  Lc  stm32f4xx_hal_uart.o [1]
USART1_IRQHandler       0x0800c5d7     0xa  Code  Gb  stm32f4xx_it.o [1]
USART3_IRQHandler       0x0800c5cd     0xa  Code  Gb  stm32f4xx_it.o [1]
UartHandle_dbg          0x20006aa0    0x40  Data  Gb  print_com.o [1]
UartHandle_gps          0x20006a60    0x40  Data  Gb  gps_dev.o [1]
UsageFault_Handler      0x0800c599     0x2  Code  Gb  stm32f4xx_it.o [1]
_EncodingSb_Mbtowc      0x0800b397    0x30  Code  Gb  xencoding_sb.o [3]
_EncodingSb_Wctomb      0x0800b37d    0x1a  Code  Gb  xencoding_sb.o [3]
_IsdstStr               0x20000004     0x4  Data  Gb  setlocale.o [3]
_LitobSmall             0x0800b1a1    0xce  Code  Lc  xprintfsmall.o [3]
_LocaleEncoding         0x0800b369     0xe  Code  Gb  setlocale.o [3]
_LocaleReturnString     0x20000024    0x50  Data  Lc  setlocale.o [3]
_Locale_Profile         0x20000008    0x1c  Data  Gb  setlocale.o [3]
_Mbtowc                 0x0800b2b5    0x20  Code  Gb  xmbtowc.o [3]
_PrintfSmall            0x0800ab11   0x414  Code  Gb  xprintfsmall.o [3]
_PutcharsSmall          0x0800b26f    0x2e  Code  Lc  xprintfsmall.o [3]
_PutstrSmall            0x0800af7b   0x226  Code  Lc  xprintfsmall.o [3]
_SProut                 0x0800634b     0xa  Code  Gb  xsprout.o [3]
_TzoneStr               0x20000000     0x4  Data  Gb  setlocale.o [3]
_Wctomb                 0x0800b34f    0x1a  Code  Gb  xwctomb.o [3]
__aeabi_memclr4         0x0800c245          Code  Gb  ABImemclr4.o [5]
__aeabi_memset          0x080065d5          Code  Gb  ABImemset.o [5]
__cmain                 0x0800cd15          Code  Gb  cmain.o [5]
__data_GetMemChunk      0x08006281    0x2c  Code  Gb  xgetmemchunk.o [3]
__exit                  0x0800675d    0x14  Code  Gb  exit.o [6]
__iar_Mbcurmax          0x0800b345     0xa  Code  Gb  xmbcurmax.o [3]
__iar_Memchr            0x0800b2ed          Code  Gb  memchr.o [5]
__iar_Memset            0x080065d5          Code  Gb  ABImemset.o [5]
__iar_Memset4_word      0x0800c24d          Code  Gb  ABImemset48.o [5]
__iar_Memset8_word      0x0800c24d          Code  Gb  ABImemset48.o [5]
__iar_Memset_word       0x080065dd          Code  Gb  ABImemset.o [5]
__iar_Strchr            0x0800b2d5          Code  Gb  strchr.o [5]
__iar_copy_init3        0x08002c67    0x2e  Code  Gb  copy_init3.o [5]
__iar_data_init3        0x0800c8fd    0x28  Code  Gb  data_init.o [5]
__iar_dlfree            0x080042d3   0x510  Code  Gb  dlmalloc.o [3]
__iar_dlib_perthread_access
                        0x0800b3dd     0x2  Code  Gb  xtls.o [3]
__iar_dlmalloc          0x0800401d   0x2aa  Code  Gb  dlmalloc.o [3]
__iar_init_vfp          0x0800c9d9          Code  Gb  fpinit_M.o [4]
__iar_program_start     0x0800d105          Code  Gb  cstartup_M.o [5]
__iar_strcmp            0x0800b9b1          Code  Gb  strcmp_unaligned.o [5]
__iar_unaligned___aeabi_memcpy
                        0x0800663d          Code  Gb  ABImemcpy_unaligned.o [5]
__iar_unaligned___aeabi_memcpy4
                        0x0800665d          Code  Gb  ABImemcpy_unaligned.o [5]
__iar_unaligned___aeabi_memcpy8
                        0x0800665d          Code  Gb  ABImemcpy_unaligned.o [5]
__iar_unaligned_strcmp  0x0800b9b1          Code  Gb  strcmp_unaligned.o [5]
__iar_unaligned_strcpy  0x0800aacd          Code  Gb  strcpy_unaligned.o [5]
__iar_zero_init3        0x0800625f    0x22  Code  Gb  zero_init3.o [5]
__low_level_init        0x0800cd2f     0x4  Code  Gb  low_level_init.o [3]
__vector_table          0x08000000          Data  Gb  startup_stm32f407xx.o [1]
_aashell_recvcplt_sem_id
                        0x20006bf8     0x4  Data  Gb  AaShell.o [1]
_aashellhandledaemon_id
                        0x20006bfc     0x4  Data  Gb  AaShell.o [1]
_aasyslog_index         0x20006c9f     0x1  Data  Lc  AaSysLogInterface.o [1]
_aasyslog_input_level   0x20006ca0     0x1  Data  Lc  AaSysLogInterface.o [1]
_aasyslog_max_bipbuf_used
                        0x20006c00     0x4  Data  Lc  AaSysLogSystem.o [1]
_aasyslog_mng           0x20006bcc     0x8  Data  Gb  AaSysLogSystem.o [1]
_aasyslog_mutex_id      0x20006c08     0x4  Data  Gb  AaSysLogSystem.o [1]
_aasyslog_sendcplt_sem_id
                        0x20006c0c     0x4  Data  Gb  AaSysLogSystem.o [1]
_aasyslogdaemon_id      0x20006c10     0x4  Data  Gb  AaSysLogSystem.o [1]
_aatag_mng              0x20006c14     0x4  Data  Gb  AaTag.o [1]
_aatag_msgbox_id        0x20006c1c     0x4  Data  Gb  AaTag.o [1]
_aatag_mutex_id         0x20006c18     0x4  Data  Gb  AaTag.o [1]
_aatagdaemon_id         0x20006c20     0x4  Data  Gb  AaTag.o [1]
_aathread_mng_head_ptr  0x20006c24     0x4  Data  Gb  AaThread.o [1]
_aathread_mutex_id      0x20006c28     0x4  Data  Gb  AaThread.o [1]
_call_main              0x0800cd21          Code  Gb  cmain.o [5]
_ccsdaemon_id           0x20006c2c     0x4  Data  Gb  CCSDaemon.o [1]
_exit                   0x0800cd39          Code  Gb  cexit.o [5]
_gm_                    0x200064e4   0x1d8  Data  Lc  dlmalloc.o [3]
_gps_id                 0x20006c34     0x4  Data  Gb  gps.o [1]
_gps_recvcplt_sem_id    0x20006c40     0x4  Data  Gb  gps.o [1]
_gps_rx_ringbuf         0x20006bb0    0x10  Data  Gb  gps.o [1]
_gps_rx_ringbuf_data    0x200066bc   0x100  Data  Gb  gps.o [1]
_gps_send_test_id       0x20006c38     0x4  Data  Gb  gps.o [1]
_gps_sendcplt_sem_id    0x20006c3c     0x4  Data  Gb  gps.o [1]
_heap_sem_id            0x20006be8     0x4  Data  Lc  AaMem.o [1]
_main                   0x0800cd2b          Code  Gb  cmain.o [5]
_mem_heap_buf           0x20004084  0x2000  Data  Gb  CCSDaemon.o [1]
_p_bip_buffer           0x20006c04     0x4  Data  Lc  AaSysLogSystem.o [1]
_runled_id              0x20006c54     0x4  Data  Gb  led.o [1]
_serial_rx_ringbuf      0x20006ba0    0x10  Data  Gb  AaShell.o [1]
_serial_rx_ringbuf_data
                        0x20006a20    0x40  Data  Gb  AaShell.o [1]
abort                   0x08006259     0x6  Code  Gb  abort.o [3]
check_fs                0x080015e1    0x82  Code  Lc  ff.o [1]
chk_chr                 0x080001df    0x14  Code  Lc  ff.o [1]
chk_lock                0x0800022d    0x9a  Code  Lc  ff.o [1]
clear_lock              0x0800043f    0x30  Code  Lc  ff.o [1]
clmt_clust              0x08000a3d    0x3e  Code  Lc  ff.o [1]
clust2sect              0x08000607    0x20  Code  Gb  ff.o [1]
cmp_lfn                 0x08000d7f    0x9e  Code  Lc  ff.o [1]
create_chain            0x0800093f    0xfe  Code  Lc  ff.o [1]
create_name             0x0800123b   0x2ba  Code  Lc  ff.o [1]
dec_lock                0x080003e3    0x5c  Code  Lc  ff.o [1]
dir_alloc               0x08000ccf    0x6e  Code  Lc  ff.o [1]
dir_find                0x08000f97   0x12e  Code  Lc  ff.o [1]
dir_next                0x08000b57   0x178  Code  Lc  ff.o [1]
dir_register            0x080010c5   0x176  Code  Lc  ff.o [1]
dir_sdi                 0x08000a7b    0xdc  Code  Lc  ff.o [1]
disk                    0x20006bc0     0xc  Data  Gb  ff_gen_drv.o [1]
disk_initialize         0x08002cb7    0x36  Code  Gb  diskio.o [1]
disk_ioctl              0x08002d5d    0x2c  Code  Gb  diskio.o [1]
disk_read               0x08002ced    0x38  Code  Gb  diskio.o [1]
disk_status             0x08002c95    0x22  Code  Gb  diskio.o [1]
disk_write              0x08002d25    0x38  Code  Gb  diskio.o [1]
enq_lock                0x080002c7    0x28  Code  Lc  ff.o [1]
exit                    0x0800cd33     0x4  Code  Gb  exit.o [3]
f_close                 0x080024cf    0x48  Code  Gb  ff.o [1]
f_mkfs                  0x08002517   0x6b8  Code  Gb  ff.o [1]
f_mount                 0x08001b1d    0x9a  Code  Gb  ff.o [1]
f_open                  0x08001bd9   0x236  Code  Gb  ff.o [1]
f_read                  0x08001e0f   0x2ba  Code  Gb  ff.o [1]
f_sync                  0x080023dd    0xf2  Code  Gb  ff.o [1]
f_write                 0x080020c9   0x314  Code  Gb  ff.o [1]
ff_convert              0x08002d91    0x4e  Code  Gb  unicode.o [1]
ff_cre_syncobj          0x08002bed    0x28  Code  Gb  syscall.o [1]
ff_del_syncobj          0x08002c19     0xe  Code  Gb  syscall.o [1]
ff_memalloc             0x08002c4f     0xc  Code  Gb  syscall.o [1]
ff_memfree              0x08002c5b     0xc  Code  Gb  syscall.o [1]
ff_rel_grant            0x08002c43     0xc  Code  Gb  syscall.o [1]
ff_req_grant            0x08002c27    0x1c  Code  Gb  syscall.o [1]
ff_wtoupper             0x08002ddf    0x34  Code  Gb  unicode.o [1]
find_volume             0x08001669   0x45e  Code  Lc  ff.o [1]
fit_lfn                 0x08000e1d    0x86  Code  Lc  ff.o [1]
follow_path             0x080014f5    0x9c  Code  Lc  ff.o [1]
gen_numname             0x08000ea9    0xd0  Code  Lc  ff.o [1]
get_fat                 0x08000627   0x11c  Code  Gb  ff.o [1]
get_fattime             0x08002d8d     0x4  Code  Wk  diskio.o [1]
get_ldnumber            0x08001591    0x50  Code  Lc  ff.o [1]
heap_end                0x20006be0     0x4  Data  Lc  AaMem.o [1]
heap_ptr                0x20006bdc     0x4  Data  Lc  AaMem.o [1]
inHandlerMode           0x08002e33    0x12  Code  Lc  cmsis_os.o [1]
inc_lock                0x080002ef    0xf4  Code  Lc  ff.o [1]
init_mparams            0x08003307    0x32  Code  Lc  dlmalloc.o [3]
init_top                0x08003339    0x34  Code  Lc  dlmalloc.o [3]
ld_clust                0x08000d3d    0x2a  Code  Lc  ff.o [1]
lfree                   0x20006be4     0x4  Data  Lc  AaMem.o [1]
lock_fs                 0x080001f3     0xe  Code  Lc  ff.o [1]
main                    0x0800bdb5    0x28  Code  Gb  main.o [1]
makeFreeRtosPriority    0x08002e21    0x12  Code  Lc  cmsis_os.o [1]
max_mem                 0x20006bf4     0x4  Data  Lc  AaMem.o [1]
mem_cmp                 0x080001bb    0x24  Code  Lc  ff.o [1]
mem_cpy                 0x08000189    0x1c  Code  Lc  ff.o [1]
mem_set                 0x080001a5    0x16  Code  Lc  ff.o [1]
mem_size_aligned        0x20006bec     0x4  Data  Lc  AaMem.o [1]
memchr                  0x0800b2ed          Code  Gb  memchr.o [5]
move_window             0x080004d7    0x44  Code  Lc  ff.o [1]
mparams                 0x20006b38    0x18  Data  Lc  dlmalloc.o [3]
osDelay                 0x08002ea7    0x1c  Code  Gb  cmsis_os.o [1]
osKernelStart           0x08002e45     0xa  Code  Gb  cmsis_os.o [1]
osKernelSysTick         0x08002e4f    0x16  Code  Gb  cmsis_os.o [1]
osMessageCreate         0x080031a7    0x12  Code  Gb  cmsis_os.o [1]
osMessageGet            0x0800321f    0xb8  Code  Gb  cmsis_os.o [1]
osMessagePut            0x080031b9    0x66  Code  Gb  cmsis_os.o [1]
osMutexCreate           0x08002f99     0xc  Code  Gb  cmsis_os.o [1]
osMutexRelease          0x0800302b    0x54  Code  Gb  cmsis_os.o [1]
osMutexWait             0x08002fa5    0x86  Code  Gb  cmsis_os.o [1]
osSemaphoreCreate       0x0800307f    0x34  Code  Gb  cmsis_os.o [1]
osSemaphoreDelete       0x0800318d    0x1a  Code  Gb  cmsis_os.o [1]
osSemaphoreRelease      0x08003139    0x54  Code  Gb  cmsis_os.o [1]
osSemaphoreWait         0x080030b3    0x86  Code  Gb  cmsis_os.o [1]
osSignalSet             0x08002ec3    0x58  Code  Gb  cmsis_os.o [1]
osSignalWait            0x08002f1b    0x7e  Code  Gb  cmsis_os.o [1]
osSystickHandler        0x080032d7    0x10  Code  Gb  cmsis_os.o [1]
osThreadCreate          0x08002e65    0x3a  Code  Gb  cmsis_os.o [1]
osThreadGetId           0x08002e9f     0x8  Code  Gb  cmsis_os.o [1]
os_messageQ_def_aatag_msgbox
                        0x0800d148     0x8  Data  Lc  AaTag.o [1]
os_mutex_def_aasyslog_mutex
                        0x0800d1a8     0x4  Data  Lc  AaSysLogSystem.o [1]
os_mutex_def_aatag_mutex
                        0x0800d1b0     0x4  Data  Lc  AaTag.o [1]
os_mutex_def_aathread_mutex
                        0x0800d1b4     0x4  Data  Lc  AaThread.o [1]
os_semaphore_def_aashell_recvcplt_sem
                        0x0800d1a4     0x4  Data  Lc  AaShell.o [1]
os_semaphore_def_aasyslog_sendcplt_sem
                        0x0800d1ac     0x4  Data  Lc  AaSysLogSystem.o [1]
os_semaphore_def_gps_recvcplt_sem
                        0x0800d1c0     0x4  Data  Lc  gps.o [1]
os_semaphore_def_gps_sendcplt_sem
                        0x0800d1bc     0x4  Data  Lc  gps.o [1]
os_semaphore_def_heap_sem
                        0x0800d1a0     0x4  Data  Lc  AaMem.o [1]
pcInterruptPriorityRegisters
                        0x0800d1c8     0x4  Data  Lc  port.o [1]
plug_holes              0x0800a31d    0xbe  Code  Lc  AaMem.o [1]
prepend_alloc           0x0800336d   0x36e  Code  Lc  dlmalloc.o [3]
prvAddCurrentTaskToDelayedList
                        0x08005057    0x4e  Code  Lc  tasks.o [1]
prvAllocateTCBAndStack  0x080050ad    0x5a  Code  Lc  tasks.o [1]
prvCheckTasksWaitingTermination
                        0x08004ff1    0x66  Code  Lc  tasks.o [1]
prvCopyDataFromQueue    0x08005ef7    0x30  Code  Lc  queue.o [1]
prvCopyDataToQueue      0x08005e5f    0x98  Code  Lc  queue.o [1]
prvDeleteTCB            0x08005107    0x12  Code  Lc  tasks.o [1]
prvHeapInit             0x080064e5    0x6e  Code  Lc  heap_4.o [1]
prvIdleTask             0x08004efd    0x26  Code  Lc  tasks.o [1]
prvInitialiseTCBVariables
                        0x08004f23    0x6c  Code  Lc  tasks.o [1]
prvInitialiseTaskLists  0x08004f8f    0x58  Code  Lc  tasks.o [1]
prvInsertBlockIntoFreeList
                        0x08006553    0x62  Code  Lc  heap_4.o [1]
prvIsQueueEmpty         0x08005f91    0x20  Code  Lc  queue.o [1]
prvIsQueueFull          0x08005fb1    0x22  Code  Lc  queue.o [1]
prvResetNextTaskUnblockTime
                        0x08005119    0x2a  Code  Lc  tasks.o [1]
prvTaskExitError        0x08006025    0x2a  Code  Lc  port.o [1]
prvUnlockQueue          0x08005f27    0x6a  Code  Lc  queue.o [1]
put_fat                 0x08000743   0x178  Code  Gb  ff.o [1]
pvPortMalloc            0x08006355   0x118  Code  Gb  heap_4.o [1]
pvTaskIncrementMutexHeldCount
                        0x080052e5    0x1e  Code  Gb  tasks.o [1]
pxCurrentTCB            0x20006c64     0x4  Data  Gb  tasks.o [1]
pxDelayedTaskList       0x20006c68     0x4  Data  Lc  tasks.o [1]
pxEnd                   0x20006c44     0x4  Data  Lc  heap_4.o [1]
pxOverflowDelayedTaskList
                        0x20006c6c     0x4  Data  Lc  tasks.o [1]
pxPortInitialiseStack   0x08006001    0x24  Code  Gb  port.o [1]
pxReadyTasksLists       0x200067bc    0x8c  Data  Lc  tasks.o [1]
recv_char               0x20006c9e     0x1  Data  Lc  AaShell.o [1]
recv_char               0x20006ca1     0x1  Data  Lc  gps.o [1]
remove_chain            0x080008bb    0x84  Code  Lc  ff.o [1]
ring_buffer_consume     0x0800a953    0x1a  Code  Gb  RingBufferUtils.o [1]
ring_buffer_free_space  0x0800a8e9    0x16  Code  Gb  RingBufferUtils.o [1]
ring_buffer_get_data    0x0800a915    0x3e  Code  Gb  RingBufferUtils.o [1]
ring_buffer_init        0x0800a8d7    0x12  Code  Gb  RingBufferUtils.o [1]
ring_buffer_used_space  0x0800a8ff    0x16  Code  Gb  RingBufferUtils.o [1]
ring_buffer_write       0x0800a96d    0x9c  Code  Gb  RingBufferUtils.o [1]
segment_holding         0x080032ed    0x1a  Code  Lc  dlmalloc.o [3]
sprintf                 0x0800aa6d    0x34  Code  Gb  sprintf.o [3]
st_clust                0x08000d67    0x18  Code  Lc  ff.o [1]
strchr                  0x0800b2d5          Code  Gb  strchr.o [5]
strlen                  0x0800aa35          Code  Gb  strlen.o [5]
strncmp                 0x0800aa09    0x2a  Code  Gb  strncmp.o [3]
sum_sfn                 0x08000f79    0x1e  Code  Lc  ff.o [1]
sync_fs                 0x0800051b    0xec  Code  Lc  ff.o [1]
sync_window             0x0800046f    0x68  Code  Lc  ff.o [1]
sys_alloc               0x080036db   0x38c  Code  Lc  dlmalloc.o [3]
tmalloc_large           0x08003a75   0x398  Code  Lc  dlmalloc.o [3]
tmalloc_small           0x08003e0d   0x210  Code  Lc  dlmalloc.o [3]
uSdCardInfo             0x200068c0    0x58  Data  Lc  407VE_sd.o [1]
uSdHandle               0x20006848    0x60  Data  Lc  407VE_sd.o [1]
ucHeap                  0x20000084  0x4000  Data  Lc  heap_4.o [1]
ucMaxSysCallPriority    0x20006ca2     0x1  Data  Lc  port.o [1]
ulMaxPRIGROUPValue      0x20006c5c     0x4  Data  Lc  port.o [1]
unlock_fs               0x08000201    0x2c  Code  Lc  ff.o [1]
used_mem                0x20006bf0     0x4  Data  Lc  AaMem.o [1]
uwTick                  0x20006c60     0x4  Data  Gb  stm32f4xx_hal.o [1]
uxCriticalNesting       0x20000074     0x4  Data  Lc  port.o [1]
uxCurrentNumberOfTasks  0x20006c74     0x4  Data  Lc  tasks.o [1]
uxListRemove            0x08006323    0x28  Code  Gb  list.o [1]
uxPendedTicks           0x20006c84     0x4  Data  Lc  tasks.o [1]
uxSchedulerSuspended    0x20006c94     0x4  Data  Lc  tasks.o [1]
uxTaskNumber            0x20006c90     0x4  Data  Lc  tasks.o [1]
uxTasksDeleted          0x20006c70     0x4  Data  Lc  tasks.o [1]
uxTopReadyPriority      0x20006c7c     0x4  Data  Lc  tasks.o [1]
vListInitialise         0x080062ad    0x1e  Code  Gb  list.o [1]
vListInitialiseItem     0x080062cb     0x6  Code  Gb  list.o [1]
vListInsert             0x080062e9    0x3a  Code  Gb  list.o [1]
vListInsertEnd          0x080062d1    0x18  Code  Gb  list.o [1]
vPortEnableVFP          0x08006741          Code  Gb  portasm.o [1]
vPortEnterCritical      0x0800611b    0x3a  Code  Gb  port.o [1]
vPortExitCritical       0x08006155    0x32  Code  Gb  port.o [1]
vPortFree               0x0800646d    0x78  Code  Gb  heap_4.o [1]
vPortSetupTimerInterrupt
                        0x080061b3    0x1a  Code  Wk  port.o [1]
vPortStartFirstTask     0x08006729          Code  Gb  portasm.o [1]
vPortValidateInterruptPriority
                        0x080061cd    0x4e  Code  Gb  port.o [1]
vQueueDelete            0x08005e37    0x28  Code  Gb  queue.o [1]
vQueueUnregisterQueue   0x08005fd3    0x24  Code  Gb  queue.o [1]
vTaskDelay              0x0800496f    0x84  Code  Gb  tasks.o [1]
vTaskMissedYield        0x08004eeb     0xa  Code  Gb  tasks.o [1]
vTaskPlaceOnEventList   0x08004d2b    0x76  Code  Gb  tasks.o [1]
vTaskPriorityInherit    0x08005173    0xac  Code  Gb  tasks.o [1]
vTaskSetTimeOutState    0x08004e3d    0x26  Code  Gb  tasks.o [1]
vTaskStartScheduler     0x080049f3    0x62  Code  Gb  tasks.o [1]
vTaskSuspendAll         0x08004a55    0x10  Code  Gb  tasks.o [1]
vTaskSwitchContext      0x08004cb9    0x72  Code  Gb  tasks.o [1]
validate                0x08001ac7    0x56  Code  Lc  ff.o [1]
vsprintf                0x0800aaa1    0x2c  Code  Gb  vsprintf.o [3]
xBlockAllocatedBit      0x20006c50     0x4  Data  Lc  heap_4.o [1]
xDelayedTaskList1       0x200068a8    0x14  Data  Lc  tasks.o [1]
xDelayedTaskList2       0x20006b50    0x14  Data  Lc  tasks.o [1]
xFreeBytesRemaining     0x20006c48     0x4  Data  Lc  heap_4.o [1]
xHeapStructSize         0x0800d1c4     0x4  Data  Lc  heap_4.o [1]
xMinimumEverFreeBytesRemaining
                        0x20006c4c     0x4  Data  Lc  heap_4.o [1]
xNextTaskUnblockTime    0x2000007c     0x4  Data  Lc  tasks.o [1]
xNumOfOverflows         0x20006c8c     0x4  Data  Lc  tasks.o [1]
xPendingReadyList       0x20006b64    0x14  Data  Lc  tasks.o [1]
xPortStartScheduler     0x0800604f    0xcc  Code  Gb  port.o [1]
xPortSysTickHandler     0x08006187    0x2c  Code  Gb  port.o [1]
xQueueCreateCountingSemaphore
                        0x080057db    0x58  Code  Gb  queue.o [1]
xQueueCreateMutex       0x0800576b    0x70  Code  Gb  queue.o [1]
xQueueGenericCreate     0x080056e9    0x82  Code  Gb  queue.o [1]
xQueueGenericReceive    0x08005ba9   0x1cc  Code  Gb  queue.o [1]
xQueueGenericReset      0x08005659    0x90  Code  Gb  queue.o [1]
xQueueGenericSend       0x08005833   0x1b2  Code  Gb  queue.o [1]
xQueueGenericSendFromISR
                        0x080059e5    0xec  Code  Gb  queue.o [1]
xQueueGiveFromISR       0x08005ad1    0xd8  Code  Gb  queue.o [1]
xQueueReceiveFromISR    0x08005d75    0xc2  Code  Gb  queue.o [1]
xQueueRegistry          0x20006ae0    0x40  Data  Gb  queue.o [1]
xSchedulerRunning       0x20006c80     0x4  Data  Lc  tasks.o [1]
xStart                  0x20006bd4     0x8  Data  Lc  heap_4.o [1]
xSuspendedTaskList      0x20006b8c    0x14  Data  Lc  tasks.o [1]
xTaskCheckForTimeOut    0x08004e63    0x88  Code  Gb  tasks.o [1]
xTaskGenericCreate      0x080047ed   0x182  Code  Gb  tasks.o [1]
xTaskGenericNotify      0x08005401   0x100  Code  Gb  tasks.o [1]
xTaskGetCurrentTaskHandle
                        0x08005143     0xa  Code  Gb  tasks.o [1]
xTaskGetSchedulerState  0x0800514d    0x26  Code  Gb  tasks.o [1]
xTaskGetTickCount       0x08004b65     0xa  Code  Gb  tasks.o [1]
xTaskGetTickCountFromISR
                        0x08004b6f    0x16  Code  Gb  tasks.o [1]
xTaskIncrementTick      0x08004b85   0x134  Code  Gb  tasks.o [1]
xTaskNotifyFromISR      0x08005505   0x116  Code  Gb  tasks.o [1]
xTaskNotifyWait         0x08005311    0xe6  Code  Gb  tasks.o [1]
xTaskPriorityDisinherit
                        0x08005225    0xba  Code  Gb  tasks.o [1]
xTaskRemoveFromEventList
                        0x08004da1    0x84  Code  Gb  tasks.o [1]
xTaskResumeAll          0x08004a65   0x100  Code  Gb  tasks.o [1]
xTasksWaitingTermination
                        0x20006b78    0x14  Data  Lc  tasks.o [1]
xTickCount              0x20006c78     0x4  Data  Lc  tasks.o [1]
xYieldPending           0x20006c88     0x4  Data  Lc  tasks.o [1]


[1] = D:\HargicStudio\AirMonitor\svn\project\FatFs_uSD_RTOS\EWARM\AirMonitor\Obj
[2] = command line
[3] = dl7M_tlf.a
[4] = m7M_tlv.a
[5] = rt7M_tl.a
[6] = shb_l.a

  49 766 bytes of readonly  code memory
   4 378 bytes of readonly  data memory
  29 856 bytes of readwrite data memory

Errors: none
Warnings: none
