###############################################################################
#
# IAR ELF Linker V7.50.2.10312/W32 for ARM                12/Aug/2016  09:25:41
# Copyright 2007-2015 IAR Systems AB.
#
#    Output file  =  
#        E:\Bussiness
#        Project\bjsensor\gitSVN\AirMonitor.git\trunk\FatFs_uSD_RTOS\EWARM\AirMonitor\Exe\AirMonitor.out
#    Map file     =  
#        E:\Bussiness
#        Project\bjsensor\gitSVN\AirMonitor.git\trunk\FatFs_uSD_RTOS\EWARM\AirMonitor\List\AirMonitor.map
#    Command line =  
#        "E:\Bussiness
#        Project\bjsensor\gitSVN\AirMonitor.git\trunk\FatFs_uSD_RTOS\EWARM\AirMonitor\Obj\407VE_sd.o"
#        "E:\Bussiness
#        Project\bjsensor\gitSVN\AirMonitor.git\trunk\FatFs_uSD_RTOS\EWARM\AirMonitor\Obj\AaMem.o"
#        "E:\Bussiness
#        Project\bjsensor\gitSVN\AirMonitor.git\trunk\FatFs_uSD_RTOS\EWARM\AirMonitor\Obj\AaShell.o"
#        "E:\Bussiness
#        Project\bjsensor\gitSVN\AirMonitor.git\trunk\FatFs_uSD_RTOS\EWARM\AirMonitor\Obj\AaSysLogInterface.o"
#        "E:\Bussiness
#        Project\bjsensor\gitSVN\AirMonitor.git\trunk\FatFs_uSD_RTOS\EWARM\AirMonitor\Obj\AaSysLogSystem.o"
#        "E:\Bussiness
#        Project\bjsensor\gitSVN\AirMonitor.git\trunk\FatFs_uSD_RTOS\EWARM\AirMonitor\Obj\AaTag.o"
#        "E:\Bussiness
#        Project\bjsensor\gitSVN\AirMonitor.git\trunk\FatFs_uSD_RTOS\EWARM\AirMonitor\Obj\AaThread.o"
#        "E:\Bussiness
#        Project\bjsensor\gitSVN\AirMonitor.git\trunk\FatFs_uSD_RTOS\EWARM\AirMonitor\Obj\am2302.o"
#        "E:\Bussiness
#        Project\bjsensor\gitSVN\AirMonitor.git\trunk\FatFs_uSD_RTOS\EWARM\AirMonitor\Obj\BipBuffer.o"
#        "E:\Bussiness
#        Project\bjsensor\gitSVN\AirMonitor.git\trunk\FatFs_uSD_RTOS\EWARM\AirMonitor\Obj\CCSDaemon.o"
#        "E:\Bussiness
#        Project\bjsensor\gitSVN\AirMonitor.git\trunk\FatFs_uSD_RTOS\EWARM\AirMonitor\Obj\Cfg.o"
#        "E:\Bussiness
#        Project\bjsensor\gitSVN\AirMonitor.git\trunk\FatFs_uSD_RTOS\EWARM\AirMonitor\Obj\cmsis_os.o"
#        "E:\Bussiness
#        Project\bjsensor\gitSVN\AirMonitor.git\trunk\FatFs_uSD_RTOS\EWARM\AirMonitor\Obj\common.o"
#        "E:\Bussiness
#        Project\bjsensor\gitSVN\AirMonitor.git\trunk\FatFs_uSD_RTOS\EWARM\AirMonitor\Obj\config.o"
#        "E:\Bussiness
#        Project\bjsensor\gitSVN\AirMonitor.git\trunk\FatFs_uSD_RTOS\EWARM\AirMonitor\Obj\cp15.o"
#        "E:\Bussiness
#        Project\bjsensor\gitSVN\AirMonitor.git\trunk\FatFs_uSD_RTOS\EWARM\AirMonitor\Obj\cp15_dev.o"
#        "E:\Bussiness
#        Project\bjsensor\gitSVN\AirMonitor.git\trunk\FatFs_uSD_RTOS\EWARM\AirMonitor\Obj\crc.o"
#        "E:\Bussiness
#        Project\bjsensor\gitSVN\AirMonitor.git\trunk\FatFs_uSD_RTOS\EWARM\AirMonitor\Obj\croutine.o"
#        "E:\Bussiness
#        Project\bjsensor\gitSVN\AirMonitor.git\trunk\FatFs_uSD_RTOS\EWARM\AirMonitor\Obj\dataHandler.o"
#        "E:\Bussiness
#        Project\bjsensor\gitSVN\AirMonitor.git\trunk\FatFs_uSD_RTOS\EWARM\AirMonitor\Obj\dataRecord.o"
#        "E:\Bussiness
#        Project\bjsensor\gitSVN\AirMonitor.git\trunk\FatFs_uSD_RTOS\EWARM\AirMonitor\Obj\dataRecv.o"
#        "E:\Bussiness
#        Project\bjsensor\gitSVN\AirMonitor.git\trunk\FatFs_uSD_RTOS\EWARM\AirMonitor\Obj\diskio.o"
#        "E:\Bussiness
#        Project\bjsensor\gitSVN\AirMonitor.git\trunk\FatFs_uSD_RTOS\EWARM\AirMonitor\Obj\fan.o"
#        "E:\Bussiness
#        Project\bjsensor\gitSVN\AirMonitor.git\trunk\FatFs_uSD_RTOS\EWARM\AirMonitor\Obj\ff.o"
#        "E:\Bussiness
#        Project\bjsensor\gitSVN\AirMonitor.git\trunk\FatFs_uSD_RTOS\EWARM\AirMonitor\Obj\ff_gen_drv.o"
#        "E:\Bussiness
#        Project\bjsensor\gitSVN\AirMonitor.git\trunk\FatFs_uSD_RTOS\EWARM\AirMonitor\Obj\format.o"
#        "E:\Bussiness
#        Project\bjsensor\gitSVN\AirMonitor.git\trunk\FatFs_uSD_RTOS\EWARM\AirMonitor\Obj\gps.o"
#        "E:\Bussiness
#        Project\bjsensor\gitSVN\AirMonitor.git\trunk\FatFs_uSD_RTOS\EWARM\AirMonitor\Obj\gps_dev.o"
#        "E:\Bussiness
#        Project\bjsensor\gitSVN\AirMonitor.git\trunk\FatFs_uSD_RTOS\EWARM\AirMonitor\Obj\gpsAnalyser.o"
#        "E:\Bussiness
#        Project\bjsensor\gitSVN\AirMonitor.git\trunk\FatFs_uSD_RTOS\EWARM\AirMonitor\Obj\gsm.o"
#        "E:\Bussiness
#        Project\bjsensor\gitSVN\AirMonitor.git\trunk\FatFs_uSD_RTOS\EWARM\AirMonitor\Obj\gsm_dev.o"
#        "E:\Bussiness
#        Project\bjsensor\gitSVN\AirMonitor.git\trunk\FatFs_uSD_RTOS\EWARM\AirMonitor\Obj\gsm_power_dev.o"
#        "E:\Bussiness
#        Project\bjsensor\gitSVN\AirMonitor.git\trunk\FatFs_uSD_RTOS\EWARM\AirMonitor\Obj\gsmCtrl.o"
#        "E:\Bussiness
#        Project\bjsensor\gitSVN\AirMonitor.git\trunk\FatFs_uSD_RTOS\EWARM\AirMonitor\Obj\heap_4.o"
#        "E:\Bussiness
#        Project\bjsensor\gitSVN\AirMonitor.git\trunk\FatFs_uSD_RTOS\EWARM\AirMonitor\Obj\led.o"
#        "E:\Bussiness
#        Project\bjsensor\gitSVN\AirMonitor.git\trunk\FatFs_uSD_RTOS\EWARM\AirMonitor\Obj\led_dev.o"
#        "E:\Bussiness
#        Project\bjsensor\gitSVN\AirMonitor.git\trunk\FatFs_uSD_RTOS\EWARM\AirMonitor\Obj\list.o"
#        "E:\Bussiness
#        Project\bjsensor\gitSVN\AirMonitor.git\trunk\FatFs_uSD_RTOS\EWARM\AirMonitor\Obj\main.o"
#        "E:\Bussiness
#        Project\bjsensor\gitSVN\AirMonitor.git\trunk\FatFs_uSD_RTOS\EWARM\AirMonitor\Obj\moduleStatus.o"
#        "E:\Bussiness
#        Project\bjsensor\gitSVN\AirMonitor.git\trunk\FatFs_uSD_RTOS\EWARM\AirMonitor\Obj\osa_file.o"
#        "E:\Bussiness
#        Project\bjsensor\gitSVN\AirMonitor.git\trunk\FatFs_uSD_RTOS\EWARM\AirMonitor\Obj\port.o"
#        "E:\Bussiness
#        Project\bjsensor\gitSVN\AirMonitor.git\trunk\FatFs_uSD_RTOS\EWARM\AirMonitor\Obj\portasm.o"
#        "E:\Bussiness
#        Project\bjsensor\gitSVN\AirMonitor.git\trunk\FatFs_uSD_RTOS\EWARM\AirMonitor\Obj\print_com.o"
#        "E:\Bussiness
#        Project\bjsensor\gitSVN\AirMonitor.git\trunk\FatFs_uSD_RTOS\EWARM\AirMonitor\Obj\queue.o"
#        "E:\Bussiness
#        Project\bjsensor\gitSVN\AirMonitor.git\trunk\FatFs_uSD_RTOS\EWARM\AirMonitor\Obj\RingBufferUtils.o"
#        "E:\Bussiness
#        Project\bjsensor\gitSVN\AirMonitor.git\trunk\FatFs_uSD_RTOS\EWARM\AirMonitor\Obj\sd_diskio.o"
#        "E:\Bussiness
#        Project\bjsensor\gitSVN\AirMonitor.git\trunk\FatFs_uSD_RTOS\EWARM\AirMonitor\Obj\startup_stm32f407xx.o"
#        "E:\Bussiness
#        Project\bjsensor\gitSVN\AirMonitor.git\trunk\FatFs_uSD_RTOS\EWARM\AirMonitor\Obj\stm32f4xx_hal.o"
#        "E:\Bussiness
#        Project\bjsensor\gitSVN\AirMonitor.git\trunk\FatFs_uSD_RTOS\EWARM\AirMonitor\Obj\stm32f4xx_hal_cortex.o"
#        "E:\Bussiness
#        Project\bjsensor\gitSVN\AirMonitor.git\trunk\FatFs_uSD_RTOS\EWARM\AirMonitor\Obj\stm32f4xx_hal_crc.o"
#        "E:\Bussiness
#        Project\bjsensor\gitSVN\AirMonitor.git\trunk\FatFs_uSD_RTOS\EWARM\AirMonitor\Obj\stm32f4xx_hal_dma.o"
#        "E:\Bussiness
#        Project\bjsensor\gitSVN\AirMonitor.git\trunk\FatFs_uSD_RTOS\EWARM\AirMonitor\Obj\stm32f4xx_hal_flash.o"
#        "E:\Bussiness
#        Project\bjsensor\gitSVN\AirMonitor.git\trunk\FatFs_uSD_RTOS\EWARM\AirMonitor\Obj\stm32f4xx_hal_flash_ex.o"
#        "E:\Bussiness
#        Project\bjsensor\gitSVN\AirMonitor.git\trunk\FatFs_uSD_RTOS\EWARM\AirMonitor\Obj\stm32f4xx_hal_gpio.o"
#        "E:\Bussiness
#        Project\bjsensor\gitSVN\AirMonitor.git\trunk\FatFs_uSD_RTOS\EWARM\AirMonitor\Obj\stm32f4xx_hal_msp.o"
#        "E:\Bussiness
#        Project\bjsensor\gitSVN\AirMonitor.git\trunk\FatFs_uSD_RTOS\EWARM\AirMonitor\Obj\stm32f4xx_hal_pwr.o"
#        "E:\Bussiness
#        Project\bjsensor\gitSVN\AirMonitor.git\trunk\FatFs_uSD_RTOS\EWARM\AirMonitor\Obj\stm32f4xx_hal_rcc.o"
#        "E:\Bussiness
#        Project\bjsensor\gitSVN\AirMonitor.git\trunk\FatFs_uSD_RTOS\EWARM\AirMonitor\Obj\stm32f4xx_hal_sd.o"
#        "E:\Bussiness
#        Project\bjsensor\gitSVN\AirMonitor.git\trunk\FatFs_uSD_RTOS\EWARM\AirMonitor\Obj\stm32f4xx_hal_tim.o"
#        "E:\Bussiness
#        Project\bjsensor\gitSVN\AirMonitor.git\trunk\FatFs_uSD_RTOS\EWARM\AirMonitor\Obj\stm32f4xx_hal_tim_ex.o"
#        "E:\Bussiness
#        Project\bjsensor\gitSVN\AirMonitor.git\trunk\FatFs_uSD_RTOS\EWARM\AirMonitor\Obj\stm32f4xx_hal_uart.o"
#        "E:\Bussiness
#        Project\bjsensor\gitSVN\AirMonitor.git\trunk\FatFs_uSD_RTOS\EWARM\AirMonitor\Obj\stm32f4xx_hal_wwdg.o"
#        "E:\Bussiness
#        Project\bjsensor\gitSVN\AirMonitor.git\trunk\FatFs_uSD_RTOS\EWARM\AirMonitor\Obj\stm32f4xx_it.o"
#        "E:\Bussiness
#        Project\bjsensor\gitSVN\AirMonitor.git\trunk\FatFs_uSD_RTOS\EWARM\AirMonitor\Obj\stm32f4xx_ll_sdmmc.o"
#        "E:\Bussiness
#        Project\bjsensor\gitSVN\AirMonitor.git\trunk\FatFs_uSD_RTOS\EWARM\AirMonitor\Obj\syscall.o"
#        "E:\Bussiness
#        Project\bjsensor\gitSVN\AirMonitor.git\trunk\FatFs_uSD_RTOS\EWARM\AirMonitor\Obj\system_stm32f4xx.o"
#        "E:\Bussiness
#        Project\bjsensor\gitSVN\AirMonitor.git\trunk\FatFs_uSD_RTOS\EWARM\AirMonitor\Obj\tasks.o"
#        "E:\Bussiness
#        Project\bjsensor\gitSVN\AirMonitor.git\trunk\FatFs_uSD_RTOS\EWARM\AirMonitor\Obj\timers.o"
#        "E:\Bussiness
#        Project\bjsensor\gitSVN\AirMonitor.git\trunk\FatFs_uSD_RTOS\EWARM\AirMonitor\Obj\unicode.o"
#        --redirect _Printf=_PrintfSmall --redirect _Scanf=_ScanfSmall -o
#        "E:\Bussiness
#        Project\bjsensor\gitSVN\AirMonitor.git\trunk\FatFs_uSD_RTOS\EWARM\AirMonitor\Exe\AirMonitor.out"
#        --map "E:\Bussiness
#        Project\bjsensor\gitSVN\AirMonitor.git\trunk\FatFs_uSD_RTOS\EWARM\AirMonitor\List\AirMonitor.map"
#        --config "E:\Bussiness
#        Project\bjsensor\gitSVN\AirMonitor.git\trunk\FatFs_uSD_RTOS\EWARM\stm32f407xx_flash.icf"
#        --semihosting --entry __iar_program_start --vfe
#
###############################################################################

*******************************************************************************
*** RUNTIME MODEL ATTRIBUTES
***

CppFlavor                     = *
__Heap_Handler                = DLMalloc
__SystemLibrary               = DLib
__dlib_dynamic_initialization = normal


*******************************************************************************
*** PLACEMENT SUMMARY
***

"A1":  place at 0x08000000 { ro section .intvec };
"P1":  place in [from 0x08000000 to 0x0807ffff] { ro };
"P2":  place in [from 0x20000000 to 0x2001ffff] { rw, block CSTACK, block HEAP };

  Section             Kind        Address    Size  Object
  -------             ----        -------    ----  ------
"A1":                                       0x188
  .intvec             ro code  0x08000000   0x188  startup_stm32f407xx.o [1]
                             - 0x08000188   0x188

"P1":                                      0xeda6
  .text               ro code  0x08000188  0x2fae  ff.o [1]
  .text               ro code  0x08003136    0x76  lz77_init_single.o [5]
  .text               ro code  0x080031ac    0x7a  syscall.o [1]
  .text               ro code  0x08003226     0xa  xsprout.o [3]
  .text               ro code  0x08003230    0xfc  diskio.o [1]
  .text               ro code  0x0800332c    0x90  unicode.o [1]
  .text               ro code  0x080033bc   0x4cc  cmsis_os.o [1]
  .text               ro code  0x08003888  0x14f0  dlmalloc.o [3]
  .text               ro code  0x08004d78   0xe48  tasks.o [1]
  .text               ro code  0x08005bc0   0x9a0  queue.o [1]
  .text               ro code  0x08006560   0x258  port.o [1]
  .text               ro code  0x080067b8     0x6  abort.o [3]
  .rodata             const    0x080067be     0x2  Cfg.o [1]
  .text               ro code  0x080067c0    0x2c  xgetmemchunk.o [3]
  .text               ro code  0x080067ec    0x9e  list.o [1]
  .rodata             const    0x0800688a     0x2  Cfg.o [1]
  .text               ro code  0x0800688c   0x280  heap_4.o [1]
  .text               ro code  0x08006b0c    0x76  ABImemcpy_unaligned.o [5]
  CODE                ro code  0x08006b84    0xa8  portasm.o [1]
  .text               ro code  0x08006c2c    0x14  exit.o [6]
  .text               ro code  0x08006c40  0x152c  stm32f4xx_hal_sd.o [1]
  .text               ro code  0x0800816c    0xd0  stm32f4xx_ll_sdmmc.o [1]
  .text               ro code  0x0800823c    0x94  stm32f4xx_hal.o [1]
  .text               ro code  0x080082d0   0x13c  stm32f4xx_hal_cortex.o [1]
  .text               ro code  0x0800840c   0x62c  stm32f4xx_hal_rcc.o [1]
  .text               ro code  0x08008a38   0x968  stm32f4xx_hal_uart.o [1]
  .text               ro code  0x080093a0   0x120  stm32f4xx_hal_msp.o [1]
  .text               ro code  0x080094c0   0x3a0  stm32f4xx_hal_dma.o [1]
  .text               ro code  0x08009860   0x1e8  print_com.o [1]
  .text               ro code  0x08009a48    0xc4  gps_dev.o [1]
  .text               ro code  0x08009b0c    0xc0  gsm_dev.o [1]
  .text               ro code  0x08009bcc    0xc0  cp15_dev.o [1]
  .text               ro code  0x08009c8c   0x260  stm32f4xx_hal_gpio.o [1]
  .text               ro code  0x08009eec   0x320  AaSysLogSystem.o [1]
  .text               ro code  0x0800a20c    0x44  AaShell.o [1]
  .text               ro code  0x0800a250   0x100  gps.o [1]
  .text               ro code  0x0800a350   0x260  gsm.o [1]
  .text               ro code  0x0800a5b0    0xb0  cp15.o [1]
  .text               ro code  0x0800a660   0x194  AaSysLogInterface.o [1]
  .text               ro code  0x0800a7f4   0x18a  BipBuffer.o [1]
  .text               ro code  0x0800a980   0x480  AaMem.o [1]
  .text               ro code  0x0800ae00   0x13a  AaThread.o [1]
  .text               ro code  0x0800af3a    0xbc  RingBufferUtils.o [1]
  .text               ro code  0x0800aff8    0x58  gsmCtrl.o [1]
  .text               ro code  0x0800b050    0x58  common.o [1]
  .text               ro code  0x0800b0a8    0x36  strlen.o [5]
  .text               ro code  0x0800b0e0    0x34  sprintf.o [3]
  .text               ro code  0x0800b114    0x2c  vsprintf.o [3]
  .text               ro code  0x0800b140    0x66  ABImemset.o [5]
  .text               ro code  0x0800b1a8    0x44  strcpy_unaligned.o [5]
  .text               ro code  0x0800b1ec    0x1c  dataRecv.o [1]
  .text               ro code  0x0800b208   0x7c4  xprintfsmall.o [3]
  .text               ro code  0x0800b9cc    0x20  xmbtowc.o [3]
  .text               ro code  0x0800b9ec    0x16  strchr.o [5]
  .text               ro code  0x0800ba04    0x58  memchr.o [5]
  .text               ro code  0x0800ba5c     0xa  xmbcurmax.o [3]
  .text               ro code  0x0800ba66    0x1a  xwctomb.o [3]
  .text               ro code  0x0800ba80    0x24  setlocale.o [3]
  .text               ro code  0x0800baa4    0x60  xencoding_sb.o [3]
  .text               ro code  0x0800bb04     0x2  xtls.o [3]
  .text               ro code  0x0800bb08   0x404  dataRecord.o [1]
  .text               ro code  0x0800bf0c   0x1fc  Cfg.o [1]
  .text               ro code  0x0800c108    0x24  printf.o [3]
  .text               ro code  0x0800c12c   0x3c0  config.o [1]
  .text               ro code  0x0800c4ec   0x1d8  osa_file.o [1]
  .text               ro code  0x0800c6c4    0x34  moduleStatus.o [1]
  .text               ro code  0x0800c6f8   0x378  dataHandler.o [1]
  .text               ro code  0x0800ca70     0x6  ABImemclr4.o [5]
  .text               ro code  0x0800ca76    0x28  strncmp.o [3]
  .text               ro code  0x0800ca9e     0x8  atoi.o [3]
  .text               ro code  0x0800caa8    0x70  ff_gen_drv.o [1]
  .text               ro code  0x0800cb18   0x12e  format.o [1]
  .text               ro code  0x0800cc48    0x7c  crc.o [1]
  .text               ro code  0x0800ccc4    0x32  ABImemset48.o [5]
  .text               ro code  0x0800ccf8   0x198  xstoul.o [3]
  .text               ro code  0x0800ce90    0x14  isxxx.o [3]
  .text               ro code  0x0800cea4    0x14  tolower.o [3]
  .text               ro code  0x0800ceb8     0xc  errno.o [3]
  .text               ro code  0x0800cec4    0x14  xlocale_c.o [3]
  .text               ro code  0x0800ced8     0xc  xlocale_c.o [3]
  .text               ro code  0x0800cee4   0x364  407VE_sd.o [1]
  .text               ro code  0x0800d248   0x26c  AaTag.o [1]
  .text               ro code  0x0800d4b4    0x42  strcmp_unaligned.o [5]
  .rodata             const    0x0800d4f8   0x1e0  unicode.o [1]
  .rodata             const    0x0800d6d8   0x1e0  unicode.o [1]
  .text               ro code  0x0800d8b8   0x124  sd_diskio.o [1]
  .text               ro code  0x0800d9dc   0x118  CCSDaemon.o [1]
  .text               ro code  0x0800daf4    0x68  led.o [1]
  .text               ro code  0x0800db5c    0x6c  led_dev.o [1]
  .rodata             const    0x0800dbc8   0x100  crc.o [1]
  .rodata             const    0x0800dcc8   0x100  crc.o [1]
  .rodata             const    0x0800ddc8   0x100  unicode.o [1]
  .text               ro code  0x0800dec8    0xc4  main.o [1]
  .rodata             const    0x0800df8c    0x80  ff.o [1]
  .text               ro code  0x0800e00c    0x74  stm32f4xx_it.o [1]
  .text               ro code  0x0800e080    0x6c  system_stm32f4xx.o [1]
  .text               ro code  0x0800e0ec    0x40  zero_init3.o [5]
  .rodata             const    0x0800e12c    0x30  AaSysLogSystem.o [1]
  .rodata             const    0x0800e15c    0x30  Cfg.o [1]
  .rodata             const    0x0800e18c    0x2c  AaSysLogSystem.o [1]
  .rodata             const    0x0800e1b8    0x2c  AaSysLogSystem.o [1]
  .rodata             const    0x0800e1e4    0x28  AaSysLogSystem.o [1]
  .rodata             const    0x0800e20c    0x28  AaSysLogSystem.o [1]
  .rodata             const    0x0800e234    0x28  AaSysLogSystem.o [1]
  .rodata             const    0x0800e25c    0x28  AaTag.o [1]
  .rodata             const    0x0800e284    0x28  AaTag.o [1]
  .rodata             const    0x0800e2ac    0x28  AaTag.o [1]
  .rodata             const    0x0800e2d4    0x28  AaThread.o [1]
  .rodata             const    0x0800e2fc    0x28  dataRecord.o [1]
  .text               ro code  0x0800e324    0x28  data_init.o [5]
  .rodata             const    0x0800e34c    0x24  CCSDaemon.o [1]
  .rodata             const    0x0800e370    0x24  Cfg.o [1]
  .rodata             const    0x0800e394    0x24  config.o [1]
  .rodata             const    0x0800e3b8    0x24  config.o [1]
  .rodata             const    0x0800e3dc    0x24  config.o [1]
  .rodata             const    0x0800e400    0x24  osa_file.o [1]
  .text               ro code  0x0800e424    0x22  fpinit_M.o [4]
  .iar.init_table     const    0x0800e448    0x20  - Linker created -
  .rodata             const    0x0800e468    0x20  AaMem.o [1]
  .rodata             const    0x0800e488    0x20  AaMem.o [1]
  .rodata             const    0x0800e4a8    0x20  AaSysLogSystem.o [1]
  .rodata             const    0x0800e4c8    0x20  AaSysLogSystem.o [1]
  .rodata             const    0x0800e4e8    0x20  AaSysLogSystem.o [1]
  .rodata             const    0x0800e508    0x20  AaSysLogSystem.o [1]
  .rodata             const    0x0800e528    0x20  AaSysLogSystem.o [1]
  .rodata             const    0x0800e548    0x20  AaSysLogSystem.o [1]
  .rodata             const    0x0800e568    0x20  AaSysLogSystem.o [1]
  .rodata             const    0x0800e588    0x20  AaThread.o [1]
  .rodata             const    0x0800e5a8    0x20  config.o [1]
  .rodata             const    0x0800e5c8    0x20  config.o [1]
  .rodata             const    0x0800e5e8    0x20  dataHandler.o [1]
  .rodata             const    0x0800e608    0x20  dataRecord.o [1]
  .rodata             const    0x0800e628    0x20  led.o [1]
  .rodata             const    0x0800e648    0x1c  AaSysLogSystem.o [1]
  .rodata             const    0x0800e664    0x1c  AaTag.o [1]
  .rodata             const    0x0800e680    0x1c  AaTag.o [1]
  .rodata             const    0x0800e69c    0x1c  AaTag.o [1]
  .rodata             const    0x0800e6b8    0x1c  AaTag.o [1]
  .rodata             const    0x0800e6d4    0x1c  AaTag.o [1]
  .rodata             const    0x0800e6f0    0x1c  CCSDaemon.o [1]
  .rodata             const    0x0800e70c    0x1c  CCSDaemon.o [1]
  .rodata             const    0x0800e728    0x1c  config.o [1]
  .rodata             const    0x0800e744    0x1c  dataHandler.o [1]
  .rodata             const    0x0800e760    0x1c  dataRecord.o [1]
  .rodata             const    0x0800e77c    0x1c  dataRecord.o [1]
  .rodata             const    0x0800e798    0x1c  dataRecord.o [1]
  .rodata             const    0x0800e7b4    0x1c  dataRecord.o [1]
  .rodata             const    0x0800e7d0    0x1c  dataRecord.o [1]
  .rodata             const    0x0800e7ec    0x1c  dataRecord.o [1]
  .text               ro code  0x0800e808    0x1a  cmain.o [5]
  .text               ro code  0x0800e822     0x4  low_level_init.o [3]
  .text               ro code  0x0800e826     0x4  exit.o [3]
  .text               ro code  0x0800e82c     0xa  cexit.o [5]
  .rodata             const    0x0800e838    0x18  AaSysLogSystem.o [1]
  .rodata             const    0x0800e850    0x18  AaSysLogSystem.o [1]
  .rodata             const    0x0800e868    0x18  AaTag.o [1]
  .rodata             const    0x0800e880    0x18  CCSDaemon.o [1]
  .rodata             const    0x0800e898    0x18  CCSDaemon.o [1]
  .rodata             const    0x0800e8b0    0x18  Cfg.o [1]
  .rodata             const    0x0800e8c8    0x18  Cfg.o [1]
  .rodata             const    0x0800e8e0    0x18  config.o [1]
  .rodata             const    0x0800e8f8    0x18  led.o [1]
  .text               ro code  0x0800e910    0x16  xprout.o [3]
  .text               ro code  0x0800e928     0xc  putchar.o [3]
  .rodata             const    0x0800e934    0x14  AaMem.o [1]
  .rodata             const    0x0800e948    0x14  AaMem.o [1]
  .rodata             const    0x0800e95c    0x14  AaSysLogInterface.o [1]
  .rodata             const    0x0800e970    0x14  AaSysLogSystem.o [1]
  .rodata             const    0x0800e984    0x14  AaTag.o [1]
  .rodata             const    0x0800e998    0x14  AaTag.o [1]
  .rodata             const    0x0800e9ac    0x14  AaTag.o [1]
  .rodata             const    0x0800e9c0    0x14  AaTag.o [1]
  .rodata             const    0x0800e9d4    0x14  CCSDaemon.o [1]
  .rodata             const    0x0800e9e8    0x14  Cfg.o [1]
  .rodata             const    0x0800e9fc    0x14  dataRecord.o [1]
  .rodata             const    0x0800ea10    0x14  dataRecord.o [1]
  .rodata             const    0x0800ea24    0x14  led.o [1]
  .rodata             const    0x0800ea38    0x14  osa_file.o [1]
  .rodata             const    0x0800ea4c    0x14  osa_file.o [1]
  .rodata             const    0x0800ea60    0x14  sd_diskio.o [1]
  .rodata             const    0x0800ea74    0x10  AaSysLogSystem.o [1]
  .rodata             const    0x0800ea84    0x10  AaSysLogSystem.o [1]
  .rodata             const    0x0800ea94    0x10  AaThread.o [1]
  .rodata             const    0x0800eaa4    0x10  CCSDaemon.o [1]
  .rodata             const    0x0800eab4    0x10  Cfg.o [1]
  .rodata             const    0x0800eac4    0x10  Cfg.o [1]
  .rodata             const    0x0800ead4    0x10  config.o [1]
  .rodata             const    0x0800eae4    0x10  crc.o [1]
  .rodata             const    0x0800eaf4    0x10  dataRecord.o [1]
  .rodata             const    0x0800eb04    0x10  dataRecord.o [1]
  .rodata             const    0x0800eb14    0x10  dataRecord.o [1]
  .rodata             const    0x0800eb24    0x10  dataRecord.o [1]
  .rodata             const    0x0800eb34    0x10  dataRecord.o [1]
  .rodata             const    0x0800eb44    0x10  ff.o [1]
  .rodata             const    0x0800eb54    0x10  osa_file.o [1]
  .rodata             const    0x0800eb64    0x10  osa_file.o [1]
  .rodata             const    0x0800eb74    0x10  osa_file.o [1]
  .rodata             const    0x0800eb84    0x10  osa_file.o [1]
  .rodata             const    0x0800eb94    0x10  stm32f4xx_hal_rcc.o [1]
  .text               ro code  0x0800eba4    0x10  startup_stm32f407xx.o [1]
  .rodata             const    0x0800ebb4     0xc  AaTag.o [1]
  .rodata             const    0x0800ebc0     0xc  AaTag.o [1]
  .rodata             const    0x0800ebcc     0xc  CCSDaemon.o [1]
  .rodata             const    0x0800ebd8     0xc  CCSDaemon.o [1]
  .rodata             const    0x0800ebe4     0xc  Cfg.o [1]
  .rodata             const    0x0800ebf0     0xc  Cfg.o [1]
  .rodata             const    0x0800ebfc     0xc  Cfg.o [1]
  .rodata             const    0x0800ec08     0xc  Cfg.o [1]
  .rodata             const    0x0800ec14     0xc  dataRecord.o [1]
  .rodata             const    0x0800ec20     0xc  ff.o [1]
  .text               ro code  0x0800ec2c     0xc  cstartup_M.o [5]
  .rodata             const    0x0800ec38     0x8  AaMem.o [1]
  .rodata             const    0x0800ec40     0x8  AaSysLogInterface.o [1]
  .rodata             const    0x0800ec48     0x8  AaSysLogSystem.o [1]
  .rodata             const    0x0800ec50     0x8  AaTag.o [1]
  .rodata             const    0x0800ec58     0x8  AaTag.o [1]
  .rodata             const    0x0800ec60     0x8  AaThread.o [1]
  .rodata             const    0x0800ec68     0x8  CCSDaemon.o [1]
  .rodata             const    0x0800ec70     0x8  CCSDaemon.o [1]
  .rodata             const    0x0800ec78     0x8  Cfg.o [1]
  .rodata             const    0x0800ec80     0x8  Cfg.o [1]
  .rodata             const    0x0800ec88     0x8  Cfg.o [1]
  .rodata             const    0x0800ec90     0x8  Cfg.o [1]
  .rodata             const    0x0800ec98     0x8  Cfg.o [1]
  .rodata             const    0x0800eca0     0x8  Cfg.o [1]
  .rodata             const    0x0800eca8     0x8  Cfg.o [1]
  .rodata             const    0x0800ecb0     0x8  Cfg.o [1]
  .rodata             const    0x0800ecb8     0x8  Cfg.o [1]
  .rodata             const    0x0800ecc0     0x8  Cfg.o [1]
  .rodata             const    0x0800ecc8     0x8  Cfg.o [1]
  .rodata             const    0x0800ecd0     0x8  Cfg.o [1]
  .rodata             const    0x0800ecd8     0x8  Cfg.o [1]
  .rodata             const    0x0800ece0     0x8  Cfg.o [1]
  .rodata             const    0x0800ece8     0x8  Cfg.o [1]
  .rodata             const    0x0800ecf0     0x8  Cfg.o [1]
  .rodata             const    0x0800ecf8     0x8  dataHandler.o [1]
  .rodata             const    0x0800ed00     0x8  dataRecord.o [1]
  .rodata             const    0x0800ed08     0x8  dataRecord.o [1]
  .rodata             const    0x0800ed10     0x8  dataRecord.o [1]
  .rodata             const    0x0800ed18     0x8  dataRecord.o [1]
  .rodata             const    0x0800ed20     0x8  ff.o [1]
  .rodata             const    0x0800ed28     0x8  led.o [1]
  .rodata             const    0x0800ed30     0x8  led.o [1]
  .rodata             const    0x0800ed38     0x8  stm32f4xx_hal_dma.o [1]
  .rodata             const    0x0800ed40     0x8  tasks.o [1]
  .rodata             const    0x0800ed48     0x4  AaMem.o [1]
  .rodata             const    0x0800ed4c     0x4  AaSysLogSystem.o [1]
  .rodata             const    0x0800ed50     0x4  AaSysLogSystem.o [1]
  .rodata             const    0x0800ed54     0x4  AaTag.o [1]
  .rodata             const    0x0800ed58     0x4  AaThread.o [1]
  .rodata             const    0x0800ed5c     0x4  Cfg.o [1]
  .rodata             const    0x0800ed60     0x4  Cfg.o [1]
  .rodata             const    0x0800ed64     0x4  Cfg.o [1]
  .rodata             const    0x0800ed68     0x4  Cfg.o [1]
  .rodata             const    0x0800ed6c     0x4  Cfg.o [1]
  .rodata             const    0x0800ed70     0x4  Cfg.o [1]
  .rodata             const    0x0800ed74     0x4  heap_4.o [1]
  .rodata             const    0x0800ed78     0x4  port.o [1]
  .rodata             const    0x0800ed7c     0x4  syscall.o [1]
  .text               ro code  0x0800ed80     0x4  startup_stm32f407xx.o [1]
  .text               ro code  0x0800ed84     0x4  startup_stm32f407xx.o [1]
  .text               ro code  0x0800ed88     0x4  startup_stm32f407xx.o [1]
  .text               ro code  0x0800ed8c     0x4  startup_stm32f407xx.o [1]
  .text               ro code  0x0800ed90     0x4  startup_stm32f407xx.o [1]
  .text               ro code  0x0800ed94     0x4  startup_stm32f407xx.o [1]
  .text               ro code  0x0800ed98     0x4  startup_stm32f407xx.o [1]
  .text               ro code  0x0800ed9c     0x4  startup_stm32f407xx.o [1]
  .text               ro code  0x0800eda0     0x4  startup_stm32f407xx.o [1]
  .text               ro code  0x0800eda4     0x4  startup_stm32f407xx.o [1]
  .text               ro code  0x0800eda8     0x4  startup_stm32f407xx.o [1]
  .text               ro code  0x0800edac     0x4  startup_stm32f407xx.o [1]
  .text               ro code  0x0800edb0     0x4  startup_stm32f407xx.o [1]
  .text               ro code  0x0800edb4     0x4  startup_stm32f407xx.o [1]
  .text               ro code  0x0800edb8     0x4  startup_stm32f407xx.o [1]
  .text               ro code  0x0800edbc     0x4  startup_stm32f407xx.o [1]
  .text               ro code  0x0800edc0     0x4  startup_stm32f407xx.o [1]
  .text               ro code  0x0800edc4     0x4  startup_stm32f407xx.o [1]
  .text               ro code  0x0800edc8     0x4  startup_stm32f407xx.o [1]
  .text               ro code  0x0800edcc     0x4  startup_stm32f407xx.o [1]
  .text               ro code  0x0800edd0     0x4  startup_stm32f407xx.o [1]
  .text               ro code  0x0800edd4     0x4  startup_stm32f407xx.o [1]
  .text               ro code  0x0800edd8     0x4  startup_stm32f407xx.o [1]
  .text               ro code  0x0800eddc     0x4  startup_stm32f407xx.o [1]
  .text               ro code  0x0800ede0     0x4  startup_stm32f407xx.o [1]
  .text               ro code  0x0800ede4     0x4  startup_stm32f407xx.o [1]
  .text               ro code  0x0800ede8     0x4  startup_stm32f407xx.o [1]
  .text               ro code  0x0800edec     0x4  startup_stm32f407xx.o [1]
  .text               ro code  0x0800edf0     0x4  startup_stm32f407xx.o [1]
  .text               ro code  0x0800edf4     0x4  startup_stm32f407xx.o [1]
  .text               ro code  0x0800edf8     0x4  startup_stm32f407xx.o [1]
  .text               ro code  0x0800edfc     0x4  startup_stm32f407xx.o [1]
  .text               ro code  0x0800ee00     0x4  startup_stm32f407xx.o [1]
  .text               ro code  0x0800ee04     0x4  startup_stm32f407xx.o [1]
  .text               ro code  0x0800ee08     0x4  startup_stm32f407xx.o [1]
  .text               ro code  0x0800ee0c     0x4  startup_stm32f407xx.o [1]
  .text               ro code  0x0800ee10     0x4  startup_stm32f407xx.o [1]
  .text               ro code  0x0800ee14     0x4  startup_stm32f407xx.o [1]
  .text               ro code  0x0800ee18     0x4  startup_stm32f407xx.o [1]
  .text               ro code  0x0800ee1c     0x4  startup_stm32f407xx.o [1]
  .text               ro code  0x0800ee20     0x4  startup_stm32f407xx.o [1]
  .text               ro code  0x0800ee24     0x4  startup_stm32f407xx.o [1]
  .text               ro code  0x0800ee28     0x4  startup_stm32f407xx.o [1]
  .text               ro code  0x0800ee2c     0x4  startup_stm32f407xx.o [1]
  .text               ro code  0x0800ee30     0x4  startup_stm32f407xx.o [1]
  .text               ro code  0x0800ee34     0x4  startup_stm32f407xx.o [1]
  .text               ro code  0x0800ee38     0x4  startup_stm32f407xx.o [1]
  .text               ro code  0x0800ee3c     0x4  startup_stm32f407xx.o [1]
  .text               ro code  0x0800ee40     0x4  startup_stm32f407xx.o [1]
  .text               ro code  0x0800ee44     0x4  startup_stm32f407xx.o [1]
  .text               ro code  0x0800ee48     0x4  startup_stm32f407xx.o [1]
  .text               ro code  0x0800ee4c     0x4  startup_stm32f407xx.o [1]
  .text               ro code  0x0800ee50     0x4  startup_stm32f407xx.o [1]
  .text               ro code  0x0800ee54     0x4  startup_stm32f407xx.o [1]
  .text               ro code  0x0800ee58     0x4  startup_stm32f407xx.o [1]
  .text               ro code  0x0800ee5c     0x4  startup_stm32f407xx.o [1]
  .text               ro code  0x0800ee60     0x4  startup_stm32f407xx.o [1]
  .text               ro code  0x0800ee64     0x4  startup_stm32f407xx.o [1]
  .text               ro code  0x0800ee68     0x4  startup_stm32f407xx.o [1]
  .text               ro code  0x0800ee6c     0x4  startup_stm32f407xx.o [1]
  .text               ro code  0x0800ee70     0x4  startup_stm32f407xx.o [1]
  .text               ro code  0x0800ee74     0x4  startup_stm32f407xx.o [1]
  .text               ro code  0x0800ee78     0x4  startup_stm32f407xx.o [1]
  .text               ro code  0x0800ee7c     0x4  startup_stm32f407xx.o [1]
  .text               ro code  0x0800ee80     0x4  startup_stm32f407xx.o [1]
  .text               ro code  0x0800ee84     0x4  startup_stm32f407xx.o [1]
  .text               ro code  0x0800ee88     0x4  startup_stm32f407xx.o [1]
  .text               ro code  0x0800ee8c     0x4  startup_stm32f407xx.o [1]
  .text               ro code  0x0800ee90     0x4  startup_stm32f407xx.o [1]
  .text               ro code  0x0800ee94     0x4  startup_stm32f407xx.o [1]
  .text               ro code  0x0800ee98     0x4  startup_stm32f407xx.o [1]
  .text               ro code  0x0800ee9c     0x4  startup_stm32f407xx.o [1]
  .text               ro code  0x0800eea0     0x4  startup_stm32f407xx.o [1]
  .rodata             const    0x0800eea4     0x0  zero_init3.o [5]
  .rodata             const    0x0800eea4     0x0  lz77_init_single.o [5]
  Initializer bytes   const    0x0800eea4    0x8a  <for P2-1>
                             - 0x0800ef2e  0xeda6

"P2", part 1 of 3:                          0x168
  P2-1                         0x20000000   0x168  <Init block>
    .data             inited   0x20000000    0x50  Cfg.o [1]
    .data             inited   0x20000050    0x50  Cfg.o [1]
    .data             inited   0x200000a0     0x4  port.o [1]
    .data             inited   0x200000a4     0x4  system_stm32f4xx.o [1]
    .data             inited   0x200000a8     0x4  tasks.o [1]
    .data             inited   0x200000ac    0x40  xfiles.o [3]
    __DLIB_PERTHREAD  inited   0x200000ec     0x4  errno.o [3]
    __DLIB_PERTHREAD  inited   0x200000f0    0x74  setlocale.o [3]
    .data             inited   0x20000164     0x1  AaSysLogInterface.o [1]
    .data             inited   0x20000165     0x1  gps.o [1]
    .data             inited   0x20000166     0x1  gsm.o [1]
    .data             inited   0x20000167     0x1  sd_diskio.o [1]
                             - 0x20000168   0x168

"P2", part 2 of 3:                          0x800
  CSTACK                       0x20000168   0x400  <Block>
    CSTACK            uninit   0x20000168   0x400  <Block tail>
  HEAP                         0x20000568   0x400  <Block>
    HEAP              uninit   0x20000568   0x400  <Block tail>
                             - 0x20000968   0x800

"P2", part 3 of 3:                         0x764c
  .bss                zero     0x20000968  0x4000  heap_4.o [1]
  .bss                zero     0x20004968  0x2000  CCSDaemon.o [1]
  .bss                zero     0x20006968   0x408  dataHandler.o [1]
  .bss                zero     0x20006d70   0x234  osa_file.o [1]
  .bss                zero     0x20006fa4   0x234  osa_file.o [1]
  .bss                zero     0x200071d8   0x210  gps.o [1]
  .bss                zero     0x200073e8   0x1d8  dlmalloc.o [3]
  .bss                zero     0x200075c0    0x8c  tasks.o [1]
  .bss                zero     0x2000764c    0x80  gps.o [1]
  .bss                zero     0x200076cc    0x6c  dataHandler.o [1]
  .bss                zero     0x20007738    0x60  407VE_sd.o [1]
  .bss                zero     0x20007798    0x5c  dataHandler.o [1]
  .bss                zero     0x200077f4    0x5c  dataHandler.o [1]
  .bss                zero     0x20007850    0x58  407VE_sd.o [1]
  .bss                zero     0x200078a8    0x58  407VE_sd.o [1]
  .bss                zero     0x20007900    0x58  407VE_sd.o [1]
  .bss                zero     0x20007958    0x58  config.o [1]
  .bss                zero     0x200079b0    0x58  dataHandler.o [1]
  .bss                zero     0x20007a08    0x58  dataHandler.o [1]
  .bss                zero     0x20007a60    0x58  dataHandler.o [1]
  .bss                zero     0x20007ab8    0x58  dataHandler.o [1]
  .bss                zero     0x20007b10    0x58  print_com.o [1]
  .bss                zero     0x20007b68    0x50  xfiles.o [3]
  .bss                zero     0x20007bb8    0x40  cp15_dev.o [1]
  .bss                zero     0x20007bf8    0x40  gps_dev.o [1]
  .bss                zero     0x20007c38    0x40  gsm_dev.o [1]
  .bss                zero     0x20007c78    0x40  print_com.o [1]
  .bss                zero     0x20007cb8    0x40  queue.o [1]
  .bss                zero     0x20007cf8    0x3c  dataRecord.o [1]
  .bss                zero     0x20007d34    0x30  dataHandler.o [1]
  .bss                zero     0x20007d64    0x30  dataHandler.o [1]
  .bss                zero     0x20007d94    0x20  dataRecord.o [1]
  .bss                zero     0x20007db4    0x1c  dataRecord.o [1]
  .bss                zero     0x20007dd0    0x18  ff.o [1]
  .bss                zero     0x20007de8    0x18  dlmalloc.o [3]
  .bss                zero     0x20007e00    0x14  config.o [1]
  .bss                zero     0x20007e14    0x14  gsm.o [1]
  .bss                zero     0x20007e28    0x14  tasks.o [1]
  .bss                zero     0x20007e3c    0x14  tasks.o [1]
  .bss                zero     0x20007e50    0x14  tasks.o [1]
  .bss                zero     0x20007e64    0x14  tasks.o [1]
  .bss                zero     0x20007e78    0x14  tasks.o [1]
  .bss                zero     0x20007e8c    0x10  AaShell.o [1]
  .bss                zero     0x20007e9c    0x10  cp15.o [1]
  .bss                zero     0x20007eac    0x10  gsm.o [1]
  .bss                zero     0x20007ebc     0xc  ff_gen_drv.o [1]
  .bss                zero     0x20007ec8     0x8  AaSysLogSystem.o [1]
  .bss                zero     0x20007ed0     0x8  heap_4.o [1]
  .bss                zero     0x20007ed8     0x4  AaMem.o [1]
  .bss                zero     0x20007edc     0x4  AaMem.o [1]
  .bss                zero     0x20007ee0     0x4  AaMem.o [1]
  .bss                zero     0x20007ee4     0x4  AaMem.o [1]
  .bss                zero     0x20007ee8     0x4  AaMem.o [1]
  .bss                zero     0x20007eec     0x4  AaMem.o [1]
  .bss                zero     0x20007ef0     0x4  AaMem.o [1]
  .bss                zero     0x20007ef4     0x4  AaShell.o [1]
  .bss                zero     0x20007ef8     0x4  AaSysLogSystem.o [1]
  .bss                zero     0x20007efc     0x4  AaSysLogSystem.o [1]
  .bss                zero     0x20007f00     0x4  AaSysLogSystem.o [1]
  .bss                zero     0x20007f04     0x4  AaSysLogSystem.o [1]
  .bss                zero     0x20007f08     0x4  AaTag.o [1]
  .bss                zero     0x20007f0c     0x4  AaTag.o [1]
  .bss                zero     0x20007f10     0x4  AaTag.o [1]
  .bss                zero     0x20007f14     0x4  AaTag.o [1]
  .bss                zero     0x20007f18     0x4  AaThread.o [1]
  .bss                zero     0x20007f1c     0x4  AaThread.o [1]
  .bss                zero     0x20007f20     0x4  CCSDaemon.o [1]
  .bss                zero     0x20007f24     0x4  cp15.o [1]
  .bss                zero     0x20007f28     0x4  cp15.o [1]
  .bss                zero     0x20007f2c     0x4  dataRecord.o [1]
  .bss                zero     0x20007f30     0x4  ff.o [1]
  .bss                zero     0x20007f34     0x4  gps.o [1]
  .bss                zero     0x20007f38     0x4  gps.o [1]
  .bss                zero     0x20007f3c     0x4  gsm.o [1]
  .bss                zero     0x20007f40     0x4  gsm.o [1]
  .bss                zero     0x20007f44     0x4  gsmCtrl.o [1]
  .bss                zero     0x20007f48     0x4  heap_4.o [1]
  .bss                zero     0x20007f4c     0x4  heap_4.o [1]
  .bss                zero     0x20007f50     0x4  heap_4.o [1]
  .bss                zero     0x20007f54     0x4  heap_4.o [1]
  .bss                zero     0x20007f58     0x4  led.o [1]
  .bss                zero     0x20007f5c     0x4  moduleStatus.o [1]
  .bss                zero     0x20007f60     0x4  osa_file.o [1]
  .bss                zero     0x20007f64     0x4  port.o [1]
  .bss                zero     0x20007f68     0x4  stm32f4xx_hal.o [1]
  .bss                zero     0x20007f6c     0x4  tasks.o [1]
  .bss                zero     0x20007f70     0x4  tasks.o [1]
  .bss                zero     0x20007f74     0x4  tasks.o [1]
  .bss                zero     0x20007f78     0x4  tasks.o [1]
  .bss                zero     0x20007f7c     0x4  tasks.o [1]
  .bss                zero     0x20007f80     0x4  tasks.o [1]
  .bss                zero     0x20007f84     0x4  tasks.o [1]
  .bss                zero     0x20007f88     0x4  tasks.o [1]
  .bss                zero     0x20007f8c     0x4  tasks.o [1]
  .bss                zero     0x20007f90     0x4  tasks.o [1]
  .bss                zero     0x20007f94     0x4  tasks.o [1]
  .bss                zero     0x20007f98     0x4  tasks.o [1]
  .bss                zero     0x20007f9c     0x4  tasks.o [1]
  .bss                zero     0x20007fa0     0x4  xgetmemchunk.o [3]
  .bss                zero     0x20007fa4     0x2  AaSysLogSystem.o [1]
  .bss                zero     0x20007fa6     0x2  ff.o [1]
  .bss                zero     0x20007fa8     0x1  AaShell.o [1]
  .bss                zero     0x20007fa9     0x1  AaSysLogInterface.o [1]
  .bss                zero     0x20007faa     0x1  cp15.o [1]
  .bss                zero     0x20007fab     0x1  cp15.o [1]
  .bss                zero     0x20007fac     0x1  cp15.o [1]
  .bss                zero     0x20007fad     0x1  gps.o [1]
  .bss                zero     0x20007fae     0x1  gps.o [1]
  .bss                zero     0x20007faf     0x1  gps.o [1]
  .bss                zero     0x20007fb0     0x1  gsm.o [1]
  .bss                zero     0x20007fb1     0x1  gsm.o [1]
  .bss                zero     0x20007fb2     0x1  gsm.o [1]
  .bss                zero     0x20007fb3     0x1  port.o [1]
                             - 0x20007fb4  0x764c


*******************************************************************************
*** INIT TABLE
***

          Address     Size
          -------     ----
Zero (__iar_zero_init3)
    1 destination range, total size 0x764c:
          0x20000968  0x764c

Copy/lz77 (__iar_lz77_init_single3)
    1 source range, total size 0x8a (38% of destination):
          0x0800eea4    0x8a
    1 destination range, total size 0x168:
          0x20000000   0x168



*******************************************************************************
*** MODULE SUMMARY
***

    Module                  ro code  ro data  rw data
    ------                  -------  -------  -------
E:\Bussiness Project\bjsensor\gitSVN\AirMonitor.git\trunk\FatFs_uSD_RTOS\EWARM\AirMonitor\Obj: [1]
    407VE_sd.o                  868               360
    AaMem.o                   1 152      116       28
    AaShell.o                    68                21
    AaSysLogInterface.o         404       28        2
    AaSysLogSystem.o            800      624       26
    AaTag.o                     620      408       16
    AaThread.o                  314      100        8
    BipBuffer.o                 394
    CCSDaemon.o                 280      216    8 196
    Cfg.o                       508      449      160
    RingBufferUtils.o           188
    cmsis_os.o                1 228
    common.o                     88
    config.o                    960      240      108
    cp15.o                      176                27
    cp15_dev.o                  192                64
    crc.o                       124      528
    dataHandler.o               888       68    1 772
    dataRecord.o              1 028      404      124
    dataRecv.o                   28
    diskio.o                    252
    ff.o                     12 206      164       30
    ff_gen_drv.o                112                12
    format.o                    302
    gps.o                       256        1      668
    gps_dev.o                   196                64
    gsm.o                       608                48
    gsmCtrl.o                    88                 4
    gsm_dev.o                   192                64
    heap_4.o                    640        4   16 408
    led.o                       104       92        4
    led_dev.o                   108
    list.o                      158
    main.o                      196
    moduleStatus.o               52                 4
    osa_file.o                  472      140    1 132
    port.o                      600        5        9
    portasm.o                   168
    print_com.o                 488               152
    queue.o                   2 464                64
    sd_diskio.o                 292       21        1
    startup_stm32f407xx.o       700
    stm32f4xx_hal.o             148                 4
    stm32f4xx_hal_cortex.o      316
    stm32f4xx_hal_dma.o         928        8
    stm32f4xx_hal_gpio.o        608
    stm32f4xx_hal_msp.o         288
    stm32f4xx_hal_rcc.o       1 580       16
    stm32f4xx_hal_sd.o        5 420
    stm32f4xx_hal_uart.o      2 408
    stm32f4xx_it.o              116
    stm32f4xx_ll_sdmmc.o        208
    syscall.o                   122        4
    system_stm32f4xx.o          108        2        4
    tasks.o                   3 656        9      296
    unicode.o                   144    1 216
    -------------------------------------------------
    Total:                   47 012    4 863   29 880

command line: [2]
    -------------------------------------------------
    Total:

dl7M_tlf.a: [3]
    abort.o                       6
    atoi.o                        8
    dlmalloc.o                5 360               496
    errno.o                      12        2        4
    exit.o                        4
    isxxx.o                      20
    low_level_init.o              4
    printf.o                     36
    putchar.o                    12
    setlocale.o                  36       44      116
    sprintf.o                    52
    strncmp.o                    40
    tolower.o                    20
    vsprintf.o                   44
    xencoding_sb.o               96
    xfiles.o                              25      144
    xgetmemchunk.o               44                 4
    xlocale_c.o                  32
    xmbcurmax.o                  10
    xmbtowc.o                    32
    xprintfsmall.o            1 988
    xprout.o                     22
    xsprout.o                    10
    xstoul.o                    408
    xtls.o                        2
    xwctomb.o                    26
    -------------------------------------------------
    Total:                    8 324       71      764

m7M_tls.a: [4]
    fpinit_M.o                   34
    -------------------------------------------------
    Total:                       34

rt7M_tl.a: [5]
    ABImemclr4.o                  6
    ABImemcpy_unaligned.o       118
    ABImemset.o                 102
    ABImemset48.o                50
    cexit.o                      10
    cmain.o                      26
    cstartup_M.o                 12
    data_init.o                  40
    lz77_init_single.o          118
    memchr.o                     88
    strchr.o                     22
    strcmp_unaligned.o           66
    strcpy_unaligned.o           68
    strlen.o                     54
    zero_init3.o                 64
    -------------------------------------------------
    Total:                      844

shb_l.a: [6]
    exit.o                       20
    -------------------------------------------------
    Total:                       20

    Gaps                         24        6
    Linker created                        32    2 048
-----------------------------------------------------
    Grand Total:             56 258    4 972   32 692


*******************************************************************************
*** ENTRY LIST
***

Entry                      Address    Size  Type      Object
-----                      -------    ----  ----      ------
.iar.init_table$$Base   0x0800e448           --   Gb  - Linker created -
.iar.init_table$$Limit  0x0800e468           --   Gb  - Linker created -
?main                   0x0800e809          Code  Gb  cmain.o [5]
APBAHBPrescTable        0x0800eb94    0x10  Data  Gb  stm32f4xx_hal_rcc.o [1]
AaMemFree               0x0800aceb    0x9c  Code  Gb  AaMem.o [1]
AaMemHeapCEInit         0x0800aa3f    0xbe  Code  Gb  AaMem.o [1]
AaMemList               0x0800ad87    0x42  Code  Gb  AaMem.o [1]
AaMemMalloc             0x0800aafd   0x1ee  Code  Gb  AaMem.o [1]
AaShellRecvDataFromISR  0x0800a20d    0x32  Code  Gb  AaShell.o [1]
AaSysLogBipBufferList   0x0800a073    0x48  Code  Gb  AaSysLogSystem.o [1]
AaSysLogCEInit          0x08009f6f    0xbe  Code  Gb  AaSysLogSystem.o [1]
AaSysLogCreateDeamon    0x0800a02d    0x46  Code  Gb  AaSysLogSystem.o [1]
AaSysLogDeamon          0x08009eed    0x6a  Code  Lc  AaSysLogSystem.o [1]
AaSysLogGetBipRegister  0x08009f57     0xa  Code  Gb  AaSysLogSystem.o [1]
AaSysLogGetInputLevel   0x0800a695     0x6  Code  Gb  AaSysLogInterface.o [1]
AaSysLogGetLevelString  0x0800a661    0x34  Code  Gb  AaSysLogInterface.o [1]
AaSysLogPrintByPolling  0x0800a0c5    0x14  Code  Gb  AaSysLogSystem.o [1]
AaSysLogPrintF          0x0800a69b   0x130  Code  Gb  AaSysLogInterface.o [1]
AaSysLogProcessPrintRegister
                        0x0800a0bb     0xa  Code  Gb  AaSysLogSystem.o [1]
AaSysLogSendCplt        0x08009f61     0xe  Code  Gb  AaSysLogSystem.o [1]
AaSysLogStoreBipBufferByPolling
                        0x0800a0d9    0x54  Code  Gb  AaSysLogSystem.o [1]
AaSysLogStoreBipBufferNormal
                        0x0800a12d    0x74  Code  Gb  AaSysLogSystem.o [1]
AaTagCEInit             0x0800d297    0x72  Code  Gb  AaTag.o [1]
AaTagCreate             0x0800d351    0x8c  Code  Gb  AaTag.o [1]
AaTagCreateDeamon       0x0800d309    0x48  Code  Gb  AaTag.o [1]
AaTagDeamonThread       0x0800d249    0x4e  Code  Lc  AaTag.o [1]
AaTagFindMngPtr         0x0800d42f    0x30  Code  Lc  AaTag.o [1]
AaTagSetValue           0x0800d3dd    0x52  Code  Gb  AaTag.o [1]
AaThreadCEInit          0x0800ae01    0x36  Code  Gb  AaThread.o [1]
AaThreadCreateStartup   0x0800ae37    0xa8  Code  Gb  AaThread.o [1]
AaThreadFindMngPtr      0x0800aedf    0x26  Code  Lc  AaThread.o [1]
AaThreadGetName         0x0800af21    0x1a  Code  Gb  AaThread.o [1]
BSP_SD_DMA_Rx_IRQHandler
                        0x0800d1f3     0xc  Code  Gb  407VE_sd.o [1]
BSP_SD_DMA_Tx_IRQHandler
                        0x0800d1e7     0xc  Code  Gb  407VE_sd.o [1]
BSP_SD_GetCardInfo      0x0800d209     0xe  Code  Gb  407VE_sd.o [1]
BSP_SD_GetStatus        0x0800d1ff     0xa  Code  Gb  407VE_sd.o [1]
BSP_SD_IRQHandler       0x0800d1dd     0xa  Code  Gb  407VE_sd.o [1]
BSP_SD_Init             0x0800cee5    0x88  Code  Gb  407VE_sd.o [1]
BSP_SD_IsDetected       0x0800cf6d    0x24  Code  Gb  407VE_sd.o [1]
BSP_SD_ReadBlocks       0x0800cf91    0x32  Code  Gb  407VE_sd.o [1]
BSP_SD_WriteBlocks      0x0800cfc3    0x30  Code  Gb  407VE_sd.o [1]
BusFault_Handler        0x0800e013     0x2  Code  Gb  stm32f4xx_it.o [1]
CBipBuffer_Commit       0x0800a8d3    0x5c  Code  Gb  BipBuffer.o [1]
CBipBuffer_Construct    0x0800a7f5    0x38  Code  Gb  BipBuffer.o [1]
CBipBuffer_Decommit     0x0800a94b    0x2c  Code  Gb  BipBuffer.o [1]
CBipBuffer_Get          0x0800a92f    0x1c  Code  Gb  BipBuffer.o [1]
CBipBuffer_HowMuchData  0x0800a977     0x8  Code  Gb  BipBuffer.o [1]
CBipBuffer_Reserve      0x0800a82d    0xa6  Code  Gb  BipBuffer.o [1]
CCSDaemonCreateThread   0x0800da41    0x46  Code  Lc  CCSDaemon.o [1]
CCSDaemonThread         0x0800da87    0x28  Code  Lc  CCSDaemon.o [1]
CCSDeamonCEInit         0x0800d9dd    0x64  Code  Gb  CCSDaemon.o [1]
CP15RecvDataFromISR     0x0800a5bd    0x88  Code  Gb  cp15.o [1]
CP15WaitForSendCplt     0x0800a5b1     0xc  Code  Gb  cp15.o [1]
CSTACK$$Base            0x20000168           --   Gb  - Linker created -
CSTACK$$Limit           0x20000568           --   Gb  - Linker created -
ClearRecallFlag         0x0800be91     0x8  Code  Gb  dataRecord.o [1]
CloseCfgFile            0x0800bf3d    0x14  Code  Gb  Cfg.o [1]
ConfigGetSoftVer        0x0800c44f     0x6  Code  Gb  config.o [1]
ConfigGetStrAddr        0x0800c407     0x4  Code  Gb  config.o [1]
ConfigInit              0x0800c12d   0x1d6  Code  Gb  config.o [1]
ConfigPrint             0x0800c303    0xa6  Code  Gb  config.o [1]
ConfigSetAddr           0x0800c3ed     0x6  Code  Gb  config.o [1]
ConfigSetHardVer        0x0800c455     0x6  Code  Gb  config.o [1]
ConfigSetReportInterval
                        0x0800c463     0x8  Code  Gb  config.o [1]
ConfigSetServerIp       0x0800c40b    0x38  Code  Gb  config.o [1]
ConfigSetServerPort     0x0800c443     0x6  Code  Gb  config.o [1]
ConfigSetSimpleInterval
                        0x0800c45b     0x8  Code  Gb  config.o [1]
ConfigSetSoftVer        0x0800c449     0x6  Code  Gb  config.o [1]
ConfigSetStrAddr        0x0800c3f3    0x14  Code  Gb  config.o [1]
ConfigSetTime           0x0800c3a9    0x44  Code  Gb  config.o [1]
ConfigSetcoVa           0x0800c489     0x6  Code  Gb  config.o [1]
ConfigSetcoVw           0x0800c483     0x6  Code  Gb  config.o [1]
ConfigSetno2Va          0x0800c4ad     0x6  Code  Gb  config.o [1]
ConfigSetno2Vw          0x0800c4a7     0x6  Code  Gb  config.o [1]
ConfigSeto3Va           0x0800c4a1     0x6  Code  Gb  config.o [1]
ConfigSeto3Vw           0x0800c49b     0x6  Code  Gb  config.o [1]
ConfigSetpm10B          0x0800c47d     0x6  Code  Gb  config.o [1]
ConfigSetpm10K          0x0800c477     0x6  Code  Gb  config.o [1]
ConfigSetpm25B          0x0800c471     0x6  Code  Gb  config.o [1]
ConfigSetpm25K          0x0800c46b     0x6  Code  Gb  config.o [1]
ConfigSetso2Va          0x0800c48f     0x6  Code  Gb  config.o [1]
ConfigSetso2Vw          0x0800c495     0x6  Code  Gb  config.o [1]
ConstructRecordData     0x0800c75d   0x20e  Code  Gb  dataHandler.o [1]
ConstructRecordDataToSend
                        0x0800c96d    0xd8  Code  Gb  dataHandler.o [1]
DMA1_Stream3_IRQHandler
                        0x0800e03d     0xc  Code  Gb  stm32f4xx_it.o [1]
DMA2_Stream3_IRQHandler
                        0x0800e025     0x8  Code  Gb  stm32f4xx_it.o [1]
DMA2_Stream6_IRQHandler
                        0x0800e02d     0x8  Code  Gb  stm32f4xx_it.o [1]
DMA_CalcBaseAndBitshift
                        0x0800981f    0x2e  Code  Lc  stm32f4xx_hal_dma.o [1]
DMA_SetConfig           0x080097f1    0x2e  Code  Lc  stm32f4xx_hal_dma.o [1]
DataRecordThread        0x0800bb51    0x54  Code  Lc  dataRecord.o [1]
DebugMon_Handler        0x0800e017     0x2  Code  Gb  stm32f4xx_it.o [1]
ExCvt                   0x0800df8c    0x80  Data  Lc  ff.o [1]
FATFS_LinkDriver        0x0800cb01    0x12  Code  Gb  ff_gen_drv.o [1]
FATFS_LinkDriverEx      0x0800caa9    0x58  Code  Gb  ff_gen_drv.o [1]
FatFs                   0x20007f30     0x4  Data  Lc  ff.o [1]
Files                   0x20007dd0    0x18  Data  Lc  ff.o [1]
Format16                0x0800cbcd    0x2c  Code  Gb  format.o [1]
Format32                0x0800cbf9    0x38  Code  Gb  format.o [1]
FormatHead              0x0800cb19    0xb4  Code  Gb  format.o [1]
FormatTime              0x0800cc31    0x16  Code  Gb  format.o [1]
Fsid                    0x20007fa6     0x2  Data  Lc  ff.o [1]
GetAllModuleStu         0x0800c6ed     0x6  Code  Gb  moduleStatus.o [1]
GetBipAndSendByDMA      0x0800989f    0x14  Code  Gb  print_com.o [1]
GetBipAndSendByPolling  0x080098b3    0x18  Code  Gb  print_com.o [1]
GetCmdDataLen           0x0800b001    0x4c  Code  Gb  gsmCtrl.o [1]
GetCo                   0x0800c723     0x6  Code  Gb  dataHandler.o [1]
GetModuleStu            0x0800c6c5    0x12  Code  Gb  moduleStatus.o [1]
GetNo2                  0x0800c729     0x6  Code  Gb  dataHandler.o [1]
GetO3                   0x0800c735     0x6  Code  Gb  dataHandler.o [1]
GetPm10                 0x0800c71b     0x8  Code  Gb  dataHandler.o [1]
GetPm25                 0x0800c715     0x6  Code  Gb  dataHandler.o [1]
GetSo2                  0x0800c72f     0x6  Code  Gb  dataHandler.o [1]
GetTempIn               0x0800c707     0x8  Code  Gb  dataHandler.o [1]
GetTempOut              0x0800c6f9     0x8  Code  Gb  dataHandler.o [1]
GetWetIn                0x0800c70f     0x6  Code  Gb  dataHandler.o [1]
GetWetOut               0x0800c701     0x6  Code  Gb  dataHandler.o [1]
GpsRecvDataFromISR      0x0800a25d    0xd2  Code  Gb  gps.o [1]
GpsWaitForSendCplt      0x0800a251     0xc  Code  Gb  gps.o [1]
GsmRecvDataFromISR      0x0800a35f    0x32  Code  Gb  gsm.o [1]
GsmStatusGet            0x0800aff9     0x8  Code  Gb  gsmCtrl.o [1]
GsmWaitForSendCplt      0x0800a351     0xe  Code  Gb  gsm.o [1]
HAL_DMA_DeInit          0x08009547    0x6c  Code  Gb  stm32f4xx_hal_dma.o [1]
HAL_DMA_IRQHandler      0x08009615   0x1dc  Code  Gb  stm32f4xx_hal_dma.o [1]
HAL_DMA_Init            0x080094c1    0x86  Code  Gb  stm32f4xx_hal_dma.o [1]
HAL_DMA_Start_IT        0x080095b3    0x62  Code  Gb  stm32f4xx_hal_dma.o [1]
HAL_Delay               0x080082a3    0x1a  Code  Wk  stm32f4xx_hal.o [1]
HAL_GPIO_Init           0x08009c8d   0x1ee  Code  Gb  stm32f4xx_hal_gpio.o [1]
HAL_GPIO_ReadPin        0x08009e7b    0x18  Code  Gb  stm32f4xx_hal_gpio.o [1]
HAL_GPIO_TogglePin      0x08009ea7     0xa  Code  Gb  stm32f4xx_hal_gpio.o [1]
HAL_GPIO_WritePin       0x08009e93    0x14  Code  Gb  stm32f4xx_hal_gpio.o [1]
HAL_GetREVID            0x080082bd     0x8  Code  Gb  stm32f4xx_hal.o [1]
HAL_GetTick             0x0800829d     0x6  Code  Wk  stm32f4xx_hal.o [1]
HAL_IncTick             0x08008291     0xc  Code  Wk  stm32f4xx_hal.o [1]
HAL_Init                0x0800823d    0x2e  Code  Gb  stm32f4xx_hal.o [1]
HAL_InitTick            0x0800826d    0x24  Code  Wk  stm32f4xx_hal.o [1]
HAL_MspInit             0x0800826b     0x2  Code  Wk  stm32f4xx_hal.o [1]
HAL_NVIC_EnableIRQ      0x080083d3     0xe  Code  Gb  stm32f4xx_hal_cortex.o [1]
HAL_NVIC_SetPriority    0x080083ad    0x26  Code  Gb  stm32f4xx_hal_cortex.o [1]
HAL_NVIC_SetPriorityGrouping
                        0x080083a1     0xc  Code  Gb  stm32f4xx_hal_cortex.o [1]
HAL_RCC_ClockConfig     0x08008745   0x18e  Code  Gb  stm32f4xx_hal_rcc.o [1]
HAL_RCC_GetHCLKFreq     0x0800897d    0x2c  Code  Gb  stm32f4xx_hal_rcc.o [1]
HAL_RCC_GetPCLK1Freq    0x080089a9    0x26  Code  Gb  stm32f4xx_hal_rcc.o [1]
HAL_RCC_GetPCLK2Freq    0x080089cf    0x26  Code  Gb  stm32f4xx_hal_rcc.o [1]
HAL_RCC_GetSysClockFreq
                        0x080088d3    0xaa  Code  Wk  stm32f4xx_hal_rcc.o [1]
HAL_RCC_OscConfig       0x0800840d   0x338  Code  Wk  stm32f4xx_hal_rcc.o [1]
HAL_SD_GetStatus        0x080076a3    0x26  Code  Gb  stm32f4xx_hal_sd.o [1]
HAL_SD_Get_CardInfo     0x0800727b   0x35e  Code  Gb  stm32f4xx_hal_sd.o [1]
HAL_SD_IRQHandler       0x080071c1    0xb6  Code  Gb  stm32f4xx_hal_sd.o [1]
HAL_SD_Init             0x08006c41    0xb6  Code  Gb  stm32f4xx_hal_sd.o [1]
HAL_SD_MspInit          0x08006cf7     0x2  Code  Wk  stm32f4xx_hal_sd.o [1]
HAL_SD_ReadBlocks       0x08006cf9   0x212  Code  Gb  stm32f4xx_hal_sd.o [1]
HAL_SD_StopTransfer     0x0800766b    0x38  Code  Gb  stm32f4xx_hal_sd.o [1]
HAL_SD_WideBusOperation_Config
                        0x080075d9    0x92  Code  Gb  stm32f4xx_hal_sd.o [1]
HAL_SD_WriteBlocks      0x08006f0b   0x2b6  Code  Gb  stm32f4xx_hal_sd.o [1]
HAL_SD_XferCpltCallback
                        0x08007277     0x2  Code  Wk  stm32f4xx_hal_sd.o [1]
HAL_SD_XferErrorCallback
                        0x08007279     0x2  Code  Wk  stm32f4xx_hal_sd.o [1]
HAL_SYSTICK_Config      0x080083e1     0xc  Code  Gb  stm32f4xx_hal_cortex.o [1]
HAL_UART_CP15_ErrorCallback
                        0x08009c8b     0x2  Code  Gb  cp15_dev.o [1]
HAL_UART_CP15_MspInit   0x08009bcd    0x9a  Code  Gb  cp15_dev.o [1]
HAL_UART_CP15_RxCpltCallback
                        0x08009c7f     0xc  Code  Gb  cp15_dev.o [1]
HAL_UART_CP15_TxCpltCallback
                        0x08009c75     0xa  Code  Gb  cp15_dev.o [1]
HAL_UART_DBG_ErrorCallback
                        0x08009a0f     0x2  Code  Gb  print_com.o [1]
HAL_UART_DBG_MspInit    0x080098cb   0x12e  Code  Gb  print_com.o [1]
HAL_UART_DBG_RxCpltCallback
                        0x08009a03     0xc  Code  Gb  print_com.o [1]
HAL_UART_DBG_TxCpltCallback
                        0x080099f9     0xa  Code  Gb  print_com.o [1]
HAL_UART_ErrorCallback  0x0800946d    0x44  Code  Gb  stm32f4xx_hal_msp.o [1]
HAL_UART_GPS_ErrorCallback
                        0x08009b0b     0x2  Code  Gb  gps_dev.o [1]
HAL_UART_GPS_MspInit    0x08009a49    0x9e  Code  Gb  gps_dev.o [1]
HAL_UART_GPS_RxCpltCallback
                        0x08009aff     0xc  Code  Gb  gps_dev.o [1]
HAL_UART_GPS_TxCpltCallback
                        0x08009af5     0xa  Code  Gb  gps_dev.o [1]
HAL_UART_GSM_ErrorCallback
                        0x08009bcb     0x2  Code  Gb  gsm_dev.o [1]
HAL_UART_GSM_MspInit    0x08009b0d    0x9a  Code  Gb  gsm_dev.o [1]
HAL_UART_GSM_RxCpltCallback
                        0x08009bbf     0xc  Code  Gb  gsm_dev.o [1]
HAL_UART_GSM_TxCpltCallback
                        0x08009bb5     0xa  Code  Gb  gsm_dev.o [1]
HAL_UART_IRQHandler     0x08008c7d   0x16e  Code  Gb  stm32f4xx_hal_uart.o [1]
HAL_UART_Init           0x08008a39    0x76  Code  Gb  stm32f4xx_hal_uart.o [1]
HAL_UART_MspInit        0x080093a1    0x44  Code  Gb  stm32f4xx_hal_msp.o [1]
HAL_UART_Receive_IT     0x08008b7d    0x70  Code  Gb  stm32f4xx_hal_uart.o [1]
HAL_UART_RxCpltCallback
                        0x08009429    0x44  Code  Gb  stm32f4xx_hal_msp.o [1]
HAL_UART_Transmit       0x08008aaf    0xce  Code  Gb  stm32f4xx_hal_uart.o [1]
HAL_UART_Transmit_DMA   0x08008bed    0x90  Code  Gb  stm32f4xx_hal_uart.o [1]
HAL_UART_TxCpltCallback
                        0x080093e5    0x44  Code  Gb  stm32f4xx_hal_msp.o [1]
HAL_UART_TxHalfCpltCallback
                        0x08008deb     0x2  Code  Wk  stm32f4xx_hal_uart.o [1]
HEAP$$Base              0x20000568           --   Gb  - Linker created -
HEAP$$Limit             0x20000968           --   Gb  - Linker created -
HardFault_Handler       0x0800e00f     0x2  Code  Gb  stm32f4xx_it.o [1]
InitSendRecallData      0x0800ca45     0xe  Code  Gb  dataHandler.o [1]
Initcfg                 0x0800bf51    0x9a  Code  Gb  Cfg.o [1]
IsDirExit               0x0800b083    0x26  Code  Gb  common.o [1]
IsInRecall              0x0800be8b     0x6  Code  Gb  dataRecord.o [1]
LedDeviceInit           0x0800db33    0x16  Code  Lc  led.o [1]
LedGpioInit             0x0800db5d    0x46  Code  Gb  led_dev.o [1]
LedOff                  0x0800dba3    0x10  Code  Gb  led_dev.o [1]
LedToggle               0x0800dbb3     0xe  Code  Gb  led_dev.o [1]
LfnOfs                  0x0800eb44    0x10  Data  Lc  ff.o [1]
LoadInt                 0x0800b639    0x4c  Code  Lc  xprintfsmall.o [3]
MemManage_Handler       0x0800e011     0x2  Code  Gb  stm32f4xx_it.o [1]
MySDFatFs               0x20006fa4   0x234  Data  Gb  osa_file.o [1]
NMI_Handler             0x0800e00d     0x2  Code  Gb  stm32f4xx_it.o [1]
NVIC_EnableIRQ          0x080082f9    0x14  Code  Lc  stm32f4xx_hal_cortex.o [1]
NVIC_EncodePriority     0x08008333    0x3e  Code  Lc  stm32f4xx_hal_cortex.o [1]
NVIC_GetPriorityGrouping
                        0x080082ef     0xa  Code  Lc  stm32f4xx_hal_cortex.o [1]
NVIC_SetPriority        0x0800830d    0x26  Code  Lc  stm32f4xx_hal_cortex.o [1]
NVIC_SetPriorityGrouping
                        0x080082d1    0x1e  Code  Lc  stm32f4xx_hal_cortex.o [1]
OSA_fileClose           0x0800c611    0x28  Code  Gb  osa_file.o [1]
OSA_fileInit            0x0800c4ed    0x32  Code  Gb  osa_file.o [1]
OSA_fileOpen            0x0800c569    0xa8  Code  Gb  osa_file.o [1]
OSA_fileSeek            0x0800c639    0x32  Code  Gb  osa_file.o [1]
OSA_fileSync            0x0800c66b    0x2c  Code  Gb  osa_file.o [1]
OSA_getSdSize           0x0800c51f    0x4a  Code  Gb  osa_file.o [1]
OpenCfgFile             0x0800bf0d    0x30  Code  Gb  Cfg.o [1]
PendSV_Handler          0x08006b85          Code  Gb  portasm.o [1]
ReadCfg                 0x0800c073    0x20  Code  Gb  Cfg.o [1]
ReadCfgInt              0x0800c093    0x40  Code  Gb  Cfg.o [1]
ReadConfigFile          0x0800bb2d    0x24  Code  Gb  dataRecord.o [1]
ReadValue               0x0800bfeb    0x88  Code  Gb  Cfg.o [1]
RecallDayData           0x0800bddb    0xb0  Code  Gb  dataRecord.o [1]
RecallHandler           0x0800bcd7    0x40  Code  Gb  dataRecord.o [1]
RecallHourData          0x0800bd79    0x62  Code  Gb  dataRecord.o [1]
RecallMinData           0x0800bd17    0x62  Code  Gb  dataRecord.o [1]
ReceiveNormalData       0x0800a391    0x3a  Code  Gb  gsm.o [1]
ReceiveTransparentData  0x0800a3cb   0x1bc  Code  Gb  gsm.o [1]
RecordData              0x0800bba5   0x132  Code  Gb  dataRecord.o [1]
Region$$Table$$Base     0x0800e448           --   Gb  - Linker created -
Region$$Table$$Limit    0x0800e468           --   Gb  - Linker created -
RunLedThread            0x0800daf5    0x1c  Code  Lc  led.o [1]
SDIO_DataConfig         0x08008205    0x2e  Code  Gb  stm32f4xx_ll_sdmmc.o [1]
SDIO_GetCommandResponse
                        0x080081e9     0x6  Code  Gb  stm32f4xx_ll_sdmmc.o [1]
SDIO_GetPowerState      0x080081b7     0x8  Code  Gb  stm32f4xx_ll_sdmmc.o [1]
SDIO_GetResponse        0x080081ef    0x16  Code  Gb  stm32f4xx_ll_sdmmc.o [1]
SDIO_IRQHandler         0x0800e035     0x8  Code  Gb  stm32f4xx_it.o [1]
SDIO_Init               0x0800816d    0x2e  Code  Gb  stm32f4xx_ll_sdmmc.o [1]
SDIO_PowerState_ON      0x080081ad     0xa  Code  Gb  stm32f4xx_ll_sdmmc.o [1]
SDIO_ReadFIFO           0x0800819b     0x6  Code  Gb  stm32f4xx_ll_sdmmc.o [1]
SDIO_SendCommand        0x080081bf    0x2a  Code  Gb  stm32f4xx_ll_sdmmc.o [1]
SDIO_WriteFIFO          0x080081a1     0xc  Code  Gb  stm32f4xx_ll_sdmmc.o [1]
SD_CmdError             0x08007a15    0x4a  Code  Lc  stm32f4xx_hal_sd.o [1]
SD_CmdResp1Error        0x08007ad3   0x114  Code  Lc  stm32f4xx_hal_sd.o [1]
SD_CmdResp2Error        0x08007c1d    0x46  Code  Lc  stm32f4xx_hal_sd.o [1]
SD_CmdResp3Error        0x08007bed    0x30  Code  Lc  stm32f4xx_hal_sd.o [1]
SD_CmdResp6Error        0x08007c63    0xa4  Code  Lc  stm32f4xx_hal_sd.o [1]
SD_CmdResp7Error        0x08007a5f    0x74  Code  Lc  stm32f4xx_hal_sd.o [1]
SD_Driver               0x0800ea60    0x14  Data  Gb  sd_diskio.o [1]
SD_FindSCR              0x08007e67   0x190  Code  Lc  stm32f4xx_hal_sd.o [1]
SD_GetState             0x080076c9    0x24  Code  Lc  stm32f4xx_hal_sd.o [1]
SD_Initialize_Cards     0x080076ed   0x118  Code  Lc  stm32f4xx_hal_sd.o [1]
SD_IsCardProgramming    0x08007ff7   0x16a  Code  Lc  stm32f4xx_hal_sd.o [1]
SD_MspInit              0x0800cff3   0x1ea  Code  Lc  407VE_sd.o [1]
SD_PowerON              0x0800783f   0x176  Code  Lc  stm32f4xx_hal_sd.o [1]
SD_Select_Deselect      0x08007805    0x3a  Code  Lc  stm32f4xx_hal_sd.o [1]
SD_SendStatus           0x080079b7    0x5e  Code  Lc  stm32f4xx_hal_sd.o [1]
SD_WideBus_Disable      0x08007db7    0xb0  Code  Lc  stm32f4xx_hal_sd.o [1]
SD_WideBus_Enable       0x08007d07    0xb0  Code  Lc  stm32f4xx_hal_sd.o [1]
SD_initialize           0x0800d8b9    0x24  Code  Gb  sd_diskio.o [1]
SD_ioctl                0x0800d96d    0x6a  Code  Gb  sd_diskio.o [1]
SD_read                 0x0800d901    0x36  Code  Gb  sd_diskio.o [1]
SD_status               0x0800d8dd    0x24  Code  Gb  sd_diskio.o [1]
SD_write                0x0800d937    0x36  Code  Gb  sd_diskio.o [1]
SVC_Handler             0x08006bdd          Code  Gb  portasm.o [1]
SetModuleStu            0x0800c6d7    0x16  Code  Gb  moduleStatus.o [1]
StartDataRecordTask     0x0800bb09    0x24  Code  Gb  dataRecord.o [1]
StartRunLedTask         0x0800db11    0x22  Code  Gb  led.o [1]
Stat                    0x20000167     0x1  Data  Lc  sd_diskio.o [1]
StdUsartInit            0x08009861    0x3e  Code  Gb  print_com.o [1]
SysTick_Config          0x08008371    0x30  Code  Lc  stm32f4xx_hal_cortex.o [1]
SysTick_Handler         0x0800e019     0xc  Code  Gb  stm32f4xx_it.o [1]
SystemClock_Config      0x0800dedd    0xa2  Code  Lc  main.o [1]
SystemCoreClock         0x200000a4     0x4  Data  Gb  system_stm32f4xx.o [1]
SystemInit              0x0800e081    0x4c  Code  Gb  system_stm32f4xx.o [1]
Tbl                     0x0800ddc8   0x100  Data  Lc  unicode.o [1]
UART4_IRQHandler        0x0800e067     0xa  Code  Gb  stm32f4xx_it.o [1]
UART_DMAError           0x08008e31    0x2a  Code  Lc  stm32f4xx_hal_uart.o [1]
UART_DMATransmitCplt    0x08008ded    0x34  Code  Lc  stm32f4xx_hal_uart.o [1]
UART_DMATxHalfCplt      0x08008e21     0xe  Code  Lc  stm32f4xx_hal_uart.o [1]
UART_EndTransmit_IT     0x08008fb7    0x20  Code  Lc  stm32f4xx_hal_uart.o [1]
UART_Receive_IT         0x08008fd7    0xac  Code  Lc  stm32f4xx_hal_uart.o [1]
UART_SetConfig          0x08009083   0x312  Code  Lc  stm32f4xx_hal_uart.o [1]
UART_Transmit_IT        0x08008f49    0x6e  Code  Lc  stm32f4xx_hal_uart.o [1]
UART_WaitOnFlagUntilTimeout
                        0x08008e5b    0xee  Code  Lc  stm32f4xx_hal_uart.o [1]
USART1_IRQHandler       0x0800e053     0xa  Code  Gb  stm32f4xx_it.o [1]
USART2_IRQHandler       0x0800e05d     0xa  Code  Gb  stm32f4xx_it.o [1]
USART3_IRQHandler       0x0800e049     0xa  Code  Gb  stm32f4xx_it.o [1]
UartHandle_cp15         0x20007bb8    0x40  Data  Gb  cp15_dev.o [1]
UartHandle_dbg          0x20007c78    0x40  Data  Gb  print_com.o [1]
UartHandle_gps          0x20007bf8    0x40  Data  Gb  gps_dev.o [1]
UartHandle_gsm          0x20007c38    0x40  Data  Gb  gsm_dev.o [1]
UsageFault_Handler      0x0800e015     0x2  Code  Gb  stm32f4xx_it.o [1]
_EncodingSb_Mbtowc      0x0800babf    0x30  Code  Gb  xencoding_sb.o [3]
_EncodingSb_Wctomb      0x0800baa5    0x1a  Code  Gb  xencoding_sb.o [3]
_IsdstStr               0x200000f4     0x4  Data  Gb  setlocale.o [3]
_LitobSmall             0x0800b8b7    0xce  Code  Lc  xprintfsmall.o [3]
_LocaleC_isspace        0x0800cec5    0x14  Code  Gb  xlocale_c.o [3]
_LocaleC_tolower        0x0800ced9     0xc  Code  Gb  xlocale_c.o [3]
_LocaleEncoding         0x0800ba93     0xe  Code  Gb  setlocale.o [3]
_LocaleForCat           0x0800ba81    0x12  Code  Gb  setlocale.o [3]
_LocaleReturnString     0x20000114    0x50  Data  Lc  setlocale.o [3]
_Locale_Profile         0x200000f8    0x1c  Data  Gb  setlocale.o [3]
_Mbtowc                 0x0800b9cd    0x20  Code  Gb  xmbtowc.o [3]
_PrintfSmall            0x0800b209   0x430  Code  Gb  xprintfsmall.o [3]
_Prout                  0x0800e911    0x16  Code  Gb  xprout.o [3]
_PutcharsSmall          0x0800b985    0x2e  Code  Lc  xprintfsmall.o [3]
_PutstrSmall            0x0800b685   0x228  Code  Lc  xprintfsmall.o [3]
_SProut                 0x08003227     0xa  Code  Gb  xsprout.o [3]
_TzoneStr               0x200000f0     0x4  Data  Gb  setlocale.o [3]
_Wctomb                 0x0800ba67    0x1a  Code  Gb  xwctomb.o [3]
__aeabi_errno_addr      0x0800ceb9     0x6  Code  Gb  errno.o [3]
__aeabi_memclr4         0x0800ca71          Code  Gb  ABImemclr4.o [5]
__aeabi_memset          0x0800b141          Code  Gb  ABImemset.o [5]
__cmain                 0x0800e809          Code  Gb  cmain.o [5]
__data_GetMemChunk      0x080067c1    0x2c  Code  Gb  xgetmemchunk.o [3]
__exit                  0x08006c2d    0x14  Code  Gb  exit.o [6]
__iar_Errno             0x200000ec     0x4  Data  Gb  errno.o [3]
__iar_Mbcurmax          0x0800ba5d     0xa  Code  Gb  xmbcurmax.o [3]
__iar_Memchr            0x0800ba05          Code  Gb  memchr.o [5]
__iar_Memset            0x0800b141          Code  Gb  ABImemset.o [5]
__iar_Memset4_word      0x0800ccc5          Code  Gb  ABImemset48.o [5]
__iar_Memset8_word      0x0800ccc5          Code  Gb  ABImemset48.o [5]
__iar_Memset_word       0x0800b149          Code  Gb  ABImemset.o [5]
__iar_Stdout            0x200000ac    0x40  Data  Gb  xfiles.o [3]
__iar_Stoul             0x0800ce3d     0x4  Code  Gb  xstoul.o [3]
__iar_Stoulx            0x0800ccf9   0x13e  Code  Gb  xstoul.o [3]
__iar_Strchr            0x0800b9ed          Code  Gb  strchr.o [5]
__iar_data_init3        0x0800e325    0x28  Code  Gb  data_init.o [5]
__iar_dlfree            0x0800485f   0x510  Code  Gb  dlmalloc.o [3]
__iar_dlib_perthread_access
                        0x0800bb05     0x2  Code  Gb  xtls.o [3]
__iar_dlmalloc          0x080045a9   0x2aa  Code  Gb  dlmalloc.o [3]
__iar_init_vfp          0x0800e425          Code  Gb  fpinit_M.o [4]
__iar_lz77_init_single3
                        0x08003137    0x76  Code  Gb  lz77_init_single.o [5]
__iar_program_start     0x0800ec2d          Code  Gb  cstartup_M.o [5]
__iar_unaligned___aeabi_memcpy
                        0x08006b0d          Code  Gb  ABImemcpy_unaligned.o [5]
__iar_unaligned___aeabi_memcpy4
                        0x08006b2d          Code  Gb  ABImemcpy_unaligned.o [5]
__iar_unaligned___aeabi_memcpy8
                        0x08006b2d          Code  Gb  ABImemcpy_unaligned.o [5]
__iar_unaligned_strcmp  0x0800d4b5          Code  Gb  strcmp_unaligned.o [5]
__iar_unaligned_strcpy  0x0800b1a9          Code  Gb  strcpy_unaligned.o [5]
__iar_zero_init3        0x0800e0ed    0x40  Code  Gb  zero_init3.o [5]
__low_level_init        0x0800e823     0x4  Code  Gb  low_level_init.o [3]
__vector_table          0x08000000          Data  Gb  startup_stm32f407xx.o [1]
_aashell_recvcplt_sem_id
                        0x20007ef4     0x4  Data  Gb  AaShell.o [1]
_aasyslog_index         0x20007fa9     0x1  Data  Lc  AaSysLogInterface.o [1]
_aasyslog_input_level   0x20000164     0x1  Data  Lc  AaSysLogInterface.o [1]
_aasyslog_max_bipbuf_used
                        0x20007fa4     0x2  Data  Lc  AaSysLogSystem.o [1]
_aasyslog_mng           0x20007ec8     0x8  Data  Gb  AaSysLogSystem.o [1]
_aasyslog_mutex_id      0x20007efc     0x4  Data  Gb  AaSysLogSystem.o [1]
_aasyslog_sendcplt_sem_id
                        0x20007f00     0x4  Data  Gb  AaSysLogSystem.o [1]
_aasyslogdaemon_id      0x20007f04     0x4  Data  Gb  AaSysLogSystem.o [1]
_aatag_mng              0x20007f08     0x4  Data  Gb  AaTag.o [1]
_aatag_msgbox_id        0x20007f10     0x4  Data  Gb  AaTag.o [1]
_aatag_mutex_id         0x20007f0c     0x4  Data  Gb  AaTag.o [1]
_aatagdaemon_id         0x20007f14     0x4  Data  Gb  AaTag.o [1]
_aathread_mng_head_ptr  0x20007f18     0x4  Data  Gb  AaThread.o [1]
_aathread_mutex_id      0x20007f1c     0x4  Data  Gb  AaThread.o [1]
_call_main              0x0800e815          Code  Gb  cmain.o [5]
_ccsdaemon_id           0x20007f20     0x4  Data  Gb  CCSDaemon.o [1]
_cfgBuf                 0x20007e00    0x14  Data  Gb  config.o [1]
_cp15_recvcplt_sem_id   0x20007f28     0x4  Data  Gb  cp15.o [1]
_cp15_ringbuf           0x20007e9c    0x10  Data  Gb  cp15.o [1]
_cp15_sendcplt_sem_id   0x20007f24     0x4  Data  Gb  cp15.o [1]
_data_record_id         0x20007f2c     0x4  Data  Gb  dataRecord.o [1]
_exit                   0x0800e82d          Code  Gb  cexit.o [5]
_gm_                    0x200073e8   0x1d8  Data  Lc  dlmalloc.o [3]
_gps_buf                0x200071d8   0x210  Data  Gb  gps.o [1]
_gps_freq               0x20000165     0x1  Data  Gb  gps.o [1]
_gps_recvcplt_sem_id    0x20007f38     0x4  Data  Gb  gps.o [1]
_gps_sendcplt_sem_id    0x20007f34     0x4  Data  Gb  gps.o [1]
_gsm_recvcplt_sem_id    0x20007f40     0x4  Data  Gb  gsm.o [1]
_gsm_rx_ringbuf         0x20007eac    0x10  Data  Gb  gsm.o [1]
_gsm_sendcplt_sem_id    0x20007f3c     0x4  Data  Gb  gsm.o [1]
_gsm_status             0x20007f44     0x4  Data  Gb  gsmCtrl.o [1]
_heap_sem_id            0x20007ee4     0x4  Data  Lc  AaMem.o [1]
_main                   0x0800e81f          Code  Gb  cmain.o [5]
_mem_heap_buf           0x20004968  0x2000  Data  Gb  CCSDaemon.o [1]
_p_bip_buffer           0x20007ef8     0x4  Data  Lc  AaSysLogSystem.o [1]
_record_buf             0x20007cf8    0x3c  Data  Gb  dataRecord.o [1]
_runled_id              0x20007f58     0x4  Data  Gb  led.o [1]
_serial_rx_ringbuf      0x20007e8c    0x10  Data  Gb  AaShell.o [1]
abort                   0x080067b9     0x6  Code  Gb  abort.o [3]
atoi                    0x0800ca9f     0x8  Code  Gb  atoi.o [3]
aucCRCHi                0x0800dbc8   0x100  Data  Lc  crc.o [1]
aucCRCLo                0x0800dcc8   0x100  Data  Lc  crc.o [1]
check_fs                0x080015e3    0x82  Code  Lc  ff.o [1]
chk_chr                 0x080001df    0x14  Code  Lc  ff.o [1]
chk_lock                0x0800022d    0x9a  Code  Lc  ff.o [1]
clear_lock              0x0800043f    0x30  Code  Lc  ff.o [1]
clmt_clust              0x08000a3d    0x3e  Code  Lc  ff.o [1]
clust2sect              0x08000607    0x20  Code  Gb  ff.o [1]
cmp_lfn                 0x08000d7f    0x9e  Code  Lc  ff.o [1]
create_chain            0x0800093f    0xfe  Code  Lc  ff.o [1]
create_name             0x0800123d   0x2ba  Code  Lc  ff.o [1]
dec_lock                0x080003e3    0x5c  Code  Lc  ff.o [1]
default_key             0x20000000    0x50  Data  Lc  Cfg.o [1]
default_value           0x20000050    0x50  Data  Lc  Cfg.o [1]
digits                  0x0800ce40    0x28  Data  Lc  xstoul.o [3]
dir_alloc               0x08000ccf    0x6e  Code  Lc  ff.o [1]
dir_find                0x08000f99   0x12e  Code  Lc  ff.o [1]
dir_next                0x08000b57   0x178  Code  Lc  ff.o [1]
dir_register            0x080010c7   0x176  Code  Lc  ff.o [1]
dir_sdi                 0x08000a7b    0xdc  Code  Lc  ff.o [1]
disk                    0x20007ebc     0xc  Data  Gb  ff_gen_drv.o [1]
disk_initialize         0x08003253    0x36  Code  Gb  diskio.o [1]
disk_ioctl              0x080032f9    0x2c  Code  Gb  diskio.o [1]
disk_read               0x08003289    0x38  Code  Gb  diskio.o [1]
disk_status             0x08003231    0x22  Code  Gb  diskio.o [1]
disk_write              0x080032c1    0x38  Code  Gb  diskio.o [1]
enq_lock                0x080002c7    0x28  Code  Lc  ff.o [1]
exit                    0x0800e827     0x4  Code  Gb  exit.o [3]
f_close                 0x080024cf    0x48  Code  Gb  ff.o [1]
f_closedir              0x08002a5f    0x42  Code  Gb  ff.o [1]
f_getfree               0x08002aa1   0x13a  Code  Gb  ff.o [1]
f_gets                  0x08002daf    0x5e  Code  Gb  ff.o [1]
f_lseek                 0x08002517   0x450  Code  Gb  ff.o [1]
f_mkdir                 0x08002bdb   0x1d4  Code  Gb  ff.o [1]
f_mount                 0x08001b1d    0x9a  Code  Gb  ff.o [1]
f_open                  0x08001bd9   0x236  Code  Gb  ff.o [1]
f_opendir               0x08002967    0xf8  Code  Gb  ff.o [1]
f_printf                0x08002e5b   0x2dc  Code  Gb  ff.o [1]
f_read                  0x08001e0f   0x2ba  Code  Gb  ff.o [1]
f_sync                  0x080023dd    0xf2  Code  Gb  ff.o [1]
f_write                 0x080020c9   0x314  Code  Gb  ff.o [1]
ff_convert              0x0800332d    0x4e  Code  Gb  unicode.o [1]
ff_cre_syncobj          0x080031ad    0x28  Code  Gb  syscall.o [1]
ff_del_syncobj          0x080031d9     0xe  Code  Gb  syscall.o [1]
ff_memalloc             0x0800320f     0xc  Code  Gb  syscall.o [1]
ff_memfree              0x0800321b     0xc  Code  Gb  syscall.o [1]
ff_rel_grant            0x08003203     0xc  Code  Gb  syscall.o [1]
ff_req_grant            0x080031e7    0x1c  Code  Gb  syscall.o [1]
ff_wtoupper             0x0800337b    0x34  Code  Gb  unicode.o [1]
find_volume             0x08001669   0x45e  Code  Lc  ff.o [1]
fit_lfn                 0x08000e1d    0x88  Code  Lc  ff.o [1]
follow_path             0x080014f7    0x9c  Code  Lc  ff.o [1]
fputc                   0x08009a11    0x18  Code  Gb  print_com.o [1]
gFileObj                0x20006d70   0x234  Data  Gb  osa_file.o [1]
g_co                    0x200079b0    0x58  Data  Gb  dataHandler.o [1]
g_config                0x20007958    0x58  Data  Gb  config.o [1]
g_moduleStatus          0x20007f5c     0x4  Data  Gb  moduleStatus.o [1]
g_no2                   0x20007a08    0x58  Data  Gb  dataHandler.o [1]
g_o3                    0x20007ab8    0x58  Data  Gb  dataHandler.o [1]
g_pm10                  0x20007d64    0x30  Data  Gb  dataHandler.o [1]
g_pm25                  0x20007d34    0x30  Data  Gb  dataHandler.o [1]
g_recallInfo            0x20007d94    0x20  Data  Gb  dataRecord.o [1]
g_recordInfo            0x20007db4    0x1c  Data  Gb  dataRecord.o [1]
g_sendBuf               0x200076cc    0x6c  Data  Gb  dataHandler.o [1]
g_sendRecallData        0x20006968   0x408  Data  Gb  dataHandler.o [1]
g_so2                   0x20007a60    0x58  Data  Gb  dataHandler.o [1]
g_tempWetIn             0x20007798    0x5c  Data  Gb  dataHandler.o [1]
g_tempWetOut            0x200077f4    0x5c  Data  Gb  dataHandler.o [1]
gen_numname             0x08000ea9    0xd0  Code  Lc  ff.o [1]
get_fat                 0x08000627   0x11c  Code  Gb  ff.o [1]
get_fattime             0x08003329     0x4  Code  Wk  diskio.o [1]
get_ldnumber            0x08001593    0x50  Code  Lc  ff.o [1]
gps                     0x2000764c    0x80  Data  Gb  gps.o [1]
heap_end                0x20007edc     0x4  Data  Lc  AaMem.o [1]
heap_ptr                0x20007ed8     0x4  Data  Lc  AaMem.o [1]
inHandlerMode           0x080033cf    0x12  Code  Lc  cmsis_os.o [1]
inc_lock                0x080002ef    0xf4  Code  Lc  ff.o [1]
init_mparams            0x080038a3    0x32  Code  Lc  dlmalloc.o [3]
init_top                0x080038d5    0x34  Code  Lc  dlmalloc.o [3]
isspace                 0x0800ce91    0x14  Code  Gb  isxxx.o [3]
ld_clust                0x08000d3d    0x2a  Code  Lc  ff.o [1]
lfree                   0x20007ee0     0x4  Data  Lc  AaMem.o [1]
lock_fs                 0x080001f3     0xe  Code  Lc  ff.o [1]
main                    0x0800dec9    0x14  Code  Gb  main.o [1]
makeFreeRtosPriority    0x080033bd    0x12  Code  Lc  cmsis_os.o [1]
max_mem                 0x20007ef0     0x4  Data  Lc  AaMem.o [1]
mem_cmp                 0x080001bb    0x24  Code  Lc  ff.o [1]
mem_cpy                 0x08000189    0x1c  Code  Lc  ff.o [1]
mem_set                 0x080001a5    0x16  Code  Lc  ff.o [1]
mem_size_aligned        0x20007ee8     0x4  Data  Lc  AaMem.o [1]
memchr                  0x0800ba05          Code  Gb  memchr.o [5]
move_window             0x080004d7    0x44  Code  Lc  ff.o [1]
mparams                 0x20007de8    0x18  Data  Lc  dlmalloc.o [3]
myPow                   0x0800b1ed    0x1c  Code  Gb  dataRecv.o [1]
mySDPath                0x20007f60     0x4  Data  Gb  osa_file.o [1]
ndigs                   0x0800ce68    0x28  Data  Lc  xstoul.o [3]
obuf                    0x20007b68    0x50  Data  Lc  xfiles.o [3]
osDelay                 0x08003443    0x1c  Code  Gb  cmsis_os.o [1]
osKernelStart           0x080033e1     0xa  Code  Gb  cmsis_os.o [1]
osKernelSysTick         0x080033eb    0x16  Code  Gb  cmsis_os.o [1]
osMessageCreate         0x08003743    0x12  Code  Gb  cmsis_os.o [1]
osMessageGet            0x080037bb    0xb8  Code  Gb  cmsis_os.o [1]
osMessagePut            0x08003755    0x66  Code  Gb  cmsis_os.o [1]
osMutexCreate           0x08003535     0xc  Code  Gb  cmsis_os.o [1]
osMutexRelease          0x080035c7    0x54  Code  Gb  cmsis_os.o [1]
osMutexWait             0x08003541    0x86  Code  Gb  cmsis_os.o [1]
osSemaphoreCreate       0x0800361b    0x34  Code  Gb  cmsis_os.o [1]
osSemaphoreDelete       0x08003729    0x1a  Code  Gb  cmsis_os.o [1]
osSemaphoreRelease      0x080036d5    0x54  Code  Gb  cmsis_os.o [1]
osSemaphoreWait         0x0800364f    0x86  Code  Gb  cmsis_os.o [1]
osSignalSet             0x0800345f    0x58  Code  Gb  cmsis_os.o [1]
osSignalWait            0x080034b7    0x7e  Code  Gb  cmsis_os.o [1]
osSystickHandler        0x08003873    0x10  Code  Gb  cmsis_os.o [1]
osThreadCreate          0x08003401    0x3a  Code  Gb  cmsis_os.o [1]
osThreadGetId           0x0800343b     0x8  Code  Gb  cmsis_os.o [1]
os_messageQ_def_aatag_msgbox
                        0x0800ec58     0x8  Data  Lc  AaTag.o [1]
os_mutex_def_aasyslog_mutex
                        0x0800ed4c     0x4  Data  Lc  AaSysLogSystem.o [1]
os_mutex_def_aatag_mutex
                        0x0800ed54     0x4  Data  Lc  AaTag.o [1]
os_mutex_def_aathread_mutex
                        0x0800ed58     0x4  Data  Lc  AaThread.o [1]
os_semaphore_def_aasyslog_sendcplt_sem
                        0x0800ed50     0x4  Data  Lc  AaSysLogSystem.o [1]
os_semaphore_def_heap_sem
                        0x0800ed48     0x4  Data  Lc  AaMem.o [1]
pcInterruptPriorityRegisters
                        0x0800ed78     0x4  Data  Lc  port.o [1]
plug_holes              0x0800a981    0xbe  Code  Lc  AaMem.o [1]
prepend_alloc           0x08003909   0x36c  Code  Lc  dlmalloc.o [3]
printf                  0x0800c109    0x24  Code  Gb  printf.o [3]
prvAddCurrentTaskToDelayedList
                        0x080055d9    0x4e  Code  Lc  tasks.o [1]
prvAllocateTCBAndStack  0x0800562d    0x3c  Code  Lc  tasks.o [1]
prvCheckTasksWaitingTermination
                        0x0800556d    0x66  Code  Lc  tasks.o [1]
prvCopyDataFromQueue    0x08006457    0x30  Code  Lc  queue.o [1]
prvCopyDataToQueue      0x080063bf    0x98  Code  Lc  queue.o [1]
prvDeleteTCB            0x08005669    0x12  Code  Lc  tasks.o [1]
prvHeapInit             0x08006a1d    0x6e  Code  Lc  heap_4.o [1]
prvIdleTask             0x0800547d    0x26  Code  Lc  tasks.o [1]
prvInitialiseTCBVariables
                        0x080054a9    0x6c  Code  Lc  tasks.o [1]
prvInitialiseTaskLists  0x08005515    0x58  Code  Lc  tasks.o [1]
prvInsertBlockIntoFreeList
                        0x08006a8b    0x62  Code  Lc  heap_4.o [1]
prvIsQueueEmpty         0x080064f1    0x20  Code  Lc  queue.o [1]
prvIsQueueFull          0x08006511    0x22  Code  Lc  queue.o [1]
prvResetNextTaskUnblockTime
                        0x0800567b    0x2e  Code  Lc  tasks.o [1]
prvTaskExitError        0x08006585    0x2a  Code  Lc  port.o [1]
prvUnlockQueue          0x08006487    0x6a  Code  Lc  queue.o [1]
put_fat                 0x08000743   0x178  Code  Gb  ff.o [1]
putc_bfd                0x08002e0d    0x4e  Code  Lc  ff.o [1]
putchar                 0x0800e929     0xc  Code  Gb  putchar.o [3]
pvPortMalloc            0x0800688d   0x118  Code  Gb  heap_4.o [1]
pvTaskIncrementMutexHeldCount
                        0x08005847    0x1e  Code  Gb  tasks.o [1]
pxCurrentTCB            0x20007f6c     0x4  Data  Gb  tasks.o [1]
pxDelayedTaskList       0x20007f70     0x4  Data  Lc  tasks.o [1]
pxEnd                   0x20007f48     0x4  Data  Lc  heap_4.o [1]
pxOverflowDelayedTaskList
                        0x20007f74     0x4  Data  Lc  tasks.o [1]
pxPortInitialiseStack   0x08006561    0x24  Code  Gb  port.o [1]
pxReadyTasksLists       0x200075c0    0x8c  Data  Lc  tasks.o [1]
recv_char               0x20007fa8     0x1  Data  Lc  AaShell.o [1]
recv_char               0x20007faa     0x1  Data  Lc  cp15.o [1]
recv_char               0x20007fad     0x1  Data  Lc  gps.o [1]
recv_char               0x20007fb0     0x1  Data  Lc  gsm.o [1]
remove_chain            0x080008bb    0x84  Code  Lc  ff.o [1]
ring_buffer_write       0x0800af3b    0x9c  Code  Gb  RingBufferUtils.o [1]
ring_buffer_write_c     0x0800afd7    0x20  Code  Gb  RingBufferUtils.o [1]
segment_holding         0x08003889    0x1a  Code  Lc  dlmalloc.o [3]
sprintf                 0x0800b0e1    0x34  Code  Gb  sprintf.o [3]
st_clust                0x08000d67    0x18  Code  Lc  ff.o [1]
strchr                  0x0800b9ed          Code  Gb  strchr.o [5]
stringToInt             0x0800b051    0x32  Code  Gb  common.o [1]
strlen                  0x0800b0a9          Code  Gb  strlen.o [5]
strncmp                 0x0800ca77    0x28  Code  Gb  strncmp.o [3]
sum_sfn                 0x08000f79    0x20  Code  Lc  ff.o [1]
sync_fs                 0x0800051b    0xec  Code  Lc  ff.o [1]
sync_window             0x0800046f    0x68  Code  Lc  ff.o [1]
sys_alloc               0x08003c75   0x386  Code  Lc  dlmalloc.o [3]
tmalloc_large           0x08004009   0x390  Code  Lc  dlmalloc.o [3]
tmalloc_small           0x08004399   0x210  Code  Lc  dlmalloc.o [3]
tolower                 0x0800cea5    0x14  Code  Gb  tolower.o [3]
uSdCardInfo             0x20007850    0x58  Data  Lc  407VE_sd.o [1]
uSdHandle               0x20007738    0x60  Data  Lc  407VE_sd.o [1]
ucHeap                  0x20000968  0x4000  Data  Lc  heap_4.o [1]
ucMaxSysCallPriority    0x20007fb3     0x1  Data  Lc  port.o [1]
ulMaxPRIGROUPValue      0x20007f64     0x4  Data  Lc  port.o [1]
unlock_fs               0x08000201    0x2c  Code  Lc  ff.o [1]
usMBCRC16               0x0800cc49    0x7c  Code  Gb  crc.o [1]
used_mem                0x20007eec     0x4  Data  Lc  AaMem.o [1]
uwTick                  0x20007f68     0x4  Data  Gb  stm32f4xx_hal.o [1]
uxCriticalNesting       0x200000a0     0x4  Data  Lc  port.o [1]
uxCurrentNumberOfTasks  0x20007f7c     0x4  Data  Lc  tasks.o [1]
uxListRemove            0x08006863    0x28  Code  Gb  list.o [1]
uxPendedTicks           0x20007f8c     0x4  Data  Lc  tasks.o [1]
uxSchedulerSuspended    0x20007f9c     0x4  Data  Lc  tasks.o [1]
uxTaskNumber            0x20007f98     0x4  Data  Lc  tasks.o [1]
uxTasksDeleted          0x20007f78     0x4  Data  Lc  tasks.o [1]
uxTopReadyPriority      0x20007f84     0x4  Data  Lc  tasks.o [1]
vListInitialise         0x080067ed    0x1e  Code  Gb  list.o [1]
vListInitialiseItem     0x0800680b     0x6  Code  Gb  list.o [1]
vListInsert             0x08006829    0x3a  Code  Gb  list.o [1]
vListInsertEnd          0x08006811    0x18  Code  Gb  list.o [1]
vPortEnableVFP          0x08006c11          Code  Gb  portasm.o [1]
vPortEnterCritical      0x0800667b    0x3a  Code  Gb  port.o [1]
vPortExitCritical       0x080066b5    0x32  Code  Gb  port.o [1]
vPortFree               0x080069a5    0x78  Code  Gb  heap_4.o [1]
vPortSetupTimerInterrupt
                        0x08006713    0x1a  Code  Wk  port.o [1]
vPortStartFirstTask     0x08006bf9          Code  Gb  portasm.o [1]
vPortValidateInterruptPriority
                        0x0800672d    0x4e  Code  Gb  port.o [1]
vQueueDelete            0x08006397    0x28  Code  Gb  queue.o [1]
vQueueUnregisterQueue   0x08006533    0x24  Code  Gb  queue.o [1]
vTaskDelay              0x08004ef3    0x84  Code  Gb  tasks.o [1]
vTaskMissedYield        0x08005471     0xa  Code  Gb  tasks.o [1]
vTaskPlaceOnEventList   0x080052af    0x76  Code  Gb  tasks.o [1]
vTaskPriorityInherit    0x080056dd    0xac  Code  Gb  tasks.o [1]
vTaskSetTimeOutState    0x080053b1    0x26  Code  Gb  tasks.o [1]
vTaskStartScheduler     0x08004f77    0x62  Code  Gb  tasks.o [1]
vTaskSuspendAll         0x08004fd9    0x10  Code  Gb  tasks.o [1]
vTaskSwitchContext      0x0800523d    0x72  Code  Gb  tasks.o [1]
validate                0x08001ac7    0x56  Code  Lc  ff.o [1]
vsprintf                0x0800b115    0x2c  Code  Gb  vsprintf.o [3]
xBlockAllocatedBit      0x20007f54     0x4  Data  Lc  heap_4.o [1]
xDelayedTaskList1       0x20007e28    0x14  Data  Lc  tasks.o [1]
xDelayedTaskList2       0x20007e3c    0x14  Data  Lc  tasks.o [1]
xFreeBytesRemaining     0x20007f4c     0x4  Data  Lc  heap_4.o [1]
xHeapStructSize         0x0800ed74     0x4  Data  Lc  heap_4.o [1]
xMinimumEverFreeBytesRemaining
                        0x20007f50     0x4  Data  Lc  heap_4.o [1]
xNextTaskUnblockTime    0x200000a8     0x4  Data  Lc  tasks.o [1]
xNumOfOverflows         0x20007f94     0x4  Data  Lc  tasks.o [1]
xPendingReadyList       0x20007e50    0x14  Data  Lc  tasks.o [1]
xPortStartScheduler     0x080065af    0xcc  Code  Gb  port.o [1]
xPortSysTickHandler     0x080066e7    0x2c  Code  Gb  port.o [1]
xQueueCreateCountingSemaphore
                        0x08005d3b    0x58  Code  Gb  queue.o [1]
xQueueCreateMutex       0x08005ccf    0x6c  Code  Gb  queue.o [1]
xQueueGenericCreate     0x08005c51    0x7e  Code  Gb  queue.o [1]
xQueueGenericReceive    0x08006109   0x1cc  Code  Gb  queue.o [1]
xQueueGenericReset      0x08005bc1    0x90  Code  Gb  queue.o [1]
xQueueGenericSend       0x08005d93   0x1b2  Code  Gb  queue.o [1]
xQueueGenericSendFromISR
                        0x08005f45    0xec  Code  Gb  queue.o [1]
xQueueGiveFromISR       0x08006031    0xd8  Code  Gb  queue.o [1]
xQueueReceiveFromISR    0x080062d5    0xc2  Code  Gb  queue.o [1]
xQueueRegistry          0x20007cb8    0x40  Data  Gb  queue.o [1]
xSchedulerRunning       0x20007f88     0x4  Data  Lc  tasks.o [1]
xStart                  0x20007ed0     0x8  Data  Lc  heap_4.o [1]
xSuspendedTaskList      0x20007e78    0x14  Data  Lc  tasks.o [1]
xTaskCheckForTimeOut    0x080053e9    0x88  Code  Gb  tasks.o [1]
xTaskGenericCreate      0x08004d79   0x17a  Code  Gb  tasks.o [1]
xTaskGenericNotify      0x08005959   0x100  Code  Gb  tasks.o [1]
xTaskGetCurrentTaskHandle
                        0x080056a9     0xa  Code  Gb  tasks.o [1]
xTaskGetSchedulerState  0x080056b3    0x26  Code  Gb  tasks.o [1]
xTaskGetTickCount       0x080050e9     0xa  Code  Gb  tasks.o [1]
xTaskGetTickCountFromISR
                        0x080050f3    0x16  Code  Gb  tasks.o [1]
xTaskIncrementTick      0x08005109   0x134  Code  Gb  tasks.o [1]
xTaskNotifyFromISR      0x08005a69   0x116  Code  Gb  tasks.o [1]
xTaskNotifyWait         0x0800586d    0xe8  Code  Gb  tasks.o [1]
xTaskPriorityDisinherit
                        0x0800578d    0xba  Code  Gb  tasks.o [1]
xTaskRemoveFromEventList
                        0x08005325    0x84  Code  Gb  tasks.o [1]
xTaskResumeAll          0x08004fe9   0x100  Code  Gb  tasks.o [1]
xTasksWaitingTermination
                        0x20007e64    0x14  Data  Lc  tasks.o [1]
xTickCount              0x20007f80     0x4  Data  Lc  tasks.o [1]
xYieldPending           0x20007f90     0x4  Data  Lc  tasks.o [1]


[1] = E:\Bussiness Project\bjsensor\gitSVN\AirMonitor.git\trunk\FatFs_uSD_RTOS\EWARM\AirMonitor\Obj
[2] = command line
[3] = dl7M_tlf.a
[4] = m7M_tls.a
[5] = rt7M_tl.a
[6] = shb_l.a

  56 258 bytes of readonly  code memory
   4 972 bytes of readonly  data memory
  32 692 bytes of readwrite data memory

Errors: none
Warnings: none
